[08:27:32] Using gulpfile ~\FullScreenPokemon\gulpfile.js
[08:27:32] Starting 'default'...
[08:27:32] Starting 'src'...
[08:27:32] Starting 'src:tsc'...
[08:27:32] Starting 'src:tslint'...
[08:27:34] Starting 'src:scss'...
[08:27:34] Starting 'src:scssLint'...
[08:27:35] Finished 'src:scssLint' after 545 ms
ERROR: (align) C:/Users/valmac/FullScreenPokemon/src/components/Actions.ts[692, 20]: elements are not aligned

[08:27:36] Finished 'src:scss' after 2.33 s
ERROR: (align) C:/Users/valmac/FullScreenPokemon/src/components/Battles.ts[355, 17]: members are not aligned
ERROR: (align) C:/Users/valmac/FullScreenPokemon/src/components/Battles.ts[359, 17]: members are not aligned

ERROR: (align) C:/Users/valmac/FullScreenPokemon/src/components/Collisions.ts[338, 28]: elements are not aligned

ERROR: (align) C:/Users/valmac/FullScreenPokemon/src/components/Gameplay.ts[37, 16]: elements are not aligned

ERROR: (align) C:/Users/valmac/FullScreenPokemon/src/components/Macros.ts[223, 16]: elements are not aligned
ERROR: (align) C:/Users/valmac/FullScreenPokemon/src/components/Macros.ts[228, 16]: elements are not aligned
ERROR: (align) C:/Users/valmac/FullScreenPokemon/src/components/Macros.ts[353, 16]: elements are not aligned
ERROR: (align) C:/Users/valmac/FullScreenPokemon/src/components/Macros.ts[378, 16]: elements are not aligned
ERROR: (align) C:/Users/valmac/FullScreenPokemon/src/components/Macros.ts[383, 16]: elements are not aligned
ERROR: (align) C:/Users/valmac/FullScreenPokemon/src/components/Macros.ts[737, 16]: elements are not aligned
ERROR: (align) C:/Users/valmac/FullScreenPokemon/src/components/Macros.ts[742, 16]: elements are not aligned
ERROR: (align) C:/Users/valmac/FullScreenPokemon/src/components/Macros.ts[747, 16]: elements are not aligned
ERROR: (align) C:/Users/valmac/FullScreenPokemon/src/components/Macros.ts[752, 16]: elements are not aligned
ERROR: (align) C:/Users/valmac/FullScreenPokemon/src/components/Macros.ts[756, 16]: elements are not aligned
ERROR: (align) C:/Users/valmac/FullScreenPokemon/src/components/Macros.ts[761, 16]: elements are not aligned
ERROR: (align) C:/Users/valmac/FullScreenPokemon/src/components/Macros.ts[766, 16]: elements are not aligned
ERROR: (align) C:/Users/valmac/FullScreenPokemon/src/components/Macros.ts[770, 16]: elements are not aligned
ERROR: (align) C:/Users/valmac/FullScreenPokemon/src/components/Macros.ts[774, 16]: elements are not aligned
ERROR: (align) C:/Users/valmac/FullScreenPokemon/src/components/Macros.ts[778, 16]: elements are not aligned
ERROR: (align) C:/Users/valmac/FullScreenPokemon/src/components/Macros.ts[782, 16]: elements are not aligned
ERROR: (align) C:/Users/valmac/FullScreenPokemon/src/components/Macros.ts[787, 16]: elements are not aligned
ERROR: (align) C:/Users/valmac/FullScreenPokemon/src/components/Macros.ts[791, 16]: elements are not aligned
ERROR: (align) C:/Users/valmac/FullScreenPokemon/src/components/Macros.ts[795, 16]: elements are not aligned
ERROR: (align) C:/Users/valmac/FullScreenPokemon/src/components/Macros.ts[800, 16]: elements are not aligned
ERROR: (align) C:/Users/valmac/FullScreenPokemon/src/components/Macros.ts[806, 16]: elements are not aligned
ERROR: (align) C:/Users/valmac/FullScreenPokemon/src/components/Macros.ts[810, 16]: elements are not aligned
ERROR: (align) C:/Users/valmac/FullScreenPokemon/src/components/Macros.ts[815, 16]: elements are not aligned
ERROR: (align) C:/Users/valmac/FullScreenPokemon/src/components/Macros.ts[819, 16]: elements are not aligned
ERROR: (align) C:/Users/valmac/FullScreenPokemon/src/components/Macros.ts[827, 16]: elements are not aligned
ERROR: (align) C:/Users/valmac/FullScreenPokemon/src/components/Macros.ts[831, 16]: elements are not aligned
ERROR: (align) C:/Users/valmac/FullScreenPokemon/src/components/Macros.ts[835, 16]: elements are not aligned
ERROR: (align) C:/Users/valmac/FullScreenPokemon/src/components/Macros.ts[839, 16]: elements are not aligned
ERROR: (align) C:/Users/valmac/FullScreenPokemon/src/components/Macros.ts[843, 16]: elements are not aligned
ERROR: (align) C:/Users/valmac/FullScreenPokemon/src/components/Macros.ts[847, 16]: elements are not aligned
ERROR: (align) C:/Users/valmac/FullScreenPokemon/src/components/Macros.ts[852, 16]: elements are not aligned
ERROR: (align) C:/Users/valmac/FullScreenPokemon/src/components/Macros.ts[857, 16]: elements are not aligned
ERROR: (align) C:/Users/valmac/FullScreenPokemon/src/components/Macros.ts[862, 16]: elements are not aligned
ERROR: (align) C:/Users/valmac/FullScreenPokemon/src/components/Macros.ts[919, 16]: elements are not aligned
ERROR: (align) C:/Users/valmac/FullScreenPokemon/src/components/Macros.ts[925, 16]: elements are not aligned
ERROR: (align) C:/Users/valmac/FullScreenPokemon/src/components/Macros.ts[930, 16]: elements are not aligned
ERROR: (align) C:/Users/valmac/FullScreenPokemon/src/components/Macros.ts[935, 16]: elements are not aligned
ERROR: (align) C:/Users/valmac/FullScreenPokemon/src/components/Macros.ts[941, 16]: elements are not aligned
ERROR: (align) C:/Users/valmac/FullScreenPokemon/src/components/Macros.ts[946, 16]: elements are not aligned
ERROR: (align) C:/Users/valmac/FullScreenPokemon/src/components/Macros.ts[951, 16]: elements are not aligned
ERROR: (align) C:/Users/valmac/FullScreenPokemon/src/components/Macros.ts[956, 16]: elements are not aligned
ERROR: (align) C:/Users/valmac/FullScreenPokemon/src/components/Macros.ts[961, 16]: elements are not aligned
ERROR: (align) C:/Users/valmac/FullScreenPokemon/src/components/Macros.ts[965, 16]: elements are not aligned
ERROR: (align) C:/Users/valmac/FullScreenPokemon/src/components/Macros.ts[970, 16]: elements are not aligned
ERROR: (align) C:/Users/valmac/FullScreenPokemon/src/components/Macros.ts[975, 16]: elements are not aligned
ERROR: (align) C:/Users/valmac/FullScreenPokemon/src/components/Macros.ts[980, 16]: elements are not aligned
ERROR: (align) C:/Users/valmac/FullScreenPokemon/src/components/Macros.ts[985, 16]: elements are not aligned
ERROR: (align) C:/Users/valmac/FullScreenPokemon/src/components/Macros.ts[989, 16]: elements are not aligned
ERROR: (align) C:/Users/valmac/FullScreenPokemon/src/components/Macros.ts[999, 16]: elements are not aligned
ERROR: (align) C:/Users/valmac/FullScreenPokemon/src/components/Macros.ts[1003, 16]: elements are not aligned
ERROR: (align) C:/Users/valmac/FullScreenPokemon/src/components/Macros.ts[1008, 16]: elements are not aligned
ERROR: (align) C:/Users/valmac/FullScreenPokemon/src/components/Macros.ts[1012, 16]: elements are not aligned

ERROR: (align) C:/Users/valmac/FullScreenPokemon/src/components/Menus.ts[160, 16]: elements are not aligned
ERROR: (align) C:/Users/valmac/FullScreenPokemon/src/components/Menus.ts[163, 16]: elements are not aligned
ERROR: (align) C:/Users/valmac/FullScreenPokemon/src/components/Menus.ts[166, 16]: elements are not aligned
ERROR: (align) C:/Users/valmac/FullScreenPokemon/src/components/Menus.ts[169, 16]: elements are not aligned
ERROR: (align) C:/Users/valmac/FullScreenPokemon/src/components/Menus.ts[171, 16]: elements are not aligned
ERROR: (align) C:/Users/valmac/FullScreenPokemon/src/components/Menus.ts[287, 20]: elements are not aligned
ERROR: (align) C:/Users/valmac/FullScreenPokemon/src/components/Menus.ts[289, 20]: elements are not aligned
ERROR: (align) C:/Users/valmac/FullScreenPokemon/src/components/Menus.ts[297, 20]: elements are not aligned
ERROR: (align) C:/Users/valmac/FullScreenPokemon/src/components/Menus.ts[384, 20]: elements are not aligned

ERROR: (align) C:/Users/valmac/FullScreenPokemon/src/settings/Menus.ts[328, 56]: elements are not aligned
ERROR: (align) C:/Users/valmac/FullScreenPokemon/src/settings/Menus.ts[331, 56]: elements are not aligned
ERROR: (align) C:/Users/valmac/FullScreenPokemon/src/settings/Menus.ts[334, 56]: elements are not aligned
ERROR: (align) C:/Users/valmac/FullScreenPokemon/src/settings/Menus.ts[337, 56]: elements are not aligned
ERROR: (align) C:/Users/valmac/FullScreenPokemon/src/settings/Menus.ts[340, 56]: elements are not aligned
ERROR: (align) C:/Users/valmac/FullScreenPokemon/src/settings/Menus.ts[343, 56]: elements are not aligned
ERROR: (align) C:/Users/valmac/FullScreenPokemon/src/settings/Menus.ts[428, 56]: elements are not aligned
ERROR: (align) C:/Users/valmac/FullScreenPokemon/src/settings/Menus.ts[431, 56]: elements are not aligned
ERROR: (align) C:/Users/valmac/FullScreenPokemon/src/settings/Menus.ts[498, 24]: elements are not aligned
ERROR: (align) C:/Users/valmac/FullScreenPokemon/src/settings/Menus.ts[625, 56]: elements are not aligned
ERROR: (align) C:/Users/valmac/FullScreenPokemon/src/settings/Menus.ts[628, 56]: elements are not aligned
ERROR: (align) C:/Users/valmac/FullScreenPokemon/src/settings/Menus.ts[631, 56]: elements are not aligned
ERROR: (align) C:/Users/valmac/FullScreenPokemon/src/settings/Menus.ts[634, 56]: elements are not aligned
ERROR: (align) C:/Users/valmac/FullScreenPokemon/src/settings/Menus.ts[637, 56]: elements are not aligned
ERROR: (align) C:/Users/valmac/FullScreenPokemon/src/settings/Menus.ts[640, 56]: elements are not aligned
ERROR: (align) C:/Users/valmac/FullScreenPokemon/src/settings/Menus.ts[643, 56]: elements are not aligned
ERROR: (align) C:/Users/valmac/FullScreenPokemon/src/settings/Menus.ts[646, 56]: elements are not aligned
ERROR: (align) C:/Users/valmac/FullScreenPokemon/src/settings/Menus.ts[975, 56]: elements are not aligned
ERROR: (align) C:/Users/valmac/FullScreenPokemon/src/settings/Menus.ts[983, 56]: elements are not aligned
ERROR: (align) C:/Users/valmac/FullScreenPokemon/src/settings/Menus.ts[986, 56]: elements are not aligned
ERROR: (align) C:/Users/valmac/FullScreenPokemon/src/settings/Menus.ts[989, 56]: elements are not aligned
ERROR: (align) C:/Users/valmac/FullScreenPokemon/src/settings/Menus.ts[1103, 56]: elements are not aligned
ERROR: (align) C:/Users/valmac/FullScreenPokemon/src/settings/Menus.ts[1110, 56]: elements are not aligned
ERROR: (align) C:/Users/valmac/FullScreenPokemon/src/settings/Menus.ts[1119, 56]: elements are not aligned
ERROR: (align) C:/Users/valmac/FullScreenPokemon/src/settings/Menus.ts[1128, 56]: elements are not aligned
ERROR: (align) C:/Users/valmac/FullScreenPokemon/src/settings/Menus.ts[1137, 56]: elements are not aligned
ERROR: (align) C:/Users/valmac/FullScreenPokemon/src/settings/Menus.ts[1173, 56]: elements are not aligned
ERROR: (align) C:/Users/valmac/FullScreenPokemon/src/settings/Menus.ts[1213, 56]: elements are not aligned
ERROR: (align) C:/Users/valmac/FullScreenPokemon/src/settings/Menus.ts[1222, 56]: elements are not aligned
ERROR: (align) C:/Users/valmac/FullScreenPokemon/src/settings/Menus.ts[1231, 56]: elements are not aligned
ERROR: (align) C:/Users/valmac/FullScreenPokemon/src/settings/Menus.ts[1240, 56]: elements are not aligned
ERROR: (align) C:/Users/valmac/FullScreenPokemon/src/settings/Menus.ts[1249, 56]: elements are not aligned
ERROR: (align) C:/Users/valmac/FullScreenPokemon/src/settings/Menus.ts[1258, 56]: elements are not aligned
ERROR: (align) C:/Users/valmac/FullScreenPokemon/src/settings/Menus.ts[1267, 56]: elements are not aligned
ERROR: (align) C:/Users/valmac/FullScreenPokemon/src/settings/Menus.ts[1276, 56]: elements are not aligned
ERROR: (align) C:/Users/valmac/FullScreenPokemon/src/settings/Menus.ts[1465, 56]: elements are not aligned
ERROR: (align) C:/Users/valmac/FullScreenPokemon/src/settings/Menus.ts[1477, 56]: elements are not aligned
ERROR: (align) C:/Users/valmac/FullScreenPokemon/src/settings/Menus.ts[1620, 24]: elements are not aligned
ERROR: (align) C:/Users/valmac/FullScreenPokemon/src/settings/Menus.ts[1729, 24]: elements are not aligned
ERROR: (align) C:/Users/valmac/FullScreenPokemon/src/settings/Menus.ts[1795, 24]: elements are not aligned
ERROR: (align) C:/Users/valmac/FullScreenPokemon/src/settings/Menus.ts[1887, 24]: elements are not aligned
ERROR: (align) C:/Users/valmac/FullScreenPokemon/src/settings/Menus.ts[1972, 24]: elements are not aligned
ERROR: (align) C:/Users/valmac/FullScreenPokemon/src/settings/Menus.ts[1981, 24]: elements are not aligned
ERROR: (align) C:/Users/valmac/FullScreenPokemon/src/settings/Menus.ts[1990, 24]: elements are not aligned
ERROR: (align) C:/Users/valmac/FullScreenPokemon/src/settings/Menus.ts[1999, 24]: elements are not aligned
ERROR: (align) C:/Users/valmac/FullScreenPokemon/src/settings/Menus.ts[2011, 24]: elements are not aligned
ERROR: (align) C:/Users/valmac/FullScreenPokemon/src/settings/Menus.ts[2100, 56]: elements are not aligned
ERROR: (align) C:/Users/valmac/FullScreenPokemon/src/settings/Menus.ts[2103, 56]: elements are not aligned

ERROR: (align) C:/Users/valmac/FullScreenPokemon/src/components/constants/Pokemon.ts[351, 24]: elements are not aligned
ERROR: (align) C:/Users/valmac/FullScreenPokemon/src/components/constants/Pokemon.ts[354, 24]: elements are not aligned
ERROR: (align) C:/Users/valmac/FullScreenPokemon/src/components/constants/Pokemon.ts[357, 24]: elements are not aligned
ERROR: (align) C:/Users/valmac/FullScreenPokemon/src/components/constants/Pokemon.ts[360, 24]: elements are not aligned
ERROR: (align) C:/Users/valmac/FullScreenPokemon/src/components/constants/Pokemon.ts[363, 24]: elements are not aligned
ERROR: (align) C:/Users/valmac/FullScreenPokemon/src/components/constants/Pokemon.ts[366, 24]: elements are not aligned
ERROR: (align) C:/Users/valmac/FullScreenPokemon/src/components/constants/Pokemon.ts[369, 24]: elements are not aligned
ERROR: (align) C:/Users/valmac/FullScreenPokemon/src/components/constants/Pokemon.ts[372, 24]: elements are not aligned
ERROR: (align) C:/Users/valmac/FullScreenPokemon/src/components/constants/Pokemon.ts[375, 24]: elements are not aligned
ERROR: (align) C:/Users/valmac/FullScreenPokemon/src/components/constants/Pokemon.ts[378, 24]: elements are not aligned
ERROR: (align) C:/Users/valmac/FullScreenPokemon/src/components/constants/Pokemon.ts[381, 24]: elements are not aligned
ERROR: (align) C:/Users/valmac/FullScreenPokemon/src/components/constants/Pokemon.ts[384, 24]: elements are not aligned
ERROR: (align) C:/Users/valmac/FullScreenPokemon/src/components/constants/Pokemon.ts[387, 24]: elements are not aligned
ERROR: (align) C:/Users/valmac/FullScreenPokemon/src/components/constants/Pokemon.ts[390, 24]: elements are not aligned
ERROR: (align) C:/Users/valmac/FullScreenPokemon/src/components/constants/Pokemon.ts[393, 24]: elements are not aligned
ERROR: (align) C:/Users/valmac/FullScreenPokemon/src/components/constants/Pokemon.ts[396, 24]: elements are not aligned
ERROR: (align) C:/Users/valmac/FullScreenPokemon/src/components/constants/Pokemon.ts[399, 24]: elements are not aligned
ERROR: (align) C:/Users/valmac/FullScreenPokemon/src/components/constants/Pokemon.ts[402, 24]: elements are not aligned
ERROR: (align) C:/Users/valmac/FullScreenPokemon/src/components/constants/Pokemon.ts[405, 24]: elements are not aligned
ERROR: (align) C:/Users/valmac/FullScreenPokemon/src/components/constants/Pokemon.ts[408, 24]: elements are not aligned
ERROR: (align) C:/Users/valmac/FullScreenPokemon/src/components/constants/Pokemon.ts[411, 24]: elements are not aligned
ERROR: (align) C:/Users/valmac/FullScreenPokemon/src/components/constants/Pokemon.ts[414, 24]: elements are not aligned
ERROR: (align) C:/Users/valmac/FullScreenPokemon/src/components/constants/Pokemon.ts[439, 20]: elements are not aligned
ERROR: (align) C:/Users/valmac/FullScreenPokemon/src/components/constants/Pokemon.ts[442, 24]: elements are not aligned
ERROR: (align) C:/Users/valmac/FullScreenPokemon/src/components/constants/Pokemon.ts[445, 24]: elements are not aligned
ERROR: (align) C:/Users/valmac/FullScreenPokemon/src/components/constants/Pokemon.ts[448, 24]: elements are not aligned
ERROR: (align) C:/Users/valmac/FullScreenPokemon/src/components/constants/Pokemon.ts[451, 24]: elements are not aligned
ERROR: (align) C:/Users/valmac/FullScreenPokemon/src/components/constants/Pokemon.ts[462, 20]: elements are not aligned
ERROR: (align) C:/Users/valmac/FullScreenPokemon/src/components/constants/Pokemon.ts[533, 24]: elements are not aligned
ERROR: (align) C:/Users/valmac/FullScreenPokemon/src/components/constants/Pokemon.ts[536, 24]: elements are not aligned
ERROR: (align) C:/Users/valmac/FullScreenPokemon/src/components/constants/Pokemon.ts[539, 24]: elements are not aligned
ERROR: (align) C:/Users/valmac/FullScreenPokemon/src/components/constants/Pokemon.ts[542, 24]: elements are not aligned
ERROR: (align) C:/Users/valmac/FullScreenPokemon/src/components/constants/Pokemon.ts[545, 24]: elements are not aligned
ERROR: (align) C:/Users/valmac/FullScreenPokemon/src/components/constants/Pokemon.ts[548, 24]: elements are not aligned
ERROR: (align) C:/Users/valmac/FullScreenPokemon/src/components/constants/Pokemon.ts[551, 24]: elements are not aligned
ERROR: (align) C:/Users/valmac/FullScreenPokemon/src/components/constants/Pokemon.ts[554, 24]: elements are not aligned
ERROR: (align) C:/Users/valmac/FullScreenPokemon/src/components/constants/Pokemon.ts[566, 24]: elements are not aligned
ERROR: (align) C:/Users/valmac/FullScreenPokemon/src/components/constants/Pokemon.ts[569, 24]: elements are not aligned
ERROR: (align) C:/Users/valmac/FullScreenPokemon/src/components/constants/Pokemon.ts[572, 24]: elements are not aligned
ERROR: (align) C:/Users/valmac/FullScreenPokemon/src/components/constants/Pokemon.ts[575, 24]: elements are not aligned
ERROR: (align) C:/Users/valmac/FullScreenPokemon/src/components/constants/Pokemon.ts[578, 24]: elements are not aligned
ERROR: (align) C:/Users/valmac/FullScreenPokemon/src/components/constants/Pokemon.ts[581, 24]: elements are not aligned
ERROR: (align) C:/Users/valmac/FullScreenPokemon/src/components/constants/Pokemon.ts[584, 24]: elements are not aligned
ERROR: (align) C:/Users/valmac/FullScreenPokemon/src/components/constants/Pokemon.ts[587, 24]: elements are not aligned
ERROR: (align) C:/Users/valmac/FullScreenPokemon/src/components/constants/Pokemon.ts[590, 24]: elements are not aligned
ERROR: (align) C:/Users/valmac/FullScreenPokemon/src/components/constants/Pokemon.ts[593, 24]: elements are not aligned
ERROR: (align) C:/Users/valmac/FullScreenPokemon/src/components/constants/Pokemon.ts[596, 24]: elements are not aligned
ERROR: (align) C:/Users/valmac/FullScreenPokemon/src/components/constants/Pokemon.ts[599, 24]: elements are not aligned
ERROR: (align) C:/Users/valmac/FullScreenPokemon/src/components/constants/Pokemon.ts[602, 24]: elements are not aligned
ERROR: (align) C:/Users/valmac/FullScreenPokemon/src/components/constants/Pokemon.ts[605, 24]: elements are not aligned
ERROR: (align) C:/Users/valmac/FullScreenPokemon/src/components/constants/Pokemon.ts[608, 24]: elements are not aligned
ERROR: (align) C:/Users/valmac/FullScreenPokemon/src/components/constants/Pokemon.ts[611, 24]: elements are not aligned
ERROR: (align) C:/Users/valmac/FullScreenPokemon/src/components/constants/Pokemon.ts[614, 24]: elements are not aligned
ERROR: (align) C:/Users/valmac/FullScreenPokemon/src/components/constants/Pokemon.ts[617, 24]: elements are not aligned
ERROR: (align) C:/Users/valmac/FullScreenPokemon/src/components/constants/Pokemon.ts[620, 24]: elements are not aligned
ERROR: (align) C:/Users/valmac/FullScreenPokemon/src/components/constants/Pokemon.ts[623, 24]: elements are not aligned
ERROR: (align) C:/Users/valmac/FullScreenPokemon/src/components/constants/Pokemon.ts[626, 24]: elements are not aligned
ERROR: (align) C:/Users/valmac/FullScreenPokemon/src/components/constants/Pokemon.ts[629, 24]: elements are not aligned
ERROR: (align) C:/Users/valmac/FullScreenPokemon/src/components/constants/Pokemon.ts[632, 24]: elements are not aligned
ERROR: (align) C:/Users/valmac/FullScreenPokemon/src/components/constants/Pokemon.ts[635, 24]: elements are not aligned
ERROR: (align) C:/Users/valmac/FullScreenPokemon/src/components/constants/Pokemon.ts[661, 24]: elements are not aligned
ERROR: (align) C:/Users/valmac/FullScreenPokemon/src/components/constants/Pokemon.ts[664, 24]: elements are not aligned
ERROR: (align) C:/Users/valmac/FullScreenPokemon/src/components/constants/Pokemon.ts[667, 24]: elements are not aligned
ERROR: (align) C:/Users/valmac/FullScreenPokemon/src/components/constants/Pokemon.ts[670, 24]: elements are not aligned
ERROR: (align) C:/Users/valmac/FullScreenPokemon/src/components/constants/Pokemon.ts[673, 24]: elements are not aligned
ERROR: (align) C:/Users/valmac/FullScreenPokemon/src/components/constants/Pokemon.ts[676, 24]: elements are not aligned
ERROR: (align) C:/Users/valmac/FullScreenPokemon/src/components/constants/Pokemon.ts[679, 24]: elements are not aligned
ERROR: (align) C:/Users/valmac/FullScreenPokemon/src/components/constants/Pokemon.ts[691, 24]: elements are not aligned
ERROR: (align) C:/Users/valmac/FullScreenPokemon/src/components/constants/Pokemon.ts[694, 24]: elements are not aligned
ERROR: (align) C:/Users/valmac/FullScreenPokemon/src/components/constants/Pokemon.ts[697, 24]: elements are not aligned
ERROR: (align) C:/Users/valmac/FullScreenPokemon/src/components/constants/Pokemon.ts[700, 24]: elements are not aligned
ERROR: (align) C:/Users/valmac/FullScreenPokemon/src/components/constants/Pokemon.ts[703, 24]: elements are not aligned
ERROR: (align) C:/Users/valmac/FullScreenPokemon/src/components/constants/Pokemon.ts[706, 24]: elements are not aligned
ERROR: (align) C:/Users/valmac/FullScreenPokemon/src/components/constants/Pokemon.ts[709, 24]: elements are not aligned
ERROR: (align) C:/Users/valmac/FullScreenPokemon/src/components/constants/Pokemon.ts[712, 24]: elements are not aligned
ERROR: (align) C:/Users/valmac/FullScreenPokemon/src/components/constants/Pokemon.ts[715, 24]: elements are not aligned
ERROR: (align) C:/Users/valmac/FullScreenPokemon/src/components/constants/Pokemon.ts[718, 24]: elements are not aligned
ERROR: (align) C:/Users/valmac/FullScreenPokemon/src/components/constants/Pokemon.ts[721, 24]: elements are not aligned
ERROR: (align) C:/Users/valmac/FullScreenPokemon/src/components/constants/Pokemon.ts[724, 24]: elements are not aligned
ERROR: (align) C:/Users/valmac/FullScreenPokemon/src/components/constants/Pokemon.ts[727, 24]: elements are not aligned
ERROR: (align) C:/Users/valmac/FullScreenPokemon/src/components/constants/Pokemon.ts[730, 24]: elements are not aligned
ERROR: (align) C:/Users/valmac/FullScreenPokemon/src/components/constants/Pokemon.ts[733, 24]: elements are not aligned
ERROR: (align) C:/Users/valmac/FullScreenPokemon/src/components/constants/Pokemon.ts[736, 24]: elements are not aligned
ERROR: (align) C:/Users/valmac/FullScreenPokemon/src/components/constants/Pokemon.ts[762, 24]: elements are not aligned
ERROR: (align) C:/Users/valmac/FullScreenPokemon/src/components/constants/Pokemon.ts[765, 24]: elements are not aligned
ERROR: (align) C:/Users/valmac/FullScreenPokemon/src/components/constants/Pokemon.ts[768, 24]: elements are not aligned
ERROR: (align) C:/Users/valmac/FullScreenPokemon/src/components/constants/Pokemon.ts[776, 24]: elements are not aligned
ERROR: (align) C:/Users/valmac/FullScreenPokemon/src/components/constants/Pokemon.ts[779, 24]: elements are not aligned
ERROR: (align) C:/Users/valmac/FullScreenPokemon/src/components/constants/Pokemon.ts[782, 24]: elements are not aligned
ERROR: (align) C:/Users/valmac/FullScreenPokemon/src/components/constants/Pokemon.ts[785, 24]: elements are not aligned
ERROR: (align) C:/Users/valmac/FullScreenPokemon/src/components/constants/Pokemon.ts[788, 24]: elements are not aligned
ERROR: (align) C:/Users/valmac/FullScreenPokemon/src/components/constants/Pokemon.ts[791, 24]: elements are not aligned
ERROR: (align) C:/Users/valmac/FullScreenPokemon/src/components/constants/Pokemon.ts[794, 24]: elements are not aligned
ERROR: (align) C:/Users/valmac/FullScreenPokemon/src/components/constants/Pokemon.ts[797, 24]: elements are not aligned
ERROR: (align) C:/Users/valmac/FullScreenPokemon/src/components/constants/Pokemon.ts[800, 24]: elements are not aligned
ERROR: (align) C:/Users/valmac/FullScreenPokemon/src/components/constants/Pokemon.ts[803, 24]: elements are not aligned
ERROR: (align) C:/Users/valmac/FullScreenPokemon/src/components/constants/Pokemon.ts[806, 24]: elements are not aligned
ERROR: (align) C:/Users/valmac/FullScreenPokemon/src/components/constants/Pokemon.ts[809, 24]: elements are not aligned
ERROR: (align) C:/Users/valmac/FullScreenPokemon/src/components/constants/Pokemon.ts[812, 24]: elements are not aligned
ERROR: (align) C:/Users/valmac/FullScreenPokemon/src/components/constants/Pokemon.ts[815, 24]: elements are not aligned
ERROR: (align) C:/Users/valmac/FullScreenPokemon/src/components/constants/Pokemon.ts[818, 24]: elements are not aligned
ERROR: (align) C:/Users/valmac/FullScreenPokemon/src/components/constants/Pokemon.ts[821, 24]: elements are not aligned
ERROR: (align) C:/Users/valmac/FullScreenPokemon/src/components/constants/Pokemon.ts[824, 24]: elements are not aligned
ERROR: (align) C:/Users/valmac/FullScreenPokemon/src/components/constants/Pokemon.ts[832, 24]: elements are not aligned
ERROR: (align) C:/Users/valmac/FullScreenPokemon/src/components/constants/Pokemon.ts[835, 24]: elements are not aligned
ERROR: (align) C:/Users/valmac/FullScreenPokemon/src/components/constants/Pokemon.ts[838, 24]: elements are not aligned
ERROR: (align) C:/Users/valmac/FullScreenPokemon/src/components/constants/Pokemon.ts[841, 24]: elements are not aligned
ERROR: (align) C:/Users/valmac/FullScreenPokemon/src/components/constants/Pokemon.ts[844, 24]: elements are not aligned
ERROR: (align) C:/Users/valmac/FullScreenPokemon/src/components/constants/Pokemon.ts[847, 24]: elements are not aligned
ERROR: (align) C:/Users/valmac/FullScreenPokemon/src/components/constants/Pokemon.ts[850, 24]: elements are not aligned
ERROR: (align) C:/Users/valmac/FullScreenPokemon/src/components/constants/Pokemon.ts[853, 24]: elements are not aligned
ERROR: (align) C:/Users/valmac/FullScreenPokemon/src/components/constants/Pokemon.ts[856, 24]: elements are not aligned
ERROR: (align) C:/Users/valmac/FullScreenPokemon/src/components/constants/Pokemon.ts[859, 24]: elements are not aligned
ERROR: (align) C:/Users/valmac/FullScreenPokemon/src/components/constants/Pokemon.ts[862, 24]: elements are not aligned
ERROR: (align) C:/Users/valmac/FullScreenPokemon/src/components/constants/Pokemon.ts[865, 24]: elements are not aligned
ERROR: (align) C:/Users/valmac/FullScreenPokemon/src/components/constants/Pokemon.ts[868, 24]: elements are not aligned
ERROR: (align) C:/Users/valmac/FullScreenPokemon/src/components/constants/Pokemon.ts[871, 24]: elements are not aligned
ERROR: (align) C:/Users/valmac/FullScreenPokemon/src/components/constants/Pokemon.ts[874, 24]: elements are not aligned
ERROR: (align) C:/Users/valmac/FullScreenPokemon/src/components/constants/Pokemon.ts[877, 24]: elements are not aligned
ERROR: (align) C:/Users/valmac/FullScreenPokemon/src/components/constants/Pokemon.ts[880, 24]: elements are not aligned
ERROR: (align) C:/Users/valmac/FullScreenPokemon/src/components/constants/Pokemon.ts[906, 24]: elements are not aligned
ERROR: (align) C:/Users/valmac/FullScreenPokemon/src/components/constants/Pokemon.ts[909, 24]: elements are not aligned
ERROR: (align) C:/Users/valmac/FullScreenPokemon/src/components/constants/Pokemon.ts[912, 24]: elements are not aligned
ERROR: (align) C:/Users/valmac/FullScreenPokemon/src/components/constants/Pokemon.ts[915, 24]: elements are not aligned
ERROR: (align) C:/Users/valmac/FullScreenPokemon/src/components/constants/Pokemon.ts[927, 24]: elements are not aligned
ERROR: (align) C:/Users/valmac/FullScreenPokemon/src/components/constants/Pokemon.ts[930, 24]: elements are not aligned
ERROR: (align) C:/Users/valmac/FullScreenPokemon/src/components/constants/Pokemon.ts[933, 24]: elements are not aligned
ERROR: (align) C:/Users/valmac/FullScreenPokemon/src/components/constants/Pokemon.ts[936, 24]: elements are not aligned
ERROR: (align) C:/Users/valmac/FullScreenPokemon/src/components/constants/Pokemon.ts[939, 24]: elements are not aligned
ERROR: (align) C:/Users/valmac/FullScreenPokemon/src/components/constants/Pokemon.ts[942, 24]: elements are not aligned
ERROR: (align) C:/Users/valmac/FullScreenPokemon/src/components/constants/Pokemon.ts[945, 24]: elements are not aligned
ERROR: (align) C:/Users/valmac/FullScreenPokemon/src/components/constants/Pokemon.ts[948, 24]: elements are not aligned
ERROR: (align) C:/Users/valmac/FullScreenPokemon/src/components/constants/Pokemon.ts[951, 24]: elements are not aligned
ERROR: (align) C:/Users/valmac/FullScreenPokemon/src/components/constants/Pokemon.ts[954, 24]: elements are not aligned
ERROR: (align) C:/Users/valmac/FullScreenPokemon/src/components/constants/Pokemon.ts[957, 24]: elements are not aligned
ERROR: (align) C:/Users/valmac/FullScreenPokemon/src/components/constants/Pokemon.ts[960, 24]: elements are not aligned
ERROR: (align) C:/Users/valmac/FullScreenPokemon/src/components/constants/Pokemon.ts[963, 24]: elements are not aligned
ERROR: (align) C:/Users/valmac/FullScreenPokemon/src/components/constants/Pokemon.ts[966, 24]: elements are not aligned
ERROR: (align) C:/Users/valmac/FullScreenPokemon/src/components/constants/Pokemon.ts[969, 24]: elements are not aligned
ERROR: (align) C:/Users/valmac/FullScreenPokemon/src/components/constants/Pokemon.ts[972, 24]: elements are not aligned
ERROR: (align) C:/Users/valmac/FullScreenPokemon/src/components/constants/Pokemon.ts[975, 24]: elements are not aligned
ERROR: (align) C:/Users/valmac/FullScreenPokemon/src/components/constants/Pokemon.ts[978, 24]: elements are not aligned
ERROR: (align) C:/Users/valmac/FullScreenPokemon/src/components/constants/Pokemon.ts[1004, 24]: elements are not aligned
ERROR: (align) C:/Users/valmac/FullScreenPokemon/src/components/constants/Pokemon.ts[1007, 24]: elements are not aligned
ERROR: (align) C:/Users/valmac/FullScreenPokemon/src/components/constants/Pokemon.ts[1010, 24]: elements are not aligned
ERROR: (align) C:/Users/valmac/FullScreenPokemon/src/components/constants/Pokemon.ts[1013, 24]: elements are not aligned
ERROR: (align) C:/Users/valmac/FullScreenPokemon/src/components/constants/Pokemon.ts[1016, 24]: elements are not aligned
ERROR: (align) C:/Users/valmac/FullScreenPokemon/src/components/constants/Pokemon.ts[1019, 24]: elements are not aligned
ERROR: (align) C:/Users/valmac/FullScreenPokemon/src/components/constants/Pokemon.ts[1062, 24]: elements are not aligned
ERROR: (align) C:/Users/valmac/FullScreenPokemon/src/components/constants/Pokemon.ts[1065, 24]: elements are not aligned
ERROR: (align) C:/Users/valmac/FullScreenPokemon/src/components/constants/Pokemon.ts[1068, 24]: elements are not aligned
ERROR: (align) C:/Users/valmac/FullScreenPokemon/src/components/constants/Pokemon.ts[1071, 24]: elements are not aligned
ERROR: (align) C:/Users/valmac/FullScreenPokemon/src/components/constants/Pokemon.ts[1074, 24]: elements are not aligned
ERROR: (align) C:/Users/valmac/FullScreenPokemon/src/components/constants/Pokemon.ts[1077, 24]: elements are not aligned
ERROR: (align) C:/Users/valmac/FullScreenPokemon/src/components/constants/Pokemon.ts[1080, 24]: elements are not aligned
ERROR: (align) C:/Users/valmac/FullScreenPokemon/src/components/constants/Pokemon.ts[1083, 24]: elements are not aligned
ERROR: (align) C:/Users/valmac/FullScreenPokemon/src/components/constants/Pokemon.ts[1095, 24]: elements are not aligned
ERROR: (align) C:/Users/valmac/FullScreenPokemon/src/components/constants/Pokemon.ts[1098, 24]: elements are not aligned
ERROR: (align) C:/Users/valmac/FullScreenPokemon/src/components/constants/Pokemon.ts[1101, 24]: elements are not aligned
ERROR: (align) C:/Users/valmac/FullScreenPokemon/src/components/constants/Pokemon.ts[1104, 24]: elements are not aligned
ERROR: (align) C:/Users/valmac/FullScreenPokemon/src/components/constants/Pokemon.ts[1107, 24]: elements are not aligned
ERROR: (align) C:/Users/valmac/FullScreenPokemon/src/components/constants/Pokemon.ts[1110, 24]: elements are not aligned
ERROR: (align) C:/Users/valmac/FullScreenPokemon/src/components/constants/Pokemon.ts[1113, 24]: elements are not aligned
ERROR: (align) C:/Users/valmac/FullScreenPokemon/src/components/constants/Pokemon.ts[1116, 24]: elements are not aligned
ERROR: (align) C:/Users/valmac/FullScreenPokemon/src/components/constants/Pokemon.ts[1119, 24]: elements are not aligned
ERROR: (align) C:/Users/valmac/FullScreenPokemon/src/components/constants/Pokemon.ts[1122, 24]: elements are not aligned
ERROR: (align) C:/Users/valmac/FullScreenPokemon/src/components/constants/Pokemon.ts[1125, 24]: elements are not aligned
ERROR: (align) C:/Users/valmac/FullScreenPokemon/src/components/constants/Pokemon.ts[1128, 24]: elements are not aligned
ERROR: (align) C:/Users/valmac/FullScreenPokemon/src/components/constants/Pokemon.ts[1154, 24]: elements are not aligned
ERROR: (align) C:/Users/valmac/FullScreenPokemon/src/components/constants/Pokemon.ts[1157, 24]: elements are not aligned
ERROR: (align) C:/Users/valmac/FullScreenPokemon/src/components/constants/Pokemon.ts[1160, 24]: elements are not aligned
ERROR: (align) C:/Users/valmac/FullScreenPokemon/src/components/constants/Pokemon.ts[1163, 24]: elements are not aligned
ERROR: (align) C:/Users/valmac/FullScreenPokemon/src/components/constants/Pokemon.ts[1166, 24]: elements are not aligned
ERROR: (align) C:/Users/valmac/FullScreenPokemon/src/components/constants/Pokemon.ts[1169, 24]: elements are not aligned
ERROR: (align) C:/Users/valmac/FullScreenPokemon/src/components/constants/Pokemon.ts[1172, 24]: elements are not aligned
ERROR: (align) C:/Users/valmac/FullScreenPokemon/src/components/constants/Pokemon.ts[1175, 24]: elements are not aligned
ERROR: (align) C:/Users/valmac/FullScreenPokemon/src/components/constants/Pokemon.ts[1178, 24]: elements are not aligned
ERROR: (align) C:/Users/valmac/FullScreenPokemon/src/components/constants/Pokemon.ts[1186, 24]: elements are not aligned
ERROR: (align) C:/Users/valmac/FullScreenPokemon/src/components/constants/Pokemon.ts[1194, 24]: elements are not aligned
ERROR: (align) C:/Users/valmac/FullScreenPokemon/src/components/constants/Pokemon.ts[1197, 24]: elements are not aligned
ERROR: (align) C:/Users/valmac/FullScreenPokemon/src/components/constants/Pokemon.ts[1200, 24]: elements are not aligned
ERROR: (align) C:/Users/valmac/FullScreenPokemon/src/components/constants/Pokemon.ts[1203, 24]: elements are not aligned
ERROR: (align) C:/Users/valmac/FullScreenPokemon/src/components/constants/Pokemon.ts[1206, 24]: elements are not aligned
ERROR: (align) C:/Users/valmac/FullScreenPokemon/src/components/constants/Pokemon.ts[1209, 24]: elements are not aligned
ERROR: (align) C:/Users/valmac/FullScreenPokemon/src/components/constants/Pokemon.ts[1212, 24]: elements are not aligned
ERROR: (align) C:/Users/valmac/FullScreenPokemon/src/components/constants/Pokemon.ts[1215, 24]: elements are not aligned
ERROR: (align) C:/Users/valmac/FullScreenPokemon/src/components/constants/Pokemon.ts[1218, 24]: elements are not aligned
ERROR: (align) C:/Users/valmac/FullScreenPokemon/src/components/constants/Pokemon.ts[1221, 24]: elements are not aligned
ERROR: (align) C:/Users/valmac/FullScreenPokemon/src/components/constants/Pokemon.ts[1224, 24]: elements are not aligned
ERROR: (align) C:/Users/valmac/FullScreenPokemon/src/components/constants/Pokemon.ts[1227, 24]: elements are not aligned
ERROR: (align) C:/Users/valmac/FullScreenPokemon/src/components/constants/Pokemon.ts[1230, 24]: elements are not aligned
ERROR: (align) C:/Users/valmac/FullScreenPokemon/src/components/constants/Pokemon.ts[1233, 24]: elements are not aligned
ERROR: (align) C:/Users/valmac/FullScreenPokemon/src/components/constants/Pokemon.ts[1236, 24]: elements are not aligned
ERROR: (align) C:/Users/valmac/FullScreenPokemon/src/components/constants/Pokemon.ts[1239, 24]: elements are not aligned
ERROR: (align) C:/Users/valmac/FullScreenPokemon/src/components/constants/Pokemon.ts[1242, 24]: elements are not aligned
ERROR: (align) C:/Users/valmac/FullScreenPokemon/src/components/constants/Pokemon.ts[1245, 24]: elements are not aligned
ERROR: (align) C:/Users/valmac/FullScreenPokemon/src/components/constants/Pokemon.ts[1248, 24]: elements are not aligned
ERROR: (align) C:/Users/valmac/FullScreenPokemon/src/components/constants/Pokemon.ts[1251, 24]: elements are not aligned
ERROR: (align) C:/Users/valmac/FullScreenPokemon/src/components/constants/Pokemon.ts[1254, 24]: elements are not aligned
ERROR: (align) C:/Users/valmac/FullScreenPokemon/src/components/constants/Pokemon.ts[1257, 24]: elements are not aligned
ERROR: (align) C:/Users/valmac/FullScreenPokemon/src/components/constants/Pokemon.ts[1260, 24]: elements are not aligned
ERROR: (align) C:/Users/valmac/FullScreenPokemon/src/components/constants/Pokemon.ts[1263, 24]: elements are not aligned
ERROR: (align) C:/Users/valmac/FullScreenPokemon/src/components/constants/Pokemon.ts[1299, 24]: elements are not aligned
ERROR: (align) C:/Users/valmac/FullScreenPokemon/src/components/constants/Pokemon.ts[1302, 24]: elements are not aligned
ERROR: (align) C:/Users/valmac/FullScreenPokemon/src/components/constants/Pokemon.ts[1305, 24]: elements are not aligned
ERROR: (align) C:/Users/valmac/FullScreenPokemon/src/components/constants/Pokemon.ts[1308, 24]: elements are not aligned
ERROR: (align) C:/Users/valmac/FullScreenPokemon/src/components/constants/Pokemon.ts[1311, 24]: elements are not aligned
ERROR: (align) C:/Users/valmac/FullScreenPokemon/src/components/constants/Pokemon.ts[1314, 24]: elements are not aligned
ERROR: (align) C:/Users/valmac/FullScreenPokemon/src/components/constants/Pokemon.ts[1317, 24]: elements are not aligned
ERROR: (align) C:/Users/valmac/FullScreenPokemon/src/components/constants/Pokemon.ts[1320, 24]: elements are not aligned
ERROR: (align) C:/Users/valmac/FullScreenPokemon/src/components/constants/Pokemon.ts[1332, 24]: elements are not aligned
ERROR: (align) C:/Users/valmac/FullScreenPokemon/src/components/constants/Pokemon.ts[1335, 24]: elements are not aligned
ERROR: (align) C:/Users/valmac/FullScreenPokemon/src/components/constants/Pokemon.ts[1338, 24]: elements are not aligned
ERROR: (align) C:/Users/valmac/FullScreenPokemon/src/components/constants/Pokemon.ts[1341, 24]: elements are not aligned
ERROR: (align) C:/Users/valmac/FullScreenPokemon/src/components/constants/Pokemon.ts[1344, 24]: elements are not aligned
ERROR: (align) C:/Users/valmac/FullScreenPokemon/src/components/constants/Pokemon.ts[1347, 24]: elements are not aligned
ERROR: (align) C:/Users/valmac/FullScreenPokemon/src/components/constants/Pokemon.ts[1350, 24]: elements are not aligned
ERROR: (align) C:/Users/valmac/FullScreenPokemon/src/components/constants/Pokemon.ts[1353, 24]: elements are not aligned
ERROR: (align) C:/Users/valmac/FullScreenPokemon/src/components/constants/Pokemon.ts[1356, 24]: elements are not aligned
ERROR: (align) C:/Users/valmac/FullScreenPokemon/src/components/constants/Pokemon.ts[1359, 24]: elements are not aligned
ERROR: (align) C:/Users/valmac/FullScreenPokemon/src/components/constants/Pokemon.ts[1362, 24]: elements are not aligned
ERROR: (align) C:/Users/valmac/FullScreenPokemon/src/components/constants/Pokemon.ts[1365, 24]: elements are not aligned
ERROR: (align) C:/Users/valmac/FullScreenPokemon/src/components/constants/Pokemon.ts[1368, 24]: elements are not aligned
ERROR: (align) C:/Users/valmac/FullScreenPokemon/src/components/constants/Pokemon.ts[1394, 24]: elements are not aligned
ERROR: (align) C:/Users/valmac/FullScreenPokemon/src/components/constants/Pokemon.ts[1397, 24]: elements are not aligned
ERROR: (align) C:/Users/valmac/FullScreenPokemon/src/components/constants/Pokemon.ts[1400, 24]: elements are not aligned
ERROR: (align) C:/Users/valmac/FullScreenPokemon/src/components/constants/Pokemon.ts[1403, 24]: elements are not aligned
ERROR: (align) C:/Users/valmac/FullScreenPokemon/src/components/constants/Pokemon.ts[1406, 24]: elements are not aligned
ERROR: (align) C:/Users/valmac/FullScreenPokemon/src/components/constants/Pokemon.ts[1409, 24]: elements are not aligned
ERROR: (align) C:/Users/valmac/FullScreenPokemon/src/components/constants/Pokemon.ts[1412, 24]: elements are not aligned
ERROR: (align) C:/Users/valmac/FullScreenPokemon/src/components/constants/Pokemon.ts[1421, 24]: elements are not aligned
ERROR: (align) C:/Users/valmac/FullScreenPokemon/src/components/constants/Pokemon.ts[1424, 24]: elements are not aligned
ERROR: (align) C:/Users/valmac/FullScreenPokemon/src/components/constants/Pokemon.ts[1427, 24]: elements are not aligned
ERROR: (align) C:/Users/valmac/FullScreenPokemon/src/components/constants/Pokemon.ts[1430, 24]: elements are not aligned
ERROR: (align) C:/Users/valmac/FullScreenPokemon/src/components/constants/Pokemon.ts[1433, 24]: elements are not aligned
ERROR: (align) C:/Users/valmac/FullScreenPokemon/src/components/constants/Pokemon.ts[1436, 24]: elements are not aligned
ERROR: (align) C:/Users/valmac/FullScreenPokemon/src/components/constants/Pokemon.ts[1439, 24]: elements are not aligned
ERROR: (align) C:/Users/valmac/FullScreenPokemon/src/components/constants/Pokemon.ts[1442, 24]: elements are not aligned
ERROR: (align) C:/Users/valmac/FullScreenPokemon/src/components/constants/Pokemon.ts[1445, 24]: elements are not aligned
ERROR: (align) C:/Users/valmac/FullScreenPokemon/src/components/constants/Pokemon.ts[1448, 24]: elements are not aligned
ERROR: (align) C:/Users/valmac/FullScreenPokemon/src/components/constants/Pokemon.ts[1451, 24]: elements are not aligned
ERROR: (align) C:/Users/valmac/FullScreenPokemon/src/components/constants/Pokemon.ts[1454, 24]: elements are not aligned
ERROR: (align) C:/Users/valmac/FullScreenPokemon/src/components/constants/Pokemon.ts[1457, 24]: elements are not aligned
ERROR: (align) C:/Users/valmac/FullScreenPokemon/src/components/constants/Pokemon.ts[1460, 24]: elements are not aligned
ERROR: (align) C:/Users/valmac/FullScreenPokemon/src/components/constants/Pokemon.ts[1463, 24]: elements are not aligned
ERROR: (align) C:/Users/valmac/FullScreenPokemon/src/components/constants/Pokemon.ts[1466, 24]: elements are not aligned
ERROR: (align) C:/Users/valmac/FullScreenPokemon/src/components/constants/Pokemon.ts[1469, 24]: elements are not aligned
ERROR: (align) C:/Users/valmac/FullScreenPokemon/src/components/constants/Pokemon.ts[1472, 24]: elements are not aligned
ERROR: (align) C:/Users/valmac/FullScreenPokemon/src/components/constants/Pokemon.ts[1506, 20]: elements are not aligned
ERROR: (align) C:/Users/valmac/FullScreenPokemon/src/components/constants/Pokemon.ts[1534, 24]: elements are not aligned
ERROR: (align) C:/Users/valmac/FullScreenPokemon/src/components/constants/Pokemon.ts[1537, 24]: elements are not aligned
ERROR: (align) C:/Users/valmac/FullScreenPokemon/src/components/constants/Pokemon.ts[1540, 24]: elements are not aligned
ERROR: (align) C:/Users/valmac/FullScreenPokemon/src/components/constants/Pokemon.ts[1543, 24]: elements are not aligned
ERROR: (align) C:/Users/valmac/FullScreenPokemon/src/components/constants/Pokemon.ts[1546, 24]: elements are not aligned
ERROR: (align) C:/Users/valmac/FullScreenPokemon/src/components/constants/Pokemon.ts[1549, 24]: elements are not aligned
ERROR: (align) C:/Users/valmac/FullScreenPokemon/src/components/constants/Pokemon.ts[1552, 24]: elements are not aligned
ERROR: (align) C:/Users/valmac/FullScreenPokemon/src/components/constants/Pokemon.ts[1560, 24]: elements are not aligned
ERROR: (align) C:/Users/valmac/FullScreenPokemon/src/components/constants/Pokemon.ts[1568, 24]: elements are not aligned
ERROR: (align) C:/Users/valmac/FullScreenPokemon/src/components/constants/Pokemon.ts[1571, 24]: elements are not aligned
ERROR: (align) C:/Users/valmac/FullScreenPokemon/src/components/constants/Pokemon.ts[1574, 24]: elements are not aligned
ERROR: (align) C:/Users/valmac/FullScreenPokemon/src/components/constants/Pokemon.ts[1577, 24]: elements are not aligned
ERROR: (align) C:/Users/valmac/FullScreenPokemon/src/components/constants/Pokemon.ts[1580, 24]: elements are not aligned
ERROR: (align) C:/Users/valmac/FullScreenPokemon/src/components/constants/Pokemon.ts[1583, 24]: elements are not aligned
ERROR: (align) C:/Users/valmac/FullScreenPokemon/src/components/constants/Pokemon.ts[1586, 24]: elements are not aligned
ERROR: (align) C:/Users/valmac/FullScreenPokemon/src/components/constants/Pokemon.ts[1589, 24]: elements are not aligned
ERROR: (align) C:/Users/valmac/FullScreenPokemon/src/components/constants/Pokemon.ts[1592, 24]: elements are not aligned
ERROR: (align) C:/Users/valmac/FullScreenPokemon/src/components/constants/Pokemon.ts[1595, 24]: elements are not aligned
ERROR: (align) C:/Users/valmac/FullScreenPokemon/src/components/constants/Pokemon.ts[1598, 24]: elements are not aligned
ERROR: (align) C:/Users/valmac/FullScreenPokemon/src/components/constants/Pokemon.ts[1601, 24]: elements are not aligned
ERROR: (align) C:/Users/valmac/FullScreenPokemon/src/components/constants/Pokemon.ts[1604, 24]: elements are not aligned
ERROR: (align) C:/Users/valmac/FullScreenPokemon/src/components/constants/Pokemon.ts[1607, 24]: elements are not aligned
ERROR: (align) C:/Users/valmac/FullScreenPokemon/src/components/constants/Pokemon.ts[1610, 24]: elements are not aligned
ERROR: (align) C:/Users/valmac/FullScreenPokemon/src/components/constants/Pokemon.ts[1613, 24]: elements are not aligned
ERROR: (align) C:/Users/valmac/FullScreenPokemon/src/components/constants/Pokemon.ts[1616, 24]: elements are not aligned
ERROR: (align) C:/Users/valmac/FullScreenPokemon/src/components/constants/Pokemon.ts[1619, 24]: elements are not aligned
ERROR: (align) C:/Users/valmac/FullScreenPokemon/src/components/constants/Pokemon.ts[1622, 24]: elements are not aligned
ERROR: (align) C:/Users/valmac/FullScreenPokemon/src/components/constants/Pokemon.ts[1625, 24]: elements are not aligned
ERROR: (align) C:/Users/valmac/FullScreenPokemon/src/components/constants/Pokemon.ts[1628, 24]: elements are not aligned
ERROR: (align) C:/Users/valmac/FullScreenPokemon/src/components/constants/Pokemon.ts[1631, 24]: elements are not aligned
ERROR: (align) C:/Users/valmac/FullScreenPokemon/src/components/constants/Pokemon.ts[1634, 24]: elements are not aligned
ERROR: (align) C:/Users/valmac/FullScreenPokemon/src/components/constants/Pokemon.ts[1637, 24]: elements are not aligned
ERROR: (align) C:/Users/valmac/FullScreenPokemon/src/components/constants/Pokemon.ts[1640, 24]: elements are not aligned
ERROR: (align) C:/Users/valmac/FullScreenPokemon/src/components/constants/Pokemon.ts[1643, 24]: elements are not aligned
ERROR: (align) C:/Users/valmac/FullScreenPokemon/src/components/constants/Pokemon.ts[1646, 24]: elements are not aligned
ERROR: (align) C:/Users/valmac/FullScreenPokemon/src/components/constants/Pokemon.ts[1649, 24]: elements are not aligned
ERROR: (align) C:/Users/valmac/FullScreenPokemon/src/components/constants/Pokemon.ts[1652, 24]: elements are not aligned
ERROR: (align) C:/Users/valmac/FullScreenPokemon/src/components/constants/Pokemon.ts[1655, 24]: elements are not aligned
ERROR: (align) C:/Users/valmac/FullScreenPokemon/src/components/constants/Pokemon.ts[1658, 24]: elements are not aligned
ERROR: (align) C:/Users/valmac/FullScreenPokemon/src/components/constants/Pokemon.ts[1661, 24]: elements are not aligned
ERROR: (align) C:/Users/valmac/FullScreenPokemon/src/components/constants/Pokemon.ts[1664, 24]: elements are not aligned
ERROR: (align) C:/Users/valmac/FullScreenPokemon/src/components/constants/Pokemon.ts[1690, 24]: elements are not aligned
ERROR: (align) C:/Users/valmac/FullScreenPokemon/src/components/constants/Pokemon.ts[1693, 24]: elements are not aligned
ERROR: (align) C:/Users/valmac/FullScreenPokemon/src/components/constants/Pokemon.ts[1696, 24]: elements are not aligned
ERROR: (align) C:/Users/valmac/FullScreenPokemon/src/components/constants/Pokemon.ts[1699, 24]: elements are not aligned
ERROR: (align) C:/Users/valmac/FullScreenPokemon/src/components/constants/Pokemon.ts[1702, 24]: elements are not aligned
ERROR: (align) C:/Users/valmac/FullScreenPokemon/src/components/constants/Pokemon.ts[1705, 24]: elements are not aligned
ERROR: (align) C:/Users/valmac/FullScreenPokemon/src/components/constants/Pokemon.ts[1708, 24]: elements are not aligned
ERROR: (align) C:/Users/valmac/FullScreenPokemon/src/components/constants/Pokemon.ts[1711, 24]: elements are not aligned
ERROR: (align) C:/Users/valmac/FullScreenPokemon/src/components/constants/Pokemon.ts[1714, 24]: elements are not aligned
ERROR: (align) C:/Users/valmac/FullScreenPokemon/src/components/constants/Pokemon.ts[1722, 24]: elements are not aligned
ERROR: (align) C:/Users/valmac/FullScreenPokemon/src/components/constants/Pokemon.ts[1730, 24]: elements are not aligned
ERROR: (align) C:/Users/valmac/FullScreenPokemon/src/components/constants/Pokemon.ts[1733, 24]: elements are not aligned
ERROR: (align) C:/Users/valmac/FullScreenPokemon/src/components/constants/Pokemon.ts[1736, 24]: elements are not aligned
ERROR: (align) C:/Users/valmac/FullScreenPokemon/src/components/constants/Pokemon.ts[1739, 24]: elements are not aligned
ERROR: (align) C:/Users/valmac/FullScreenPokemon/src/components/constants/Pokemon.ts[1742, 24]: elements are not aligned
ERROR: (align) C:/Users/valmac/FullScreenPokemon/src/components/constants/Pokemon.ts[1745, 24]: elements are not aligned
ERROR: (align) C:/Users/valmac/FullScreenPokemon/src/components/constants/Pokemon.ts[1748, 24]: elements are not aligned
ERROR: (align) C:/Users/valmac/FullScreenPokemon/src/components/constants/Pokemon.ts[1751, 24]: elements are not aligned
ERROR: (align) C:/Users/valmac/FullScreenPokemon/src/components/constants/Pokemon.ts[1754, 24]: elements are not aligned
ERROR: (align) C:/Users/valmac/FullScreenPokemon/src/components/constants/Pokemon.ts[1757, 24]: elements are not aligned
ERROR: (align) C:/Users/valmac/FullScreenPokemon/src/components/constants/Pokemon.ts[1760, 24]: elements are not aligned
ERROR: (align) C:/Users/valmac/FullScreenPokemon/src/components/constants/Pokemon.ts[1763, 24]: elements are not aligned
ERROR: (align) C:/Users/valmac/FullScreenPokemon/src/components/constants/Pokemon.ts[1766, 24]: elements are not aligned
ERROR: (align) C:/Users/valmac/FullScreenPokemon/src/components/constants/Pokemon.ts[1769, 24]: elements are not aligned
ERROR: (align) C:/Users/valmac/FullScreenPokemon/src/components/constants/Pokemon.ts[1772, 24]: elements are not aligned
ERROR: (align) C:/Users/valmac/FullScreenPokemon/src/components/constants/Pokemon.ts[1775, 24]: elements are not aligned
ERROR: (align) C:/Users/valmac/FullScreenPokemon/src/components/constants/Pokemon.ts[1778, 24]: elements are not aligned
ERROR: (align) C:/Users/valmac/FullScreenPokemon/src/components/constants/Pokemon.ts[1781, 24]: elements are not aligned
ERROR: (align) C:/Users/valmac/FullScreenPokemon/src/components/constants/Pokemon.ts[1784, 24]: elements are not aligned
ERROR: (align) C:/Users/valmac/FullScreenPokemon/src/components/constants/Pokemon.ts[1787, 24]: elements are not aligned
ERROR: (align) C:/Users/valmac/FullScreenPokemon/src/components/constants/Pokemon.ts[1790, 24]: elements are not aligned
ERROR: (align) C:/Users/valmac/FullScreenPokemon/src/components/constants/Pokemon.ts[1793, 24]: elements are not aligned
ERROR: (align) C:/Users/valmac/FullScreenPokemon/src/components/constants/Pokemon.ts[1796, 24]: elements are not aligned
ERROR: (align) C:/Users/valmac/FullScreenPokemon/src/components/constants/Pokemon.ts[1799, 24]: elements are not aligned
ERROR: (align) C:/Users/valmac/FullScreenPokemon/src/components/constants/Pokemon.ts[1835, 24]: elements are not aligned
ERROR: (align) C:/Users/valmac/FullScreenPokemon/src/components/constants/Pokemon.ts[1838, 24]: elements are not aligned
ERROR: (align) C:/Users/valmac/FullScreenPokemon/src/components/constants/Pokemon.ts[1841, 24]: elements are not aligned
ERROR: (align) C:/Users/valmac/FullScreenPokemon/src/components/constants/Pokemon.ts[1844, 24]: elements are not aligned
ERROR: (align) C:/Users/valmac/FullScreenPokemon/src/components/constants/Pokemon.ts[1847, 24]: elements are not aligned
ERROR: (align) C:/Users/valmac/FullScreenPokemon/src/components/constants/Pokemon.ts[1850, 24]: elements are not aligned
ERROR: (align) C:/Users/valmac/FullScreenPokemon/src/components/constants/Pokemon.ts[1853, 24]: elements are not aligned
ERROR: (align) C:/Users/valmac/FullScreenPokemon/src/components/constants/Pokemon.ts[1861, 24]: elements are not aligned
ERROR: (align) C:/Users/valmac/FullScreenPokemon/src/components/constants/Pokemon.ts[1869, 24]: elements are not aligned
ERROR: (align) C:/Users/valmac/FullScreenPokemon/src/components/constants/Pokemon.ts[1872, 24]: elements are not aligned
ERROR: (align) C:/Users/valmac/FullScreenPokemon/src/components/constants/Pokemon.ts[1875, 24]: elements are not aligned
ERROR: (align) C:/Users/valmac/FullScreenPokemon/src/components/constants/Pokemon.ts[1878, 24]: elements are not aligned
ERROR: (align) C:/Users/valmac/FullScreenPokemon/src/components/constants/Pokemon.ts[1881, 24]: elements are not aligned
ERROR: (align) C:/Users/valmac/FullScreenPokemon/src/components/constants/Pokemon.ts[1884, 24]: elements are not aligned
ERROR: (align) C:/Users/valmac/FullScreenPokemon/src/components/constants/Pokemon.ts[1887, 24]: elements are not aligned
ERROR: (align) C:/Users/valmac/FullScreenPokemon/src/components/constants/Pokemon.ts[1890, 24]: elements are not aligned
ERROR: (align) C:/Users/valmac/FullScreenPokemon/src/components/constants/Pokemon.ts[1893, 24]: elements are not aligned
ERROR: (align) C:/Users/valmac/FullScreenPokemon/src/components/constants/Pokemon.ts[1896, 24]: elements are not aligned
ERROR: (align) C:/Users/valmac/FullScreenPokemon/src/components/constants/Pokemon.ts[1899, 24]: elements are not aligned
ERROR: (align) C:/Users/valmac/FullScreenPokemon/src/components/constants/Pokemon.ts[1902, 24]: elements are not aligned
ERROR: (align) C:/Users/valmac/FullScreenPokemon/src/components/constants/Pokemon.ts[1905, 24]: elements are not aligned
ERROR: (align) C:/Users/valmac/FullScreenPokemon/src/components/constants/Pokemon.ts[1908, 24]: elements are not aligned
ERROR: (align) C:/Users/valmac/FullScreenPokemon/src/components/constants/Pokemon.ts[1911, 24]: elements are not aligned
ERROR: (align) C:/Users/valmac/FullScreenPokemon/src/components/constants/Pokemon.ts[1914, 24]: elements are not aligned
ERROR: (align) C:/Users/valmac/FullScreenPokemon/src/components/constants/Pokemon.ts[1917, 24]: elements are not aligned
ERROR: (align) C:/Users/valmac/FullScreenPokemon/src/components/constants/Pokemon.ts[1920, 24]: elements are not aligned
ERROR: (align) C:/Users/valmac/FullScreenPokemon/src/components/constants/Pokemon.ts[1923, 24]: elements are not aligned
ERROR: (align) C:/Users/valmac/FullScreenPokemon/src/components/constants/Pokemon.ts[1926, 24]: elements are not aligned
ERROR: (align) C:/Users/valmac/FullScreenPokemon/src/components/constants/Pokemon.ts[1929, 24]: elements are not aligned
ERROR: (align) C:/Users/valmac/FullScreenPokemon/src/components/constants/Pokemon.ts[1964, 24]: elements are not aligned
ERROR: (align) C:/Users/valmac/FullScreenPokemon/src/components/constants/Pokemon.ts[1967, 24]: elements are not aligned
ERROR: (align) C:/Users/valmac/FullScreenPokemon/src/components/constants/Pokemon.ts[1970, 24]: elements are not aligned
ERROR: (align) C:/Users/valmac/FullScreenPokemon/src/components/constants/Pokemon.ts[1973, 24]: elements are not aligned
ERROR: (align) C:/Users/valmac/FullScreenPokemon/src/components/constants/Pokemon.ts[1976, 24]: elements are not aligned
ERROR: (align) C:/Users/valmac/FullScreenPokemon/src/components/constants/Pokemon.ts[1979, 24]: elements are not aligned
ERROR: (align) C:/Users/valmac/FullScreenPokemon/src/components/constants/Pokemon.ts[1982, 24]: elements are not aligned
ERROR: (align) C:/Users/valmac/FullScreenPokemon/src/components/constants/Pokemon.ts[1985, 24]: elements are not aligned
ERROR: (align) C:/Users/valmac/FullScreenPokemon/src/components/constants/Pokemon.ts[1994, 24]: elements are not aligned
ERROR: (align) C:/Users/valmac/FullScreenPokemon/src/components/constants/Pokemon.ts[1997, 24]: elements are not aligned
ERROR: (align) C:/Users/valmac/FullScreenPokemon/src/components/constants/Pokemon.ts[2000, 24]: elements are not aligned
ERROR: (align) C:/Users/valmac/FullScreenPokemon/src/components/constants/Pokemon.ts[2003, 24]: elements are not aligned
ERROR: (align) C:/Users/valmac/FullScreenPokemon/src/components/constants/Pokemon.ts[2006, 24]: elements are not aligned
ERROR: (align) C:/Users/valmac/FullScreenPokemon/src/components/constants/Pokemon.ts[2009, 24]: elements are not aligned
ERROR: (align) C:/Users/valmac/FullScreenPokemon/src/components/constants/Pokemon.ts[2012, 24]: elements are not aligned
ERROR: (align) C:/Users/valmac/FullScreenPokemon/src/components/constants/Pokemon.ts[2015, 24]: elements are not aligned
ERROR: (align) C:/Users/valmac/FullScreenPokemon/src/components/constants/Pokemon.ts[2018, 24]: elements are not aligned
ERROR: (align) C:/Users/valmac/FullScreenPokemon/src/components/constants/Pokemon.ts[2021, 24]: elements are not aligned
ERROR: (align) C:/Users/valmac/FullScreenPokemon/src/components/constants/Pokemon.ts[2024, 24]: elements are not aligned
ERROR: (align) C:/Users/valmac/FullScreenPokemon/src/components/constants/Pokemon.ts[2027, 24]: elements are not aligned
ERROR: (align) C:/Users/valmac/FullScreenPokemon/src/components/constants/Pokemon.ts[2030, 24]: elements are not aligned
ERROR: (align) C:/Users/valmac/FullScreenPokemon/src/components/constants/Pokemon.ts[2033, 24]: elements are not aligned
ERROR: (align) C:/Users/valmac/FullScreenPokemon/src/components/constants/Pokemon.ts[2036, 24]: elements are not aligned
ERROR: (align) C:/Users/valmac/FullScreenPokemon/src/components/constants/Pokemon.ts[2039, 24]: elements are not aligned
ERROR: (align) C:/Users/valmac/FullScreenPokemon/src/components/constants/Pokemon.ts[2042, 24]: elements are not aligned
ERROR: (align) C:/Users/valmac/FullScreenPokemon/src/components/constants/Pokemon.ts[2045, 24]: elements are not aligned
ERROR: (align) C:/Users/valmac/FullScreenPokemon/src/components/constants/Pokemon.ts[2048, 24]: elements are not aligned
ERROR: (align) C:/Users/valmac/FullScreenPokemon/src/components/constants/Pokemon.ts[2051, 24]: elements are not aligned
ERROR: (align) C:/Users/valmac/FullScreenPokemon/src/components/constants/Pokemon.ts[2054, 24]: elements are not aligned
ERROR: (align) C:/Users/valmac/FullScreenPokemon/src/components/constants/Pokemon.ts[2080, 24]: elements are not aligned
ERROR: (align) C:/Users/valmac/FullScreenPokemon/src/components/constants/Pokemon.ts[2083, 24]: elements are not aligned
ERROR: (align) C:/Users/valmac/FullScreenPokemon/src/components/constants/Pokemon.ts[2086, 24]: elements are not aligned
ERROR: (align) C:/Users/valmac/FullScreenPokemon/src/components/constants/Pokemon.ts[2094, 24]: elements are not aligned
ERROR: (align) C:/Users/valmac/FullScreenPokemon/src/components/constants/Pokemon.ts[2102, 24]: elements are not aligned
ERROR: (align) C:/Users/valmac/FullScreenPokemon/src/components/constants/Pokemon.ts[2137, 24]: elements are not aligned
ERROR: (align) C:/Users/valmac/FullScreenPokemon/src/components/constants/Pokemon.ts[2140, 24]: elements are not aligned
ERROR: (align) C:/Users/valmac/FullScreenPokemon/src/components/constants/Pokemon.ts[2143, 24]: elements are not aligned
ERROR: (align) C:/Users/valmac/FullScreenPokemon/src/components/constants/Pokemon.ts[2146, 24]: elements are not aligned
ERROR: (align) C:/Users/valmac/FullScreenPokemon/src/components/constants/Pokemon.ts[2149, 24]: elements are not aligned
ERROR: (align) C:/Users/valmac/FullScreenPokemon/src/components/constants/Pokemon.ts[2152, 24]: elements are not aligned
ERROR: (align) C:/Users/valmac/FullScreenPokemon/src/components/constants/Pokemon.ts[2155, 24]: elements are not aligned
ERROR: (align) C:/Users/valmac/FullScreenPokemon/src/components/constants/Pokemon.ts[2163, 24]: elements are not aligned
ERROR: (align) C:/Users/valmac/FullScreenPokemon/src/components/constants/Pokemon.ts[2171, 24]: elements are not aligned
ERROR: (align) C:/Users/valmac/FullScreenPokemon/src/components/constants/Pokemon.ts[2174, 24]: elements are not aligned
ERROR: (align) C:/Users/valmac/FullScreenPokemon/src/components/constants/Pokemon.ts[2177, 24]: elements are not aligned
ERROR: (align) C:/Users/valmac/FullScreenPokemon/src/components/constants/Pokemon.ts[2180, 24]: elements are not aligned
ERROR: (align) C:/Users/valmac/FullScreenPokemon/src/components/constants/Pokemon.ts[2183, 24]: elements are not aligned
ERROR: (align) C:/Users/valmac/FullScreenPokemon/src/components/constants/Pokemon.ts[2186, 24]: elements are not aligned
ERROR: (align) C:/Users/valmac/FullScreenPokemon/src/components/constants/Pokemon.ts[2189, 24]: elements are not aligned
ERROR: (align) C:/Users/valmac/FullScreenPokemon/src/components/constants/Pokemon.ts[2192, 24]: elements are not aligned
ERROR: (align) C:/Users/valmac/FullScreenPokemon/src/components/constants/Pokemon.ts[2195, 24]: elements are not aligned
ERROR: (align) C:/Users/valmac/FullScreenPokemon/src/components/constants/Pokemon.ts[2198, 24]: elements are not aligned
ERROR: (align) C:/Users/valmac/FullScreenPokemon/src/components/constants/Pokemon.ts[2201, 24]: elements are not aligned
ERROR: (align) C:/Users/valmac/FullScreenPokemon/src/components/constants/Pokemon.ts[2204, 24]: elements are not aligned
ERROR: (align) C:/Users/valmac/FullScreenPokemon/src/components/constants/Pokemon.ts[2207, 24]: elements are not aligned
ERROR: (align) C:/Users/valmac/FullScreenPokemon/src/components/constants/Pokemon.ts[2210, 24]: elements are not aligned
ERROR: (align) C:/Users/valmac/FullScreenPokemon/src/components/constants/Pokemon.ts[2213, 24]: elements are not aligned
ERROR: (align) C:/Users/valmac/FullScreenPokemon/src/components/constants/Pokemon.ts[2216, 24]: elements are not aligned
ERROR: (align) C:/Users/valmac/FullScreenPokemon/src/components/constants/Pokemon.ts[2219, 24]: elements are not aligned
ERROR: (align) C:/Users/valmac/FullScreenPokemon/src/components/constants/Pokemon.ts[2222, 24]: elements are not aligned
ERROR: (align) C:/Users/valmac/FullScreenPokemon/src/components/constants/Pokemon.ts[2225, 24]: elements are not aligned
ERROR: (align) C:/Users/valmac/FullScreenPokemon/src/components/constants/Pokemon.ts[2228, 24]: elements are not aligned
ERROR: (align) C:/Users/valmac/FullScreenPokemon/src/components/constants/Pokemon.ts[2231, 24]: elements are not aligned
ERROR: (align) C:/Users/valmac/FullScreenPokemon/src/components/constants/Pokemon.ts[2234, 24]: elements are not aligned
ERROR: (align) C:/Users/valmac/FullScreenPokemon/src/components/constants/Pokemon.ts[2237, 24]: elements are not aligned
ERROR: (align) C:/Users/valmac/FullScreenPokemon/src/components/constants/Pokemon.ts[2240, 24]: elements are not aligned
ERROR: (align) C:/Users/valmac/FullScreenPokemon/src/components/constants/Pokemon.ts[2243, 24]: elements are not aligned
ERROR: (align) C:/Users/valmac/FullScreenPokemon/src/components/constants/Pokemon.ts[2246, 24]: elements are not aligned
ERROR: (align) C:/Users/valmac/FullScreenPokemon/src/components/constants/Pokemon.ts[2249, 24]: elements are not aligned
ERROR: (align) C:/Users/valmac/FullScreenPokemon/src/components/constants/Pokemon.ts[2252, 24]: elements are not aligned
ERROR: (align) C:/Users/valmac/FullScreenPokemon/src/components/constants/Pokemon.ts[2255, 24]: elements are not aligned
ERROR: (align) C:/Users/valmac/FullScreenPokemon/src/components/constants/Pokemon.ts[2258, 24]: elements are not aligned
ERROR: (align) C:/Users/valmac/FullScreenPokemon/src/components/constants/Pokemon.ts[2284, 24]: elements are not aligned
ERROR: (align) C:/Users/valmac/FullScreenPokemon/src/components/constants/Pokemon.ts[2287, 24]: elements are not aligned
ERROR: (align) C:/Users/valmac/FullScreenPokemon/src/components/constants/Pokemon.ts[2290, 24]: elements are not aligned
ERROR: (align) C:/Users/valmac/FullScreenPokemon/src/components/constants/Pokemon.ts[2293, 24]: elements are not aligned
ERROR: (align) C:/Users/valmac/FullScreenPokemon/src/components/constants/Pokemon.ts[2333, 24]: elements are not aligned
ERROR: (align) C:/Users/valmac/FullScreenPokemon/src/components/constants/Pokemon.ts[2336, 24]: elements are not aligned
ERROR: (align) C:/Users/valmac/FullScreenPokemon/src/components/constants/Pokemon.ts[2339, 24]: elements are not aligned
ERROR: (align) C:/Users/valmac/FullScreenPokemon/src/components/constants/Pokemon.ts[2342, 24]: elements are not aligned
ERROR: (align) C:/Users/valmac/FullScreenPokemon/src/components/constants/Pokemon.ts[2345, 24]: elements are not aligned
ERROR: (align) C:/Users/valmac/FullScreenPokemon/src/components/constants/Pokemon.ts[2348, 24]: elements are not aligned
ERROR: (align) C:/Users/valmac/FullScreenPokemon/src/components/constants/Pokemon.ts[2360, 24]: elements are not aligned
ERROR: (align) C:/Users/valmac/FullScreenPokemon/src/components/constants/Pokemon.ts[2363, 24]: elements are not aligned
ERROR: (align) C:/Users/valmac/FullScreenPokemon/src/components/constants/Pokemon.ts[2366, 24]: elements are not aligned
ERROR: (align) C:/Users/valmac/FullScreenPokemon/src/components/constants/Pokemon.ts[2369, 24]: elements are not aligned
ERROR: (align) C:/Users/valmac/FullScreenPokemon/src/components/constants/Pokemon.ts[2372, 24]: elements are not aligned
ERROR: (align) C:/Users/valmac/FullScreenPokemon/src/components/constants/Pokemon.ts[2375, 24]: elements are not aligned
ERROR: (align) C:/Users/valmac/FullScreenPokemon/src/components/constants/Pokemon.ts[2378, 24]: elements are not aligned
ERROR: (align) C:/Users/valmac/FullScreenPokemon/src/components/constants/Pokemon.ts[2381, 24]: elements are not aligned
ERROR: (align) C:/Users/valmac/FullScreenPokemon/src/components/constants/Pokemon.ts[2384, 24]: elements are not aligned
ERROR: (align) C:/Users/valmac/FullScreenPokemon/src/components/constants/Pokemon.ts[2387, 24]: elements are not aligned
ERROR: (align) C:/Users/valmac/FullScreenPokemon/src/components/constants/Pokemon.ts[2390, 24]: elements are not aligned
ERROR: (align) C:/Users/valmac/FullScreenPokemon/src/components/constants/Pokemon.ts[2393, 24]: elements are not aligned
ERROR: (align) C:/Users/valmac/FullScreenPokemon/src/components/constants/Pokemon.ts[2396, 24]: elements are not aligned
ERROR: (align) C:/Users/valmac/FullScreenPokemon/src/components/constants/Pokemon.ts[2399, 24]: elements are not aligned
ERROR: (align) C:/Users/valmac/FullScreenPokemon/src/components/constants/Pokemon.ts[2402, 24]: elements are not aligned
ERROR: (align) C:/Users/valmac/FullScreenPokemon/src/components/constants/Pokemon.ts[2405, 24]: elements are not aligned
ERROR: (align) C:/Users/valmac/FullScreenPokemon/src/components/constants/Pokemon.ts[2408, 24]: elements are not aligned
ERROR: (align) C:/Users/valmac/FullScreenPokemon/src/components/constants/Pokemon.ts[2411, 24]: elements are not aligned
ERROR: (align) C:/Users/valmac/FullScreenPokemon/src/components/constants/Pokemon.ts[2414, 24]: elements are not aligned
ERROR: (align) C:/Users/valmac/FullScreenPokemon/src/components/constants/Pokemon.ts[2417, 24]: elements are not aligned
ERROR: (align) C:/Users/valmac/FullScreenPokemon/src/components/constants/Pokemon.ts[2420, 24]: elements are not aligned
ERROR: (align) C:/Users/valmac/FullScreenPokemon/src/components/constants/Pokemon.ts[2423, 24]: elements are not aligned
ERROR: (align) C:/Users/valmac/FullScreenPokemon/src/components/constants/Pokemon.ts[2426, 24]: elements are not aligned
ERROR: (align) C:/Users/valmac/FullScreenPokemon/src/components/constants/Pokemon.ts[2452, 24]: elements are not aligned
ERROR: (align) C:/Users/valmac/FullScreenPokemon/src/components/constants/Pokemon.ts[2455, 24]: elements are not aligned
ERROR: (align) C:/Users/valmac/FullScreenPokemon/src/components/constants/Pokemon.ts[2458, 24]: elements are not aligned
ERROR: (align) C:/Users/valmac/FullScreenPokemon/src/components/constants/Pokemon.ts[2461, 24]: elements are not aligned
ERROR: (align) C:/Users/valmac/FullScreenPokemon/src/components/constants/Pokemon.ts[2464, 24]: elements are not aligned
ERROR: (align) C:/Users/valmac/FullScreenPokemon/src/components/constants/Pokemon.ts[2467, 24]: elements are not aligned
ERROR: (align) C:/Users/valmac/FullScreenPokemon/src/components/constants/Pokemon.ts[2470, 24]: elements are not aligned
ERROR: (align) C:/Users/valmac/FullScreenPokemon/src/components/constants/Pokemon.ts[2479, 24]: elements are not aligned
ERROR: (align) C:/Users/valmac/FullScreenPokemon/src/components/constants/Pokemon.ts[2482, 24]: elements are not aligned
ERROR: (align) C:/Users/valmac/FullScreenPokemon/src/components/constants/Pokemon.ts[2485, 24]: elements are not aligned
ERROR: (align) C:/Users/valmac/FullScreenPokemon/src/components/constants/Pokemon.ts[2488, 24]: elements are not aligned
ERROR: (align) C:/Users/valmac/FullScreenPokemon/src/components/constants/Pokemon.ts[2491, 24]: elements are not aligned
ERROR: (align) C:/Users/valmac/FullScreenPokemon/src/components/constants/Pokemon.ts[2494, 24]: elements are not aligned
ERROR: (align) C:/Users/valmac/FullScreenPokemon/src/components/constants/Pokemon.ts[2497, 24]: elements are not aligned
ERROR: (align) C:/Users/valmac/FullScreenPokemon/src/components/constants/Pokemon.ts[2500, 24]: elements are not aligned
ERROR: (align) C:/Users/valmac/FullScreenPokemon/src/components/constants/Pokemon.ts[2503, 24]: elements are not aligned
ERROR: (align) C:/Users/valmac/FullScreenPokemon/src/components/constants/Pokemon.ts[2506, 24]: elements are not aligned
ERROR: (align) C:/Users/valmac/FullScreenPokemon/src/components/constants/Pokemon.ts[2509, 24]: elements are not aligned
ERROR: (align) C:/Users/valmac/FullScreenPokemon/src/components/constants/Pokemon.ts[2512, 24]: elements are not aligned
ERROR: (align) C:/Users/valmac/FullScreenPokemon/src/components/constants/Pokemon.ts[2515, 24]: elements are not aligned
ERROR: (align) C:/Users/valmac/FullScreenPokemon/src/components/constants/Pokemon.ts[2518, 24]: elements are not aligned
ERROR: (align) C:/Users/valmac/FullScreenPokemon/src/components/constants/Pokemon.ts[2521, 24]: elements are not aligned
ERROR: (align) C:/Users/valmac/FullScreenPokemon/src/components/constants/Pokemon.ts[2524, 24]: elements are not aligned
ERROR: (align) C:/Users/valmac/FullScreenPokemon/src/components/constants/Pokemon.ts[2527, 24]: elements are not aligned
ERROR: (align) C:/Users/valmac/FullScreenPokemon/src/components/constants/Pokemon.ts[2562, 24]: elements are not aligned
ERROR: (align) C:/Users/valmac/FullScreenPokemon/src/components/constants/Pokemon.ts[2565, 24]: elements are not aligned
ERROR: (align) C:/Users/valmac/FullScreenPokemon/src/components/constants/Pokemon.ts[2568, 24]: elements are not aligned
ERROR: (align) C:/Users/valmac/FullScreenPokemon/src/components/constants/Pokemon.ts[2571, 24]: elements are not aligned
ERROR: (align) C:/Users/valmac/FullScreenPokemon/src/components/constants/Pokemon.ts[2574, 24]: elements are not aligned
ERROR: (align) C:/Users/valmac/FullScreenPokemon/src/components/constants/Pokemon.ts[2582, 24]: elements are not aligned
ERROR: (align) C:/Users/valmac/FullScreenPokemon/src/components/constants/Pokemon.ts[2585, 24]: elements are not aligned
ERROR: (align) C:/Users/valmac/FullScreenPokemon/src/components/constants/Pokemon.ts[2588, 24]: elements are not aligned
ERROR: (align) C:/Users/valmac/FullScreenPokemon/src/components/constants/Pokemon.ts[2591, 24]: elements are not aligned
ERROR: (align) C:/Users/valmac/FullScreenPokemon/src/components/constants/Pokemon.ts[2594, 24]: elements are not aligned
ERROR: (align) C:/Users/valmac/FullScreenPokemon/src/components/constants/Pokemon.ts[2597, 24]: elements are not aligned
ERROR: (align) C:/Users/valmac/FullScreenPokemon/src/components/constants/Pokemon.ts[2600, 24]: elements are not aligned
ERROR: (align) C:/Users/valmac/FullScreenPokemon/src/components/constants/Pokemon.ts[2603, 24]: elements are not aligned
ERROR: (align) C:/Users/valmac/FullScreenPokemon/src/components/constants/Pokemon.ts[2606, 24]: elements are not aligned
ERROR: (align) C:/Users/valmac/FullScreenPokemon/src/components/constants/Pokemon.ts[2609, 24]: elements are not aligned
ERROR: (align) C:/Users/valmac/FullScreenPokemon/src/components/constants/Pokemon.ts[2612, 24]: elements are not aligned
ERROR: (align) C:/Users/valmac/FullScreenPokemon/src/components/constants/Pokemon.ts[2615, 24]: elements are not aligned
ERROR: (align) C:/Users/valmac/FullScreenPokemon/src/components/constants/Pokemon.ts[2618, 24]: elements are not aligned
ERROR: (align) C:/Users/valmac/FullScreenPokemon/src/components/constants/Pokemon.ts[2626, 24]: elements are not aligned
ERROR: (align) C:/Users/valmac/FullScreenPokemon/src/components/constants/Pokemon.ts[2629, 24]: elements are not aligned
ERROR: (align) C:/Users/valmac/FullScreenPokemon/src/components/constants/Pokemon.ts[2632, 24]: elements are not aligned
ERROR: (align) C:/Users/valmac/FullScreenPokemon/src/components/constants/Pokemon.ts[2635, 24]: elements are not aligned
ERROR: (align) C:/Users/valmac/FullScreenPokemon/src/components/constants/Pokemon.ts[2638, 24]: elements are not aligned
ERROR: (align) C:/Users/valmac/FullScreenPokemon/src/components/constants/Pokemon.ts[2688, 24]: elements are not aligned
ERROR: (align) C:/Users/valmac/FullScreenPokemon/src/components/constants/Pokemon.ts[2691, 24]: elements are not aligned
ERROR: (align) C:/Users/valmac/FullScreenPokemon/src/components/constants/Pokemon.ts[2694, 24]: elements are not aligned
ERROR: (align) C:/Users/valmac/FullScreenPokemon/src/components/constants/Pokemon.ts[2697, 24]: elements are not aligned
ERROR: (align) C:/Users/valmac/FullScreenPokemon/src/components/constants/Pokemon.ts[2700, 24]: elements are not aligned
ERROR: (align) C:/Users/valmac/FullScreenPokemon/src/components/constants/Pokemon.ts[2703, 24]: elements are not aligned
ERROR: (align) C:/Users/valmac/FullScreenPokemon/src/components/constants/Pokemon.ts[2706, 24]: elements are not aligned
ERROR: (align) C:/Users/valmac/FullScreenPokemon/src/components/constants/Pokemon.ts[2709, 24]: elements are not aligned
ERROR: (align) C:/Users/valmac/FullScreenPokemon/src/components/constants/Pokemon.ts[2718, 24]: elements are not aligned
ERROR: (align) C:/Users/valmac/FullScreenPokemon/src/components/constants/Pokemon.ts[2721, 24]: elements are not aligned
ERROR: (align) C:/Users/valmac/FullScreenPokemon/src/components/constants/Pokemon.ts[2724, 24]: elements are not aligned
ERROR: (align) C:/Users/valmac/FullScreenPokemon/src/components/constants/Pokemon.ts[2727, 24]: elements are not aligned
ERROR: (align) C:/Users/valmac/FullScreenPokemon/src/components/constants/Pokemon.ts[2730, 24]: elements are not aligned
ERROR: (align) C:/Users/valmac/FullScreenPokemon/src/components/constants/Pokemon.ts[2733, 24]: elements are not aligned
ERROR: (align) C:/Users/valmac/FullScreenPokemon/src/components/constants/Pokemon.ts[2736, 24]: elements are not aligned
ERROR: (align) C:/Users/valmac/FullScreenPokemon/src/components/constants/Pokemon.ts[2739, 24]: elements are not aligned
ERROR: (align) C:/Users/valmac/FullScreenPokemon/src/components/constants/Pokemon.ts[2742, 24]: elements are not aligned
ERROR: (align) C:/Users/valmac/FullScreenPokemon/src/components/constants/Pokemon.ts[2745, 24]: elements are not aligned
ERROR: (align) C:/Users/valmac/FullScreenPokemon/src/components/constants/Pokemon.ts[2748, 24]: elements are not aligned
ERROR: (align) C:/Users/valmac/FullScreenPokemon/src/components/constants/Pokemon.ts[2751, 24]: elements are not aligned
ERROR: (align) C:/Users/valmac/FullScreenPokemon/src/components/constants/Pokemon.ts[2754, 24]: elements are not aligned
ERROR: (align) C:/Users/valmac/FullScreenPokemon/src/components/constants/Pokemon.ts[2757, 24]: elements are not aligned
ERROR: (align) C:/Users/valmac/FullScreenPokemon/src/components/constants/Pokemon.ts[2760, 24]: elements are not aligned
ERROR: (align) C:/Users/valmac/FullScreenPokemon/src/components/constants/Pokemon.ts[2795, 24]: elements are not aligned
ERROR: (align) C:/Users/valmac/FullScreenPokemon/src/components/constants/Pokemon.ts[2798, 24]: elements are not aligned
ERROR: (align) C:/Users/valmac/FullScreenPokemon/src/components/constants/Pokemon.ts[2801, 24]: elements are not aligned
ERROR: (align) C:/Users/valmac/FullScreenPokemon/src/components/constants/Pokemon.ts[2804, 24]: elements are not aligned
ERROR: (align) C:/Users/valmac/FullScreenPokemon/src/components/constants/Pokemon.ts[2807, 24]: elements are not aligned
ERROR: (align) C:/Users/valmac/FullScreenPokemon/src/components/constants/Pokemon.ts[2810, 24]: elements are not aligned
ERROR: (align) C:/Users/valmac/FullScreenPokemon/src/components/constants/Pokemon.ts[2822, 24]: elements are not aligned
ERROR: (align) C:/Users/valmac/FullScreenPokemon/src/components/constants/Pokemon.ts[2825, 24]: elements are not aligned
ERROR: (align) C:/Users/valmac/FullScreenPokemon/src/components/constants/Pokemon.ts[2828, 24]: elements are not aligned
ERROR: (align) C:/Users/valmac/FullScreenPokemon/src/components/constants/Pokemon.ts[2831, 24]: elements are not aligned
ERROR: (align) C:/Users/valmac/FullScreenPokemon/src/components/constants/Pokemon.ts[2834, 24]: elements are not aligned
ERROR: (align) C:/Users/valmac/FullScreenPokemon/src/components/constants/Pokemon.ts[2837, 24]: elements are not aligned
ERROR: (align) C:/Users/valmac/FullScreenPokemon/src/components/constants/Pokemon.ts[2840, 24]: elements are not aligned
ERROR: (align) C:/Users/valmac/FullScreenPokemon/src/components/constants/Pokemon.ts[2843, 24]: elements are not aligned
ERROR: (align) C:/Users/valmac/FullScreenPokemon/src/components/constants/Pokemon.ts[2846, 24]: elements are not aligned
ERROR: (align) C:/Users/valmac/FullScreenPokemon/src/components/constants/Pokemon.ts[2849, 24]: elements are not aligned
ERROR: (align) C:/Users/valmac/FullScreenPokemon/src/components/constants/Pokemon.ts[2852, 24]: elements are not aligned
ERROR: (align) C:/Users/valmac/FullScreenPokemon/src/components/constants/Pokemon.ts[2855, 24]: elements are not aligned
ERROR: (align) C:/Users/valmac/FullScreenPokemon/src/components/constants/Pokemon.ts[2858, 24]: elements are not aligned
ERROR: (align) C:/Users/valmac/FullScreenPokemon/src/components/constants/Pokemon.ts[2861, 24]: elements are not aligned
ERROR: (align) C:/Users/valmac/FullScreenPokemon/src/components/constants/Pokemon.ts[2896, 24]: elements are not aligned
ERROR: (align) C:/Users/valmac/FullScreenPokemon/src/components/constants/Pokemon.ts[2899, 24]: elements are not aligned
ERROR: (align) C:/Users/valmac/FullScreenPokemon/src/components/constants/Pokemon.ts[2902, 24]: elements are not aligned
ERROR: (align) C:/Users/valmac/FullScreenPokemon/src/components/constants/Pokemon.ts[2905, 24]: elements are not aligned
ERROR: (align) C:/Users/valmac/FullScreenPokemon/src/components/constants/Pokemon.ts[2908, 24]: elements are not aligned
ERROR: (align) C:/Users/valmac/FullScreenPokemon/src/components/constants/Pokemon.ts[2911, 24]: elements are not aligned
ERROR: (align) C:/Users/valmac/FullScreenPokemon/src/components/constants/Pokemon.ts[2914, 24]: elements are not aligned
ERROR: (align) C:/Users/valmac/FullScreenPokemon/src/components/constants/Pokemon.ts[2923, 24]: elements are not aligned
ERROR: (align) C:/Users/valmac/FullScreenPokemon/src/components/constants/Pokemon.ts[2926, 24]: elements are not aligned
ERROR: (align) C:/Users/valmac/FullScreenPokemon/src/components/constants/Pokemon.ts[2929, 24]: elements are not aligned
ERROR: (align) C:/Users/valmac/FullScreenPokemon/src/components/constants/Pokemon.ts[2932, 24]: elements are not aligned
ERROR: (align) C:/Users/valmac/FullScreenPokemon/src/components/constants/Pokemon.ts[2935, 24]: elements are not aligned
ERROR: (align) C:/Users/valmac/FullScreenPokemon/src/components/constants/Pokemon.ts[2938, 24]: elements are not aligned
ERROR: (align) C:/Users/valmac/FullScreenPokemon/src/components/constants/Pokemon.ts[2941, 24]: elements are not aligned
ERROR: (align) C:/Users/valmac/FullScreenPokemon/src/components/constants/Pokemon.ts[2944, 24]: elements are not aligned
ERROR: (align) C:/Users/valmac/FullScreenPokemon/src/components/constants/Pokemon.ts[2947, 24]: elements are not aligned
ERROR: (align) C:/Users/valmac/FullScreenPokemon/src/components/constants/Pokemon.ts[2950, 24]: elements are not aligned
ERROR: (align) C:/Users/valmac/FullScreenPokemon/src/components/constants/Pokemon.ts[2953, 24]: elements are not aligned
ERROR: (align) C:/Users/valmac/FullScreenPokemon/src/components/constants/Pokemon.ts[2956, 24]: elements are not aligned
ERROR: (align) C:/Users/valmac/FullScreenPokemon/src/components/constants/Pokemon.ts[2959, 24]: elements are not aligned
ERROR: (align) C:/Users/valmac/FullScreenPokemon/src/components/constants/Pokemon.ts[2962, 24]: elements are not aligned
ERROR: (align) C:/Users/valmac/FullScreenPokemon/src/components/constants/Pokemon.ts[2965, 24]: elements are not aligned
ERROR: (align) C:/Users/valmac/FullScreenPokemon/src/components/constants/Pokemon.ts[2968, 24]: elements are not aligned
ERROR: (align) C:/Users/valmac/FullScreenPokemon/src/components/constants/Pokemon.ts[2971, 24]: elements are not aligned
ERROR: (align) C:/Users/valmac/FullScreenPokemon/src/components/constants/Pokemon.ts[2974, 24]: elements are not aligned
ERROR: (align) C:/Users/valmac/FullScreenPokemon/src/components/constants/Pokemon.ts[2977, 24]: elements are not aligned
ERROR: (align) C:/Users/valmac/FullScreenPokemon/src/components/constants/Pokemon.ts[2980, 24]: elements are not aligned
ERROR: (align) C:/Users/valmac/FullScreenPokemon/src/components/constants/Pokemon.ts[2983, 24]: elements are not aligned
ERROR: (align) C:/Users/valmac/FullScreenPokemon/src/components/constants/Pokemon.ts[2986, 24]: elements are not aligned
ERROR: (align) C:/Users/valmac/FullScreenPokemon/src/components/constants/Pokemon.ts[3012, 24]: elements are not aligned
ERROR: (align) C:/Users/valmac/FullScreenPokemon/src/components/constants/Pokemon.ts[3015, 24]: elements are not aligned
ERROR: (align) C:/Users/valmac/FullScreenPokemon/src/components/constants/Pokemon.ts[3018, 24]: elements are not aligned
ERROR: (align) C:/Users/valmac/FullScreenPokemon/src/components/constants/Pokemon.ts[3021, 24]: elements are not aligned
ERROR: (align) C:/Users/valmac/FullScreenPokemon/src/components/constants/Pokemon.ts[3024, 24]: elements are not aligned
ERROR: (align) C:/Users/valmac/FullScreenPokemon/src/components/constants/Pokemon.ts[3027, 24]: elements are not aligned
ERROR: (align) C:/Users/valmac/FullScreenPokemon/src/components/constants/Pokemon.ts[3030, 24]: elements are not aligned
ERROR: (align) C:/Users/valmac/FullScreenPokemon/src/components/constants/Pokemon.ts[3033, 24]: elements are not aligned
ERROR: (align) C:/Users/valmac/FullScreenPokemon/src/components/constants/Pokemon.ts[3041, 24]: elements are not aligned
ERROR: (align) C:/Users/valmac/FullScreenPokemon/src/components/constants/Pokemon.ts[3049, 24]: elements are not aligned
ERROR: (align) C:/Users/valmac/FullScreenPokemon/src/components/constants/Pokemon.ts[3052, 24]: elements are not aligned
ERROR: (align) C:/Users/valmac/FullScreenPokemon/src/components/constants/Pokemon.ts[3055, 24]: elements are not aligned
ERROR: (align) C:/Users/valmac/FullScreenPokemon/src/components/constants/Pokemon.ts[3058, 24]: elements are not aligned
ERROR: (align) C:/Users/valmac/FullScreenPokemon/src/components/constants/Pokemon.ts[3061, 24]: elements are not aligned
ERROR: (align) C:/Users/valmac/FullScreenPokemon/src/components/constants/Pokemon.ts[3064, 24]: elements are not aligned
ERROR: (align) C:/Users/valmac/FullScreenPokemon/src/components/constants/Pokemon.ts[3067, 24]: elements are not aligned
ERROR: (align) C:/Users/valmac/FullScreenPokemon/src/components/constants/Pokemon.ts[3070, 24]: elements are not aligned
ERROR: (align) C:/Users/valmac/FullScreenPokemon/src/components/constants/Pokemon.ts[3073, 24]: elements are not aligned
ERROR: (align) C:/Users/valmac/FullScreenPokemon/src/components/constants/Pokemon.ts[3076, 24]: elements are not aligned
ERROR: (align) C:/Users/valmac/FullScreenPokemon/src/components/constants/Pokemon.ts[3079, 24]: elements are not aligned
ERROR: (align) C:/Users/valmac/FullScreenPokemon/src/components/constants/Pokemon.ts[3082, 24]: elements are not aligned
ERROR: (align) C:/Users/valmac/FullScreenPokemon/src/components/constants/Pokemon.ts[3085, 24]: elements are not aligned
ERROR: (align) C:/Users/valmac/FullScreenPokemon/src/components/constants/Pokemon.ts[3088, 24]: elements are not aligned
ERROR: (align) C:/Users/valmac/FullScreenPokemon/src/components/constants/Pokemon.ts[3091, 24]: elements are not aligned
ERROR: (align) C:/Users/valmac/FullScreenPokemon/src/components/constants/Pokemon.ts[3094, 24]: elements are not aligned
ERROR: (align) C:/Users/valmac/FullScreenPokemon/src/components/constants/Pokemon.ts[3097, 24]: elements are not aligned
ERROR: (align) C:/Users/valmac/FullScreenPokemon/src/components/constants/Pokemon.ts[3100, 24]: elements are not aligned
ERROR: (align) C:/Users/valmac/FullScreenPokemon/src/components/constants/Pokemon.ts[3103, 24]: elements are not aligned
ERROR: (align) C:/Users/valmac/FullScreenPokemon/src/components/constants/Pokemon.ts[3106, 24]: elements are not aligned
ERROR: (align) C:/Users/valmac/FullScreenPokemon/src/components/constants/Pokemon.ts[3109, 24]: elements are not aligned
ERROR: (align) C:/Users/valmac/FullScreenPokemon/src/components/constants/Pokemon.ts[3112, 24]: elements are not aligned
ERROR: (align) C:/Users/valmac/FullScreenPokemon/src/components/constants/Pokemon.ts[3115, 24]: elements are not aligned
ERROR: (align) C:/Users/valmac/FullScreenPokemon/src/components/constants/Pokemon.ts[3118, 24]: elements are not aligned
ERROR: (align) C:/Users/valmac/FullScreenPokemon/src/components/constants/Pokemon.ts[3153, 24]: elements are not aligned
ERROR: (align) C:/Users/valmac/FullScreenPokemon/src/components/constants/Pokemon.ts[3156, 24]: elements are not aligned
ERROR: (align) C:/Users/valmac/FullScreenPokemon/src/components/constants/Pokemon.ts[3159, 24]: elements are not aligned
ERROR: (align) C:/Users/valmac/FullScreenPokemon/src/components/constants/Pokemon.ts[3162, 24]: elements are not aligned
ERROR: (align) C:/Users/valmac/FullScreenPokemon/src/components/constants/Pokemon.ts[3165, 24]: elements are not aligned
ERROR: (align) C:/Users/valmac/FullScreenPokemon/src/components/constants/Pokemon.ts[3168, 24]: elements are not aligned
ERROR: (align) C:/Users/valmac/FullScreenPokemon/src/components/constants/Pokemon.ts[3180, 24]: elements are not aligned
ERROR: (align) C:/Users/valmac/FullScreenPokemon/src/components/constants/Pokemon.ts[3183, 24]: elements are not aligned
ERROR: (align) C:/Users/valmac/FullScreenPokemon/src/components/constants/Pokemon.ts[3186, 24]: elements are not aligned
ERROR: (align) C:/Users/valmac/FullScreenPokemon/src/components/constants/Pokemon.ts[3189, 24]: elements are not aligned
ERROR: (align) C:/Users/valmac/FullScreenPokemon/src/components/constants/Pokemon.ts[3192, 24]: elements are not aligned
ERROR: (align) C:/Users/valmac/FullScreenPokemon/src/components/constants/Pokemon.ts[3195, 24]: elements are not aligned
ERROR: (align) C:/Users/valmac/FullScreenPokemon/src/components/constants/Pokemon.ts[3198, 24]: elements are not aligned
ERROR: (align) C:/Users/valmac/FullScreenPokemon/src/components/constants/Pokemon.ts[3201, 24]: elements are not aligned
ERROR: (align) C:/Users/valmac/FullScreenPokemon/src/components/constants/Pokemon.ts[3204, 24]: elements are not aligned
ERROR: (align) C:/Users/valmac/FullScreenPokemon/src/components/constants/Pokemon.ts[3207, 24]: elements are not aligned
ERROR: (align) C:/Users/valmac/FullScreenPokemon/src/components/constants/Pokemon.ts[3210, 24]: elements are not aligned
ERROR: (align) C:/Users/valmac/FullScreenPokemon/src/components/constants/Pokemon.ts[3213, 24]: elements are not aligned
ERROR: (align) C:/Users/valmac/FullScreenPokemon/src/components/constants/Pokemon.ts[3216, 24]: elements are not aligned
ERROR: (align) C:/Users/valmac/FullScreenPokemon/src/components/constants/Pokemon.ts[3219, 24]: elements are not aligned
ERROR: (align) C:/Users/valmac/FullScreenPokemon/src/components/constants/Pokemon.ts[3222, 24]: elements are not aligned
ERROR: (align) C:/Users/valmac/FullScreenPokemon/src/components/constants/Pokemon.ts[3225, 24]: elements are not aligned
ERROR: (align) C:/Users/valmac/FullScreenPokemon/src/components/constants/Pokemon.ts[3228, 24]: elements are not aligned
ERROR: (align) C:/Users/valmac/FullScreenPokemon/src/components/constants/Pokemon.ts[3231, 24]: elements are not aligned
ERROR: (align) C:/Users/valmac/FullScreenPokemon/src/components/constants/Pokemon.ts[3234, 24]: elements are not aligned
ERROR: (align) C:/Users/valmac/FullScreenPokemon/src/components/constants/Pokemon.ts[3237, 24]: elements are not aligned
ERROR: (align) C:/Users/valmac/FullScreenPokemon/src/components/constants/Pokemon.ts[3240, 24]: elements are not aligned
ERROR: (align) C:/Users/valmac/FullScreenPokemon/src/components/constants/Pokemon.ts[3275, 24]: elements are not aligned
ERROR: (align) C:/Users/valmac/FullScreenPokemon/src/components/constants/Pokemon.ts[3278, 24]: elements are not aligned
ERROR: (align) C:/Users/valmac/FullScreenPokemon/src/components/constants/Pokemon.ts[3281, 24]: elements are not aligned
ERROR: (align) C:/Users/valmac/FullScreenPokemon/src/components/constants/Pokemon.ts[3284, 24]: elements are not aligned
ERROR: (align) C:/Users/valmac/FullScreenPokemon/src/components/constants/Pokemon.ts[3287, 24]: elements are not aligned
ERROR: (align) C:/Users/valmac/FullScreenPokemon/src/components/constants/Pokemon.ts[3290, 24]: elements are not aligned
ERROR: (align) C:/Users/valmac/FullScreenPokemon/src/components/constants/Pokemon.ts[3293, 24]: elements are not aligned
ERROR: (align) C:/Users/valmac/FullScreenPokemon/src/components/constants/Pokemon.ts[3302, 24]: elements are not aligned
ERROR: (align) C:/Users/valmac/FullScreenPokemon/src/components/constants/Pokemon.ts[3305, 24]: elements are not aligned
ERROR: (align) C:/Users/valmac/FullScreenPokemon/src/components/constants/Pokemon.ts[3308, 24]: elements are not aligned
ERROR: (align) C:/Users/valmac/FullScreenPokemon/src/components/constants/Pokemon.ts[3311, 24]: elements are not aligned
ERROR: (align) C:/Users/valmac/FullScreenPokemon/src/components/constants/Pokemon.ts[3314, 24]: elements are not aligned
ERROR: (align) C:/Users/valmac/FullScreenPokemon/src/components/constants/Pokemon.ts[3317, 24]: elements are not aligned
ERROR: (align) C:/Users/valmac/FullScreenPokemon/src/components/constants/Pokemon.ts[3320, 24]: elements are not aligned
ERROR: (align) C:/Users/valmac/FullScreenPokemon/src/components/constants/Pokemon.ts[3323, 24]: elements are not aligned
ERROR: (align) C:/Users/valmac/FullScreenPokemon/src/components/constants/Pokemon.ts[3326, 24]: elements are not aligned
ERROR: (align) C:/Users/valmac/FullScreenPokemon/src/components/constants/Pokemon.ts[3329, 24]: elements are not aligned
ERROR: (align) C:/Users/valmac/FullScreenPokemon/src/components/constants/Pokemon.ts[3332, 24]: elements are not aligned
ERROR: (align) C:/Users/valmac/FullScreenPokemon/src/components/constants/Pokemon.ts[3335, 24]: elements are not aligned
ERROR: (align) C:/Users/valmac/FullScreenPokemon/src/components/constants/Pokemon.ts[3338, 24]: elements are not aligned
ERROR: (align) C:/Users/valmac/FullScreenPokemon/src/components/constants/Pokemon.ts[3341, 24]: elements are not aligned
ERROR: (align) C:/Users/valmac/FullScreenPokemon/src/components/constants/Pokemon.ts[3344, 24]: elements are not aligned
ERROR: (align) C:/Users/valmac/FullScreenPokemon/src/components/constants/Pokemon.ts[3347, 24]: elements are not aligned
ERROR: (align) C:/Users/valmac/FullScreenPokemon/src/components/constants/Pokemon.ts[3350, 24]: elements are not aligned
ERROR: (align) C:/Users/valmac/FullScreenPokemon/src/components/constants/Pokemon.ts[3353, 24]: elements are not aligned
ERROR: (align) C:/Users/valmac/FullScreenPokemon/src/components/constants/Pokemon.ts[3356, 24]: elements are not aligned
ERROR: (align) C:/Users/valmac/FullScreenPokemon/src/components/constants/Pokemon.ts[3359, 24]: elements are not aligned
ERROR: (align) C:/Users/valmac/FullScreenPokemon/src/components/constants/Pokemon.ts[3362, 24]: elements are not aligned
ERROR: (align) C:/Users/valmac/FullScreenPokemon/src/components/constants/Pokemon.ts[3365, 24]: elements are not aligned
ERROR: (align) C:/Users/valmac/FullScreenPokemon/src/components/constants/Pokemon.ts[3368, 24]: elements are not aligned
ERROR: (align) C:/Users/valmac/FullScreenPokemon/src/components/constants/Pokemon.ts[3394, 24]: elements are not aligned
ERROR: (align) C:/Users/valmac/FullScreenPokemon/src/components/constants/Pokemon.ts[3397, 24]: elements are not aligned
ERROR: (align) C:/Users/valmac/FullScreenPokemon/src/components/constants/Pokemon.ts[3400, 24]: elements are not aligned
ERROR: (align) C:/Users/valmac/FullScreenPokemon/src/components/constants/Pokemon.ts[3403, 24]: elements are not aligned
ERROR: (align) C:/Users/valmac/FullScreenPokemon/src/components/constants/Pokemon.ts[3406, 24]: elements are not aligned
ERROR: (align) C:/Users/valmac/FullScreenPokemon/src/components/constants/Pokemon.ts[3409, 24]: elements are not aligned
ERROR: (align) C:/Users/valmac/FullScreenPokemon/src/components/constants/Pokemon.ts[3412, 24]: elements are not aligned
ERROR: (align) C:/Users/valmac/FullScreenPokemon/src/components/constants/Pokemon.ts[3421, 24]: elements are not aligned
ERROR: (align) C:/Users/valmac/FullScreenPokemon/src/components/constants/Pokemon.ts[3424, 24]: elements are not aligned
ERROR: (align) C:/Users/valmac/FullScreenPokemon/src/components/constants/Pokemon.ts[3427, 24]: elements are not aligned
ERROR: (align) C:/Users/valmac/FullScreenPokemon/src/components/constants/Pokemon.ts[3430, 24]: elements are not aligned
ERROR: (align) C:/Users/valmac/FullScreenPokemon/src/components/constants/Pokemon.ts[3433, 24]: elements are not aligned
ERROR: (align) C:/Users/valmac/FullScreenPokemon/src/components/constants/Pokemon.ts[3436, 24]: elements are not aligned
ERROR: (align) C:/Users/valmac/FullScreenPokemon/src/components/constants/Pokemon.ts[3439, 24]: elements are not aligned
ERROR: (align) C:/Users/valmac/FullScreenPokemon/src/components/constants/Pokemon.ts[3494, 24]: elements are not aligned
ERROR: (align) C:/Users/valmac/FullScreenPokemon/src/components/constants/Pokemon.ts[3497, 24]: elements are not aligned
ERROR: (align) C:/Users/valmac/FullScreenPokemon/src/components/constants/Pokemon.ts[3500, 24]: elements are not aligned
ERROR: (align) C:/Users/valmac/FullScreenPokemon/src/components/constants/Pokemon.ts[3503, 24]: elements are not aligned
ERROR: (align) C:/Users/valmac/FullScreenPokemon/src/components/constants/Pokemon.ts[3506, 24]: elements are not aligned
ERROR: (align) C:/Users/valmac/FullScreenPokemon/src/components/constants/Pokemon.ts[3514, 24]: elements are not aligned
ERROR: (align) C:/Users/valmac/FullScreenPokemon/src/components/constants/Pokemon.ts[3517, 24]: elements are not aligned
ERROR: (align) C:/Users/valmac/FullScreenPokemon/src/components/constants/Pokemon.ts[3520, 24]: elements are not aligned
ERROR: (align) C:/Users/valmac/FullScreenPokemon/src/components/constants/Pokemon.ts[3523, 24]: elements are not aligned
ERROR: (align) C:/Users/valmac/FullScreenPokemon/src/components/constants/Pokemon.ts[3526, 24]: elements are not aligned
ERROR: (align) C:/Users/valmac/FullScreenPokemon/src/components/constants/Pokemon.ts[3529, 24]: elements are not aligned
ERROR: (align) C:/Users/valmac/FullScreenPokemon/src/components/constants/Pokemon.ts[3532, 24]: elements are not aligned
ERROR: (align) C:/Users/valmac/FullScreenPokemon/src/components/constants/Pokemon.ts[3535, 24]: elements are not aligned
ERROR: (align) C:/Users/valmac/FullScreenPokemon/src/components/constants/Pokemon.ts[3538, 24]: elements are not aligned
ERROR: (align) C:/Users/valmac/FullScreenPokemon/src/components/constants/Pokemon.ts[3541, 24]: elements are not aligned
ERROR: (align) C:/Users/valmac/FullScreenPokemon/src/components/constants/Pokemon.ts[3544, 24]: elements are not aligned
ERROR: (align) C:/Users/valmac/FullScreenPokemon/src/components/constants/Pokemon.ts[3547, 24]: elements are not aligned
ERROR: (align) C:/Users/valmac/FullScreenPokemon/src/components/constants/Pokemon.ts[3555, 24]: elements are not aligned
ERROR: (align) C:/Users/valmac/FullScreenPokemon/src/components/constants/Pokemon.ts[3558, 24]: elements are not aligned
ERROR: (align) C:/Users/valmac/FullScreenPokemon/src/components/constants/Pokemon.ts[3561, 24]: elements are not aligned
ERROR: (align) C:/Users/valmac/FullScreenPokemon/src/components/constants/Pokemon.ts[3564, 24]: elements are not aligned
ERROR: (align) C:/Users/valmac/FullScreenPokemon/src/components/constants/Pokemon.ts[3567, 24]: elements are not aligned
ERROR: (align) C:/Users/valmac/FullScreenPokemon/src/components/constants/Pokemon.ts[3570, 24]: elements are not aligned
ERROR: (align) C:/Users/valmac/FullScreenPokemon/src/components/constants/Pokemon.ts[3573, 24]: elements are not aligned
ERROR: (align) C:/Users/valmac/FullScreenPokemon/src/components/constants/Pokemon.ts[3608, 24]: elements are not aligned
ERROR: (align) C:/Users/valmac/FullScreenPokemon/src/components/constants/Pokemon.ts[3611, 24]: elements are not aligned
ERROR: (align) C:/Users/valmac/FullScreenPokemon/src/components/constants/Pokemon.ts[3614, 24]: elements are not aligned
ERROR: (align) C:/Users/valmac/FullScreenPokemon/src/components/constants/Pokemon.ts[3617, 24]: elements are not aligned
ERROR: (align) C:/Users/valmac/FullScreenPokemon/src/components/constants/Pokemon.ts[3620, 24]: elements are not aligned
ERROR: (align) C:/Users/valmac/FullScreenPokemon/src/components/constants/Pokemon.ts[3623, 24]: elements are not aligned
ERROR: (align) C:/Users/valmac/FullScreenPokemon/src/components/constants/Pokemon.ts[3632, 24]: elements are not aligned
ERROR: (align) C:/Users/valmac/FullScreenPokemon/src/components/constants/Pokemon.ts[3635, 24]: elements are not aligned
ERROR: (align) C:/Users/valmac/FullScreenPokemon/src/components/constants/Pokemon.ts[3638, 24]: elements are not aligned
ERROR: (align) C:/Users/valmac/FullScreenPokemon/src/components/constants/Pokemon.ts[3641, 24]: elements are not aligned
ERROR: (align) C:/Users/valmac/FullScreenPokemon/src/components/constants/Pokemon.ts[3644, 24]: elements are not aligned
ERROR: (align) C:/Users/valmac/FullScreenPokemon/src/components/constants/Pokemon.ts[3647, 24]: elements are not aligned
ERROR: (align) C:/Users/valmac/FullScreenPokemon/src/components/constants/Pokemon.ts[3650, 24]: elements are not aligned
ERROR: (align) C:/Users/valmac/FullScreenPokemon/src/components/constants/Pokemon.ts[3653, 24]: elements are not aligned
ERROR: (align) C:/Users/valmac/FullScreenPokemon/src/components/constants/Pokemon.ts[3656, 24]: elements are not aligned
ERROR: (align) C:/Users/valmac/FullScreenPokemon/src/components/constants/Pokemon.ts[3659, 24]: elements are not aligned
ERROR: (align) C:/Users/valmac/FullScreenPokemon/src/components/constants/Pokemon.ts[3662, 24]: elements are not aligned
ERROR: (align) C:/Users/valmac/FullScreenPokemon/src/components/constants/Pokemon.ts[3665, 24]: elements are not aligned
ERROR: (align) C:/Users/valmac/FullScreenPokemon/src/components/constants/Pokemon.ts[3668, 24]: elements are not aligned
ERROR: (align) C:/Users/valmac/FullScreenPokemon/src/components/constants/Pokemon.ts[3671, 24]: elements are not aligned
ERROR: (align) C:/Users/valmac/FullScreenPokemon/src/components/constants/Pokemon.ts[3674, 24]: elements are not aligned
ERROR: (align) C:/Users/valmac/FullScreenPokemon/src/components/constants/Pokemon.ts[3700, 24]: elements are not aligned
ERROR: (align) C:/Users/valmac/FullScreenPokemon/src/components/constants/Pokemon.ts[3703, 24]: elements are not aligned
ERROR: (align) C:/Users/valmac/FullScreenPokemon/src/components/constants/Pokemon.ts[3706, 24]: elements are not aligned
ERROR: (align) C:/Users/valmac/FullScreenPokemon/src/components/constants/Pokemon.ts[3709, 24]: elements are not aligned
ERROR: (align) C:/Users/valmac/FullScreenPokemon/src/components/constants/Pokemon.ts[3712, 24]: elements are not aligned
ERROR: (align) C:/Users/valmac/FullScreenPokemon/src/components/constants/Pokemon.ts[3715, 24]: elements are not aligned
ERROR: (align) C:/Users/valmac/FullScreenPokemon/src/components/constants/Pokemon.ts[3723, 24]: elements are not aligned
ERROR: (align) C:/Users/valmac/FullScreenPokemon/src/components/constants/Pokemon.ts[3731, 24]: elements are not aligned
ERROR: (align) C:/Users/valmac/FullScreenPokemon/src/components/constants/Pokemon.ts[3734, 24]: elements are not aligned
ERROR: (align) C:/Users/valmac/FullScreenPokemon/src/components/constants/Pokemon.ts[3737, 24]: elements are not aligned
ERROR: (align) C:/Users/valmac/FullScreenPokemon/src/components/constants/Pokemon.ts[3740, 24]: elements are not aligned
ERROR: (align) C:/Users/valmac/FullScreenPokemon/src/components/constants/Pokemon.ts[3743, 24]: elements are not aligned
ERROR: (align) C:/Users/valmac/FullScreenPokemon/src/components/constants/Pokemon.ts[3746, 24]: elements are not aligned
ERROR: (align) C:/Users/valmac/FullScreenPokemon/src/components/constants/Pokemon.ts[3749, 24]: elements are not aligned
ERROR: (align) C:/Users/valmac/FullScreenPokemon/src/components/constants/Pokemon.ts[3752, 24]: elements are not aligned
ERROR: (align) C:/Users/valmac/FullScreenPokemon/src/components/constants/Pokemon.ts[3755, 24]: elements are not aligned
ERROR: (align) C:/Users/valmac/FullScreenPokemon/src/components/constants/Pokemon.ts[3758, 24]: elements are not aligned
ERROR: (align) C:/Users/valmac/FullScreenPokemon/src/components/constants/Pokemon.ts[3761, 24]: elements are not aligned
ERROR: (align) C:/Users/valmac/FullScreenPokemon/src/components/constants/Pokemon.ts[3764, 24]: elements are not aligned
ERROR: (align) C:/Users/valmac/FullScreenPokemon/src/components/constants/Pokemon.ts[3767, 24]: elements are not aligned
ERROR: (align) C:/Users/valmac/FullScreenPokemon/src/components/constants/Pokemon.ts[3770, 24]: elements are not aligned
ERROR: (align) C:/Users/valmac/FullScreenPokemon/src/components/constants/Pokemon.ts[3773, 24]: elements are not aligned
ERROR: (align) C:/Users/valmac/FullScreenPokemon/src/components/constants/Pokemon.ts[3776, 24]: elements are not aligned
ERROR: (align) C:/Users/valmac/FullScreenPokemon/src/components/constants/Pokemon.ts[3779, 24]: elements are not aligned
ERROR: (align) C:/Users/valmac/FullScreenPokemon/src/components/constants/Pokemon.ts[3782, 24]: elements are not aligned
ERROR: (align) C:/Users/valmac/FullScreenPokemon/src/components/constants/Pokemon.ts[3785, 24]: elements are not aligned
ERROR: (align) C:/Users/valmac/FullScreenPokemon/src/components/constants/Pokemon.ts[3788, 24]: elements are not aligned
ERROR: (align) C:/Users/valmac/FullScreenPokemon/src/components/constants/Pokemon.ts[3791, 24]: elements are not aligned
ERROR: (align) C:/Users/valmac/FullScreenPokemon/src/components/constants/Pokemon.ts[3794, 24]: elements are not aligned
ERROR: (align) C:/Users/valmac/FullScreenPokemon/src/components/constants/Pokemon.ts[3797, 24]: elements are not aligned
ERROR: (align) C:/Users/valmac/FullScreenPokemon/src/components/constants/Pokemon.ts[3800, 24]: elements are not aligned
ERROR: (align) C:/Users/valmac/FullScreenPokemon/src/components/constants/Pokemon.ts[3803, 24]: elements are not aligned
ERROR: (align) C:/Users/valmac/FullScreenPokemon/src/components/constants/Pokemon.ts[3829, 24]: elements are not aligned
ERROR: (align) C:/Users/valmac/FullScreenPokemon/src/components/constants/Pokemon.ts[3832, 24]: elements are not aligned
ERROR: (align) C:/Users/valmac/FullScreenPokemon/src/components/constants/Pokemon.ts[3835, 24]: elements are not aligned
ERROR: (align) C:/Users/valmac/FullScreenPokemon/src/components/constants/Pokemon.ts[3838, 24]: elements are not aligned
ERROR: (align) C:/Users/valmac/FullScreenPokemon/src/components/constants/Pokemon.ts[3841, 24]: elements are not aligned
ERROR: (align) C:/Users/valmac/FullScreenPokemon/src/components/constants/Pokemon.ts[3844, 24]: elements are not aligned
ERROR: (align) C:/Users/valmac/FullScreenPokemon/src/components/constants/Pokemon.ts[3847, 24]: elements are not aligned
ERROR: (align) C:/Users/valmac/FullScreenPokemon/src/components/constants/Pokemon.ts[3855, 20]: elements are not aligned
ERROR: (align) C:/Users/valmac/FullScreenPokemon/src/components/constants/Pokemon.ts[3915, 14]: members are not aligned
ERROR: (align) C:/Users/valmac/FullScreenPokemon/src/components/constants/Pokemon.ts[3938, 24]: elements are not aligned
ERROR: (align) C:/Users/valmac/FullScreenPokemon/src/components/constants/Pokemon.ts[3941, 24]: elements are not aligned
ERROR: (align) C:/Users/valmac/FullScreenPokemon/src/components/constants/Pokemon.ts[3944, 24]: elements are not aligned
ERROR: (align) C:/Users/valmac/FullScreenPokemon/src/components/constants/Pokemon.ts[3947, 24]: elements are not aligned
ERROR: (align) C:/Users/valmac/FullScreenPokemon/src/components/constants/Pokemon.ts[3950, 24]: elements are not aligned
ERROR: (align) C:/Users/valmac/FullScreenPokemon/src/components/constants/Pokemon.ts[3953, 24]: elements are not aligned
ERROR: (align) C:/Users/valmac/FullScreenPokemon/src/components/constants/Pokemon.ts[3956, 24]: elements are not aligned
ERROR: (align) C:/Users/valmac/FullScreenPokemon/src/components/constants/Pokemon.ts[3965, 24]: elements are not aligned
ERROR: (align) C:/Users/valmac/FullScreenPokemon/src/components/constants/Pokemon.ts[3968, 24]: elements are not aligned
ERROR: (align) C:/Users/valmac/FullScreenPokemon/src/components/constants/Pokemon.ts[3971, 24]: elements are not aligned
ERROR: (align) C:/Users/valmac/FullScreenPokemon/src/components/constants/Pokemon.ts[3974, 24]: elements are not aligned
ERROR: (align) C:/Users/valmac/FullScreenPokemon/src/components/constants/Pokemon.ts[3977, 24]: elements are not aligned
ERROR: (align) C:/Users/valmac/FullScreenPokemon/src/components/constants/Pokemon.ts[3980, 24]: elements are not aligned
ERROR: (align) C:/Users/valmac/FullScreenPokemon/src/components/constants/Pokemon.ts[3983, 24]: elements are not aligned
ERROR: (align) C:/Users/valmac/FullScreenPokemon/src/components/constants/Pokemon.ts[4009, 24]: elements are not aligned
ERROR: (align) C:/Users/valmac/FullScreenPokemon/src/components/constants/Pokemon.ts[4012, 24]: elements are not aligned
ERROR: (align) C:/Users/valmac/FullScreenPokemon/src/components/constants/Pokemon.ts[4046, 24]: elements are not aligned
ERROR: (align) C:/Users/valmac/FullScreenPokemon/src/components/constants/Pokemon.ts[4049, 24]: elements are not aligned
ERROR: (align) C:/Users/valmac/FullScreenPokemon/src/components/constants/Pokemon.ts[4052, 24]: elements are not aligned
ERROR: (align) C:/Users/valmac/FullScreenPokemon/src/components/constants/Pokemon.ts[4055, 24]: elements are not aligned
ERROR: (align) C:/Users/valmac/FullScreenPokemon/src/components/constants/Pokemon.ts[4058, 24]: elements are not aligned
ERROR: (align) C:/Users/valmac/FullScreenPokemon/src/components/constants/Pokemon.ts[4061, 24]: elements are not aligned
ERROR: (align) C:/Users/valmac/FullScreenPokemon/src/components/constants/Pokemon.ts[4070, 24]: elements are not aligned
ERROR: (align) C:/Users/valmac/FullScreenPokemon/src/components/constants/Pokemon.ts[4073, 24]: elements are not aligned
ERROR: (align) C:/Users/valmac/FullScreenPokemon/src/components/constants/Pokemon.ts[4076, 24]: elements are not aligned
ERROR: (align) C:/Users/valmac/FullScreenPokemon/src/components/constants/Pokemon.ts[4079, 24]: elements are not aligned
ERROR: (align) C:/Users/valmac/FullScreenPokemon/src/components/constants/Pokemon.ts[4082, 24]: elements are not aligned
ERROR: (align) C:/Users/valmac/FullScreenPokemon/src/components/constants/Pokemon.ts[4085, 24]: elements are not aligned
ERROR: (align) C:/Users/valmac/FullScreenPokemon/src/components/constants/Pokemon.ts[4088, 24]: elements are not aligned
ERROR: (align) C:/Users/valmac/FullScreenPokemon/src/components/constants/Pokemon.ts[4091, 24]: elements are not aligned
ERROR: (align) C:/Users/valmac/FullScreenPokemon/src/components/constants/Pokemon.ts[4094, 24]: elements are not aligned
ERROR: (align) C:/Users/valmac/FullScreenPokemon/src/components/constants/Pokemon.ts[4097, 24]: elements are not aligned
ERROR: (align) C:/Users/valmac/FullScreenPokemon/src/components/constants/Pokemon.ts[4100, 24]: elements are not aligned
ERROR: (align) C:/Users/valmac/FullScreenPokemon/src/components/constants/Pokemon.ts[4103, 24]: elements are not aligned
ERROR: (align) C:/Users/valmac/FullScreenPokemon/src/components/constants/Pokemon.ts[4106, 24]: elements are not aligned
ERROR: (align) C:/Users/valmac/FullScreenPokemon/src/components/constants/Pokemon.ts[4109, 24]: elements are not aligned
ERROR: (align) C:/Users/valmac/FullScreenPokemon/src/components/constants/Pokemon.ts[4112, 24]: elements are not aligned
ERROR: (align) C:/Users/valmac/FullScreenPokemon/src/components/constants/Pokemon.ts[4138, 24]: elements are not aligned
ERROR: (align) C:/Users/valmac/FullScreenPokemon/src/components/constants/Pokemon.ts[4141, 24]: elements are not aligned
ERROR: (align) C:/Users/valmac/FullScreenPokemon/src/components/constants/Pokemon.ts[4144, 24]: elements are not aligned
ERROR: (align) C:/Users/valmac/FullScreenPokemon/src/components/constants/Pokemon.ts[4147, 24]: elements are not aligned
ERROR: (align) C:/Users/valmac/FullScreenPokemon/src/components/constants/Pokemon.ts[4150, 24]: elements are not aligned
ERROR: (align) C:/Users/valmac/FullScreenPokemon/src/components/constants/Pokemon.ts[4153, 24]: elements are not aligned
ERROR: (align) C:/Users/valmac/FullScreenPokemon/src/components/constants/Pokemon.ts[4156, 24]: elements are not aligned
ERROR: (align) C:/Users/valmac/FullScreenPokemon/src/components/constants/Pokemon.ts[4168, 24]: elements are not aligned
ERROR: (align) C:/Users/valmac/FullScreenPokemon/src/components/constants/Pokemon.ts[4171, 24]: elements are not aligned
ERROR: (align) C:/Users/valmac/FullScreenPokemon/src/components/constants/Pokemon.ts[4174, 24]: elements are not aligned
ERROR: (align) C:/Users/valmac/FullScreenPokemon/src/components/constants/Pokemon.ts[4177, 24]: elements are not aligned
ERROR: (align) C:/Users/valmac/FullScreenPokemon/src/components/constants/Pokemon.ts[4180, 24]: elements are not aligned
ERROR: (align) C:/Users/valmac/FullScreenPokemon/src/components/constants/Pokemon.ts[4183, 24]: elements are not aligned
ERROR: (align) C:/Users/valmac/FullScreenPokemon/src/components/constants/Pokemon.ts[4186, 24]: elements are not aligned
ERROR: (align) C:/Users/valmac/FullScreenPokemon/src/components/constants/Pokemon.ts[4189, 24]: elements are not aligned
ERROR: (align) C:/Users/valmac/FullScreenPokemon/src/components/constants/Pokemon.ts[4192, 24]: elements are not aligned
ERROR: (align) C:/Users/valmac/FullScreenPokemon/src/components/constants/Pokemon.ts[4195, 24]: elements are not aligned
ERROR: (align) C:/Users/valmac/FullScreenPokemon/src/components/constants/Pokemon.ts[4198, 24]: elements are not aligned
ERROR: (align) C:/Users/valmac/FullScreenPokemon/src/components/constants/Pokemon.ts[4201, 24]: elements are not aligned
ERROR: (align) C:/Users/valmac/FullScreenPokemon/src/components/constants/Pokemon.ts[4204, 24]: elements are not aligned
ERROR: (align) C:/Users/valmac/FullScreenPokemon/src/components/constants/Pokemon.ts[4230, 24]: elements are not aligned
ERROR: (align) C:/Users/valmac/FullScreenPokemon/src/components/constants/Pokemon.ts[4233, 24]: elements are not aligned
ERROR: (align) C:/Users/valmac/FullScreenPokemon/src/components/constants/Pokemon.ts[4236, 24]: elements are not aligned
ERROR: (align) C:/Users/valmac/FullScreenPokemon/src/components/constants/Pokemon.ts[4239, 24]: elements are not aligned
ERROR: (align) C:/Users/valmac/FullScreenPokemon/src/components/constants/Pokemon.ts[4242, 24]: elements are not aligned
ERROR: (align) C:/Users/valmac/FullScreenPokemon/src/components/constants/Pokemon.ts[4245, 24]: elements are not aligned
ERROR: (align) C:/Users/valmac/FullScreenPokemon/src/components/constants/Pokemon.ts[4248, 24]: elements are not aligned
ERROR: (align) C:/Users/valmac/FullScreenPokemon/src/components/constants/Pokemon.ts[4251, 24]: elements are not aligned
ERROR: (align) C:/Users/valmac/FullScreenPokemon/src/components/constants/Pokemon.ts[4254, 24]: elements are not aligned
ERROR: (align) C:/Users/valmac/FullScreenPokemon/src/components/constants/Pokemon.ts[4257, 24]: elements are not aligned
ERROR: (align) C:/Users/valmac/FullScreenPokemon/src/components/constants/Pokemon.ts[4260, 24]: elements are not aligned
ERROR: (align) C:/Users/valmac/FullScreenPokemon/src/components/constants/Pokemon.ts[4268, 24]: elements are not aligned
ERROR: (align) C:/Users/valmac/FullScreenPokemon/src/components/constants/Pokemon.ts[4271, 24]: elements are not aligned
ERROR: (align) C:/Users/valmac/FullScreenPokemon/src/components/constants/Pokemon.ts[4274, 24]: elements are not aligned
ERROR: (align) C:/Users/valmac/FullScreenPokemon/src/components/constants/Pokemon.ts[4277, 24]: elements are not aligned
ERROR: (align) C:/Users/valmac/FullScreenPokemon/src/components/constants/Pokemon.ts[4280, 24]: elements are not aligned
ERROR: (align) C:/Users/valmac/FullScreenPokemon/src/components/constants/Pokemon.ts[4283, 24]: elements are not aligned
ERROR: (align) C:/Users/valmac/FullScreenPokemon/src/components/constants/Pokemon.ts[4286, 24]: elements are not aligned
ERROR: (align) C:/Users/valmac/FullScreenPokemon/src/components/constants/Pokemon.ts[4289, 24]: elements are not aligned
ERROR: (align) C:/Users/valmac/FullScreenPokemon/src/components/constants/Pokemon.ts[4292, 24]: elements are not aligned
ERROR: (align) C:/Users/valmac/FullScreenPokemon/src/components/constants/Pokemon.ts[4295, 24]: elements are not aligned
ERROR: (align) C:/Users/valmac/FullScreenPokemon/src/components/constants/Pokemon.ts[4298, 24]: elements are not aligned
ERROR: (align) C:/Users/valmac/FullScreenPokemon/src/components/constants/Pokemon.ts[4301, 24]: elements are not aligned
ERROR: (align) C:/Users/valmac/FullScreenPokemon/src/components/constants/Pokemon.ts[4304, 24]: elements are not aligned
ERROR: (align) C:/Users/valmac/FullScreenPokemon/src/components/constants/Pokemon.ts[4307, 24]: elements are not aligned
ERROR: (align) C:/Users/valmac/FullScreenPokemon/src/components/constants/Pokemon.ts[4315, 24]: elements are not aligned
ERROR: (align) C:/Users/valmac/FullScreenPokemon/src/components/constants/Pokemon.ts[4318, 24]: elements are not aligned
ERROR: (align) C:/Users/valmac/FullScreenPokemon/src/components/constants/Pokemon.ts[4321, 24]: elements are not aligned
ERROR: (align) C:/Users/valmac/FullScreenPokemon/src/components/constants/Pokemon.ts[4324, 24]: elements are not aligned
ERROR: (align) C:/Users/valmac/FullScreenPokemon/src/components/constants/Pokemon.ts[4327, 24]: elements are not aligned
ERROR: (align) C:/Users/valmac/FullScreenPokemon/src/components/constants/Pokemon.ts[4330, 24]: elements are not aligned
ERROR: (align) C:/Users/valmac/FullScreenPokemon/src/components/constants/Pokemon.ts[4333, 24]: elements are not aligned
ERROR: (align) C:/Users/valmac/FullScreenPokemon/src/components/constants/Pokemon.ts[4336, 24]: elements are not aligned
ERROR: (align) C:/Users/valmac/FullScreenPokemon/src/components/constants/Pokemon.ts[4339, 24]: elements are not aligned
ERROR: (align) C:/Users/valmac/FullScreenPokemon/src/components/constants/Pokemon.ts[4342, 24]: elements are not aligned
ERROR: (align) C:/Users/valmac/FullScreenPokemon/src/components/constants/Pokemon.ts[4345, 24]: elements are not aligned
ERROR: (align) C:/Users/valmac/FullScreenPokemon/src/components/constants/Pokemon.ts[4348, 24]: elements are not aligned
ERROR: (align) C:/Users/valmac/FullScreenPokemon/src/components/constants/Pokemon.ts[4351, 24]: elements are not aligned
ERROR: (align) C:/Users/valmac/FullScreenPokemon/src/components/constants/Pokemon.ts[4354, 24]: elements are not aligned
ERROR: (align) C:/Users/valmac/FullScreenPokemon/src/components/constants/Pokemon.ts[4389, 24]: elements are not aligned
ERROR: (align) C:/Users/valmac/FullScreenPokemon/src/components/constants/Pokemon.ts[4392, 24]: elements are not aligned
ERROR: (align) C:/Users/valmac/FullScreenPokemon/src/components/constants/Pokemon.ts[4395, 24]: elements are not aligned
ERROR: (align) C:/Users/valmac/FullScreenPokemon/src/components/constants/Pokemon.ts[4398, 24]: elements are not aligned
ERROR: (align) C:/Users/valmac/FullScreenPokemon/src/components/constants/Pokemon.ts[4407, 24]: elements are not aligned
ERROR: (align) C:/Users/valmac/FullScreenPokemon/src/components/constants/Pokemon.ts[4410, 24]: elements are not aligned
ERROR: (align) C:/Users/valmac/FullScreenPokemon/src/components/constants/Pokemon.ts[4413, 24]: elements are not aligned
ERROR: (align) C:/Users/valmac/FullScreenPokemon/src/components/constants/Pokemon.ts[4416, 24]: elements are not aligned
ERROR: (align) C:/Users/valmac/FullScreenPokemon/src/components/constants/Pokemon.ts[4442, 24]: elements are not aligned
ERROR: (align) C:/Users/valmac/FullScreenPokemon/src/components/constants/Pokemon.ts[4445, 24]: elements are not aligned
ERROR: (align) C:/Users/valmac/FullScreenPokemon/src/components/constants/Pokemon.ts[4448, 24]: elements are not aligned
ERROR: (align) C:/Users/valmac/FullScreenPokemon/src/components/constants/Pokemon.ts[4451, 24]: elements are not aligned
ERROR: (align) C:/Users/valmac/FullScreenPokemon/src/components/constants/Pokemon.ts[4463, 24]: elements are not aligned
ERROR: (align) C:/Users/valmac/FullScreenPokemon/src/components/constants/Pokemon.ts[4466, 24]: elements are not aligned
ERROR: (align) C:/Users/valmac/FullScreenPokemon/src/components/constants/Pokemon.ts[4469, 24]: elements are not aligned
ERROR: (align) C:/Users/valmac/FullScreenPokemon/src/components/constants/Pokemon.ts[4472, 24]: elements are not aligned
ERROR: (align) C:/Users/valmac/FullScreenPokemon/src/components/constants/Pokemon.ts[4475, 24]: elements are not aligned
ERROR: (align) C:/Users/valmac/FullScreenPokemon/src/components/constants/Pokemon.ts[4478, 24]: elements are not aligned
ERROR: (align) C:/Users/valmac/FullScreenPokemon/src/components/constants/Pokemon.ts[4481, 24]: elements are not aligned
ERROR: (align) C:/Users/valmac/FullScreenPokemon/src/components/constants/Pokemon.ts[4484, 24]: elements are not aligned
ERROR: (align) C:/Users/valmac/FullScreenPokemon/src/components/constants/Pokemon.ts[4487, 24]: elements are not aligned
ERROR: (align) C:/Users/valmac/FullScreenPokemon/src/components/constants/Pokemon.ts[4490, 24]: elements are not aligned
ERROR: (align) C:/Users/valmac/FullScreenPokemon/src/components/constants/Pokemon.ts[4493, 24]: elements are not aligned
ERROR: (align) C:/Users/valmac/FullScreenPokemon/src/components/constants/Pokemon.ts[4496, 24]: elements are not aligned
ERROR: (align) C:/Users/valmac/FullScreenPokemon/src/components/constants/Pokemon.ts[4499, 24]: elements are not aligned
ERROR: (align) C:/Users/valmac/FullScreenPokemon/src/components/constants/Pokemon.ts[4502, 24]: elements are not aligned
ERROR: (align) C:/Users/valmac/FullScreenPokemon/src/components/constants/Pokemon.ts[4505, 24]: elements are not aligned
ERROR: (align) C:/Users/valmac/FullScreenPokemon/src/components/constants/Pokemon.ts[4508, 24]: elements are not aligned
ERROR: (align) C:/Users/valmac/FullScreenPokemon/src/components/constants/Pokemon.ts[4511, 24]: elements are not aligned
ERROR: (align) C:/Users/valmac/FullScreenPokemon/src/components/constants/Pokemon.ts[4514, 24]: elements are not aligned
ERROR: (align) C:/Users/valmac/FullScreenPokemon/src/components/constants/Pokemon.ts[4517, 24]: elements are not aligned
ERROR: (align) C:/Users/valmac/FullScreenPokemon/src/components/constants/Pokemon.ts[4520, 24]: elements are not aligned
ERROR: (align) C:/Users/valmac/FullScreenPokemon/src/components/constants/Pokemon.ts[4523, 24]: elements are not aligned
ERROR: (align) C:/Users/valmac/FullScreenPokemon/src/components/constants/Pokemon.ts[4526, 24]: elements are not aligned
ERROR: (align) C:/Users/valmac/FullScreenPokemon/src/components/constants/Pokemon.ts[4529, 24]: elements are not aligned
ERROR: (align) C:/Users/valmac/FullScreenPokemon/src/components/constants/Pokemon.ts[4532, 24]: elements are not aligned
ERROR: (align) C:/Users/valmac/FullScreenPokemon/src/components/constants/Pokemon.ts[4535, 24]: elements are not aligned
ERROR: (align) C:/Users/valmac/FullScreenPokemon/src/components/constants/Pokemon.ts[4570, 24]: elements are not aligned
ERROR: (align) C:/Users/valmac/FullScreenPokemon/src/components/constants/Pokemon.ts[4573, 24]: elements are not aligned
ERROR: (align) C:/Users/valmac/FullScreenPokemon/src/components/constants/Pokemon.ts[4576, 24]: elements are not aligned
ERROR: (align) C:/Users/valmac/FullScreenPokemon/src/components/constants/Pokemon.ts[4579, 24]: elements are not aligned
ERROR: (align) C:/Users/valmac/FullScreenPokemon/src/components/constants/Pokemon.ts[4582, 24]: elements are not aligned
ERROR: (align) C:/Users/valmac/FullScreenPokemon/src/components/constants/Pokemon.ts[4585, 24]: elements are not aligned
ERROR: (align) C:/Users/valmac/FullScreenPokemon/src/components/constants/Pokemon.ts[4594, 24]: elements are not aligned
ERROR: (align) C:/Users/valmac/FullScreenPokemon/src/components/constants/Pokemon.ts[4597, 24]: elements are not aligned
ERROR: (align) C:/Users/valmac/FullScreenPokemon/src/components/constants/Pokemon.ts[4600, 24]: elements are not aligned
ERROR: (align) C:/Users/valmac/FullScreenPokemon/src/components/constants/Pokemon.ts[4603, 24]: elements are not aligned
ERROR: (align) C:/Users/valmac/FullScreenPokemon/src/components/constants/Pokemon.ts[4606, 24]: elements are not aligned
ERROR: (align) C:/Users/valmac/FullScreenPokemon/src/components/constants/Pokemon.ts[4609, 24]: elements are not aligned
ERROR: (align) C:/Users/valmac/FullScreenPokemon/src/components/constants/Pokemon.ts[4612, 24]: elements are not aligned
ERROR: (align) C:/Users/valmac/FullScreenPokemon/src/components/constants/Pokemon.ts[4615, 24]: elements are not aligned
ERROR: (align) C:/Users/valmac/FullScreenPokemon/src/components/constants/Pokemon.ts[4618, 24]: elements are not aligned
ERROR: (align) C:/Users/valmac/FullScreenPokemon/src/components/constants/Pokemon.ts[4621, 24]: elements are not aligned
ERROR: (align) C:/Users/valmac/FullScreenPokemon/src/components/constants/Pokemon.ts[4624, 24]: elements are not aligned
ERROR: (align) C:/Users/valmac/FullScreenPokemon/src/components/constants/Pokemon.ts[4627, 24]: elements are not aligned
ERROR: (align) C:/Users/valmac/FullScreenPokemon/src/components/constants/Pokemon.ts[4630, 24]: elements are not aligned
ERROR: (align) C:/Users/valmac/FullScreenPokemon/src/components/constants/Pokemon.ts[4633, 24]: elements are not aligned
ERROR: (align) C:/Users/valmac/FullScreenPokemon/src/components/constants/Pokemon.ts[4636, 24]: elements are not aligned
ERROR: (align) C:/Users/valmac/FullScreenPokemon/src/components/constants/Pokemon.ts[4639, 24]: elements are not aligned
ERROR: (align) C:/Users/valmac/FullScreenPokemon/src/components/constants/Pokemon.ts[4642, 24]: elements are not aligned
ERROR: (align) C:/Users/valmac/FullScreenPokemon/src/components/constants/Pokemon.ts[4645, 24]: elements are not aligned
ERROR: (align) C:/Users/valmac/FullScreenPokemon/src/components/constants/Pokemon.ts[4648, 24]: elements are not aligned
ERROR: (align) C:/Users/valmac/FullScreenPokemon/src/components/constants/Pokemon.ts[4651, 24]: elements are not aligned
ERROR: (align) C:/Users/valmac/FullScreenPokemon/src/components/constants/Pokemon.ts[4654, 24]: elements are not aligned
ERROR: (align) C:/Users/valmac/FullScreenPokemon/src/components/constants/Pokemon.ts[4689, 24]: elements are not aligned
ERROR: (align) C:/Users/valmac/FullScreenPokemon/src/components/constants/Pokemon.ts[4692, 24]: elements are not aligned
ERROR: (align) C:/Users/valmac/FullScreenPokemon/src/components/constants/Pokemon.ts[4695, 24]: elements are not aligned
ERROR: (align) C:/Users/valmac/FullScreenPokemon/src/components/constants/Pokemon.ts[4698, 24]: elements are not aligned
ERROR: (align) C:/Users/valmac/FullScreenPokemon/src/components/constants/Pokemon.ts[4701, 24]: elements are not aligned
ERROR: (align) C:/Users/valmac/FullScreenPokemon/src/components/constants/Pokemon.ts[4704, 24]: elements are not aligned
ERROR: (align) C:/Users/valmac/FullScreenPokemon/src/components/constants/Pokemon.ts[4707, 24]: elements are not aligned
ERROR: (align) C:/Users/valmac/FullScreenPokemon/src/components/constants/Pokemon.ts[4710, 24]: elements are not aligned
ERROR: (align) C:/Users/valmac/FullScreenPokemon/src/components/constants/Pokemon.ts[4719, 24]: elements are not aligned
ERROR: (align) C:/Users/valmac/FullScreenPokemon/src/components/constants/Pokemon.ts[4722, 24]: elements are not aligned
ERROR: (align) C:/Users/valmac/FullScreenPokemon/src/components/constants/Pokemon.ts[4725, 24]: elements are not aligned
ERROR: (align) C:/Users/valmac/FullScreenPokemon/src/components/constants/Pokemon.ts[4728, 24]: elements are not aligned
ERROR: (align) C:/Users/valmac/FullScreenPokemon/src/components/constants/Pokemon.ts[4731, 24]: elements are not aligned
ERROR: (align) C:/Users/valmac/FullScreenPokemon/src/components/constants/Pokemon.ts[4734, 24]: elements are not aligned
ERROR: (align) C:/Users/valmac/FullScreenPokemon/src/components/constants/Pokemon.ts[4737, 24]: elements are not aligned
ERROR: (align) C:/Users/valmac/FullScreenPokemon/src/components/constants/Pokemon.ts[4740, 24]: elements are not aligned
ERROR: (align) C:/Users/valmac/FullScreenPokemon/src/components/constants/Pokemon.ts[4743, 24]: elements are not aligned
ERROR: (align) C:/Users/valmac/FullScreenPokemon/src/components/constants/Pokemon.ts[4746, 24]: elements are not aligned
ERROR: (align) C:/Users/valmac/FullScreenPokemon/src/components/constants/Pokemon.ts[4749, 24]: elements are not aligned
ERROR: (align) C:/Users/valmac/FullScreenPokemon/src/components/constants/Pokemon.ts[4752, 24]: elements are not aligned
ERROR: (align) C:/Users/valmac/FullScreenPokemon/src/components/constants/Pokemon.ts[4778, 24]: elements are not aligned
ERROR: (align) C:/Users/valmac/FullScreenPokemon/src/components/constants/Pokemon.ts[4781, 24]: elements are not aligned
ERROR: (align) C:/Users/valmac/FullScreenPokemon/src/components/constants/Pokemon.ts[4784, 24]: elements are not aligned
ERROR: (align) C:/Users/valmac/FullScreenPokemon/src/components/constants/Pokemon.ts[4787, 24]: elements are not aligned
ERROR: (align) C:/Users/valmac/FullScreenPokemon/src/components/constants/Pokemon.ts[4790, 24]: elements are not aligned
ERROR: (align) C:/Users/valmac/FullScreenPokemon/src/components/constants/Pokemon.ts[4793, 24]: elements are not aligned
ERROR: (align) C:/Users/valmac/FullScreenPokemon/src/components/constants/Pokemon.ts[4796, 24]: elements are not aligned
ERROR: (align) C:/Users/valmac/FullScreenPokemon/src/components/constants/Pokemon.ts[4804, 24]: elements are not aligned
ERROR: (align) C:/Users/valmac/FullScreenPokemon/src/components/constants/Pokemon.ts[4807, 24]: elements are not aligned
ERROR: (align) C:/Users/valmac/FullScreenPokemon/src/components/constants/Pokemon.ts[4810, 24]: elements are not aligned
ERROR: (align) C:/Users/valmac/FullScreenPokemon/src/components/constants/Pokemon.ts[4813, 24]: elements are not aligned
ERROR: (align) C:/Users/valmac/FullScreenPokemon/src/components/constants/Pokemon.ts[4816, 24]: elements are not aligned
ERROR: (align) C:/Users/valmac/FullScreenPokemon/src/components/constants/Pokemon.ts[4819, 24]: elements are not aligned
ERROR: (align) C:/Users/valmac/FullScreenPokemon/src/components/constants/Pokemon.ts[4822, 24]: elements are not aligned
ERROR: (align) C:/Users/valmac/FullScreenPokemon/src/components/constants/Pokemon.ts[4825, 24]: elements are not aligned
ERROR: (align) C:/Users/valmac/FullScreenPokemon/src/components/constants/Pokemon.ts[4828, 24]: elements are not aligned
ERROR: (align) C:/Users/valmac/FullScreenPokemon/src/components/constants/Pokemon.ts[4831, 24]: elements are not aligned
ERROR: (align) C:/Users/valmac/FullScreenPokemon/src/components/constants/Pokemon.ts[4834, 24]: elements are not aligned
ERROR: (align) C:/Users/valmac/FullScreenPokemon/src/components/constants/Pokemon.ts[4837, 24]: elements are not aligned
ERROR: (align) C:/Users/valmac/FullScreenPokemon/src/components/constants/Pokemon.ts[4840, 24]: elements are not aligned
ERROR: (align) C:/Users/valmac/FullScreenPokemon/src/components/constants/Pokemon.ts[4848, 24]: elements are not aligned
ERROR: (align) C:/Users/valmac/FullScreenPokemon/src/components/constants/Pokemon.ts[4851, 24]: elements are not aligned
ERROR: (align) C:/Users/valmac/FullScreenPokemon/src/components/constants/Pokemon.ts[4854, 24]: elements are not aligned
ERROR: (align) C:/Users/valmac/FullScreenPokemon/src/components/constants/Pokemon.ts[4857, 24]: elements are not aligned
ERROR: (align) C:/Users/valmac/FullScreenPokemon/src/components/constants/Pokemon.ts[4860, 24]: elements are not aligned
ERROR: (align) C:/Users/valmac/FullScreenPokemon/src/components/constants/Pokemon.ts[4863, 24]: elements are not aligned
ERROR: (align) C:/Users/valmac/FullScreenPokemon/src/components/constants/Pokemon.ts[4866, 24]: elements are not aligned
ERROR: (align) C:/Users/valmac/FullScreenPokemon/src/components/constants/Pokemon.ts[4901, 24]: elements are not aligned
ERROR: (align) C:/Users/valmac/FullScreenPokemon/src/components/constants/Pokemon.ts[4904, 24]: elements are not aligned
ERROR: (align) C:/Users/valmac/FullScreenPokemon/src/components/constants/Pokemon.ts[4907, 24]: elements are not aligned
ERROR: (align) C:/Users/valmac/FullScreenPokemon/src/components/constants/Pokemon.ts[4910, 24]: elements are not aligned
ERROR: (align) C:/Users/valmac/FullScreenPokemon/src/components/constants/Pokemon.ts[4913, 24]: elements are not aligned
ERROR: (align) C:/Users/valmac/FullScreenPokemon/src/components/constants/Pokemon.ts[4916, 24]: elements are not aligned
ERROR: (align) C:/Users/valmac/FullScreenPokemon/src/components/constants/Pokemon.ts[4919, 24]: elements are not aligned
ERROR: (align) C:/Users/valmac/FullScreenPokemon/src/components/constants/Pokemon.ts[4931, 24]: elements are not aligned
ERROR: (align) C:/Users/valmac/FullScreenPokemon/src/components/constants/Pokemon.ts[4934, 24]: elements are not aligned
ERROR: (align) C:/Users/valmac/FullScreenPokemon/src/components/constants/Pokemon.ts[4937, 24]: elements are not aligned
ERROR: (align) C:/Users/valmac/FullScreenPokemon/src/components/constants/Pokemon.ts[4940, 24]: elements are not aligned
ERROR: (align) C:/Users/valmac/FullScreenPokemon/src/components/constants/Pokemon.ts[4943, 24]: elements are not aligned
ERROR: (align) C:/Users/valmac/FullScreenPokemon/src/components/constants/Pokemon.ts[4946, 24]: elements are not aligned
ERROR: (align) C:/Users/valmac/FullScreenPokemon/src/components/constants/Pokemon.ts[4949, 24]: elements are not aligned
ERROR: (align) C:/Users/valmac/FullScreenPokemon/src/components/constants/Pokemon.ts[4952, 24]: elements are not aligned
ERROR: (align) C:/Users/valmac/FullScreenPokemon/src/components/constants/Pokemon.ts[4955, 24]: elements are not aligned
ERROR: (align) C:/Users/valmac/FullScreenPokemon/src/components/constants/Pokemon.ts[4958, 24]: elements are not aligned
ERROR: (align) C:/Users/valmac/FullScreenPokemon/src/components/constants/Pokemon.ts[4961, 24]: elements are not aligned
ERROR: (align) C:/Users/valmac/FullScreenPokemon/src/components/constants/Pokemon.ts[4964, 24]: elements are not aligned
ERROR: (align) C:/Users/valmac/FullScreenPokemon/src/components/constants/Pokemon.ts[4967, 24]: elements are not aligned
ERROR: (align) C:/Users/valmac/FullScreenPokemon/src/components/constants/Pokemon.ts[4970, 24]: elements are not aligned
ERROR: (align) C:/Users/valmac/FullScreenPokemon/src/components/constants/Pokemon.ts[4973, 24]: elements are not aligned
ERROR: (align) C:/Users/valmac/FullScreenPokemon/src/components/constants/Pokemon.ts[4999, 24]: elements are not aligned
ERROR: (align) C:/Users/valmac/FullScreenPokemon/src/components/constants/Pokemon.ts[5002, 24]: elements are not aligned
ERROR: (align) C:/Users/valmac/FullScreenPokemon/src/components/constants/Pokemon.ts[5005, 24]: elements are not aligned
ERROR: (align) C:/Users/valmac/FullScreenPokemon/src/components/constants/Pokemon.ts[5008, 24]: elements are not aligned
ERROR: (align) C:/Users/valmac/FullScreenPokemon/src/components/constants/Pokemon.ts[5011, 24]: elements are not aligned
ERROR: (align) C:/Users/valmac/FullScreenPokemon/src/components/constants/Pokemon.ts[5014, 24]: elements are not aligned
ERROR: (align) C:/Users/valmac/FullScreenPokemon/src/components/constants/Pokemon.ts[5017, 24]: elements are not aligned
ERROR: (align) C:/Users/valmac/FullScreenPokemon/src/components/constants/Pokemon.ts[5026, 24]: elements are not aligned
ERROR: (align) C:/Users/valmac/FullScreenPokemon/src/components/constants/Pokemon.ts[5029, 24]: elements are not aligned
ERROR: (align) C:/Users/valmac/FullScreenPokemon/src/components/constants/Pokemon.ts[5032, 24]: elements are not aligned
ERROR: (align) C:/Users/valmac/FullScreenPokemon/src/components/constants/Pokemon.ts[5035, 24]: elements are not aligned
ERROR: (align) C:/Users/valmac/FullScreenPokemon/src/components/constants/Pokemon.ts[5038, 24]: elements are not aligned
ERROR: (align) C:/Users/valmac/FullScreenPokemon/src/components/constants/Pokemon.ts[5041, 24]: elements are not aligned
ERROR: (align) C:/Users/valmac/FullScreenPokemon/src/components/constants/Pokemon.ts[5044, 24]: elements are not aligned
ERROR: (align) C:/Users/valmac/FullScreenPokemon/src/components/constants/Pokemon.ts[5047, 24]: elements are not aligned
ERROR: (align) C:/Users/valmac/FullScreenPokemon/src/components/constants/Pokemon.ts[5050, 24]: elements are not aligned
ERROR: (align) C:/Users/valmac/FullScreenPokemon/src/components/constants/Pokemon.ts[5053, 24]: elements are not aligned
ERROR: (align) C:/Users/valmac/FullScreenPokemon/src/components/constants/Pokemon.ts[5056, 24]: elements are not aligned
ERROR: (align) C:/Users/valmac/FullScreenPokemon/src/components/constants/Pokemon.ts[5059, 24]: elements are not aligned
ERROR: (align) C:/Users/valmac/FullScreenPokemon/src/components/constants/Pokemon.ts[5062, 24]: elements are not aligned
ERROR: (align) C:/Users/valmac/FullScreenPokemon/src/components/constants/Pokemon.ts[5065, 24]: elements are not aligned
ERROR: (align) C:/Users/valmac/FullScreenPokemon/src/components/constants/Pokemon.ts[5068, 24]: elements are not aligned
ERROR: (align) C:/Users/valmac/FullScreenPokemon/src/components/constants/Pokemon.ts[5071, 24]: elements are not aligned
ERROR: (align) C:/Users/valmac/FullScreenPokemon/src/components/constants/Pokemon.ts[5074, 24]: elements are not aligned
ERROR: (align) C:/Users/valmac/FullScreenPokemon/src/components/constants/Pokemon.ts[5077, 24]: elements are not aligned
ERROR: (align) C:/Users/valmac/FullScreenPokemon/src/components/constants/Pokemon.ts[5080, 24]: elements are not aligned
ERROR: (align) C:/Users/valmac/FullScreenPokemon/src/components/constants/Pokemon.ts[5083, 24]: elements are not aligned
ERROR: (align) C:/Users/valmac/FullScreenPokemon/src/components/constants/Pokemon.ts[5086, 24]: elements are not aligned
ERROR: (align) C:/Users/valmac/FullScreenPokemon/src/components/constants/Pokemon.ts[5089, 24]: elements are not aligned
ERROR: (align) C:/Users/valmac/FullScreenPokemon/src/components/constants/Pokemon.ts[5092, 24]: elements are not aligned
ERROR: (align) C:/Users/valmac/FullScreenPokemon/src/components/constants/Pokemon.ts[5118, 24]: elements are not aligned
ERROR: (align) C:/Users/valmac/FullScreenPokemon/src/components/constants/Pokemon.ts[5121, 24]: elements are not aligned
ERROR: (align) C:/Users/valmac/FullScreenPokemon/src/components/constants/Pokemon.ts[5124, 24]: elements are not aligned
ERROR: (align) C:/Users/valmac/FullScreenPokemon/src/components/constants/Pokemon.ts[5127, 24]: elements are not aligned
ERROR: (align) C:/Users/valmac/FullScreenPokemon/src/components/constants/Pokemon.ts[5130, 24]: elements are not aligned
ERROR: (align) C:/Users/valmac/FullScreenPokemon/src/components/constants/Pokemon.ts[5133, 24]: elements are not aligned
ERROR: (align) C:/Users/valmac/FullScreenPokemon/src/components/constants/Pokemon.ts[5136, 24]: elements are not aligned
ERROR: (align) C:/Users/valmac/FullScreenPokemon/src/components/constants/Pokemon.ts[5148, 24]: elements are not aligned
ERROR: (align) C:/Users/valmac/FullScreenPokemon/src/components/constants/Pokemon.ts[5151, 24]: elements are not aligned
ERROR: (align) C:/Users/valmac/FullScreenPokemon/src/components/constants/Pokemon.ts[5154, 24]: elements are not aligned
ERROR: (align) C:/Users/valmac/FullScreenPokemon/src/components/constants/Pokemon.ts[5157, 24]: elements are not aligned
ERROR: (align) C:/Users/valmac/FullScreenPokemon/src/components/constants/Pokemon.ts[5160, 24]: elements are not aligned
ERROR: (align) C:/Users/valmac/FullScreenPokemon/src/components/constants/Pokemon.ts[5163, 24]: elements are not aligned
ERROR: (align) C:/Users/valmac/FullScreenPokemon/src/components/constants/Pokemon.ts[5166, 24]: elements are not aligned
ERROR: (align) C:/Users/valmac/FullScreenPokemon/src/components/constants/Pokemon.ts[5169, 24]: elements are not aligned
ERROR: (align) C:/Users/valmac/FullScreenPokemon/src/components/constants/Pokemon.ts[5172, 24]: elements are not aligned
ERROR: (align) C:/Users/valmac/FullScreenPokemon/src/components/constants/Pokemon.ts[5175, 24]: elements are not aligned
ERROR: (align) C:/Users/valmac/FullScreenPokemon/src/components/constants/Pokemon.ts[5178, 24]: elements are not aligned
ERROR: (align) C:/Users/valmac/FullScreenPokemon/src/components/constants/Pokemon.ts[5181, 24]: elements are not aligned
ERROR: (align) C:/Users/valmac/FullScreenPokemon/src/components/constants/Pokemon.ts[5184, 24]: elements are not aligned
ERROR: (align) C:/Users/valmac/FullScreenPokemon/src/components/constants/Pokemon.ts[5187, 24]: elements are not aligned
ERROR: (align) C:/Users/valmac/FullScreenPokemon/src/components/constants/Pokemon.ts[5190, 24]: elements are not aligned
ERROR: (align) C:/Users/valmac/FullScreenPokemon/src/components/constants/Pokemon.ts[5193, 24]: elements are not aligned
ERROR: (align) C:/Users/valmac/FullScreenPokemon/src/components/constants/Pokemon.ts[5196, 24]: elements are not aligned
ERROR: (align) C:/Users/valmac/FullScreenPokemon/src/components/constants/Pokemon.ts[5199, 24]: elements are not aligned
ERROR: (align) C:/Users/valmac/FullScreenPokemon/src/components/constants/Pokemon.ts[5202, 24]: elements are not aligned
ERROR: (align) C:/Users/valmac/FullScreenPokemon/src/components/constants/Pokemon.ts[5205, 24]: elements are not aligned
ERROR: (align) C:/Users/valmac/FullScreenPokemon/src/components/constants/Pokemon.ts[5208, 24]: elements are not aligned
ERROR: (align) C:/Users/valmac/FullScreenPokemon/src/components/constants/Pokemon.ts[5211, 24]: elements are not aligned
ERROR: (align) C:/Users/valmac/FullScreenPokemon/src/components/constants/Pokemon.ts[5214, 24]: elements are not aligned
ERROR: (align) C:/Users/valmac/FullScreenPokemon/src/components/constants/Pokemon.ts[5248, 24]: elements are not aligned
ERROR: (align) C:/Users/valmac/FullScreenPokemon/src/components/constants/Pokemon.ts[5251, 24]: elements are not aligned
ERROR: (align) C:/Users/valmac/FullScreenPokemon/src/components/constants/Pokemon.ts[5254, 24]: elements are not aligned
ERROR: (align) C:/Users/valmac/FullScreenPokemon/src/components/constants/Pokemon.ts[5257, 24]: elements are not aligned
ERROR: (align) C:/Users/valmac/FullScreenPokemon/src/components/constants/Pokemon.ts[5260, 24]: elements are not aligned
ERROR: (align) C:/Users/valmac/FullScreenPokemon/src/components/constants/Pokemon.ts[5263, 24]: elements are not aligned
ERROR: (align) C:/Users/valmac/FullScreenPokemon/src/components/constants/Pokemon.ts[5266, 24]: elements are not aligned
ERROR: (align) C:/Users/valmac/FullScreenPokemon/src/components/constants/Pokemon.ts[5275, 24]: elements are not aligned
ERROR: (align) C:/Users/valmac/FullScreenPokemon/src/components/constants/Pokemon.ts[5278, 24]: elements are not aligned
ERROR: (align) C:/Users/valmac/FullScreenPokemon/src/components/constants/Pokemon.ts[5281, 24]: elements are not aligned
ERROR: (align) C:/Users/valmac/FullScreenPokemon/src/components/constants/Pokemon.ts[5284, 24]: elements are not aligned
ERROR: (align) C:/Users/valmac/FullScreenPokemon/src/components/constants/Pokemon.ts[5287, 24]: elements are not aligned
ERROR: (align) C:/Users/valmac/FullScreenPokemon/src/components/constants/Pokemon.ts[5290, 24]: elements are not aligned
ERROR: (align) C:/Users/valmac/FullScreenPokemon/src/components/constants/Pokemon.ts[5293, 24]: elements are not aligned
ERROR: (align) C:/Users/valmac/FullScreenPokemon/src/components/constants/Pokemon.ts[5296, 24]: elements are not aligned
ERROR: (align) C:/Users/valmac/FullScreenPokemon/src/components/constants/Pokemon.ts[5299, 24]: elements are not aligned
ERROR: (align) C:/Users/valmac/FullScreenPokemon/src/components/constants/Pokemon.ts[5302, 24]: elements are not aligned
ERROR: (align) C:/Users/valmac/FullScreenPokemon/src/components/constants/Pokemon.ts[5305, 24]: elements are not aligned
ERROR: (align) C:/Users/valmac/FullScreenPokemon/src/components/constants/Pokemon.ts[5308, 24]: elements are not aligned
ERROR: (align) C:/Users/valmac/FullScreenPokemon/src/components/constants/Pokemon.ts[5311, 24]: elements are not aligned
ERROR: (align) C:/Users/valmac/FullScreenPokemon/src/components/constants/Pokemon.ts[5314, 24]: elements are not aligned
ERROR: (align) C:/Users/valmac/FullScreenPokemon/src/components/constants/Pokemon.ts[5317, 24]: elements are not aligned
ERROR: (align) C:/Users/valmac/FullScreenPokemon/src/components/constants/Pokemon.ts[5320, 24]: elements are not aligned
ERROR: (align) C:/Users/valmac/FullScreenPokemon/src/components/constants/Pokemon.ts[5323, 24]: elements are not aligned
ERROR: (align) C:/Users/valmac/FullScreenPokemon/src/components/constants/Pokemon.ts[5326, 24]: elements are not aligned
ERROR: (align) C:/Users/valmac/FullScreenPokemon/src/components/constants/Pokemon.ts[5329, 24]: elements are not aligned
ERROR: (align) C:/Users/valmac/FullScreenPokemon/src/components/constants/Pokemon.ts[5332, 24]: elements are not aligned
ERROR: (align) C:/Users/valmac/FullScreenPokemon/src/components/constants/Pokemon.ts[5335, 24]: elements are not aligned
ERROR: (align) C:/Users/valmac/FullScreenPokemon/src/components/constants/Pokemon.ts[5370, 24]: elements are not aligned
ERROR: (align) C:/Users/valmac/FullScreenPokemon/src/components/constants/Pokemon.ts[5373, 24]: elements are not aligned
ERROR: (align) C:/Users/valmac/FullScreenPokemon/src/components/constants/Pokemon.ts[5376, 24]: elements are not aligned
ERROR: (align) C:/Users/valmac/FullScreenPokemon/src/components/constants/Pokemon.ts[5379, 24]: elements are not aligned
ERROR: (align) C:/Users/valmac/FullScreenPokemon/src/components/constants/Pokemon.ts[5382, 24]: elements are not aligned
ERROR: (align) C:/Users/valmac/FullScreenPokemon/src/components/constants/Pokemon.ts[5385, 24]: elements are not aligned
ERROR: (align) C:/Users/valmac/FullScreenPokemon/src/components/constants/Pokemon.ts[5388, 24]: elements are not aligned
ERROR: (align) C:/Users/valmac/FullScreenPokemon/src/components/constants/Pokemon.ts[5396, 24]: elements are not aligned
ERROR: (align) C:/Users/valmac/FullScreenPokemon/src/components/constants/Pokemon.ts[5399, 24]: elements are not aligned
ERROR: (align) C:/Users/valmac/FullScreenPokemon/src/components/constants/Pokemon.ts[5402, 24]: elements are not aligned
ERROR: (align) C:/Users/valmac/FullScreenPokemon/src/components/constants/Pokemon.ts[5405, 24]: elements are not aligned
ERROR: (align) C:/Users/valmac/FullScreenPokemon/src/components/constants/Pokemon.ts[5408, 24]: elements are not aligned
ERROR: (align) C:/Users/valmac/FullScreenPokemon/src/components/constants/Pokemon.ts[5411, 24]: elements are not aligned
ERROR: (align) C:/Users/valmac/FullScreenPokemon/src/components/constants/Pokemon.ts[5414, 24]: elements are not aligned
ERROR: (align) C:/Users/valmac/FullScreenPokemon/src/components/constants/Pokemon.ts[5417, 24]: elements are not aligned
ERROR: (align) C:/Users/valmac/FullScreenPokemon/src/components/constants/Pokemon.ts[5420, 24]: elements are not aligned
ERROR: (align) C:/Users/valmac/FullScreenPokemon/src/components/constants/Pokemon.ts[5423, 24]: elements are not aligned
ERROR: (align) C:/Users/valmac/FullScreenPokemon/src/components/constants/Pokemon.ts[5426, 24]: elements are not aligned
ERROR: (align) C:/Users/valmac/FullScreenPokemon/src/components/constants/Pokemon.ts[5429, 24]: elements are not aligned
ERROR: (align) C:/Users/valmac/FullScreenPokemon/src/components/constants/Pokemon.ts[5432, 24]: elements are not aligned
ERROR: (align) C:/Users/valmac/FullScreenPokemon/src/components/constants/Pokemon.ts[5440, 24]: elements are not aligned
ERROR: (align) C:/Users/valmac/FullScreenPokemon/src/components/constants/Pokemon.ts[5443, 24]: elements are not aligned
ERROR: (align) C:/Users/valmac/FullScreenPokemon/src/components/constants/Pokemon.ts[5446, 24]: elements are not aligned
ERROR: (align) C:/Users/valmac/FullScreenPokemon/src/components/constants/Pokemon.ts[5449, 24]: elements are not aligned
ERROR: (align) C:/Users/valmac/FullScreenPokemon/src/components/constants/Pokemon.ts[5452, 24]: elements are not aligned
ERROR: (align) C:/Users/valmac/FullScreenPokemon/src/components/constants/Pokemon.ts[5455, 24]: elements are not aligned
ERROR: (align) C:/Users/valmac/FullScreenPokemon/src/components/constants/Pokemon.ts[5458, 24]: elements are not aligned
ERROR: (align) C:/Users/valmac/FullScreenPokemon/src/components/constants/Pokemon.ts[5493, 24]: elements are not aligned
ERROR: (align) C:/Users/valmac/FullScreenPokemon/src/components/constants/Pokemon.ts[5496, 24]: elements are not aligned
ERROR: (align) C:/Users/valmac/FullScreenPokemon/src/components/constants/Pokemon.ts[5499, 24]: elements are not aligned
ERROR: (align) C:/Users/valmac/FullScreenPokemon/src/components/constants/Pokemon.ts[5502, 24]: elements are not aligned
ERROR: (align) C:/Users/valmac/FullScreenPokemon/src/components/constants/Pokemon.ts[5505, 24]: elements are not aligned
ERROR: (align) C:/Users/valmac/FullScreenPokemon/src/components/constants/Pokemon.ts[5508, 24]: elements are not aligned
ERROR: (align) C:/Users/valmac/FullScreenPokemon/src/components/constants/Pokemon.ts[5517, 24]: elements are not aligned
ERROR: (align) C:/Users/valmac/FullScreenPokemon/src/components/constants/Pokemon.ts[5520, 24]: elements are not aligned
ERROR: (align) C:/Users/valmac/FullScreenPokemon/src/components/constants/Pokemon.ts[5523, 24]: elements are not aligned
ERROR: (align) C:/Users/valmac/FullScreenPokemon/src/components/constants/Pokemon.ts[5526, 24]: elements are not aligned
ERROR: (align) C:/Users/valmac/FullScreenPokemon/src/components/constants/Pokemon.ts[5529, 24]: elements are not aligned
ERROR: (align) C:/Users/valmac/FullScreenPokemon/src/components/constants/Pokemon.ts[5532, 24]: elements are not aligned
ERROR: (align) C:/Users/valmac/FullScreenPokemon/src/components/constants/Pokemon.ts[5558, 24]: elements are not aligned
ERROR: (align) C:/Users/valmac/FullScreenPokemon/src/components/constants/Pokemon.ts[5561, 24]: elements are not aligned
ERROR: (align) C:/Users/valmac/FullScreenPokemon/src/components/constants/Pokemon.ts[5564, 24]: elements are not aligned
ERROR: (align) C:/Users/valmac/FullScreenPokemon/src/components/constants/Pokemon.ts[5567, 24]: elements are not aligned
ERROR: (align) C:/Users/valmac/FullScreenPokemon/src/components/constants/Pokemon.ts[5570, 24]: elements are not aligned
ERROR: (align) C:/Users/valmac/FullScreenPokemon/src/components/constants/Pokemon.ts[5573, 24]: elements are not aligned
ERROR: (align) C:/Users/valmac/FullScreenPokemon/src/components/constants/Pokemon.ts[5576, 24]: elements are not aligned
ERROR: (align) C:/Users/valmac/FullScreenPokemon/src/components/constants/Pokemon.ts[5579, 24]: elements are not aligned
ERROR: (align) C:/Users/valmac/FullScreenPokemon/src/components/constants/Pokemon.ts[5587, 24]: elements are not aligned
ERROR: (align) C:/Users/valmac/FullScreenPokemon/src/components/constants/Pokemon.ts[5595, 24]: elements are not aligned
ERROR: (align) C:/Users/valmac/FullScreenPokemon/src/components/constants/Pokemon.ts[5629, 24]: elements are not aligned
ERROR: (align) C:/Users/valmac/FullScreenPokemon/src/components/constants/Pokemon.ts[5632, 24]: elements are not aligned
ERROR: (align) C:/Users/valmac/FullScreenPokemon/src/components/constants/Pokemon.ts[5635, 24]: elements are not aligned
ERROR: (align) C:/Users/valmac/FullScreenPokemon/src/components/constants/Pokemon.ts[5638, 24]: elements are not aligned
ERROR: (align) C:/Users/valmac/FullScreenPokemon/src/components/constants/Pokemon.ts[5647, 24]: elements are not aligned
ERROR: (align) C:/Users/valmac/FullScreenPokemon/src/components/constants/Pokemon.ts[5650, 24]: elements are not aligned
ERROR: (align) C:/Users/valmac/FullScreenPokemon/src/components/constants/Pokemon.ts[5653, 24]: elements are not aligned
ERROR: (align) C:/Users/valmac/FullScreenPokemon/src/components/constants/Pokemon.ts[5656, 24]: elements are not aligned
ERROR: (align) C:/Users/valmac/FullScreenPokemon/src/components/constants/Pokemon.ts[5682, 24]: elements are not aligned
ERROR: (align) C:/Users/valmac/FullScreenPokemon/src/components/constants/Pokemon.ts[5685, 24]: elements are not aligned
ERROR: (align) C:/Users/valmac/FullScreenPokemon/src/components/constants/Pokemon.ts[5688, 24]: elements are not aligned
ERROR: (align) C:/Users/valmac/FullScreenPokemon/src/components/constants/Pokemon.ts[5691, 24]: elements are not aligned
ERROR: (align) C:/Users/valmac/FullScreenPokemon/src/components/constants/Pokemon.ts[5694, 24]: elements are not aligned
ERROR: (align) C:/Users/valmac/FullScreenPokemon/src/components/constants/Pokemon.ts[5697, 24]: elements are not aligned
ERROR: (align) C:/Users/valmac/FullScreenPokemon/src/components/constants/Pokemon.ts[5709, 24]: elements are not aligned
ERROR: (align) C:/Users/valmac/FullScreenPokemon/src/components/constants/Pokemon.ts[5712, 24]: elements are not aligned
ERROR: (align) C:/Users/valmac/FullScreenPokemon/src/components/constants/Pokemon.ts[5715, 24]: elements are not aligned
ERROR: (align) C:/Users/valmac/FullScreenPokemon/src/components/constants/Pokemon.ts[5718, 24]: elements are not aligned
ERROR: (align) C:/Users/valmac/FullScreenPokemon/src/components/constants/Pokemon.ts[5721, 24]: elements are not aligned
ERROR: (align) C:/Users/valmac/FullScreenPokemon/src/components/constants/Pokemon.ts[5724, 24]: elements are not aligned
ERROR: (align) C:/Users/valmac/FullScreenPokemon/src/components/constants/Pokemon.ts[5727, 24]: elements are not aligned
ERROR: (align) C:/Users/valmac/FullScreenPokemon/src/components/constants/Pokemon.ts[5730, 24]: elements are not aligned
ERROR: (align) C:/Users/valmac/FullScreenPokemon/src/components/constants/Pokemon.ts[5733, 24]: elements are not aligned
ERROR: (align) C:/Users/valmac/FullScreenPokemon/src/components/constants/Pokemon.ts[5736, 24]: elements are not aligned
ERROR: (align) C:/Users/valmac/FullScreenPokemon/src/components/constants/Pokemon.ts[5739, 24]: elements are not aligned
ERROR: (align) C:/Users/valmac/FullScreenPokemon/src/components/constants/Pokemon.ts[5742, 24]: elements are not aligned
ERROR: (align) C:/Users/valmac/FullScreenPokemon/src/components/constants/Pokemon.ts[5745, 24]: elements are not aligned
ERROR: (align) C:/Users/valmac/FullScreenPokemon/src/components/constants/Pokemon.ts[5748, 24]: elements are not aligned
ERROR: (align) C:/Users/valmac/FullScreenPokemon/src/components/constants/Pokemon.ts[5751, 24]: elements are not aligned
ERROR: (align) C:/Users/valmac/FullScreenPokemon/src/components/constants/Pokemon.ts[5754, 24]: elements are not aligned
ERROR: (align) C:/Users/valmac/FullScreenPokemon/src/components/constants/Pokemon.ts[5757, 24]: elements are not aligned
ERROR: (align) C:/Users/valmac/FullScreenPokemon/src/components/constants/Pokemon.ts[5783, 24]: elements are not aligned
ERROR: (align) C:/Users/valmac/FullScreenPokemon/src/components/constants/Pokemon.ts[5786, 24]: elements are not aligned
ERROR: (align) C:/Users/valmac/FullScreenPokemon/src/components/constants/Pokemon.ts[5789, 24]: elements are not aligned
ERROR: (align) C:/Users/valmac/FullScreenPokemon/src/components/constants/Pokemon.ts[5792, 24]: elements are not aligned
ERROR: (align) C:/Users/valmac/FullScreenPokemon/src/components/constants/Pokemon.ts[5795, 24]: elements are not aligned
ERROR: (align) C:/Users/valmac/FullScreenPokemon/src/components/constants/Pokemon.ts[5798, 24]: elements are not aligned
ERROR: (align) C:/Users/valmac/FullScreenPokemon/src/components/constants/Pokemon.ts[5807, 24]: elements are not aligned
ERROR: (align) C:/Users/valmac/FullScreenPokemon/src/components/constants/Pokemon.ts[5810, 24]: elements are not aligned
ERROR: (align) C:/Users/valmac/FullScreenPokemon/src/components/constants/Pokemon.ts[5813, 24]: elements are not aligned
ERROR: (align) C:/Users/valmac/FullScreenPokemon/src/components/constants/Pokemon.ts[5816, 24]: elements are not aligned
ERROR: (align) C:/Users/valmac/FullScreenPokemon/src/components/constants/Pokemon.ts[5819, 24]: elements are not aligned
ERROR: (align) C:/Users/valmac/FullScreenPokemon/src/components/constants/Pokemon.ts[5822, 24]: elements are not aligned
ERROR: (align) C:/Users/valmac/FullScreenPokemon/src/components/constants/Pokemon.ts[5825, 24]: elements are not aligned
ERROR: (align) C:/Users/valmac/FullScreenPokemon/src/components/constants/Pokemon.ts[5828, 24]: elements are not aligned
ERROR: (align) C:/Users/valmac/FullScreenPokemon/src/components/constants/Pokemon.ts[5831, 24]: elements are not aligned
ERROR: (align) C:/Users/valmac/FullScreenPokemon/src/components/constants/Pokemon.ts[5834, 24]: elements are not aligned
ERROR: (align) C:/Users/valmac/FullScreenPokemon/src/components/constants/Pokemon.ts[5837, 24]: elements are not aligned
ERROR: (align) C:/Users/valmac/FullScreenPokemon/src/components/constants/Pokemon.ts[5840, 24]: elements are not aligned
ERROR: (align) C:/Users/valmac/FullScreenPokemon/src/components/constants/Pokemon.ts[5843, 24]: elements are not aligned
ERROR: (align) C:/Users/valmac/FullScreenPokemon/src/components/constants/Pokemon.ts[5846, 24]: elements are not aligned
ERROR: (align) C:/Users/valmac/FullScreenPokemon/src/components/constants/Pokemon.ts[5849, 24]: elements are not aligned
ERROR: (align) C:/Users/valmac/FullScreenPokemon/src/components/constants/Pokemon.ts[5852, 24]: elements are not aligned
ERROR: (align) C:/Users/valmac/FullScreenPokemon/src/components/constants/Pokemon.ts[5855, 24]: elements are not aligned
ERROR: (align) C:/Users/valmac/FullScreenPokemon/src/components/constants/Pokemon.ts[5890, 24]: elements are not aligned
ERROR: (align) C:/Users/valmac/FullScreenPokemon/src/components/constants/Pokemon.ts[5893, 24]: elements are not aligned
ERROR: (align) C:/Users/valmac/FullScreenPokemon/src/components/constants/Pokemon.ts[5896, 24]: elements are not aligned
ERROR: (align) C:/Users/valmac/FullScreenPokemon/src/components/constants/Pokemon.ts[5899, 24]: elements are not aligned
ERROR: (align) C:/Users/valmac/FullScreenPokemon/src/components/constants/Pokemon.ts[5902, 24]: elements are not aligned
ERROR: (align) C:/Users/valmac/FullScreenPokemon/src/components/constants/Pokemon.ts[5914, 24]: elements are not aligned
ERROR: (align) C:/Users/valmac/FullScreenPokemon/src/components/constants/Pokemon.ts[5917, 24]: elements are not aligned
ERROR: (align) C:/Users/valmac/FullScreenPokemon/src/components/constants/Pokemon.ts[5920, 24]: elements are not aligned
ERROR: (align) C:/Users/valmac/FullScreenPokemon/src/components/constants/Pokemon.ts[5923, 24]: elements are not aligned
ERROR: (align) C:/Users/valmac/FullScreenPokemon/src/components/constants/Pokemon.ts[5926, 24]: elements are not aligned
ERROR: (align) C:/Users/valmac/FullScreenPokemon/src/components/constants/Pokemon.ts[5929, 24]: elements are not aligned
ERROR: (align) C:/Users/valmac/FullScreenPokemon/src/components/constants/Pokemon.ts[5932, 24]: elements are not aligned
ERROR: (align) C:/Users/valmac/FullScreenPokemon/src/components/constants/Pokemon.ts[5935, 24]: elements are not aligned
ERROR: (align) C:/Users/valmac/FullScreenPokemon/src/components/constants/Pokemon.ts[5938, 24]: elements are not aligned
ERROR: (align) C:/Users/valmac/FullScreenPokemon/src/components/constants/Pokemon.ts[5941, 24]: elements are not aligned
ERROR: (align) C:/Users/valmac/FullScreenPokemon/src/components/constants/Pokemon.ts[5944, 24]: elements are not aligned
ERROR: (align) C:/Users/valmac/FullScreenPokemon/src/components/constants/Pokemon.ts[5947, 24]: elements are not aligned
ERROR: (align) C:/Users/valmac/FullScreenPokemon/src/components/constants/Pokemon.ts[5950, 24]: elements are not aligned
ERROR: (align) C:/Users/valmac/FullScreenPokemon/src/components/constants/Pokemon.ts[5953, 24]: elements are not aligned
ERROR: (align) C:/Users/valmac/FullScreenPokemon/src/components/constants/Pokemon.ts[5979, 24]: elements are not aligned
ERROR: (align) C:/Users/valmac/FullScreenPokemon/src/components/constants/Pokemon.ts[5982, 24]: elements are not aligned
ERROR: (align) C:/Users/valmac/FullScreenPokemon/src/components/constants/Pokemon.ts[5985, 24]: elements are not aligned
ERROR: (align) C:/Users/valmac/FullScreenPokemon/src/components/constants/Pokemon.ts[5988, 24]: elements are not aligned
ERROR: (align) C:/Users/valmac/FullScreenPokemon/src/components/constants/Pokemon.ts[5991, 24]: elements are not aligned
ERROR: (align) C:/Users/valmac/FullScreenPokemon/src/components/constants/Pokemon.ts[5994, 24]: elements are not aligned
ERROR: (align) C:/Users/valmac/FullScreenPokemon/src/components/constants/Pokemon.ts[5997, 24]: elements are not aligned
ERROR: (align) C:/Users/valmac/FullScreenPokemon/src/components/constants/Pokemon.ts[6000, 24]: elements are not aligned
ERROR: (align) C:/Users/valmac/FullScreenPokemon/src/components/constants/Pokemon.ts[6003, 24]: elements are not aligned
ERROR: (align) C:/Users/valmac/FullScreenPokemon/src/components/constants/Pokemon.ts[6012, 24]: elements are not aligned
ERROR: (align) C:/Users/valmac/FullScreenPokemon/src/components/constants/Pokemon.ts[6015, 24]: elements are not aligned
ERROR: (align) C:/Users/valmac/FullScreenPokemon/src/components/constants/Pokemon.ts[6018, 24]: elements are not aligned
ERROR: (align) C:/Users/valmac/FullScreenPokemon/src/components/constants/Pokemon.ts[6021, 24]: elements are not aligned
ERROR: (align) C:/Users/valmac/FullScreenPokemon/src/components/constants/Pokemon.ts[6024, 24]: elements are not aligned
ERROR: (align) C:/Users/valmac/FullScreenPokemon/src/components/constants/Pokemon.ts[6027, 24]: elements are not aligned
ERROR: (align) C:/Users/valmac/FullScreenPokemon/src/components/constants/Pokemon.ts[6030, 24]: elements are not aligned
ERROR: (align) C:/Users/valmac/FullScreenPokemon/src/components/constants/Pokemon.ts[6033, 24]: elements are not aligned
ERROR: (align) C:/Users/valmac/FullScreenPokemon/src/components/constants/Pokemon.ts[6036, 24]: elements are not aligned
ERROR: (align) C:/Users/valmac/FullScreenPokemon/src/components/constants/Pokemon.ts[6039, 24]: elements are not aligned
ERROR: (align) C:/Users/valmac/FullScreenPokemon/src/components/constants/Pokemon.ts[6042, 24]: elements are not aligned
ERROR: (align) C:/Users/valmac/FullScreenPokemon/src/components/constants/Pokemon.ts[6045, 24]: elements are not aligned
ERROR: (align) C:/Users/valmac/FullScreenPokemon/src/components/constants/Pokemon.ts[6048, 24]: elements are not aligned
ERROR: (align) C:/Users/valmac/FullScreenPokemon/src/components/constants/Pokemon.ts[6051, 24]: elements are not aligned
ERROR: (align) C:/Users/valmac/FullScreenPokemon/src/components/constants/Pokemon.ts[6054, 24]: elements are not aligned
ERROR: (align) C:/Users/valmac/FullScreenPokemon/src/components/constants/Pokemon.ts[6057, 24]: elements are not aligned
ERROR: (align) C:/Users/valmac/FullScreenPokemon/src/components/constants/Pokemon.ts[6060, 24]: elements are not aligned
ERROR: (align) C:/Users/valmac/FullScreenPokemon/src/components/constants/Pokemon.ts[6063, 24]: elements are not aligned
ERROR: (align) C:/Users/valmac/FullScreenPokemon/src/components/constants/Pokemon.ts[6066, 24]: elements are not aligned
ERROR: (align) C:/Users/valmac/FullScreenPokemon/src/components/constants/Pokemon.ts[6069, 24]: elements are not aligned
ERROR: (align) C:/Users/valmac/FullScreenPokemon/src/components/constants/Pokemon.ts[6072, 24]: elements are not aligned
ERROR: (align) C:/Users/valmac/FullScreenPokemon/src/components/constants/Pokemon.ts[6075, 24]: elements are not aligned
ERROR: (align) C:/Users/valmac/FullScreenPokemon/src/components/constants/Pokemon.ts[6078, 24]: elements are not aligned
ERROR: (align) C:/Users/valmac/FullScreenPokemon/src/components/constants/Pokemon.ts[6081, 24]: elements are not aligned
ERROR: (align) C:/Users/valmac/FullScreenPokemon/src/components/constants/Pokemon.ts[6116, 24]: elements are not aligned
ERROR: (align) C:/Users/valmac/FullScreenPokemon/src/components/constants/Pokemon.ts[6119, 24]: elements are not aligned
ERROR: (align) C:/Users/valmac/FullScreenPokemon/src/components/constants/Pokemon.ts[6122, 24]: elements are not aligned
ERROR: (align) C:/Users/valmac/FullScreenPokemon/src/components/constants/Pokemon.ts[6125, 24]: elements are not aligned
ERROR: (align) C:/Users/valmac/FullScreenPokemon/src/components/constants/Pokemon.ts[6128, 24]: elements are not aligned
ERROR: (align) C:/Users/valmac/FullScreenPokemon/src/components/constants/Pokemon.ts[6131, 24]: elements are not aligned
ERROR: (align) C:/Users/valmac/FullScreenPokemon/src/components/constants/Pokemon.ts[6134, 24]: elements are not aligned
ERROR: (align) C:/Users/valmac/FullScreenPokemon/src/components/constants/Pokemon.ts[6137, 24]: elements are not aligned
ERROR: (align) C:/Users/valmac/FullScreenPokemon/src/components/constants/Pokemon.ts[6140, 24]: elements are not aligned
ERROR: (align) C:/Users/valmac/FullScreenPokemon/src/components/constants/Pokemon.ts[6152, 24]: elements are not aligned
ERROR: (align) C:/Users/valmac/FullScreenPokemon/src/components/constants/Pokemon.ts[6155, 24]: elements are not aligned
ERROR: (align) C:/Users/valmac/FullScreenPokemon/src/components/constants/Pokemon.ts[6158, 24]: elements are not aligned
ERROR: (align) C:/Users/valmac/FullScreenPokemon/src/components/constants/Pokemon.ts[6161, 24]: elements are not aligned
ERROR: (align) C:/Users/valmac/FullScreenPokemon/src/components/constants/Pokemon.ts[6164, 24]: elements are not aligned
ERROR: (align) C:/Users/valmac/FullScreenPokemon/src/components/constants/Pokemon.ts[6167, 24]: elements are not aligned
ERROR: (align) C:/Users/valmac/FullScreenPokemon/src/components/constants/Pokemon.ts[6170, 24]: elements are not aligned
ERROR: (align) C:/Users/valmac/FullScreenPokemon/src/components/constants/Pokemon.ts[6173, 24]: elements are not aligned
ERROR: (align) C:/Users/valmac/FullScreenPokemon/src/components/constants/Pokemon.ts[6176, 24]: elements are not aligned
ERROR: (align) C:/Users/valmac/FullScreenPokemon/src/components/constants/Pokemon.ts[6179, 24]: elements are not aligned
ERROR: (align) C:/Users/valmac/FullScreenPokemon/src/components/constants/Pokemon.ts[6182, 24]: elements are not aligned
ERROR: (align) C:/Users/valmac/FullScreenPokemon/src/components/constants/Pokemon.ts[6185, 24]: elements are not aligned
ERROR: (align) C:/Users/valmac/FullScreenPokemon/src/components/constants/Pokemon.ts[6188, 24]: elements are not aligned
ERROR: (align) C:/Users/valmac/FullScreenPokemon/src/components/constants/Pokemon.ts[6223, 24]: elements are not aligned
ERROR: (align) C:/Users/valmac/FullScreenPokemon/src/components/constants/Pokemon.ts[6226, 24]: elements are not aligned
ERROR: (align) C:/Users/valmac/FullScreenPokemon/src/components/constants/Pokemon.ts[6229, 24]: elements are not aligned
ERROR: (align) C:/Users/valmac/FullScreenPokemon/src/components/constants/Pokemon.ts[6232, 24]: elements are not aligned
ERROR: (align) C:/Users/valmac/FullScreenPokemon/src/components/constants/Pokemon.ts[6235, 24]: elements are not aligned
ERROR: (align) C:/Users/valmac/FullScreenPokemon/src/components/constants/Pokemon.ts[6238, 24]: elements are not aligned
ERROR: (align) C:/Users/valmac/FullScreenPokemon/src/components/constants/Pokemon.ts[6241, 24]: elements are not aligned
ERROR: (align) C:/Users/valmac/FullScreenPokemon/src/components/constants/Pokemon.ts[6249, 24]: elements are not aligned
ERROR: (align) C:/Users/valmac/FullScreenPokemon/src/components/constants/Pokemon.ts[6257, 24]: elements are not aligned
ERROR: (align) C:/Users/valmac/FullScreenPokemon/src/components/constants/Pokemon.ts[6260, 24]: elements are not aligned
ERROR: (align) C:/Users/valmac/FullScreenPokemon/src/components/constants/Pokemon.ts[6263, 24]: elements are not aligned
ERROR: (align) C:/Users/valmac/FullScreenPokemon/src/components/constants/Pokemon.ts[6266, 24]: elements are not aligned
ERROR: (align) C:/Users/valmac/FullScreenPokemon/src/components/constants/Pokemon.ts[6269, 24]: elements are not aligned
ERROR: (align) C:/Users/valmac/FullScreenPokemon/src/components/constants/Pokemon.ts[6272, 24]: elements are not aligned
ERROR: (align) C:/Users/valmac/FullScreenPokemon/src/components/constants/Pokemon.ts[6275, 24]: elements are not aligned
ERROR: (align) C:/Users/valmac/FullScreenPokemon/src/components/constants/Pokemon.ts[6278, 24]: elements are not aligned
ERROR: (align) C:/Users/valmac/FullScreenPokemon/src/components/constants/Pokemon.ts[6281, 24]: elements are not aligned
ERROR: (align) C:/Users/valmac/FullScreenPokemon/src/components/constants/Pokemon.ts[6284, 24]: elements are not aligned
ERROR: (align) C:/Users/valmac/FullScreenPokemon/src/components/constants/Pokemon.ts[6287, 24]: elements are not aligned
ERROR: (align) C:/Users/valmac/FullScreenPokemon/src/components/constants/Pokemon.ts[6290, 24]: elements are not aligned
ERROR: (align) C:/Users/valmac/FullScreenPokemon/src/components/constants/Pokemon.ts[6293, 24]: elements are not aligned
ERROR: (align) C:/Users/valmac/FullScreenPokemon/src/components/constants/Pokemon.ts[6296, 24]: elements are not aligned
ERROR: (align) C:/Users/valmac/FullScreenPokemon/src/components/constants/Pokemon.ts[6299, 24]: elements are not aligned
ERROR: (align) C:/Users/valmac/FullScreenPokemon/src/components/constants/Pokemon.ts[6302, 24]: elements are not aligned
ERROR: (align) C:/Users/valmac/FullScreenPokemon/src/components/constants/Pokemon.ts[6305, 24]: elements are not aligned
ERROR: (align) C:/Users/valmac/FullScreenPokemon/src/components/constants/Pokemon.ts[6308, 24]: elements are not aligned
ERROR: (align) C:/Users/valmac/FullScreenPokemon/src/components/constants/Pokemon.ts[6311, 24]: elements are not aligned
ERROR: (align) C:/Users/valmac/FullScreenPokemon/src/components/constants/Pokemon.ts[6314, 24]: elements are not aligned
ERROR: (align) C:/Users/valmac/FullScreenPokemon/src/components/constants/Pokemon.ts[6317, 24]: elements are not aligned
ERROR: (align) C:/Users/valmac/FullScreenPokemon/src/components/constants/Pokemon.ts[6320, 24]: elements are not aligned
ERROR: (align) C:/Users/valmac/FullScreenPokemon/src/components/constants/Pokemon.ts[6323, 24]: elements are not aligned
ERROR: (align) C:/Users/valmac/FullScreenPokemon/src/components/constants/Pokemon.ts[6326, 24]: elements are not aligned
ERROR: (align) C:/Users/valmac/FullScreenPokemon/src/components/constants/Pokemon.ts[6329, 24]: elements are not aligned
ERROR: (align) C:/Users/valmac/FullScreenPokemon/src/components/constants/Pokemon.ts[6332, 24]: elements are not aligned
ERROR: (align) C:/Users/valmac/FullScreenPokemon/src/components/constants/Pokemon.ts[6335, 24]: elements are not aligned
ERROR: (align) C:/Users/valmac/FullScreenPokemon/src/components/constants/Pokemon.ts[6338, 24]: elements are not aligned
ERROR: (align) C:/Users/valmac/FullScreenPokemon/src/components/constants/Pokemon.ts[6341, 24]: elements are not aligned
ERROR: (align) C:/Users/valmac/FullScreenPokemon/src/components/constants/Pokemon.ts[6367, 24]: elements are not aligned
ERROR: (align) C:/Users/valmac/FullScreenPokemon/src/components/constants/Pokemon.ts[6370, 24]: elements are not aligned
ERROR: (align) C:/Users/valmac/FullScreenPokemon/src/components/constants/Pokemon.ts[6373, 24]: elements are not aligned
ERROR: (align) C:/Users/valmac/FullScreenPokemon/src/components/constants/Pokemon.ts[6376, 24]: elements are not aligned
ERROR: (align) C:/Users/valmac/FullScreenPokemon/src/components/constants/Pokemon.ts[6379, 24]: elements are not aligned
ERROR: (align) C:/Users/valmac/FullScreenPokemon/src/components/constants/Pokemon.ts[6382, 24]: elements are not aligned
ERROR: (align) C:/Users/valmac/FullScreenPokemon/src/components/constants/Pokemon.ts[6385, 24]: elements are not aligned
ERROR: (align) C:/Users/valmac/FullScreenPokemon/src/components/constants/Pokemon.ts[6388, 24]: elements are not aligned
ERROR: (align) C:/Users/valmac/FullScreenPokemon/src/components/constants/Pokemon.ts[6391, 24]: elements are not aligned
ERROR: (align) C:/Users/valmac/FullScreenPokemon/src/components/constants/Pokemon.ts[6394, 24]: elements are not aligned
ERROR: (align) C:/Users/valmac/FullScreenPokemon/src/components/constants/Pokemon.ts[6397, 24]: elements are not aligned
ERROR: (align) C:/Users/valmac/FullScreenPokemon/src/components/constants/Pokemon.ts[6428, 24]: elements are not aligned
ERROR: (align) C:/Users/valmac/FullScreenPokemon/src/components/constants/Pokemon.ts[6431, 24]: elements are not aligned
ERROR: (align) C:/Users/valmac/FullScreenPokemon/src/components/constants/Pokemon.ts[6434, 24]: elements are not aligned
ERROR: (align) C:/Users/valmac/FullScreenPokemon/src/components/constants/Pokemon.ts[6437, 24]: elements are not aligned
ERROR: (align) C:/Users/valmac/FullScreenPokemon/src/components/constants/Pokemon.ts[6440, 24]: elements are not aligned
ERROR: (align) C:/Users/valmac/FullScreenPokemon/src/components/constants/Pokemon.ts[6443, 24]: elements are not aligned
ERROR: (align) C:/Users/valmac/FullScreenPokemon/src/components/constants/Pokemon.ts[6446, 24]: elements are not aligned
ERROR: (align) C:/Users/valmac/FullScreenPokemon/src/components/constants/Pokemon.ts[6454, 24]: elements are not aligned
ERROR: (align) C:/Users/valmac/FullScreenPokemon/src/components/constants/Pokemon.ts[6457, 24]: elements are not aligned
ERROR: (align) C:/Users/valmac/FullScreenPokemon/src/components/constants/Pokemon.ts[6460, 24]: elements are not aligned
ERROR: (align) C:/Users/valmac/FullScreenPokemon/src/components/constants/Pokemon.ts[6463, 24]: elements are not aligned
ERROR: (align) C:/Users/valmac/FullScreenPokemon/src/components/constants/Pokemon.ts[6466, 24]: elements are not aligned
ERROR: (align) C:/Users/valmac/FullScreenPokemon/src/components/constants/Pokemon.ts[6469, 24]: elements are not aligned
ERROR: (align) C:/Users/valmac/FullScreenPokemon/src/components/constants/Pokemon.ts[6472, 24]: elements are not aligned
ERROR: (align) C:/Users/valmac/FullScreenPokemon/src/components/constants/Pokemon.ts[6475, 24]: elements are not aligned
ERROR: (align) C:/Users/valmac/FullScreenPokemon/src/components/constants/Pokemon.ts[6478, 24]: elements are not aligned
ERROR: (align) C:/Users/valmac/FullScreenPokemon/src/components/constants/Pokemon.ts[6481, 24]: elements are not aligned
ERROR: (align) C:/Users/valmac/FullScreenPokemon/src/components/constants/Pokemon.ts[6484, 24]: elements are not aligned
ERROR: (align) C:/Users/valmac/FullScreenPokemon/src/components/constants/Pokemon.ts[6487, 24]: elements are not aligned
ERROR: (align) C:/Users/valmac/FullScreenPokemon/src/components/constants/Pokemon.ts[6490, 24]: elements are not aligned
ERROR: (align) C:/Users/valmac/FullScreenPokemon/src/components/constants/Pokemon.ts[6493, 24]: elements are not aligned
ERROR: (align) C:/Users/valmac/FullScreenPokemon/src/components/constants/Pokemon.ts[6496, 24]: elements are not aligned
ERROR: (align) C:/Users/valmac/FullScreenPokemon/src/components/constants/Pokemon.ts[6499, 24]: elements are not aligned
ERROR: (align) C:/Users/valmac/FullScreenPokemon/src/components/constants/Pokemon.ts[6502, 24]: elements are not aligned
ERROR: (align) C:/Users/valmac/FullScreenPokemon/src/components/constants/Pokemon.ts[6505, 24]: elements are not aligned
ERROR: (align) C:/Users/valmac/FullScreenPokemon/src/components/constants/Pokemon.ts[6508, 24]: elements are not aligned
ERROR: (align) C:/Users/valmac/FullScreenPokemon/src/components/constants/Pokemon.ts[6511, 24]: elements are not aligned
ERROR: (align) C:/Users/valmac/FullScreenPokemon/src/components/constants/Pokemon.ts[6514, 24]: elements are not aligned
ERROR: (align) C:/Users/valmac/FullScreenPokemon/src/components/constants/Pokemon.ts[6517, 24]: elements are not aligned
ERROR: (align) C:/Users/valmac/FullScreenPokemon/src/components/constants/Pokemon.ts[6520, 24]: elements are not aligned
ERROR: (align) C:/Users/valmac/FullScreenPokemon/src/components/constants/Pokemon.ts[6523, 24]: elements are not aligned
ERROR: (align) C:/Users/valmac/FullScreenPokemon/src/components/constants/Pokemon.ts[6526, 24]: elements are not aligned
ERROR: (align) C:/Users/valmac/FullScreenPokemon/src/components/constants/Pokemon.ts[6534, 24]: elements are not aligned
ERROR: (align) C:/Users/valmac/FullScreenPokemon/src/components/constants/Pokemon.ts[6537, 24]: elements are not aligned
ERROR: (align) C:/Users/valmac/FullScreenPokemon/src/components/constants/Pokemon.ts[6540, 24]: elements are not aligned
ERROR: (align) C:/Users/valmac/FullScreenPokemon/src/components/constants/Pokemon.ts[6543, 24]: elements are not aligned
ERROR: (align) C:/Users/valmac/FullScreenPokemon/src/components/constants/Pokemon.ts[6546, 24]: elements are not aligned
ERROR: (align) C:/Users/valmac/FullScreenPokemon/src/components/constants/Pokemon.ts[6549, 24]: elements are not aligned
ERROR: (align) C:/Users/valmac/FullScreenPokemon/src/components/constants/Pokemon.ts[6552, 24]: elements are not aligned
ERROR: (align) C:/Users/valmac/FullScreenPokemon/src/components/constants/Pokemon.ts[6587, 24]: elements are not aligned
ERROR: (align) C:/Users/valmac/FullScreenPokemon/src/components/constants/Pokemon.ts[6590, 24]: elements are not aligned
ERROR: (align) C:/Users/valmac/FullScreenPokemon/src/components/constants/Pokemon.ts[6593, 24]: elements are not aligned
ERROR: (align) C:/Users/valmac/FullScreenPokemon/src/components/constants/Pokemon.ts[6596, 24]: elements are not aligned
ERROR: (align) C:/Users/valmac/FullScreenPokemon/src/components/constants/Pokemon.ts[6599, 24]: elements are not aligned
ERROR: (align) C:/Users/valmac/FullScreenPokemon/src/components/constants/Pokemon.ts[6611, 24]: elements are not aligned
ERROR: (align) C:/Users/valmac/FullScreenPokemon/src/components/constants/Pokemon.ts[6614, 24]: elements are not aligned
ERROR: (align) C:/Users/valmac/FullScreenPokemon/src/components/constants/Pokemon.ts[6617, 24]: elements are not aligned
ERROR: (align) C:/Users/valmac/FullScreenPokemon/src/components/constants/Pokemon.ts[6620, 24]: elements are not aligned
ERROR: (align) C:/Users/valmac/FullScreenPokemon/src/components/constants/Pokemon.ts[6623, 24]: elements are not aligned
ERROR: (align) C:/Users/valmac/FullScreenPokemon/src/components/constants/Pokemon.ts[6626, 24]: elements are not aligned
ERROR: (align) C:/Users/valmac/FullScreenPokemon/src/components/constants/Pokemon.ts[6629, 24]: elements are not aligned
ERROR: (align) C:/Users/valmac/FullScreenPokemon/src/components/constants/Pokemon.ts[6632, 24]: elements are not aligned
ERROR: (align) C:/Users/valmac/FullScreenPokemon/src/components/constants/Pokemon.ts[6635, 24]: elements are not aligned
ERROR: (align) C:/Users/valmac/FullScreenPokemon/src/components/constants/Pokemon.ts[6638, 24]: elements are not aligned
ERROR: (align) C:/Users/valmac/FullScreenPokemon/src/components/constants/Pokemon.ts[6641, 24]: elements are not aligned
ERROR: (align) C:/Users/valmac/FullScreenPokemon/src/components/constants/Pokemon.ts[6644, 24]: elements are not aligned
ERROR: (align) C:/Users/valmac/FullScreenPokemon/src/components/constants/Pokemon.ts[6647, 24]: elements are not aligned
ERROR: (align) C:/Users/valmac/FullScreenPokemon/src/components/constants/Pokemon.ts[6650, 24]: elements are not aligned
ERROR: (align) C:/Users/valmac/FullScreenPokemon/src/components/constants/Pokemon.ts[6676, 24]: elements are not aligned
ERROR: (align) C:/Users/valmac/FullScreenPokemon/src/components/constants/Pokemon.ts[6679, 24]: elements are not aligned
ERROR: (align) C:/Users/valmac/FullScreenPokemon/src/components/constants/Pokemon.ts[6682, 24]: elements are not aligned
ERROR: (align) C:/Users/valmac/FullScreenPokemon/src/components/constants/Pokemon.ts[6685, 24]: elements are not aligned
ERROR: (align) C:/Users/valmac/FullScreenPokemon/src/components/constants/Pokemon.ts[6688, 24]: elements are not aligned
ERROR: (align) C:/Users/valmac/FullScreenPokemon/src/components/constants/Pokemon.ts[6691, 24]: elements are not aligned
ERROR: (align) C:/Users/valmac/FullScreenPokemon/src/components/constants/Pokemon.ts[6700, 24]: elements are not aligned
ERROR: (align) C:/Users/valmac/FullScreenPokemon/src/components/constants/Pokemon.ts[6703, 24]: elements are not aligned
ERROR: (align) C:/Users/valmac/FullScreenPokemon/src/components/constants/Pokemon.ts[6706, 24]: elements are not aligned
ERROR: (align) C:/Users/valmac/FullScreenPokemon/src/components/constants/Pokemon.ts[6709, 24]: elements are not aligned
ERROR: (align) C:/Users/valmac/FullScreenPokemon/src/components/constants/Pokemon.ts[6712, 24]: elements are not aligned
ERROR: (align) C:/Users/valmac/FullScreenPokemon/src/components/constants/Pokemon.ts[6715, 24]: elements are not aligned
ERROR: (align) C:/Users/valmac/FullScreenPokemon/src/components/constants/Pokemon.ts[6718, 24]: elements are not aligned
ERROR: (align) C:/Users/valmac/FullScreenPokemon/src/components/constants/Pokemon.ts[6721, 24]: elements are not aligned
ERROR: (align) C:/Users/valmac/FullScreenPokemon/src/components/constants/Pokemon.ts[6724, 24]: elements are not aligned
ERROR: (align) C:/Users/valmac/FullScreenPokemon/src/components/constants/Pokemon.ts[6727, 24]: elements are not aligned
ERROR: (align) C:/Users/valmac/FullScreenPokemon/src/components/constants/Pokemon.ts[6730, 24]: elements are not aligned
ERROR: (align) C:/Users/valmac/FullScreenPokemon/src/components/constants/Pokemon.ts[6733, 24]: elements are not aligned
ERROR: (align) C:/Users/valmac/FullScreenPokemon/src/components/constants/Pokemon.ts[6736, 24]: elements are not aligned
ERROR: (align) C:/Users/valmac/FullScreenPokemon/src/components/constants/Pokemon.ts[6739, 24]: elements are not aligned
ERROR: (align) C:/Users/valmac/FullScreenPokemon/src/components/constants/Pokemon.ts[6742, 24]: elements are not aligned
ERROR: (align) C:/Users/valmac/FullScreenPokemon/src/components/constants/Pokemon.ts[6745, 24]: elements are not aligned
ERROR: (align) C:/Users/valmac/FullScreenPokemon/src/components/constants/Pokemon.ts[6748, 24]: elements are not aligned
ERROR: (align) C:/Users/valmac/FullScreenPokemon/src/components/constants/Pokemon.ts[6751, 24]: elements are not aligned
ERROR: (align) C:/Users/valmac/FullScreenPokemon/src/components/constants/Pokemon.ts[6754, 24]: elements are not aligned
ERROR: (align) C:/Users/valmac/FullScreenPokemon/src/components/constants/Pokemon.ts[6757, 24]: elements are not aligned
ERROR: (align) C:/Users/valmac/FullScreenPokemon/src/components/constants/Pokemon.ts[6760, 24]: elements are not aligned
ERROR: (align) C:/Users/valmac/FullScreenPokemon/src/components/constants/Pokemon.ts[6794, 24]: elements are not aligned
ERROR: (align) C:/Users/valmac/FullScreenPokemon/src/components/constants/Pokemon.ts[6797, 24]: elements are not aligned
ERROR: (align) C:/Users/valmac/FullScreenPokemon/src/components/constants/Pokemon.ts[6800, 24]: elements are not aligned
ERROR: (align) C:/Users/valmac/FullScreenPokemon/src/components/constants/Pokemon.ts[6803, 24]: elements are not aligned
ERROR: (align) C:/Users/valmac/FullScreenPokemon/src/components/constants/Pokemon.ts[6806, 24]: elements are not aligned
ERROR: (align) C:/Users/valmac/FullScreenPokemon/src/components/constants/Pokemon.ts[6809, 24]: elements are not aligned
ERROR: (align) C:/Users/valmac/FullScreenPokemon/src/components/constants/Pokemon.ts[6812, 24]: elements are not aligned
ERROR: (align) C:/Users/valmac/FullScreenPokemon/src/components/constants/Pokemon.ts[6815, 24]: elements are not aligned
ERROR: (align) C:/Users/valmac/FullScreenPokemon/src/components/constants/Pokemon.ts[6827, 24]: elements are not aligned
ERROR: (align) C:/Users/valmac/FullScreenPokemon/src/components/constants/Pokemon.ts[6830, 24]: elements are not aligned
ERROR: (align) C:/Users/valmac/FullScreenPokemon/src/components/constants/Pokemon.ts[6833, 24]: elements are not aligned
ERROR: (align) C:/Users/valmac/FullScreenPokemon/src/components/constants/Pokemon.ts[6836, 24]: elements are not aligned
ERROR: (align) C:/Users/valmac/FullScreenPokemon/src/components/constants/Pokemon.ts[6839, 24]: elements are not aligned
ERROR: (align) C:/Users/valmac/FullScreenPokemon/src/components/constants/Pokemon.ts[6842, 24]: elements are not aligned
ERROR: (align) C:/Users/valmac/FullScreenPokemon/src/components/constants/Pokemon.ts[6845, 24]: elements are not aligned
ERROR: (align) C:/Users/valmac/FullScreenPokemon/src/components/constants/Pokemon.ts[6848, 24]: elements are not aligned
ERROR: (align) C:/Users/valmac/FullScreenPokemon/src/components/constants/Pokemon.ts[6851, 24]: elements are not aligned
ERROR: (align) C:/Users/valmac/FullScreenPokemon/src/components/constants/Pokemon.ts[6854, 24]: elements are not aligned
ERROR: (align) C:/Users/valmac/FullScreenPokemon/src/components/constants/Pokemon.ts[6857, 24]: elements are not aligned
ERROR: (align) C:/Users/valmac/FullScreenPokemon/src/components/constants/Pokemon.ts[6860, 24]: elements are not aligned
ERROR: (align) C:/Users/valmac/FullScreenPokemon/src/components/constants/Pokemon.ts[6863, 24]: elements are not aligned
ERROR: (align) C:/Users/valmac/FullScreenPokemon/src/components/constants/Pokemon.ts[6866, 24]: elements are not aligned
ERROR: (align) C:/Users/valmac/FullScreenPokemon/src/components/constants/Pokemon.ts[6869, 24]: elements are not aligned
ERROR: (align) C:/Users/valmac/FullScreenPokemon/src/components/constants/Pokemon.ts[6872, 24]: elements are not aligned
ERROR: (align) C:/Users/valmac/FullScreenPokemon/src/components/constants/Pokemon.ts[6875, 24]: elements are not aligned
ERROR: (align) C:/Users/valmac/FullScreenPokemon/src/components/constants/Pokemon.ts[6878, 24]: elements are not aligned
ERROR: (align) C:/Users/valmac/FullScreenPokemon/src/components/constants/Pokemon.ts[6881, 24]: elements are not aligned
ERROR: (align) C:/Users/valmac/FullScreenPokemon/src/components/constants/Pokemon.ts[6884, 24]: elements are not aligned
ERROR: (align) C:/Users/valmac/FullScreenPokemon/src/components/constants/Pokemon.ts[6887, 24]: elements are not aligned
ERROR: (align) C:/Users/valmac/FullScreenPokemon/src/components/constants/Pokemon.ts[6890, 24]: elements are not aligned
ERROR: (align) C:/Users/valmac/FullScreenPokemon/src/components/constants/Pokemon.ts[6893, 24]: elements are not aligned
ERROR: (align) C:/Users/valmac/FullScreenPokemon/src/components/constants/Pokemon.ts[6955, 24]: elements are not aligned
ERROR: (align) C:/Users/valmac/FullScreenPokemon/src/components/constants/Pokemon.ts[6958, 24]: elements are not aligned
ERROR: (align) C:/Users/valmac/FullScreenPokemon/src/components/constants/Pokemon.ts[6961, 24]: elements are not aligned
ERROR: (align) C:/Users/valmac/FullScreenPokemon/src/components/constants/Pokemon.ts[6964, 24]: elements are not aligned
ERROR: (align) C:/Users/valmac/FullScreenPokemon/src/components/constants/Pokemon.ts[6967, 24]: elements are not aligned
ERROR: (align) C:/Users/valmac/FullScreenPokemon/src/components/constants/Pokemon.ts[6970, 24]: elements are not aligned
ERROR: (align) C:/Users/valmac/FullScreenPokemon/src/components/constants/Pokemon.ts[6979, 24]: elements are not aligned
ERROR: (align) C:/Users/valmac/FullScreenPokemon/src/components/constants/Pokemon.ts[6982, 24]: elements are not aligned
ERROR: (align) C:/Users/valmac/FullScreenPokemon/src/components/constants/Pokemon.ts[6985, 24]: elements are not aligned
ERROR: (align) C:/Users/valmac/FullScreenPokemon/src/components/constants/Pokemon.ts[6988, 24]: elements are not aligned
ERROR: (align) C:/Users/valmac/FullScreenPokemon/src/components/constants/Pokemon.ts[6991, 24]: elements are not aligned
ERROR: (align) C:/Users/valmac/FullScreenPokemon/src/components/constants/Pokemon.ts[6994, 24]: elements are not aligned
ERROR: (align) C:/Users/valmac/FullScreenPokemon/src/components/constants/Pokemon.ts[6997, 24]: elements are not aligned
ERROR: (align) C:/Users/valmac/FullScreenPokemon/src/components/constants/Pokemon.ts[7000, 24]: elements are not aligned
ERROR: (align) C:/Users/valmac/FullScreenPokemon/src/components/constants/Pokemon.ts[7003, 24]: elements are not aligned
ERROR: (align) C:/Users/valmac/FullScreenPokemon/src/components/constants/Pokemon.ts[7006, 24]: elements are not aligned
ERROR: (align) C:/Users/valmac/FullScreenPokemon/src/components/constants/Pokemon.ts[7009, 24]: elements are not aligned
ERROR: (align) C:/Users/valmac/FullScreenPokemon/src/components/constants/Pokemon.ts[7012, 24]: elements are not aligned
ERROR: (align) C:/Users/valmac/FullScreenPokemon/src/components/constants/Pokemon.ts[7015, 24]: elements are not aligned
ERROR: (align) C:/Users/valmac/FullScreenPokemon/src/components/constants/Pokemon.ts[7018, 24]: elements are not aligned
ERROR: (align) C:/Users/valmac/FullScreenPokemon/src/components/constants/Pokemon.ts[7021, 24]: elements are not aligned
ERROR: (align) C:/Users/valmac/FullScreenPokemon/src/components/constants/Pokemon.ts[7024, 24]: elements are not aligned
ERROR: (align) C:/Users/valmac/FullScreenPokemon/src/components/constants/Pokemon.ts[7027, 24]: elements are not aligned
ERROR: (align) C:/Users/valmac/FullScreenPokemon/src/components/constants/Pokemon.ts[7030, 24]: elements are not aligned
ERROR: (align) C:/Users/valmac/FullScreenPokemon/src/components/constants/Pokemon.ts[7033, 24]: elements are not aligned
ERROR: (align) C:/Users/valmac/FullScreenPokemon/src/components/constants/Pokemon.ts[7036, 24]: elements are not aligned
ERROR: (align) C:/Users/valmac/FullScreenPokemon/src/components/constants/Pokemon.ts[7039, 24]: elements are not aligned
ERROR: (align) C:/Users/valmac/FullScreenPokemon/src/components/constants/Pokemon.ts[7042, 24]: elements are not aligned
ERROR: (align) C:/Users/valmac/FullScreenPokemon/src/components/constants/Pokemon.ts[7045, 24]: elements are not aligned
ERROR: (align) C:/Users/valmac/FullScreenPokemon/src/components/constants/Pokemon.ts[7048, 24]: elements are not aligned
ERROR: (align) C:/Users/valmac/FullScreenPokemon/src/components/constants/Pokemon.ts[7051, 24]: elements are not aligned
ERROR: (align) C:/Users/valmac/FullScreenPokemon/src/components/constants/Pokemon.ts[7054, 24]: elements are not aligned
ERROR: (align) C:/Users/valmac/FullScreenPokemon/src/components/constants/Pokemon.ts[7080, 24]: elements are not aligned
ERROR: (align) C:/Users/valmac/FullScreenPokemon/src/components/constants/Pokemon.ts[7083, 24]: elements are not aligned
ERROR: (align) C:/Users/valmac/FullScreenPokemon/src/components/constants/Pokemon.ts[7086, 24]: elements are not aligned
ERROR: (align) C:/Users/valmac/FullScreenPokemon/src/components/constants/Pokemon.ts[7089, 24]: elements are not aligned
ERROR: (align) C:/Users/valmac/FullScreenPokemon/src/components/constants/Pokemon.ts[7092, 24]: elements are not aligned
ERROR: (align) C:/Users/valmac/FullScreenPokemon/src/components/constants/Pokemon.ts[7095, 24]: elements are not aligned
ERROR: (align) C:/Users/valmac/FullScreenPokemon/src/components/constants/Pokemon.ts[7098, 24]: elements are not aligned
ERROR: (align) C:/Users/valmac/FullScreenPokemon/src/components/constants/Pokemon.ts[7106, 24]: elements are not aligned
ERROR: (align) C:/Users/valmac/FullScreenPokemon/src/components/constants/Pokemon.ts[7109, 24]: elements are not aligned
ERROR: (align) C:/Users/valmac/FullScreenPokemon/src/components/constants/Pokemon.ts[7117, 24]: elements are not aligned
ERROR: (align) C:/Users/valmac/FullScreenPokemon/src/components/constants/Pokemon.ts[7120, 24]: elements are not aligned
ERROR: (align) C:/Users/valmac/FullScreenPokemon/src/components/constants/Pokemon.ts[7123, 24]: elements are not aligned
ERROR: (align) C:/Users/valmac/FullScreenPokemon/src/components/constants/Pokemon.ts[7126, 24]: elements are not aligned
ERROR: (align) C:/Users/valmac/FullScreenPokemon/src/components/constants/Pokemon.ts[7129, 24]: elements are not aligned
ERROR: (align) C:/Users/valmac/FullScreenPokemon/src/components/constants/Pokemon.ts[7132, 24]: elements are not aligned
ERROR: (align) C:/Users/valmac/FullScreenPokemon/src/components/constants/Pokemon.ts[7135, 24]: elements are not aligned
ERROR: (align) C:/Users/valmac/FullScreenPokemon/src/components/constants/Pokemon.ts[7138, 24]: elements are not aligned
ERROR: (align) C:/Users/valmac/FullScreenPokemon/src/components/constants/Pokemon.ts[7141, 24]: elements are not aligned
ERROR: (align) C:/Users/valmac/FullScreenPokemon/src/components/constants/Pokemon.ts[7144, 24]: elements are not aligned
ERROR: (align) C:/Users/valmac/FullScreenPokemon/src/components/constants/Pokemon.ts[7147, 24]: elements are not aligned
ERROR: (align) C:/Users/valmac/FullScreenPokemon/src/components/constants/Pokemon.ts[7150, 24]: elements are not aligned
ERROR: (align) C:/Users/valmac/FullScreenPokemon/src/components/constants/Pokemon.ts[7153, 24]: elements are not aligned
ERROR: (align) C:/Users/valmac/FullScreenPokemon/src/components/constants/Pokemon.ts[7156, 24]: elements are not aligned
ERROR: (align) C:/Users/valmac/FullScreenPokemon/src/components/constants/Pokemon.ts[7159, 24]: elements are not aligned
ERROR: (align) C:/Users/valmac/FullScreenPokemon/src/components/constants/Pokemon.ts[7194, 24]: elements are not aligned
ERROR: (align) C:/Users/valmac/FullScreenPokemon/src/components/constants/Pokemon.ts[7197, 24]: elements are not aligned
ERROR: (align) C:/Users/valmac/FullScreenPokemon/src/components/constants/Pokemon.ts[7200, 24]: elements are not aligned
ERROR: (align) C:/Users/valmac/FullScreenPokemon/src/components/constants/Pokemon.ts[7203, 24]: elements are not aligned
ERROR: (align) C:/Users/valmac/FullScreenPokemon/src/components/constants/Pokemon.ts[7206, 24]: elements are not aligned
ERROR: (align) C:/Users/valmac/FullScreenPokemon/src/components/constants/Pokemon.ts[7209, 24]: elements are not aligned
ERROR: (align) C:/Users/valmac/FullScreenPokemon/src/components/constants/Pokemon.ts[7217, 24]: elements are not aligned
ERROR: (align) C:/Users/valmac/FullScreenPokemon/src/components/constants/Pokemon.ts[7220, 24]: elements are not aligned
ERROR: (align) C:/Users/valmac/FullScreenPokemon/src/components/constants/Pokemon.ts[7223, 24]: elements are not aligned
ERROR: (align) C:/Users/valmac/FullScreenPokemon/src/components/constants/Pokemon.ts[7226, 24]: elements are not aligned
ERROR: (align) C:/Users/valmac/FullScreenPokemon/src/components/constants/Pokemon.ts[7229, 24]: elements are not aligned
ERROR: (align) C:/Users/valmac/FullScreenPokemon/src/components/constants/Pokemon.ts[7232, 24]: elements are not aligned
ERROR: (align) C:/Users/valmac/FullScreenPokemon/src/components/constants/Pokemon.ts[7235, 24]: elements are not aligned
ERROR: (align) C:/Users/valmac/FullScreenPokemon/src/components/constants/Pokemon.ts[7238, 24]: elements are not aligned
ERROR: (align) C:/Users/valmac/FullScreenPokemon/src/components/constants/Pokemon.ts[7241, 24]: elements are not aligned
ERROR: (align) C:/Users/valmac/FullScreenPokemon/src/components/constants/Pokemon.ts[7244, 24]: elements are not aligned
ERROR: (align) C:/Users/valmac/FullScreenPokemon/src/components/constants/Pokemon.ts[7247, 24]: elements are not aligned
ERROR: (align) C:/Users/valmac/FullScreenPokemon/src/components/constants/Pokemon.ts[7255, 24]: elements are not aligned
ERROR: (align) C:/Users/valmac/FullScreenPokemon/src/components/constants/Pokemon.ts[7258, 24]: elements are not aligned
ERROR: (align) C:/Users/valmac/FullScreenPokemon/src/components/constants/Pokemon.ts[7261, 24]: elements are not aligned
ERROR: (align) C:/Users/valmac/FullScreenPokemon/src/components/constants/Pokemon.ts[7264, 24]: elements are not aligned
ERROR: (align) C:/Users/valmac/FullScreenPokemon/src/components/constants/Pokemon.ts[7267, 24]: elements are not aligned
ERROR: (align) C:/Users/valmac/FullScreenPokemon/src/components/constants/Pokemon.ts[7270, 24]: elements are not aligned
ERROR: (align) C:/Users/valmac/FullScreenPokemon/src/components/constants/Pokemon.ts[7305, 24]: elements are not aligned
ERROR: (align) C:/Users/valmac/FullScreenPokemon/src/components/constants/Pokemon.ts[7308, 24]: elements are not aligned
ERROR: (align) C:/Users/valmac/FullScreenPokemon/src/components/constants/Pokemon.ts[7311, 24]: elements are not aligned
ERROR: (align) C:/Users/valmac/FullScreenPokemon/src/components/constants/Pokemon.ts[7314, 24]: elements are not aligned
ERROR: (align) C:/Users/valmac/FullScreenPokemon/src/components/constants/Pokemon.ts[7317, 24]: elements are not aligned
ERROR: (align) C:/Users/valmac/FullScreenPokemon/src/components/constants/Pokemon.ts[7320, 24]: elements are not aligned
ERROR: (align) C:/Users/valmac/FullScreenPokemon/src/components/constants/Pokemon.ts[7329, 24]: elements are not aligned
ERROR: (align) C:/Users/valmac/FullScreenPokemon/src/components/constants/Pokemon.ts[7332, 24]: elements are not aligned
ERROR: (align) C:/Users/valmac/FullScreenPokemon/src/components/constants/Pokemon.ts[7335, 24]: elements are not aligned
ERROR: (align) C:/Users/valmac/FullScreenPokemon/src/components/constants/Pokemon.ts[7338, 24]: elements are not aligned
ERROR: (align) C:/Users/valmac/FullScreenPokemon/src/components/constants/Pokemon.ts[7341, 24]: elements are not aligned
ERROR: (align) C:/Users/valmac/FullScreenPokemon/src/components/constants/Pokemon.ts[7344, 24]: elements are not aligned
ERROR: (align) C:/Users/valmac/FullScreenPokemon/src/components/constants/Pokemon.ts[7347, 24]: elements are not aligned
ERROR: (align) C:/Users/valmac/FullScreenPokemon/src/components/constants/Pokemon.ts[7350, 24]: elements are not aligned
ERROR: (align) C:/Users/valmac/FullScreenPokemon/src/components/constants/Pokemon.ts[7353, 24]: elements are not aligned
ERROR: (align) C:/Users/valmac/FullScreenPokemon/src/components/constants/Pokemon.ts[7356, 24]: elements are not aligned
ERROR: (align) C:/Users/valmac/FullScreenPokemon/src/components/constants/Pokemon.ts[7359, 24]: elements are not aligned
ERROR: (align) C:/Users/valmac/FullScreenPokemon/src/components/constants/Pokemon.ts[7362, 24]: elements are not aligned
ERROR: (align) C:/Users/valmac/FullScreenPokemon/src/components/constants/Pokemon.ts[7365, 24]: elements are not aligned
ERROR: (align) C:/Users/valmac/FullScreenPokemon/src/components/constants/Pokemon.ts[7368, 24]: elements are not aligned
ERROR: (align) C:/Users/valmac/FullScreenPokemon/src/components/constants/Pokemon.ts[7394, 24]: elements are not aligned
ERROR: (align) C:/Users/valmac/FullScreenPokemon/src/components/constants/Pokemon.ts[7397, 24]: elements are not aligned
ERROR: (align) C:/Users/valmac/FullScreenPokemon/src/components/constants/Pokemon.ts[7400, 24]: elements are not aligned
ERROR: (align) C:/Users/valmac/FullScreenPokemon/src/components/constants/Pokemon.ts[7403, 24]: elements are not aligned
ERROR: (align) C:/Users/valmac/FullScreenPokemon/src/components/constants/Pokemon.ts[7406, 24]: elements are not aligned
ERROR: (align) C:/Users/valmac/FullScreenPokemon/src/components/constants/Pokemon.ts[7409, 24]: elements are not aligned
ERROR: (align) C:/Users/valmac/FullScreenPokemon/src/components/constants/Pokemon.ts[7412, 24]: elements are not aligned
ERROR: (align) C:/Users/valmac/FullScreenPokemon/src/components/constants/Pokemon.ts[7420, 24]: elements are not aligned
ERROR: (align) C:/Users/valmac/FullScreenPokemon/src/components/constants/Pokemon.ts[7428, 24]: elements are not aligned
ERROR: (align) C:/Users/valmac/FullScreenPokemon/src/components/constants/Pokemon.ts[7431, 24]: elements are not aligned
ERROR: (align) C:/Users/valmac/FullScreenPokemon/src/components/constants/Pokemon.ts[7434, 24]: elements are not aligned
ERROR: (align) C:/Users/valmac/FullScreenPokemon/src/components/constants/Pokemon.ts[7437, 24]: elements are not aligned
ERROR: (align) C:/Users/valmac/FullScreenPokemon/src/components/constants/Pokemon.ts[7440, 24]: elements are not aligned
ERROR: (align) C:/Users/valmac/FullScreenPokemon/src/components/constants/Pokemon.ts[7443, 24]: elements are not aligned
ERROR: (align) C:/Users/valmac/FullScreenPokemon/src/components/constants/Pokemon.ts[7446, 24]: elements are not aligned
ERROR: (align) C:/Users/valmac/FullScreenPokemon/src/components/constants/Pokemon.ts[7449, 24]: elements are not aligned
ERROR: (align) C:/Users/valmac/FullScreenPokemon/src/components/constants/Pokemon.ts[7452, 24]: elements are not aligned
ERROR: (align) C:/Users/valmac/FullScreenPokemon/src/components/constants/Pokemon.ts[7455, 24]: elements are not aligned
ERROR: (align) C:/Users/valmac/FullScreenPokemon/src/components/constants/Pokemon.ts[7458, 24]: elements are not aligned
ERROR: (align) C:/Users/valmac/FullScreenPokemon/src/components/constants/Pokemon.ts[7461, 24]: elements are not aligned
ERROR: (align) C:/Users/valmac/FullScreenPokemon/src/components/constants/Pokemon.ts[7464, 24]: elements are not aligned
ERROR: (align) C:/Users/valmac/FullScreenPokemon/src/components/constants/Pokemon.ts[7467, 24]: elements are not aligned
ERROR: (align) C:/Users/valmac/FullScreenPokemon/src/components/constants/Pokemon.ts[7470, 24]: elements are not aligned
ERROR: (align) C:/Users/valmac/FullScreenPokemon/src/components/constants/Pokemon.ts[7473, 24]: elements are not aligned
ERROR: (align) C:/Users/valmac/FullScreenPokemon/src/components/constants/Pokemon.ts[7476, 24]: elements are not aligned
ERROR: (align) C:/Users/valmac/FullScreenPokemon/src/components/constants/Pokemon.ts[7479, 24]: elements are not aligned
ERROR: (align) C:/Users/valmac/FullScreenPokemon/src/components/constants/Pokemon.ts[7482, 24]: elements are not aligned
ERROR: (align) C:/Users/valmac/FullScreenPokemon/src/components/constants/Pokemon.ts[7485, 24]: elements are not aligned
ERROR: (align) C:/Users/valmac/FullScreenPokemon/src/components/constants/Pokemon.ts[7488, 24]: elements are not aligned
ERROR: (align) C:/Users/valmac/FullScreenPokemon/src/components/constants/Pokemon.ts[7491, 24]: elements are not aligned
ERROR: (align) C:/Users/valmac/FullScreenPokemon/src/components/constants/Pokemon.ts[7494, 24]: elements are not aligned
ERROR: (align) C:/Users/valmac/FullScreenPokemon/src/components/constants/Pokemon.ts[7520, 24]: elements are not aligned
ERROR: (align) C:/Users/valmac/FullScreenPokemon/src/components/constants/Pokemon.ts[7523, 24]: elements are not aligned
ERROR: (align) C:/Users/valmac/FullScreenPokemon/src/components/constants/Pokemon.ts[7526, 24]: elements are not aligned
ERROR: (align) C:/Users/valmac/FullScreenPokemon/src/components/constants/Pokemon.ts[7529, 24]: elements are not aligned
ERROR: (align) C:/Users/valmac/FullScreenPokemon/src/components/constants/Pokemon.ts[7532, 24]: elements are not aligned
ERROR: (align) C:/Users/valmac/FullScreenPokemon/src/components/constants/Pokemon.ts[7535, 24]: elements are not aligned
ERROR: (align) C:/Users/valmac/FullScreenPokemon/src/components/constants/Pokemon.ts[7544, 24]: elements are not aligned
ERROR: (align) C:/Users/valmac/FullScreenPokemon/src/components/constants/Pokemon.ts[7547, 24]: elements are not aligned
ERROR: (align) C:/Users/valmac/FullScreenPokemon/src/components/constants/Pokemon.ts[7550, 24]: elements are not aligned
ERROR: (align) C:/Users/valmac/FullScreenPokemon/src/components/constants/Pokemon.ts[7553, 24]: elements are not aligned
ERROR: (align) C:/Users/valmac/FullScreenPokemon/src/components/constants/Pokemon.ts[7556, 24]: elements are not aligned
ERROR: (align) C:/Users/valmac/FullScreenPokemon/src/components/constants/Pokemon.ts[7559, 24]: elements are not aligned
ERROR: (align) C:/Users/valmac/FullScreenPokemon/src/components/constants/Pokemon.ts[7562, 24]: elements are not aligned
ERROR: (align) C:/Users/valmac/FullScreenPokemon/src/components/constants/Pokemon.ts[7565, 24]: elements are not aligned
ERROR: (align) C:/Users/valmac/FullScreenPokemon/src/components/constants/Pokemon.ts[7568, 24]: elements are not aligned
ERROR: (align) C:/Users/valmac/FullScreenPokemon/src/components/constants/Pokemon.ts[7571, 24]: elements are not aligned
ERROR: (align) C:/Users/valmac/FullScreenPokemon/src/components/constants/Pokemon.ts[7574, 24]: elements are not aligned
ERROR: (align) C:/Users/valmac/FullScreenPokemon/src/components/constants/Pokemon.ts[7577, 24]: elements are not aligned
ERROR: (align) C:/Users/valmac/FullScreenPokemon/src/components/constants/Pokemon.ts[7580, 24]: elements are not aligned
ERROR: (align) C:/Users/valmac/FullScreenPokemon/src/components/constants/Pokemon.ts[7583, 24]: elements are not aligned
ERROR: (align) C:/Users/valmac/FullScreenPokemon/src/components/constants/Pokemon.ts[7586, 24]: elements are not aligned
ERROR: (align) C:/Users/valmac/FullScreenPokemon/src/components/constants/Pokemon.ts[7589, 24]: elements are not aligned
ERROR: (align) C:/Users/valmac/FullScreenPokemon/src/components/constants/Pokemon.ts[7592, 24]: elements are not aligned
ERROR: (align) C:/Users/valmac/FullScreenPokemon/src/components/constants/Pokemon.ts[7595, 24]: elements are not aligned
ERROR: (align) C:/Users/valmac/FullScreenPokemon/src/components/constants/Pokemon.ts[7598, 24]: elements are not aligned
ERROR: (align) C:/Users/valmac/FullScreenPokemon/src/components/constants/Pokemon.ts[7601, 24]: elements are not aligned
ERROR: (align) C:/Users/valmac/FullScreenPokemon/src/components/constants/Pokemon.ts[7604, 24]: elements are not aligned
ERROR: (align) C:/Users/valmac/FullScreenPokemon/src/components/constants/Pokemon.ts[7607, 24]: elements are not aligned
ERROR: (align) C:/Users/valmac/FullScreenPokemon/src/components/constants/Pokemon.ts[7610, 24]: elements are not aligned
ERROR: (align) C:/Users/valmac/FullScreenPokemon/src/components/constants/Pokemon.ts[7613, 24]: elements are not aligned
ERROR: (align) C:/Users/valmac/FullScreenPokemon/src/components/constants/Pokemon.ts[7616, 24]: elements are not aligned
ERROR: (align) C:/Users/valmac/FullScreenPokemon/src/components/constants/Pokemon.ts[7619, 24]: elements are not aligned
ERROR: (align) C:/Users/valmac/FullScreenPokemon/src/components/constants/Pokemon.ts[7645, 24]: elements are not aligned
ERROR: (align) C:/Users/valmac/FullScreenPokemon/src/components/constants/Pokemon.ts[7648, 24]: elements are not aligned
ERROR: (align) C:/Users/valmac/FullScreenPokemon/src/components/constants/Pokemon.ts[7651, 24]: elements are not aligned
ERROR: (align) C:/Users/valmac/FullScreenPokemon/src/components/constants/Pokemon.ts[7654, 24]: elements are not aligned
ERROR: (align) C:/Users/valmac/FullScreenPokemon/src/components/constants/Pokemon.ts[7657, 24]: elements are not aligned
ERROR: (align) C:/Users/valmac/FullScreenPokemon/src/components/constants/Pokemon.ts[7660, 24]: elements are not aligned
ERROR: (align) C:/Users/valmac/FullScreenPokemon/src/components/constants/Pokemon.ts[7663, 24]: elements are not aligned
ERROR: (align) C:/Users/valmac/FullScreenPokemon/src/components/constants/Pokemon.ts[7675, 24]: elements are not aligned
ERROR: (align) C:/Users/valmac/FullScreenPokemon/src/components/constants/Pokemon.ts[7678, 24]: elements are not aligned
ERROR: (align) C:/Users/valmac/FullScreenPokemon/src/components/constants/Pokemon.ts[7681, 24]: elements are not aligned
ERROR: (align) C:/Users/valmac/FullScreenPokemon/src/components/constants/Pokemon.ts[7684, 24]: elements are not aligned
ERROR: (align) C:/Users/valmac/FullScreenPokemon/src/components/constants/Pokemon.ts[7687, 24]: elements are not aligned
ERROR: (align) C:/Users/valmac/FullScreenPokemon/src/components/constants/Pokemon.ts[7690, 24]: elements are not aligned
ERROR: (align) C:/Users/valmac/FullScreenPokemon/src/components/constants/Pokemon.ts[7693, 24]: elements are not aligned
ERROR: (align) C:/Users/valmac/FullScreenPokemon/src/components/constants/Pokemon.ts[7696, 24]: elements are not aligned
ERROR: (align) C:/Users/valmac/FullScreenPokemon/src/components/constants/Pokemon.ts[7699, 24]: elements are not aligned
ERROR: (align) C:/Users/valmac/FullScreenPokemon/src/components/constants/Pokemon.ts[7702, 24]: elements are not aligned
ERROR: (align) C:/Users/valmac/FullScreenPokemon/src/components/constants/Pokemon.ts[7705, 24]: elements are not aligned
ERROR: (align) C:/Users/valmac/FullScreenPokemon/src/components/constants/Pokemon.ts[7708, 24]: elements are not aligned
ERROR: (align) C:/Users/valmac/FullScreenPokemon/src/components/constants/Pokemon.ts[7711, 24]: elements are not aligned
ERROR: (align) C:/Users/valmac/FullScreenPokemon/src/components/constants/Pokemon.ts[7714, 24]: elements are not aligned
ERROR: (align) C:/Users/valmac/FullScreenPokemon/src/components/constants/Pokemon.ts[7717, 24]: elements are not aligned
ERROR: (align) C:/Users/valmac/FullScreenPokemon/src/components/constants/Pokemon.ts[7720, 24]: elements are not aligned
ERROR: (align) C:/Users/valmac/FullScreenPokemon/src/components/constants/Pokemon.ts[7723, 24]: elements are not aligned
ERROR: (align) C:/Users/valmac/FullScreenPokemon/src/components/constants/Pokemon.ts[7726, 24]: elements are not aligned
ERROR: (align) C:/Users/valmac/FullScreenPokemon/src/components/constants/Pokemon.ts[7729, 24]: elements are not aligned
ERROR: (align) C:/Users/valmac/FullScreenPokemon/src/components/constants/Pokemon.ts[7732, 24]: elements are not aligned
ERROR: (align) C:/Users/valmac/FullScreenPokemon/src/components/constants/Pokemon.ts[7735, 24]: elements are not aligned
ERROR: (align) C:/Users/valmac/FullScreenPokemon/src/components/constants/Pokemon.ts[7738, 24]: elements are not aligned
ERROR: (align) C:/Users/valmac/FullScreenPokemon/src/components/constants/Pokemon.ts[7772, 24]: elements are not aligned
ERROR: (align) C:/Users/valmac/FullScreenPokemon/src/components/constants/Pokemon.ts[7775, 24]: elements are not aligned
ERROR: (align) C:/Users/valmac/FullScreenPokemon/src/components/constants/Pokemon.ts[7778, 24]: elements are not aligned
ERROR: (align) C:/Users/valmac/FullScreenPokemon/src/components/constants/Pokemon.ts[7781, 24]: elements are not aligned
ERROR: (align) C:/Users/valmac/FullScreenPokemon/src/components/constants/Pokemon.ts[7784, 24]: elements are not aligned
ERROR: (align) C:/Users/valmac/FullScreenPokemon/src/components/constants/Pokemon.ts[7787, 24]: elements are not aligned
ERROR: (align) C:/Users/valmac/FullScreenPokemon/src/components/constants/Pokemon.ts[7790, 24]: elements are not aligned
ERROR: (align) C:/Users/valmac/FullScreenPokemon/src/components/constants/Pokemon.ts[7799, 24]: elements are not aligned
ERROR: (align) C:/Users/valmac/FullScreenPokemon/src/components/constants/Pokemon.ts[7802, 24]: elements are not aligned
ERROR: (align) C:/Users/valmac/FullScreenPokemon/src/components/constants/Pokemon.ts[7805, 24]: elements are not aligned
ERROR: (align) C:/Users/valmac/FullScreenPokemon/src/components/constants/Pokemon.ts[7808, 24]: elements are not aligned
ERROR: (align) C:/Users/valmac/FullScreenPokemon/src/components/constants/Pokemon.ts[7811, 24]: elements are not aligned
ERROR: (align) C:/Users/valmac/FullScreenPokemon/src/components/constants/Pokemon.ts[7814, 24]: elements are not aligned
ERROR: (align) C:/Users/valmac/FullScreenPokemon/src/components/constants/Pokemon.ts[7817, 24]: elements are not aligned
ERROR: (align) C:/Users/valmac/FullScreenPokemon/src/components/constants/Pokemon.ts[7820, 24]: elements are not aligned
ERROR: (align) C:/Users/valmac/FullScreenPokemon/src/components/constants/Pokemon.ts[7823, 24]: elements are not aligned
ERROR: (align) C:/Users/valmac/FullScreenPokemon/src/components/constants/Pokemon.ts[7826, 24]: elements are not aligned
ERROR: (align) C:/Users/valmac/FullScreenPokemon/src/components/constants/Pokemon.ts[7829, 24]: elements are not aligned
ERROR: (align) C:/Users/valmac/FullScreenPokemon/src/components/constants/Pokemon.ts[7832, 24]: elements are not aligned
ERROR: (align) C:/Users/valmac/FullScreenPokemon/src/components/constants/Pokemon.ts[7835, 24]: elements are not aligned
ERROR: (align) C:/Users/valmac/FullScreenPokemon/src/components/constants/Pokemon.ts[7838, 24]: elements are not aligned
ERROR: (align) C:/Users/valmac/FullScreenPokemon/src/components/constants/Pokemon.ts[7841, 24]: elements are not aligned
ERROR: (align) C:/Users/valmac/FullScreenPokemon/src/components/constants/Pokemon.ts[7844, 24]: elements are not aligned
ERROR: (align) C:/Users/valmac/FullScreenPokemon/src/components/constants/Pokemon.ts[7847, 24]: elements are not aligned
ERROR: (align) C:/Users/valmac/FullScreenPokemon/src/components/constants/Pokemon.ts[7850, 24]: elements are not aligned
ERROR: (align) C:/Users/valmac/FullScreenPokemon/src/components/constants/Pokemon.ts[7853, 24]: elements are not aligned
ERROR: (align) C:/Users/valmac/FullScreenPokemon/src/components/constants/Pokemon.ts[7856, 24]: elements are not aligned
ERROR: (align) C:/Users/valmac/FullScreenPokemon/src/components/constants/Pokemon.ts[7859, 24]: elements are not aligned
ERROR: (align) C:/Users/valmac/FullScreenPokemon/src/components/constants/Pokemon.ts[7894, 24]: elements are not aligned
ERROR: (align) C:/Users/valmac/FullScreenPokemon/src/components/constants/Pokemon.ts[7897, 24]: elements are not aligned
ERROR: (align) C:/Users/valmac/FullScreenPokemon/src/components/constants/Pokemon.ts[7900, 24]: elements are not aligned
ERROR: (align) C:/Users/valmac/FullScreenPokemon/src/components/constants/Pokemon.ts[7903, 24]: elements are not aligned
ERROR: (align) C:/Users/valmac/FullScreenPokemon/src/components/constants/Pokemon.ts[7906, 24]: elements are not aligned
ERROR: (align) C:/Users/valmac/FullScreenPokemon/src/components/constants/Pokemon.ts[7918, 24]: elements are not aligned
ERROR: (align) C:/Users/valmac/FullScreenPokemon/src/components/constants/Pokemon.ts[7921, 24]: elements are not aligned
ERROR: (align) C:/Users/valmac/FullScreenPokemon/src/components/constants/Pokemon.ts[7924, 24]: elements are not aligned
ERROR: (align) C:/Users/valmac/FullScreenPokemon/src/components/constants/Pokemon.ts[7927, 24]: elements are not aligned
ERROR: (align) C:/Users/valmac/FullScreenPokemon/src/components/constants/Pokemon.ts[7930, 24]: elements are not aligned
ERROR: (align) C:/Users/valmac/FullScreenPokemon/src/components/constants/Pokemon.ts[7933, 24]: elements are not aligned
ERROR: (align) C:/Users/valmac/FullScreenPokemon/src/components/constants/Pokemon.ts[7936, 24]: elements are not aligned
ERROR: (align) C:/Users/valmac/FullScreenPokemon/src/components/constants/Pokemon.ts[7939, 24]: elements are not aligned
ERROR: (align) C:/Users/valmac/FullScreenPokemon/src/components/constants/Pokemon.ts[7942, 24]: elements are not aligned
ERROR: (align) C:/Users/valmac/FullScreenPokemon/src/components/constants/Pokemon.ts[7945, 24]: elements are not aligned
ERROR: (align) C:/Users/valmac/FullScreenPokemon/src/components/constants/Pokemon.ts[7948, 24]: elements are not aligned
ERROR: (align) C:/Users/valmac/FullScreenPokemon/src/components/constants/Pokemon.ts[7951, 24]: elements are not aligned
ERROR: (align) C:/Users/valmac/FullScreenPokemon/src/components/constants/Pokemon.ts[7954, 24]: elements are not aligned
ERROR: (align) C:/Users/valmac/FullScreenPokemon/src/components/constants/Pokemon.ts[7957, 24]: elements are not aligned
ERROR: (align) C:/Users/valmac/FullScreenPokemon/src/components/constants/Pokemon.ts[7960, 24]: elements are not aligned
ERROR: (align) C:/Users/valmac/FullScreenPokemon/src/components/constants/Pokemon.ts[7963, 24]: elements are not aligned
ERROR: (align) C:/Users/valmac/FullScreenPokemon/src/components/constants/Pokemon.ts[7966, 24]: elements are not aligned
ERROR: (align) C:/Users/valmac/FullScreenPokemon/src/components/constants/Pokemon.ts[7969, 24]: elements are not aligned
ERROR: (align) C:/Users/valmac/FullScreenPokemon/src/components/constants/Pokemon.ts[7972, 24]: elements are not aligned
ERROR: (align) C:/Users/valmac/FullScreenPokemon/src/components/constants/Pokemon.ts[7975, 24]: elements are not aligned
ERROR: (align) C:/Users/valmac/FullScreenPokemon/src/components/constants/Pokemon.ts[7978, 24]: elements are not aligned
ERROR: (align) C:/Users/valmac/FullScreenPokemon/src/components/constants/Pokemon.ts[8013, 24]: elements are not aligned
ERROR: (align) C:/Users/valmac/FullScreenPokemon/src/components/constants/Pokemon.ts[8041, 24]: elements are not aligned
ERROR: (align) C:/Users/valmac/FullScreenPokemon/src/components/constants/Pokemon.ts[8044, 24]: elements are not aligned
ERROR: (align) C:/Users/valmac/FullScreenPokemon/src/components/constants/Pokemon.ts[8047, 24]: elements are not aligned
ERROR: (align) C:/Users/valmac/FullScreenPokemon/src/components/constants/Pokemon.ts[8050, 24]: elements are not aligned
ERROR: (align) C:/Users/valmac/FullScreenPokemon/src/components/constants/Pokemon.ts[8053, 24]: elements are not aligned
ERROR: (align) C:/Users/valmac/FullScreenPokemon/src/components/constants/Pokemon.ts[8056, 24]: elements are not aligned
ERROR: (align) C:/Users/valmac/FullScreenPokemon/src/components/constants/Pokemon.ts[8065, 24]: elements are not aligned
ERROR: (align) C:/Users/valmac/FullScreenPokemon/src/components/constants/Pokemon.ts[8068, 24]: elements are not aligned
ERROR: (align) C:/Users/valmac/FullScreenPokemon/src/components/constants/Pokemon.ts[8071, 24]: elements are not aligned
ERROR: (align) C:/Users/valmac/FullScreenPokemon/src/components/constants/Pokemon.ts[8074, 24]: elements are not aligned
ERROR: (align) C:/Users/valmac/FullScreenPokemon/src/components/constants/Pokemon.ts[8077, 24]: elements are not aligned
ERROR: (align) C:/Users/valmac/FullScreenPokemon/src/components/constants/Pokemon.ts[8080, 24]: elements are not aligned
ERROR: (align) C:/Users/valmac/FullScreenPokemon/src/components/constants/Pokemon.ts[8083, 24]: elements are not aligned
ERROR: (align) C:/Users/valmac/FullScreenPokemon/src/components/constants/Pokemon.ts[8086, 24]: elements are not aligned
ERROR: (align) C:/Users/valmac/FullScreenPokemon/src/components/constants/Pokemon.ts[8089, 24]: elements are not aligned
ERROR: (align) C:/Users/valmac/FullScreenPokemon/src/components/constants/Pokemon.ts[8092, 24]: elements are not aligned
ERROR: (align) C:/Users/valmac/FullScreenPokemon/src/components/constants/Pokemon.ts[8095, 24]: elements are not aligned
ERROR: (align) C:/Users/valmac/FullScreenPokemon/src/components/constants/Pokemon.ts[8098, 24]: elements are not aligned
ERROR: (align) C:/Users/valmac/FullScreenPokemon/src/components/constants/Pokemon.ts[8101, 24]: elements are not aligned
ERROR: (align) C:/Users/valmac/FullScreenPokemon/src/components/constants/Pokemon.ts[8104, 24]: elements are not aligned
ERROR: (align) C:/Users/valmac/FullScreenPokemon/src/components/constants/Pokemon.ts[8107, 24]: elements are not aligned
ERROR: (align) C:/Users/valmac/FullScreenPokemon/src/components/constants/Pokemon.ts[8110, 24]: elements are not aligned
ERROR: (align) C:/Users/valmac/FullScreenPokemon/src/components/constants/Pokemon.ts[8113, 24]: elements are not aligned
ERROR: (align) C:/Users/valmac/FullScreenPokemon/src/components/constants/Pokemon.ts[8116, 24]: elements are not aligned
ERROR: (align) C:/Users/valmac/FullScreenPokemon/src/components/constants/Pokemon.ts[8119, 24]: elements are not aligned
ERROR: (align) C:/Users/valmac/FullScreenPokemon/src/components/constants/Pokemon.ts[8122, 24]: elements are not aligned
ERROR: (align) C:/Users/valmac/FullScreenPokemon/src/components/constants/Pokemon.ts[8125, 24]: elements are not aligned
ERROR: (align) C:/Users/valmac/FullScreenPokemon/src/components/constants/Pokemon.ts[8160, 24]: elements are not aligned
ERROR: (align) C:/Users/valmac/FullScreenPokemon/src/components/constants/Pokemon.ts[8163, 24]: elements are not aligned
ERROR: (align) C:/Users/valmac/FullScreenPokemon/src/components/constants/Pokemon.ts[8166, 24]: elements are not aligned
ERROR: (align) C:/Users/valmac/FullScreenPokemon/src/components/constants/Pokemon.ts[8169, 24]: elements are not aligned
ERROR: (align) C:/Users/valmac/FullScreenPokemon/src/components/constants/Pokemon.ts[8172, 24]: elements are not aligned
ERROR: (align) C:/Users/valmac/FullScreenPokemon/src/components/constants/Pokemon.ts[8175, 24]: elements are not aligned
ERROR: (align) C:/Users/valmac/FullScreenPokemon/src/components/constants/Pokemon.ts[8187, 24]: elements are not aligned
ERROR: (align) C:/Users/valmac/FullScreenPokemon/src/components/constants/Pokemon.ts[8190, 24]: elements are not aligned
ERROR: (align) C:/Users/valmac/FullScreenPokemon/src/components/constants/Pokemon.ts[8193, 24]: elements are not aligned
ERROR: (align) C:/Users/valmac/FullScreenPokemon/src/components/constants/Pokemon.ts[8196, 24]: elements are not aligned
ERROR: (align) C:/Users/valmac/FullScreenPokemon/src/components/constants/Pokemon.ts[8199, 24]: elements are not aligned
ERROR: (align) C:/Users/valmac/FullScreenPokemon/src/components/constants/Pokemon.ts[8202, 24]: elements are not aligned
ERROR: (align) C:/Users/valmac/FullScreenPokemon/src/components/constants/Pokemon.ts[8205, 24]: elements are not aligned
ERROR: (align) C:/Users/valmac/FullScreenPokemon/src/components/constants/Pokemon.ts[8208, 24]: elements are not aligned
ERROR: (align) C:/Users/valmac/FullScreenPokemon/src/components/constants/Pokemon.ts[8211, 24]: elements are not aligned
ERROR: (align) C:/Users/valmac/FullScreenPokemon/src/components/constants/Pokemon.ts[8214, 24]: elements are not aligned
ERROR: (align) C:/Users/valmac/FullScreenPokemon/src/components/constants/Pokemon.ts[8217, 24]: elements are not aligned
ERROR: (align) C:/Users/valmac/FullScreenPokemon/src/components/constants/Pokemon.ts[8220, 24]: elements are not aligned
ERROR: (align) C:/Users/valmac/FullScreenPokemon/src/components/constants/Pokemon.ts[8223, 24]: elements are not aligned
ERROR: (align) C:/Users/valmac/FullScreenPokemon/src/components/constants/Pokemon.ts[8226, 24]: elements are not aligned
ERROR: (align) C:/Users/valmac/FullScreenPokemon/src/components/constants/Pokemon.ts[8252, 24]: elements are not aligned
ERROR: (align) C:/Users/valmac/FullScreenPokemon/src/components/constants/Pokemon.ts[8255, 24]: elements are not aligned
ERROR: (align) C:/Users/valmac/FullScreenPokemon/src/components/constants/Pokemon.ts[8258, 24]: elements are not aligned
ERROR: (align) C:/Users/valmac/FullScreenPokemon/src/components/constants/Pokemon.ts[8261, 24]: elements are not aligned
ERROR: (align) C:/Users/valmac/FullScreenPokemon/src/components/constants/Pokemon.ts[8264, 24]: elements are not aligned
ERROR: (align) C:/Users/valmac/FullScreenPokemon/src/components/constants/Pokemon.ts[8267, 24]: elements are not aligned
ERROR: (align) C:/Users/valmac/FullScreenPokemon/src/components/constants/Pokemon.ts[8270, 24]: elements are not aligned
ERROR: (align) C:/Users/valmac/FullScreenPokemon/src/components/constants/Pokemon.ts[8273, 24]: elements are not aligned
ERROR: (align) C:/Users/valmac/FullScreenPokemon/src/components/constants/Pokemon.ts[8282, 24]: elements are not aligned
ERROR: (align) C:/Users/valmac/FullScreenPokemon/src/components/constants/Pokemon.ts[8285, 24]: elements are not aligned
ERROR: (align) C:/Users/valmac/FullScreenPokemon/src/components/constants/Pokemon.ts[8288, 24]: elements are not aligned
ERROR: (align) C:/Users/valmac/FullScreenPokemon/src/components/constants/Pokemon.ts[8291, 24]: elements are not aligned
ERROR: (align) C:/Users/valmac/FullScreenPokemon/src/components/constants/Pokemon.ts[8294, 24]: elements are not aligned
ERROR: (align) C:/Users/valmac/FullScreenPokemon/src/components/constants/Pokemon.ts[8297, 24]: elements are not aligned
ERROR: (align) C:/Users/valmac/FullScreenPokemon/src/components/constants/Pokemon.ts[8300, 24]: elements are not aligned
ERROR: (align) C:/Users/valmac/FullScreenPokemon/src/components/constants/Pokemon.ts[8303, 24]: elements are not aligned
ERROR: (align) C:/Users/valmac/FullScreenPokemon/src/components/constants/Pokemon.ts[8306, 24]: elements are not aligned
ERROR: (align) C:/Users/valmac/FullScreenPokemon/src/components/constants/Pokemon.ts[8309, 24]: elements are not aligned
ERROR: (align) C:/Users/valmac/FullScreenPokemon/src/components/constants/Pokemon.ts[8312, 24]: elements are not aligned
ERROR: (align) C:/Users/valmac/FullScreenPokemon/src/components/constants/Pokemon.ts[8315, 24]: elements are not aligned
ERROR: (align) C:/Users/valmac/FullScreenPokemon/src/components/constants/Pokemon.ts[8318, 24]: elements are not aligned
ERROR: (align) C:/Users/valmac/FullScreenPokemon/src/components/constants/Pokemon.ts[8321, 24]: elements are not aligned
ERROR: (align) C:/Users/valmac/FullScreenPokemon/src/components/constants/Pokemon.ts[8324, 24]: elements are not aligned
ERROR: (align) C:/Users/valmac/FullScreenPokemon/src/components/constants/Pokemon.ts[8359, 24]: elements are not aligned
ERROR: (align) C:/Users/valmac/FullScreenPokemon/src/components/constants/Pokemon.ts[8362, 24]: elements are not aligned
ERROR: (align) C:/Users/valmac/FullScreenPokemon/src/components/constants/Pokemon.ts[8365, 24]: elements are not aligned
ERROR: (align) C:/Users/valmac/FullScreenPokemon/src/components/constants/Pokemon.ts[8368, 24]: elements are not aligned
ERROR: (align) C:/Users/valmac/FullScreenPokemon/src/components/constants/Pokemon.ts[8371, 24]: elements are not aligned
ERROR: (align) C:/Users/valmac/FullScreenPokemon/src/components/constants/Pokemon.ts[8374, 24]: elements are not aligned
ERROR: (align) C:/Users/valmac/FullScreenPokemon/src/components/constants/Pokemon.ts[8386, 24]: elements are not aligned
ERROR: (align) C:/Users/valmac/FullScreenPokemon/src/components/constants/Pokemon.ts[8389, 24]: elements are not aligned
ERROR: (align) C:/Users/valmac/FullScreenPokemon/src/components/constants/Pokemon.ts[8392, 24]: elements are not aligned
ERROR: (align) C:/Users/valmac/FullScreenPokemon/src/components/constants/Pokemon.ts[8395, 24]: elements are not aligned
ERROR: (align) C:/Users/valmac/FullScreenPokemon/src/components/constants/Pokemon.ts[8398, 24]: elements are not aligned
ERROR: (align) C:/Users/valmac/FullScreenPokemon/src/components/constants/Pokemon.ts[8401, 24]: elements are not aligned
ERROR: (align) C:/Users/valmac/FullScreenPokemon/src/components/constants/Pokemon.ts[8404, 24]: elements are not aligned
ERROR: (align) C:/Users/valmac/FullScreenPokemon/src/components/constants/Pokemon.ts[8407, 24]: elements are not aligned
ERROR: (align) C:/Users/valmac/FullScreenPokemon/src/components/constants/Pokemon.ts[8410, 24]: elements are not aligned
ERROR: (align) C:/Users/valmac/FullScreenPokemon/src/components/constants/Pokemon.ts[8413, 24]: elements are not aligned
ERROR: (align) C:/Users/valmac/FullScreenPokemon/src/components/constants/Pokemon.ts[8416, 24]: elements are not aligned
ERROR: (align) C:/Users/valmac/FullScreenPokemon/src/components/constants/Pokemon.ts[8419, 24]: elements are not aligned
ERROR: (align) C:/Users/valmac/FullScreenPokemon/src/components/constants/Pokemon.ts[8422, 24]: elements are not aligned
ERROR: (align) C:/Users/valmac/FullScreenPokemon/src/components/constants/Pokemon.ts[8425, 24]: elements are not aligned
ERROR: (align) C:/Users/valmac/FullScreenPokemon/src/components/constants/Pokemon.ts[8428, 24]: elements are not aligned
ERROR: (align) C:/Users/valmac/FullScreenPokemon/src/components/constants/Pokemon.ts[8431, 24]: elements are not aligned
ERROR: (align) C:/Users/valmac/FullScreenPokemon/src/components/constants/Pokemon.ts[8434, 24]: elements are not aligned
ERROR: (align) C:/Users/valmac/FullScreenPokemon/src/components/constants/Pokemon.ts[8437, 24]: elements are not aligned
ERROR: (align) C:/Users/valmac/FullScreenPokemon/src/components/constants/Pokemon.ts[8440, 24]: elements are not aligned
ERROR: (align) C:/Users/valmac/FullScreenPokemon/src/components/constants/Pokemon.ts[8443, 24]: elements are not aligned
ERROR: (align) C:/Users/valmac/FullScreenPokemon/src/components/constants/Pokemon.ts[8446, 24]: elements are not aligned
ERROR: (align) C:/Users/valmac/FullScreenPokemon/src/components/constants/Pokemon.ts[8449, 24]: elements are not aligned
ERROR: (align) C:/Users/valmac/FullScreenPokemon/src/components/constants/Pokemon.ts[8475, 24]: elements are not aligned
ERROR: (align) C:/Users/valmac/FullScreenPokemon/src/components/constants/Pokemon.ts[8478, 24]: elements are not aligned
ERROR: (align) C:/Users/valmac/FullScreenPokemon/src/components/constants/Pokemon.ts[8481, 24]: elements are not aligned
ERROR: (align) C:/Users/valmac/FullScreenPokemon/src/components/constants/Pokemon.ts[8484, 24]: elements are not aligned
ERROR: (align) C:/Users/valmac/FullScreenPokemon/src/components/constants/Pokemon.ts[8487, 24]: elements are not aligned
ERROR: (align) C:/Users/valmac/FullScreenPokemon/src/components/constants/Pokemon.ts[8490, 24]: elements are not aligned
ERROR: (align) C:/Users/valmac/FullScreenPokemon/src/components/constants/Pokemon.ts[8493, 24]: elements are not aligned
ERROR: (align) C:/Users/valmac/FullScreenPokemon/src/components/constants/Pokemon.ts[8496, 24]: elements are not aligned
ERROR: (align) C:/Users/valmac/FullScreenPokemon/src/components/constants/Pokemon.ts[8508, 24]: elements are not aligned
ERROR: (align) C:/Users/valmac/FullScreenPokemon/src/components/constants/Pokemon.ts[8511, 24]: elements are not aligned
ERROR: (align) C:/Users/valmac/FullScreenPokemon/src/components/constants/Pokemon.ts[8514, 24]: elements are not aligned
ERROR: (align) C:/Users/valmac/FullScreenPokemon/src/components/constants/Pokemon.ts[8517, 24]: elements are not aligned
ERROR: (align) C:/Users/valmac/FullScreenPokemon/src/components/constants/Pokemon.ts[8520, 24]: elements are not aligned
ERROR: (align) C:/Users/valmac/FullScreenPokemon/src/components/constants/Pokemon.ts[8523, 24]: elements are not aligned
ERROR: (align) C:/Users/valmac/FullScreenPokemon/src/components/constants/Pokemon.ts[8526, 24]: elements are not aligned
ERROR: (align) C:/Users/valmac/FullScreenPokemon/src/components/constants/Pokemon.ts[8529, 24]: elements are not aligned
ERROR: (align) C:/Users/valmac/FullScreenPokemon/src/components/constants/Pokemon.ts[8532, 24]: elements are not aligned
ERROR: (align) C:/Users/valmac/FullScreenPokemon/src/components/constants/Pokemon.ts[8535, 24]: elements are not aligned
ERROR: (align) C:/Users/valmac/FullScreenPokemon/src/components/constants/Pokemon.ts[8538, 24]: elements are not aligned
ERROR: (align) C:/Users/valmac/FullScreenPokemon/src/components/constants/Pokemon.ts[8541, 24]: elements are not aligned
ERROR: (align) C:/Users/valmac/FullScreenPokemon/src/components/constants/Pokemon.ts[8544, 24]: elements are not aligned
ERROR: (align) C:/Users/valmac/FullScreenPokemon/src/components/constants/Pokemon.ts[8547, 24]: elements are not aligned
ERROR: (align) C:/Users/valmac/FullScreenPokemon/src/components/constants/Pokemon.ts[8550, 24]: elements are not aligned
ERROR: (align) C:/Users/valmac/FullScreenPokemon/src/components/constants/Pokemon.ts[8553, 24]: elements are not aligned
ERROR: (align) C:/Users/valmac/FullScreenPokemon/src/components/constants/Pokemon.ts[8556, 24]: elements are not aligned
ERROR: (align) C:/Users/valmac/FullScreenPokemon/src/components/constants/Pokemon.ts[8559, 24]: elements are not aligned
ERROR: (align) C:/Users/valmac/FullScreenPokemon/src/components/constants/Pokemon.ts[8562, 24]: elements are not aligned
ERROR: (align) C:/Users/valmac/FullScreenPokemon/src/components/constants/Pokemon.ts[8565, 24]: elements are not aligned
ERROR: (align) C:/Users/valmac/FullScreenPokemon/src/components/constants/Pokemon.ts[8568, 24]: elements are not aligned
ERROR: (align) C:/Users/valmac/FullScreenPokemon/src/components/constants/Pokemon.ts[8571, 24]: elements are not aligned
ERROR: (align) C:/Users/valmac/FullScreenPokemon/src/components/constants/Pokemon.ts[8574, 24]: elements are not aligned
ERROR: (align) C:/Users/valmac/FullScreenPokemon/src/components/constants/Pokemon.ts[8577, 24]: elements are not aligned
ERROR: (align) C:/Users/valmac/FullScreenPokemon/src/components/constants/Pokemon.ts[8612, 24]: elements are not aligned
ERROR: (align) C:/Users/valmac/FullScreenPokemon/src/components/constants/Pokemon.ts[8615, 24]: elements are not aligned
ERROR: (align) C:/Users/valmac/FullScreenPokemon/src/components/constants/Pokemon.ts[8618, 24]: elements are not aligned
ERROR: (align) C:/Users/valmac/FullScreenPokemon/src/components/constants/Pokemon.ts[8621, 24]: elements are not aligned
ERROR: (align) C:/Users/valmac/FullScreenPokemon/src/components/constants/Pokemon.ts[8624, 24]: elements are not aligned
ERROR: (align) C:/Users/valmac/FullScreenPokemon/src/components/constants/Pokemon.ts[8627, 24]: elements are not aligned
ERROR: (align) C:/Users/valmac/FullScreenPokemon/src/components/constants/Pokemon.ts[8636, 24]: elements are not aligned
ERROR: (align) C:/Users/valmac/FullScreenPokemon/src/components/constants/Pokemon.ts[8639, 24]: elements are not aligned
ERROR: (align) C:/Users/valmac/FullScreenPokemon/src/components/constants/Pokemon.ts[8642, 24]: elements are not aligned
ERROR: (align) C:/Users/valmac/FullScreenPokemon/src/components/constants/Pokemon.ts[8645, 24]: elements are not aligned
ERROR: (align) C:/Users/valmac/FullScreenPokemon/src/components/constants/Pokemon.ts[8648, 24]: elements are not aligned
ERROR: (align) C:/Users/valmac/FullScreenPokemon/src/components/constants/Pokemon.ts[8651, 24]: elements are not aligned
ERROR: (align) C:/Users/valmac/FullScreenPokemon/src/components/constants/Pokemon.ts[8691, 24]: elements are not aligned
ERROR: (align) C:/Users/valmac/FullScreenPokemon/src/components/constants/Pokemon.ts[8717, 24]: elements are not aligned
ERROR: (align) C:/Users/valmac/FullScreenPokemon/src/components/constants/Pokemon.ts[8720, 24]: elements are not aligned
ERROR: (align) C:/Users/valmac/FullScreenPokemon/src/components/constants/Pokemon.ts[8723, 24]: elements are not aligned
ERROR: (align) C:/Users/valmac/FullScreenPokemon/src/components/constants/Pokemon.ts[8726, 24]: elements are not aligned
ERROR: (align) C:/Users/valmac/FullScreenPokemon/src/components/constants/Pokemon.ts[8734, 24]: elements are not aligned
ERROR: (align) C:/Users/valmac/FullScreenPokemon/src/components/constants/Pokemon.ts[8737, 24]: elements are not aligned
ERROR: (align) C:/Users/valmac/FullScreenPokemon/src/components/constants/Pokemon.ts[8740, 24]: elements are not aligned
ERROR: (align) C:/Users/valmac/FullScreenPokemon/src/components/constants/Pokemon.ts[8743, 24]: elements are not aligned
ERROR: (align) C:/Users/valmac/FullScreenPokemon/src/components/constants/Pokemon.ts[8751, 24]: elements are not aligned
ERROR: (align) C:/Users/valmac/FullScreenPokemon/src/components/constants/Pokemon.ts[8754, 24]: elements are not aligned
ERROR: (align) C:/Users/valmac/FullScreenPokemon/src/components/constants/Pokemon.ts[8757, 24]: elements are not aligned
ERROR: (align) C:/Users/valmac/FullScreenPokemon/src/components/constants/Pokemon.ts[8760, 24]: elements are not aligned
ERROR: (align) C:/Users/valmac/FullScreenPokemon/src/components/constants/Pokemon.ts[8763, 24]: elements are not aligned
ERROR: (align) C:/Users/valmac/FullScreenPokemon/src/components/constants/Pokemon.ts[8766, 24]: elements are not aligned
ERROR: (align) C:/Users/valmac/FullScreenPokemon/src/components/constants/Pokemon.ts[8769, 24]: elements are not aligned
ERROR: (align) C:/Users/valmac/FullScreenPokemon/src/components/constants/Pokemon.ts[8772, 24]: elements are not aligned
ERROR: (align) C:/Users/valmac/FullScreenPokemon/src/components/constants/Pokemon.ts[8775, 24]: elements are not aligned
ERROR: (align) C:/Users/valmac/FullScreenPokemon/src/components/constants/Pokemon.ts[8778, 24]: elements are not aligned
ERROR: (align) C:/Users/valmac/FullScreenPokemon/src/components/constants/Pokemon.ts[8781, 24]: elements are not aligned
ERROR: (align) C:/Users/valmac/FullScreenPokemon/src/components/constants/Pokemon.ts[8784, 24]: elements are not aligned
ERROR: (align) C:/Users/valmac/FullScreenPokemon/src/components/constants/Pokemon.ts[8787, 24]: elements are not aligned
ERROR: (align) C:/Users/valmac/FullScreenPokemon/src/components/constants/Pokemon.ts[8790, 24]: elements are not aligned
ERROR: (align) C:/Users/valmac/FullScreenPokemon/src/components/constants/Pokemon.ts[8793, 24]: elements are not aligned
ERROR: (align) C:/Users/valmac/FullScreenPokemon/src/components/constants/Pokemon.ts[8796, 24]: elements are not aligned
ERROR: (align) C:/Users/valmac/FullScreenPokemon/src/components/constants/Pokemon.ts[8799, 24]: elements are not aligned
ERROR: (align) C:/Users/valmac/FullScreenPokemon/src/components/constants/Pokemon.ts[8802, 24]: elements are not aligned
ERROR: (align) C:/Users/valmac/FullScreenPokemon/src/components/constants/Pokemon.ts[8805, 24]: elements are not aligned
ERROR: (align) C:/Users/valmac/FullScreenPokemon/src/components/constants/Pokemon.ts[8808, 24]: elements are not aligned
ERROR: (align) C:/Users/valmac/FullScreenPokemon/src/components/constants/Pokemon.ts[8811, 24]: elements are not aligned
ERROR: (align) C:/Users/valmac/FullScreenPokemon/src/components/constants/Pokemon.ts[8814, 24]: elements are not aligned
ERROR: (align) C:/Users/valmac/FullScreenPokemon/src/components/constants/Pokemon.ts[8817, 24]: elements are not aligned
ERROR: (align) C:/Users/valmac/FullScreenPokemon/src/components/constants/Pokemon.ts[8820, 24]: elements are not aligned
ERROR: (align) C:/Users/valmac/FullScreenPokemon/src/components/constants/Pokemon.ts[8823, 24]: elements are not aligned
ERROR: (align) C:/Users/valmac/FullScreenPokemon/src/components/constants/Pokemon.ts[8826, 24]: elements are not aligned
ERROR: (align) C:/Users/valmac/FullScreenPokemon/src/components/constants/Pokemon.ts[8829, 24]: elements are not aligned
ERROR: (align) C:/Users/valmac/FullScreenPokemon/src/components/constants/Pokemon.ts[8832, 24]: elements are not aligned
ERROR: (align) C:/Users/valmac/FullScreenPokemon/src/components/constants/Pokemon.ts[8835, 24]: elements are not aligned
ERROR: (align) C:/Users/valmac/FullScreenPokemon/src/components/constants/Pokemon.ts[8838, 24]: elements are not aligned
ERROR: (align) C:/Users/valmac/FullScreenPokemon/src/components/constants/Pokemon.ts[8841, 24]: elements are not aligned
ERROR: (align) C:/Users/valmac/FullScreenPokemon/src/components/constants/Pokemon.ts[8844, 24]: elements are not aligned
ERROR: (align) C:/Users/valmac/FullScreenPokemon/src/components/constants/Pokemon.ts[8847, 24]: elements are not aligned
ERROR: (align) C:/Users/valmac/FullScreenPokemon/src/components/constants/Pokemon.ts[8850, 24]: elements are not aligned
ERROR: (align) C:/Users/valmac/FullScreenPokemon/src/components/constants/Pokemon.ts[8853, 24]: elements are not aligned
ERROR: (align) C:/Users/valmac/FullScreenPokemon/src/components/constants/Pokemon.ts[8856, 24]: elements are not aligned
ERROR: (align) C:/Users/valmac/FullScreenPokemon/src/components/constants/Pokemon.ts[8859, 24]: elements are not aligned
ERROR: (align) C:/Users/valmac/FullScreenPokemon/src/components/constants/Pokemon.ts[8862, 24]: elements are not aligned
ERROR: (align) C:/Users/valmac/FullScreenPokemon/src/components/constants/Pokemon.ts[8865, 24]: elements are not aligned
ERROR: (align) C:/Users/valmac/FullScreenPokemon/src/components/constants/Pokemon.ts[8868, 24]: elements are not aligned
ERROR: (align) C:/Users/valmac/FullScreenPokemon/src/components/constants/Pokemon.ts[8871, 24]: elements are not aligned
ERROR: (align) C:/Users/valmac/FullScreenPokemon/src/components/constants/Pokemon.ts[8874, 24]: elements are not aligned
ERROR: (align) C:/Users/valmac/FullScreenPokemon/src/components/constants/Pokemon.ts[8877, 24]: elements are not aligned
ERROR: (align) C:/Users/valmac/FullScreenPokemon/src/components/constants/Pokemon.ts[8880, 24]: elements are not aligned
ERROR: (align) C:/Users/valmac/FullScreenPokemon/src/components/constants/Pokemon.ts[8883, 24]: elements are not aligned
ERROR: (align) C:/Users/valmac/FullScreenPokemon/src/components/constants/Pokemon.ts[8886, 24]: elements are not aligned
ERROR: (align) C:/Users/valmac/FullScreenPokemon/src/components/constants/Pokemon.ts[8889, 24]: elements are not aligned
ERROR: (align) C:/Users/valmac/FullScreenPokemon/src/components/constants/Pokemon.ts[8892, 24]: elements are not aligned
ERROR: (align) C:/Users/valmac/FullScreenPokemon/src/components/constants/Pokemon.ts[8895, 24]: elements are not aligned
ERROR: (align) C:/Users/valmac/FullScreenPokemon/src/components/constants/Pokemon.ts[8921, 24]: elements are not aligned
ERROR: (align) C:/Users/valmac/FullScreenPokemon/src/components/constants/Pokemon.ts[8924, 24]: elements are not aligned
ERROR: (align) C:/Users/valmac/FullScreenPokemon/src/components/constants/Pokemon.ts[8927, 24]: elements are not aligned
ERROR: (align) C:/Users/valmac/FullScreenPokemon/src/components/constants/Pokemon.ts[8930, 24]: elements are not aligned
ERROR: (align) C:/Users/valmac/FullScreenPokemon/src/components/constants/Pokemon.ts[8933, 24]: elements are not aligned
ERROR: (align) C:/Users/valmac/FullScreenPokemon/src/components/constants/Pokemon.ts[8936, 24]: elements are not aligned
ERROR: (align) C:/Users/valmac/FullScreenPokemon/src/components/constants/Pokemon.ts[8939, 24]: elements are not aligned
ERROR: (align) C:/Users/valmac/FullScreenPokemon/src/components/constants/Pokemon.ts[8942, 24]: elements are not aligned
ERROR: (align) C:/Users/valmac/FullScreenPokemon/src/components/constants/Pokemon.ts[8950, 24]: elements are not aligned
ERROR: (align) C:/Users/valmac/FullScreenPokemon/src/components/constants/Pokemon.ts[8958, 24]: elements are not aligned
ERROR: (align) C:/Users/valmac/FullScreenPokemon/src/components/constants/Pokemon.ts[8961, 24]: elements are not aligned
ERROR: (align) C:/Users/valmac/FullScreenPokemon/src/components/constants/Pokemon.ts[8964, 24]: elements are not aligned
ERROR: (align) C:/Users/valmac/FullScreenPokemon/src/components/constants/Pokemon.ts[8967, 24]: elements are not aligned
ERROR: (align) C:/Users/valmac/FullScreenPokemon/src/components/constants/Pokemon.ts[8970, 24]: elements are not aligned
ERROR: (align) C:/Users/valmac/FullScreenPokemon/src/components/constants/Pokemon.ts[8973, 24]: elements are not aligned
ERROR: (align) C:/Users/valmac/FullScreenPokemon/src/components/constants/Pokemon.ts[8976, 24]: elements are not aligned
ERROR: (align) C:/Users/valmac/FullScreenPokemon/src/components/constants/Pokemon.ts[8979, 24]: elements are not aligned
ERROR: (align) C:/Users/valmac/FullScreenPokemon/src/components/constants/Pokemon.ts[8982, 24]: elements are not aligned
ERROR: (align) C:/Users/valmac/FullScreenPokemon/src/components/constants/Pokemon.ts[8985, 24]: elements are not aligned
ERROR: (align) C:/Users/valmac/FullScreenPokemon/src/components/constants/Pokemon.ts[8988, 24]: elements are not aligned
ERROR: (align) C:/Users/valmac/FullScreenPokemon/src/components/constants/Pokemon.ts[8991, 24]: elements are not aligned
ERROR: (align) C:/Users/valmac/FullScreenPokemon/src/components/constants/Pokemon.ts[8994, 24]: elements are not aligned
ERROR: (align) C:/Users/valmac/FullScreenPokemon/src/components/constants/Pokemon.ts[8997, 24]: elements are not aligned
ERROR: (align) C:/Users/valmac/FullScreenPokemon/src/components/constants/Pokemon.ts[9000, 24]: elements are not aligned
ERROR: (align) C:/Users/valmac/FullScreenPokemon/src/components/constants/Pokemon.ts[9003, 24]: elements are not aligned
ERROR: (align) C:/Users/valmac/FullScreenPokemon/src/components/constants/Pokemon.ts[9006, 24]: elements are not aligned
ERROR: (align) C:/Users/valmac/FullScreenPokemon/src/components/constants/Pokemon.ts[9009, 24]: elements are not aligned
ERROR: (align) C:/Users/valmac/FullScreenPokemon/src/components/constants/Pokemon.ts[9012, 24]: elements are not aligned
ERROR: (align) C:/Users/valmac/FullScreenPokemon/src/components/constants/Pokemon.ts[9015, 24]: elements are not aligned
ERROR: (align) C:/Users/valmac/FullScreenPokemon/src/components/constants/Pokemon.ts[9018, 24]: elements are not aligned
ERROR: (align) C:/Users/valmac/FullScreenPokemon/src/components/constants/Pokemon.ts[9021, 24]: elements are not aligned
ERROR: (align) C:/Users/valmac/FullScreenPokemon/src/components/constants/Pokemon.ts[9024, 24]: elements are not aligned
ERROR: (align) C:/Users/valmac/FullScreenPokemon/src/components/constants/Pokemon.ts[9027, 24]: elements are not aligned
ERROR: (align) C:/Users/valmac/FullScreenPokemon/src/components/constants/Pokemon.ts[9030, 24]: elements are not aligned
ERROR: (align) C:/Users/valmac/FullScreenPokemon/src/components/constants/Pokemon.ts[9033, 24]: elements are not aligned
ERROR: (align) C:/Users/valmac/FullScreenPokemon/src/components/constants/Pokemon.ts[9036, 24]: elements are not aligned
ERROR: (align) C:/Users/valmac/FullScreenPokemon/src/components/constants/Pokemon.ts[9039, 24]: elements are not aligned
ERROR: (align) C:/Users/valmac/FullScreenPokemon/src/components/constants/Pokemon.ts[9042, 24]: elements are not aligned
ERROR: (align) C:/Users/valmac/FullScreenPokemon/src/components/constants/Pokemon.ts[9045, 24]: elements are not aligned
ERROR: (align) C:/Users/valmac/FullScreenPokemon/src/components/constants/Pokemon.ts[9048, 24]: elements are not aligned
ERROR: (align) C:/Users/valmac/FullScreenPokemon/src/components/constants/Pokemon.ts[9051, 24]: elements are not aligned
ERROR: (align) C:/Users/valmac/FullScreenPokemon/src/components/constants/Pokemon.ts[9054, 24]: elements are not aligned
ERROR: (align) C:/Users/valmac/FullScreenPokemon/src/components/constants/Pokemon.ts[9080, 24]: elements are not aligned
ERROR: (align) C:/Users/valmac/FullScreenPokemon/src/components/constants/Pokemon.ts[9083, 24]: elements are not aligned
ERROR: (align) C:/Users/valmac/FullScreenPokemon/src/components/constants/Pokemon.ts[9086, 24]: elements are not aligned
ERROR: (align) C:/Users/valmac/FullScreenPokemon/src/components/constants/Pokemon.ts[9089, 24]: elements are not aligned
ERROR: (align) C:/Users/valmac/FullScreenPokemon/src/components/constants/Pokemon.ts[9098, 24]: elements are not aligned
ERROR: (align) C:/Users/valmac/FullScreenPokemon/src/components/constants/Pokemon.ts[9101, 24]: elements are not aligned
ERROR: (align) C:/Users/valmac/FullScreenPokemon/src/components/constants/Pokemon.ts[9104, 24]: elements are not aligned
ERROR: (align) C:/Users/valmac/FullScreenPokemon/src/components/constants/Pokemon.ts[9107, 24]: elements are not aligned
ERROR: (align) C:/Users/valmac/FullScreenPokemon/src/components/constants/Pokemon.ts[9110, 24]: elements are not aligned
ERROR: (align) C:/Users/valmac/FullScreenPokemon/src/components/constants/Pokemon.ts[9113, 24]: elements are not aligned
ERROR: (align) C:/Users/valmac/FullScreenPokemon/src/components/constants/Pokemon.ts[9116, 24]: elements are not aligned
ERROR: (align) C:/Users/valmac/FullScreenPokemon/src/components/constants/Pokemon.ts[9119, 24]: elements are not aligned
ERROR: (align) C:/Users/valmac/FullScreenPokemon/src/components/constants/Pokemon.ts[9122, 24]: elements are not aligned
ERROR: (align) C:/Users/valmac/FullScreenPokemon/src/components/constants/Pokemon.ts[9125, 24]: elements are not aligned
ERROR: (align) C:/Users/valmac/FullScreenPokemon/src/components/constants/Pokemon.ts[9128, 24]: elements are not aligned
ERROR: (align) C:/Users/valmac/FullScreenPokemon/src/components/constants/Pokemon.ts[9131, 24]: elements are not aligned
ERROR: (align) C:/Users/valmac/FullScreenPokemon/src/components/constants/Pokemon.ts[9134, 24]: elements are not aligned
ERROR: (align) C:/Users/valmac/FullScreenPokemon/src/components/constants/Pokemon.ts[9137, 24]: elements are not aligned
ERROR: (align) C:/Users/valmac/FullScreenPokemon/src/components/constants/Pokemon.ts[9140, 24]: elements are not aligned
ERROR: (align) C:/Users/valmac/FullScreenPokemon/src/components/constants/Pokemon.ts[9166, 24]: elements are not aligned
ERROR: (align) C:/Users/valmac/FullScreenPokemon/src/components/constants/Pokemon.ts[9169, 24]: elements are not aligned
ERROR: (align) C:/Users/valmac/FullScreenPokemon/src/components/constants/Pokemon.ts[9172, 24]: elements are not aligned
ERROR: (align) C:/Users/valmac/FullScreenPokemon/src/components/constants/Pokemon.ts[9175, 24]: elements are not aligned
ERROR: (align) C:/Users/valmac/FullScreenPokemon/src/components/constants/Pokemon.ts[9178, 24]: elements are not aligned
ERROR: (align) C:/Users/valmac/FullScreenPokemon/src/components/constants/Pokemon.ts[9181, 24]: elements are not aligned
ERROR: (align) C:/Users/valmac/FullScreenPokemon/src/components/constants/Pokemon.ts[9193, 24]: elements are not aligned
ERROR: (align) C:/Users/valmac/FullScreenPokemon/src/components/constants/Pokemon.ts[9196, 24]: elements are not aligned
ERROR: (align) C:/Users/valmac/FullScreenPokemon/src/components/constants/Pokemon.ts[9199, 24]: elements are not aligned
ERROR: (align) C:/Users/valmac/FullScreenPokemon/src/components/constants/Pokemon.ts[9202, 24]: elements are not aligned
ERROR: (align) C:/Users/valmac/FullScreenPokemon/src/components/constants/Pokemon.ts[9205, 24]: elements are not aligned
ERROR: (align) C:/Users/valmac/FullScreenPokemon/src/components/constants/Pokemon.ts[9208, 24]: elements are not aligned
ERROR: (align) C:/Users/valmac/FullScreenPokemon/src/components/constants/Pokemon.ts[9211, 24]: elements are not aligned
ERROR: (align) C:/Users/valmac/FullScreenPokemon/src/components/constants/Pokemon.ts[9214, 24]: elements are not aligned
ERROR: (align) C:/Users/valmac/FullScreenPokemon/src/components/constants/Pokemon.ts[9217, 24]: elements are not aligned
ERROR: (align) C:/Users/valmac/FullScreenPokemon/src/components/constants/Pokemon.ts[9220, 24]: elements are not aligned
ERROR: (align) C:/Users/valmac/FullScreenPokemon/src/components/constants/Pokemon.ts[9223, 24]: elements are not aligned
ERROR: (align) C:/Users/valmac/FullScreenPokemon/src/components/constants/Pokemon.ts[9226, 24]: elements are not aligned
ERROR: (align) C:/Users/valmac/FullScreenPokemon/src/components/constants/Pokemon.ts[9229, 24]: elements are not aligned
ERROR: (align) C:/Users/valmac/FullScreenPokemon/src/components/constants/Pokemon.ts[9232, 24]: elements are not aligned
ERROR: (align) C:/Users/valmac/FullScreenPokemon/src/components/constants/Pokemon.ts[9235, 24]: elements are not aligned
ERROR: (align) C:/Users/valmac/FullScreenPokemon/src/components/constants/Pokemon.ts[9238, 24]: elements are not aligned
ERROR: (align) C:/Users/valmac/FullScreenPokemon/src/components/constants/Pokemon.ts[9241, 24]: elements are not aligned
ERROR: (align) C:/Users/valmac/FullScreenPokemon/src/components/constants/Pokemon.ts[9244, 24]: elements are not aligned
ERROR: (align) C:/Users/valmac/FullScreenPokemon/src/components/constants/Pokemon.ts[9247, 24]: elements are not aligned
ERROR: (align) C:/Users/valmac/FullScreenPokemon/src/components/constants/Pokemon.ts[9250, 24]: elements are not aligned
ERROR: (align) C:/Users/valmac/FullScreenPokemon/src/components/constants/Pokemon.ts[9253, 24]: elements are not aligned
ERROR: (align) C:/Users/valmac/FullScreenPokemon/src/components/constants/Pokemon.ts[9256, 24]: elements are not aligned
ERROR: (align) C:/Users/valmac/FullScreenPokemon/src/components/constants/Pokemon.ts[9259, 24]: elements are not aligned
ERROR: (align) C:/Users/valmac/FullScreenPokemon/src/components/constants/Pokemon.ts[9262, 24]: elements are not aligned
ERROR: (align) C:/Users/valmac/FullScreenPokemon/src/components/constants/Pokemon.ts[9265, 24]: elements are not aligned
ERROR: (align) C:/Users/valmac/FullScreenPokemon/src/components/constants/Pokemon.ts[9291, 24]: elements are not aligned
ERROR: (align) C:/Users/valmac/FullScreenPokemon/src/components/constants/Pokemon.ts[9294, 24]: elements are not aligned
ERROR: (align) C:/Users/valmac/FullScreenPokemon/src/components/constants/Pokemon.ts[9297, 24]: elements are not aligned
ERROR: (align) C:/Users/valmac/FullScreenPokemon/src/components/constants/Pokemon.ts[9300, 24]: elements are not aligned
ERROR: (align) C:/Users/valmac/FullScreenPokemon/src/components/constants/Pokemon.ts[9303, 24]: elements are not aligned
ERROR: (align) C:/Users/valmac/FullScreenPokemon/src/components/constants/Pokemon.ts[9306, 24]: elements are not aligned
ERROR: (align) C:/Users/valmac/FullScreenPokemon/src/components/constants/Pokemon.ts[9309, 24]: elements are not aligned
ERROR: (align) C:/Users/valmac/FullScreenPokemon/src/components/constants/Pokemon.ts[9312, 24]: elements are not aligned
ERROR: (align) C:/Users/valmac/FullScreenPokemon/src/components/constants/Pokemon.ts[9321, 24]: elements are not aligned
ERROR: (align) C:/Users/valmac/FullScreenPokemon/src/components/constants/Pokemon.ts[9324, 24]: elements are not aligned
ERROR: (align) C:/Users/valmac/FullScreenPokemon/src/components/constants/Pokemon.ts[9327, 24]: elements are not aligned
ERROR: (align) C:/Users/valmac/FullScreenPokemon/src/components/constants/Pokemon.ts[9330, 24]: elements are not aligned
ERROR: (align) C:/Users/valmac/FullScreenPokemon/src/components/constants/Pokemon.ts[9333, 24]: elements are not aligned
ERROR: (align) C:/Users/valmac/FullScreenPokemon/src/components/constants/Pokemon.ts[9336, 24]: elements are not aligned
ERROR: (align) C:/Users/valmac/FullScreenPokemon/src/components/constants/Pokemon.ts[9339, 24]: elements are not aligned
ERROR: (align) C:/Users/valmac/FullScreenPokemon/src/components/constants/Pokemon.ts[9342, 24]: elements are not aligned
ERROR: (align) C:/Users/valmac/FullScreenPokemon/src/components/constants/Pokemon.ts[9368, 24]: elements are not aligned
ERROR: (align) C:/Users/valmac/FullScreenPokemon/src/components/constants/Pokemon.ts[9371, 24]: elements are not aligned
ERROR: (align) C:/Users/valmac/FullScreenPokemon/src/components/constants/Pokemon.ts[9374, 24]: elements are not aligned
ERROR: (align) C:/Users/valmac/FullScreenPokemon/src/components/constants/Pokemon.ts[9377, 24]: elements are not aligned
ERROR: (align) C:/Users/valmac/FullScreenPokemon/src/components/constants/Pokemon.ts[9380, 24]: elements are not aligned
ERROR: (align) C:/Users/valmac/FullScreenPokemon/src/components/constants/Pokemon.ts[9383, 24]: elements are not aligned
ERROR: (align) C:/Users/valmac/FullScreenPokemon/src/components/constants/Pokemon.ts[9391, 24]: elements are not aligned
ERROR: (align) C:/Users/valmac/FullScreenPokemon/src/components/constants/Pokemon.ts[9399, 24]: elements are not aligned
ERROR: (align) C:/Users/valmac/FullScreenPokemon/src/components/constants/Pokemon.ts[9425, 24]: elements are not aligned
ERROR: (align) C:/Users/valmac/FullScreenPokemon/src/components/constants/Pokemon.ts[9428, 24]: elements are not aligned
ERROR: (align) C:/Users/valmac/FullScreenPokemon/src/components/constants/Pokemon.ts[9431, 24]: elements are not aligned
ERROR: (align) C:/Users/valmac/FullScreenPokemon/src/components/constants/Pokemon.ts[9434, 24]: elements are not aligned
ERROR: (align) C:/Users/valmac/FullScreenPokemon/src/components/constants/Pokemon.ts[9437, 24]: elements are not aligned
ERROR: (align) C:/Users/valmac/FullScreenPokemon/src/components/constants/Pokemon.ts[9440, 24]: elements are not aligned
ERROR: (align) C:/Users/valmac/FullScreenPokemon/src/components/constants/Pokemon.ts[9448, 24]: elements are not aligned
ERROR: (align) C:/Users/valmac/FullScreenPokemon/src/components/constants/Pokemon.ts[9456, 24]: elements are not aligned
ERROR: (align) C:/Users/valmac/FullScreenPokemon/src/components/constants/Pokemon.ts[9525, 24]: elements are not aligned
ERROR: (align) C:/Users/valmac/FullScreenPokemon/src/components/constants/Pokemon.ts[9528, 24]: elements are not aligned
ERROR: (align) C:/Users/valmac/FullScreenPokemon/src/components/constants/Pokemon.ts[9531, 24]: elements are not aligned
ERROR: (align) C:/Users/valmac/FullScreenPokemon/src/components/constants/Pokemon.ts[9534, 24]: elements are not aligned
ERROR: (align) C:/Users/valmac/FullScreenPokemon/src/components/constants/Pokemon.ts[9537, 24]: elements are not aligned
ERROR: (align) C:/Users/valmac/FullScreenPokemon/src/components/constants/Pokemon.ts[9540, 24]: elements are not aligned
ERROR: (align) C:/Users/valmac/FullScreenPokemon/src/components/constants/Pokemon.ts[9543, 24]: elements are not aligned
ERROR: (align) C:/Users/valmac/FullScreenPokemon/src/components/constants/Pokemon.ts[9546, 24]: elements are not aligned
ERROR: (align) C:/Users/valmac/FullScreenPokemon/src/components/constants/Pokemon.ts[9549, 24]: elements are not aligned
ERROR: (align) C:/Users/valmac/FullScreenPokemon/src/components/constants/Pokemon.ts[9552, 24]: elements are not aligned
ERROR: (align) C:/Users/valmac/FullScreenPokemon/src/components/constants/Pokemon.ts[9555, 24]: elements are not aligned
ERROR: (align) C:/Users/valmac/FullScreenPokemon/src/components/constants/Pokemon.ts[9558, 24]: elements are not aligned
ERROR: (align) C:/Users/valmac/FullScreenPokemon/src/components/constants/Pokemon.ts[9561, 24]: elements are not aligned
ERROR: (align) C:/Users/valmac/FullScreenPokemon/src/components/constants/Pokemon.ts[9564, 24]: elements are not aligned
ERROR: (align) C:/Users/valmac/FullScreenPokemon/src/components/constants/Pokemon.ts[9572, 24]: elements are not aligned
ERROR: (align) C:/Users/valmac/FullScreenPokemon/src/components/constants/Pokemon.ts[9575, 24]: elements are not aligned
ERROR: (align) C:/Users/valmac/FullScreenPokemon/src/components/constants/Pokemon.ts[9578, 24]: elements are not aligned
ERROR: (align) C:/Users/valmac/FullScreenPokemon/src/components/constants/Pokemon.ts[9581, 24]: elements are not aligned
ERROR: (align) C:/Users/valmac/FullScreenPokemon/src/components/constants/Pokemon.ts[9584, 24]: elements are not aligned
ERROR: (align) C:/Users/valmac/FullScreenPokemon/src/components/constants/Pokemon.ts[9587, 24]: elements are not aligned
ERROR: (align) C:/Users/valmac/FullScreenPokemon/src/components/constants/Pokemon.ts[9590, 24]: elements are not aligned
ERROR: (align) C:/Users/valmac/FullScreenPokemon/src/components/constants/Pokemon.ts[9593, 24]: elements are not aligned
ERROR: (align) C:/Users/valmac/FullScreenPokemon/src/components/constants/Pokemon.ts[9596, 24]: elements are not aligned
ERROR: (align) C:/Users/valmac/FullScreenPokemon/src/components/constants/Pokemon.ts[9599, 24]: elements are not aligned
ERROR: (align) C:/Users/valmac/FullScreenPokemon/src/components/constants/Pokemon.ts[9602, 24]: elements are not aligned
ERROR: (align) C:/Users/valmac/FullScreenPokemon/src/components/constants/Pokemon.ts[9605, 24]: elements are not aligned
ERROR: (align) C:/Users/valmac/FullScreenPokemon/src/components/constants/Pokemon.ts[9608, 24]: elements are not aligned
ERROR: (align) C:/Users/valmac/FullScreenPokemon/src/components/constants/Pokemon.ts[9611, 24]: elements are not aligned
ERROR: (align) C:/Users/valmac/FullScreenPokemon/src/components/constants/Pokemon.ts[9646, 24]: elements are not aligned
ERROR: (align) C:/Users/valmac/FullScreenPokemon/src/components/constants/Pokemon.ts[9649, 24]: elements are not aligned
ERROR: (align) C:/Users/valmac/FullScreenPokemon/src/components/constants/Pokemon.ts[9652, 24]: elements are not aligned
ERROR: (align) C:/Users/valmac/FullScreenPokemon/src/components/constants/Pokemon.ts[9655, 24]: elements are not aligned
ERROR: (align) C:/Users/valmac/FullScreenPokemon/src/components/constants/Pokemon.ts[9658, 24]: elements are not aligned
ERROR: (align) C:/Users/valmac/FullScreenPokemon/src/components/constants/Pokemon.ts[9661, 24]: elements are not aligned
ERROR: (align) C:/Users/valmac/FullScreenPokemon/src/components/constants/Pokemon.ts[9664, 24]: elements are not aligned
ERROR: (align) C:/Users/valmac/FullScreenPokemon/src/components/constants/Pokemon.ts[9667, 24]: elements are not aligned
ERROR: (align) C:/Users/valmac/FullScreenPokemon/src/components/constants/Pokemon.ts[9670, 24]: elements are not aligned
ERROR: (align) C:/Users/valmac/FullScreenPokemon/src/components/constants/Pokemon.ts[9673, 24]: elements are not aligned
ERROR: (align) C:/Users/valmac/FullScreenPokemon/src/components/constants/Pokemon.ts[9676, 24]: elements are not aligned
ERROR: (align) C:/Users/valmac/FullScreenPokemon/src/components/constants/Pokemon.ts[9679, 24]: elements are not aligned
ERROR: (align) C:/Users/valmac/FullScreenPokemon/src/components/constants/Pokemon.ts[9682, 24]: elements are not aligned
ERROR: (align) C:/Users/valmac/FullScreenPokemon/src/components/constants/Pokemon.ts[9685, 24]: elements are not aligned
ERROR: (align) C:/Users/valmac/FullScreenPokemon/src/components/constants/Pokemon.ts[9688, 24]: elements are not aligned
ERROR: (align) C:/Users/valmac/FullScreenPokemon/src/components/constants/Pokemon.ts[9696, 24]: elements are not aligned
ERROR: (align) C:/Users/valmac/FullScreenPokemon/src/components/constants/Pokemon.ts[9699, 24]: elements are not aligned
ERROR: (align) C:/Users/valmac/FullScreenPokemon/src/components/constants/Pokemon.ts[9702, 24]: elements are not aligned
ERROR: (align) C:/Users/valmac/FullScreenPokemon/src/components/constants/Pokemon.ts[9705, 24]: elements are not aligned
ERROR: (align) C:/Users/valmac/FullScreenPokemon/src/components/constants/Pokemon.ts[9708, 24]: elements are not aligned
ERROR: (align) C:/Users/valmac/FullScreenPokemon/src/components/constants/Pokemon.ts[9711, 24]: elements are not aligned
ERROR: (align) C:/Users/valmac/FullScreenPokemon/src/components/constants/Pokemon.ts[9714, 24]: elements are not aligned
ERROR: (align) C:/Users/valmac/FullScreenPokemon/src/components/constants/Pokemon.ts[9717, 24]: elements are not aligned
ERROR: (align) C:/Users/valmac/FullScreenPokemon/src/components/constants/Pokemon.ts[9720, 24]: elements are not aligned
ERROR: (align) C:/Users/valmac/FullScreenPokemon/src/components/constants/Pokemon.ts[9723, 24]: elements are not aligned
ERROR: (align) C:/Users/valmac/FullScreenPokemon/src/components/constants/Pokemon.ts[9726, 24]: elements are not aligned
ERROR: (align) C:/Users/valmac/FullScreenPokemon/src/components/constants/Pokemon.ts[9729, 24]: elements are not aligned
ERROR: (align) C:/Users/valmac/FullScreenPokemon/src/components/constants/Pokemon.ts[9732, 24]: elements are not aligned
ERROR: (align) C:/Users/valmac/FullScreenPokemon/src/components/constants/Pokemon.ts[9735, 24]: elements are not aligned
ERROR: (align) C:/Users/valmac/FullScreenPokemon/src/components/constants/Pokemon.ts[9738, 24]: elements are not aligned
ERROR: (align) C:/Users/valmac/FullScreenPokemon/src/components/constants/Pokemon.ts[9746, 24]: elements are not aligned
ERROR: (align) C:/Users/valmac/FullScreenPokemon/src/components/constants/Pokemon.ts[9749, 24]: elements are not aligned
ERROR: (align) C:/Users/valmac/FullScreenPokemon/src/components/constants/Pokemon.ts[9752, 24]: elements are not aligned
ERROR: (align) C:/Users/valmac/FullScreenPokemon/src/components/constants/Pokemon.ts[9755, 24]: elements are not aligned
ERROR: (align) C:/Users/valmac/FullScreenPokemon/src/components/constants/Pokemon.ts[9758, 24]: elements are not aligned
ERROR: (align) C:/Users/valmac/FullScreenPokemon/src/components/constants/Pokemon.ts[9761, 24]: elements are not aligned
ERROR: (align) C:/Users/valmac/FullScreenPokemon/src/components/constants/Pokemon.ts[9764, 24]: elements are not aligned
ERROR: (align) C:/Users/valmac/FullScreenPokemon/src/components/constants/Pokemon.ts[9767, 24]: elements are not aligned
ERROR: (align) C:/Users/valmac/FullScreenPokemon/src/components/constants/Pokemon.ts[9770, 24]: elements are not aligned
ERROR: (align) C:/Users/valmac/FullScreenPokemon/src/components/constants/Pokemon.ts[9773, 24]: elements are not aligned
ERROR: (align) C:/Users/valmac/FullScreenPokemon/src/components/constants/Pokemon.ts[9776, 24]: elements are not aligned
ERROR: (align) C:/Users/valmac/FullScreenPokemon/src/components/constants/Pokemon.ts[9779, 24]: elements are not aligned
ERROR: (align) C:/Users/valmac/FullScreenPokemon/src/components/constants/Pokemon.ts[9782, 24]: elements are not aligned
ERROR: (align) C:/Users/valmac/FullScreenPokemon/src/components/constants/Pokemon.ts[9785, 24]: elements are not aligned
ERROR: (align) C:/Users/valmac/FullScreenPokemon/src/components/constants/Pokemon.ts[9788, 24]: elements are not aligned
ERROR: (align) C:/Users/valmac/FullScreenPokemon/src/components/constants/Pokemon.ts[9823, 24]: elements are not aligned
ERROR: (align) C:/Users/valmac/FullScreenPokemon/src/components/constants/Pokemon.ts[9826, 24]: elements are not aligned
ERROR: (align) C:/Users/valmac/FullScreenPokemon/src/components/constants/Pokemon.ts[9829, 24]: elements are not aligned
ERROR: (align) C:/Users/valmac/FullScreenPokemon/src/components/constants/Pokemon.ts[9832, 24]: elements are not aligned
ERROR: (align) C:/Users/valmac/FullScreenPokemon/src/components/constants/Pokemon.ts[9835, 24]: elements are not aligned
ERROR: (align) C:/Users/valmac/FullScreenPokemon/src/components/constants/Pokemon.ts[9838, 24]: elements are not aligned
ERROR: (align) C:/Users/valmac/FullScreenPokemon/src/components/constants/Pokemon.ts[9841, 24]: elements are not aligned
ERROR: (align) C:/Users/valmac/FullScreenPokemon/src/components/constants/Pokemon.ts[9844, 24]: elements are not aligned
ERROR: (align) C:/Users/valmac/FullScreenPokemon/src/components/constants/Pokemon.ts[9853, 24]: elements are not aligned
ERROR: (align) C:/Users/valmac/FullScreenPokemon/src/components/constants/Pokemon.ts[9856, 24]: elements are not aligned
ERROR: (align) C:/Users/valmac/FullScreenPokemon/src/components/constants/Pokemon.ts[9859, 24]: elements are not aligned
ERROR: (align) C:/Users/valmac/FullScreenPokemon/src/components/constants/Pokemon.ts[9862, 24]: elements are not aligned
ERROR: (align) C:/Users/valmac/FullScreenPokemon/src/components/constants/Pokemon.ts[9865, 24]: elements are not aligned
ERROR: (align) C:/Users/valmac/FullScreenPokemon/src/components/constants/Pokemon.ts[9868, 24]: elements are not aligned
ERROR: (align) C:/Users/valmac/FullScreenPokemon/src/components/constants/Pokemon.ts[9871, 24]: elements are not aligned
ERROR: (align) C:/Users/valmac/FullScreenPokemon/src/components/constants/Pokemon.ts[9874, 24]: elements are not aligned
ERROR: (align) C:/Users/valmac/FullScreenPokemon/src/components/constants/Pokemon.ts[9909, 24]: elements are not aligned
ERROR: (align) C:/Users/valmac/FullScreenPokemon/src/components/constants/Pokemon.ts[9912, 24]: elements are not aligned
ERROR: (align) C:/Users/valmac/FullScreenPokemon/src/components/constants/Pokemon.ts[9915, 24]: elements are not aligned
ERROR: (align) C:/Users/valmac/FullScreenPokemon/src/components/constants/Pokemon.ts[9918, 24]: elements are not aligned
ERROR: (align) C:/Users/valmac/FullScreenPokemon/src/components/constants/Pokemon.ts[9921, 24]: elements are not aligned
ERROR: (align) C:/Users/valmac/FullScreenPokemon/src/components/constants/Pokemon.ts[9924, 24]: elements are not aligned
ERROR: (align) C:/Users/valmac/FullScreenPokemon/src/components/constants/Pokemon.ts[9927, 24]: elements are not aligned
ERROR: (align) C:/Users/valmac/FullScreenPokemon/src/components/constants/Pokemon.ts[9930, 24]: elements are not aligned
ERROR: (align) C:/Users/valmac/FullScreenPokemon/src/components/constants/Pokemon.ts[9939, 24]: elements are not aligned
ERROR: (align) C:/Users/valmac/FullScreenPokemon/src/components/constants/Pokemon.ts[9942, 24]: elements are not aligned
ERROR: (align) C:/Users/valmac/FullScreenPokemon/src/components/constants/Pokemon.ts[9945, 24]: elements are not aligned
ERROR: (align) C:/Users/valmac/FullScreenPokemon/src/components/constants/Pokemon.ts[9948, 24]: elements are not aligned
ERROR: (align) C:/Users/valmac/FullScreenPokemon/src/components/constants/Pokemon.ts[9951, 24]: elements are not aligned
ERROR: (align) C:/Users/valmac/FullScreenPokemon/src/components/constants/Pokemon.ts[9954, 24]: elements are not aligned
ERROR: (align) C:/Users/valmac/FullScreenPokemon/src/components/constants/Pokemon.ts[9957, 24]: elements are not aligned
ERROR: (align) C:/Users/valmac/FullScreenPokemon/src/components/constants/Pokemon.ts[9960, 24]: elements are not aligned
ERROR: (align) C:/Users/valmac/FullScreenPokemon/src/components/constants/Pokemon.ts[9986, 24]: elements are not aligned
ERROR: (align) C:/Users/valmac/FullScreenPokemon/src/components/constants/Pokemon.ts[9989, 24]: elements are not aligned
ERROR: (align) C:/Users/valmac/FullScreenPokemon/src/components/constants/Pokemon.ts[9992, 24]: elements are not aligned
ERROR: (align) C:/Users/valmac/FullScreenPokemon/src/components/constants/Pokemon.ts[10000, 24]: elements are not aligned
ERROR: (align) C:/Users/valmac/FullScreenPokemon/src/components/constants/Pokemon.ts[10003, 24]: elements are not aligned
ERROR: (align) C:/Users/valmac/FullScreenPokemon/src/components/constants/Pokemon.ts[10006, 24]: elements are not aligned
ERROR: (align) C:/Users/valmac/FullScreenPokemon/src/components/constants/Pokemon.ts[10009, 24]: elements are not aligned
ERROR: (align) C:/Users/valmac/FullScreenPokemon/src/components/constants/Pokemon.ts[10012, 24]: elements are not aligned
ERROR: (align) C:/Users/valmac/FullScreenPokemon/src/components/constants/Pokemon.ts[10015, 24]: elements are not aligned
ERROR: (align) C:/Users/valmac/FullScreenPokemon/src/components/constants/Pokemon.ts[10018, 24]: elements are not aligned
ERROR: (align) C:/Users/valmac/FullScreenPokemon/src/components/constants/Pokemon.ts[10021, 24]: elements are not aligned
ERROR: (align) C:/Users/valmac/FullScreenPokemon/src/components/constants/Pokemon.ts[10024, 24]: elements are not aligned
ERROR: (align) C:/Users/valmac/FullScreenPokemon/src/components/constants/Pokemon.ts[10027, 24]: elements are not aligned
ERROR: (align) C:/Users/valmac/FullScreenPokemon/src/components/constants/Pokemon.ts[10030, 24]: elements are not aligned
ERROR: (align) C:/Users/valmac/FullScreenPokemon/src/components/constants/Pokemon.ts[10033, 24]: elements are not aligned
ERROR: (align) C:/Users/valmac/FullScreenPokemon/src/components/constants/Pokemon.ts[10036, 24]: elements are not aligned
ERROR: (align) C:/Users/valmac/FullScreenPokemon/src/components/constants/Pokemon.ts[10039, 24]: elements are not aligned
ERROR: (align) C:/Users/valmac/FullScreenPokemon/src/components/constants/Pokemon.ts[10042, 24]: elements are not aligned
ERROR: (align) C:/Users/valmac/FullScreenPokemon/src/components/constants/Pokemon.ts[10050, 24]: elements are not aligned
ERROR: (align) C:/Users/valmac/FullScreenPokemon/src/components/constants/Pokemon.ts[10053, 24]: elements are not aligned
ERROR: (align) C:/Users/valmac/FullScreenPokemon/src/components/constants/Pokemon.ts[10056, 24]: elements are not aligned
ERROR: (align) C:/Users/valmac/FullScreenPokemon/src/components/constants/Pokemon.ts[10059, 24]: elements are not aligned
ERROR: (align) C:/Users/valmac/FullScreenPokemon/src/components/constants/Pokemon.ts[10062, 24]: elements are not aligned
ERROR: (align) C:/Users/valmac/FullScreenPokemon/src/components/constants/Pokemon.ts[10065, 24]: elements are not aligned
ERROR: (align) C:/Users/valmac/FullScreenPokemon/src/components/constants/Pokemon.ts[10068, 24]: elements are not aligned
ERROR: (align) C:/Users/valmac/FullScreenPokemon/src/components/constants/Pokemon.ts[10071, 24]: elements are not aligned
ERROR: (align) C:/Users/valmac/FullScreenPokemon/src/components/constants/Pokemon.ts[10074, 24]: elements are not aligned
ERROR: (align) C:/Users/valmac/FullScreenPokemon/src/components/constants/Pokemon.ts[10077, 24]: elements are not aligned
ERROR: (align) C:/Users/valmac/FullScreenPokemon/src/components/constants/Pokemon.ts[10080, 24]: elements are not aligned
ERROR: (align) C:/Users/valmac/FullScreenPokemon/src/components/constants/Pokemon.ts[10083, 24]: elements are not aligned
ERROR: (align) C:/Users/valmac/FullScreenPokemon/src/components/constants/Pokemon.ts[10086, 24]: elements are not aligned
ERROR: (align) C:/Users/valmac/FullScreenPokemon/src/components/constants/Pokemon.ts[10089, 24]: elements are not aligned
ERROR: (align) C:/Users/valmac/FullScreenPokemon/src/components/constants/Pokemon.ts[10092, 24]: elements are not aligned
ERROR: (align) C:/Users/valmac/FullScreenPokemon/src/components/constants/Pokemon.ts[10127, 24]: elements are not aligned
ERROR: (align) C:/Users/valmac/FullScreenPokemon/src/components/constants/Pokemon.ts[10130, 24]: elements are not aligned
ERROR: (align) C:/Users/valmac/FullScreenPokemon/src/components/constants/Pokemon.ts[10133, 24]: elements are not aligned
ERROR: (align) C:/Users/valmac/FullScreenPokemon/src/components/constants/Pokemon.ts[10136, 24]: elements are not aligned
ERROR: (align) C:/Users/valmac/FullScreenPokemon/src/components/constants/Pokemon.ts[10139, 24]: elements are not aligned
ERROR: (align) C:/Users/valmac/FullScreenPokemon/src/components/constants/Pokemon.ts[10142, 24]: elements are not aligned
ERROR: (align) C:/Users/valmac/FullScreenPokemon/src/components/constants/Pokemon.ts[10151, 24]: elements are not aligned
ERROR: (align) C:/Users/valmac/FullScreenPokemon/src/components/constants/Pokemon.ts[10154, 24]: elements are not aligned
ERROR: (align) C:/Users/valmac/FullScreenPokemon/src/components/constants/Pokemon.ts[10157, 24]: elements are not aligned
ERROR: (align) C:/Users/valmac/FullScreenPokemon/src/components/constants/Pokemon.ts[10160, 24]: elements are not aligned
ERROR: (align) C:/Users/valmac/FullScreenPokemon/src/components/constants/Pokemon.ts[10163, 24]: elements are not aligned
ERROR: (align) C:/Users/valmac/FullScreenPokemon/src/components/constants/Pokemon.ts[10166, 24]: elements are not aligned
ERROR: (align) C:/Users/valmac/FullScreenPokemon/src/components/constants/Pokemon.ts[10169, 24]: elements are not aligned
ERROR: (align) C:/Users/valmac/FullScreenPokemon/src/components/constants/Pokemon.ts[10172, 24]: elements are not aligned
ERROR: (align) C:/Users/valmac/FullScreenPokemon/src/components/constants/Pokemon.ts[10175, 24]: elements are not aligned
ERROR: (align) C:/Users/valmac/FullScreenPokemon/src/components/constants/Pokemon.ts[10178, 24]: elements are not aligned
ERROR: (align) C:/Users/valmac/FullScreenPokemon/src/components/constants/Pokemon.ts[10181, 24]: elements are not aligned
ERROR: (align) C:/Users/valmac/FullScreenPokemon/src/components/constants/Pokemon.ts[10184, 24]: elements are not aligned
ERROR: (align) C:/Users/valmac/FullScreenPokemon/src/components/constants/Pokemon.ts[10219, 24]: elements are not aligned
ERROR: (align) C:/Users/valmac/FullScreenPokemon/src/components/constants/Pokemon.ts[10222, 24]: elements are not aligned
ERROR: (align) C:/Users/valmac/FullScreenPokemon/src/components/constants/Pokemon.ts[10225, 24]: elements are not aligned
ERROR: (align) C:/Users/valmac/FullScreenPokemon/src/components/constants/Pokemon.ts[10228, 24]: elements are not aligned
ERROR: (align) C:/Users/valmac/FullScreenPokemon/src/components/constants/Pokemon.ts[10231, 24]: elements are not aligned
ERROR: (align) C:/Users/valmac/FullScreenPokemon/src/components/constants/Pokemon.ts[10240, 24]: elements are not aligned
ERROR: (align) C:/Users/valmac/FullScreenPokemon/src/components/constants/Pokemon.ts[10243, 24]: elements are not aligned
ERROR: (align) C:/Users/valmac/FullScreenPokemon/src/components/constants/Pokemon.ts[10246, 24]: elements are not aligned
ERROR: (align) C:/Users/valmac/FullScreenPokemon/src/components/constants/Pokemon.ts[10249, 24]: elements are not aligned
ERROR: (align) C:/Users/valmac/FullScreenPokemon/src/components/constants/Pokemon.ts[10252, 24]: elements are not aligned
ERROR: (align) C:/Users/valmac/FullScreenPokemon/src/components/constants/Pokemon.ts[10255, 24]: elements are not aligned
ERROR: (align) C:/Users/valmac/FullScreenPokemon/src/components/constants/Pokemon.ts[10258, 24]: elements are not aligned
ERROR: (align) C:/Users/valmac/FullScreenPokemon/src/components/constants/Pokemon.ts[10261, 24]: elements are not aligned
ERROR: (align) C:/Users/valmac/FullScreenPokemon/src/components/constants/Pokemon.ts[10264, 24]: elements are not aligned
ERROR: (align) C:/Users/valmac/FullScreenPokemon/src/components/constants/Pokemon.ts[10267, 24]: elements are not aligned
ERROR: (align) C:/Users/valmac/FullScreenPokemon/src/components/constants/Pokemon.ts[10270, 24]: elements are not aligned
ERROR: (align) C:/Users/valmac/FullScreenPokemon/src/components/constants/Pokemon.ts[10273, 24]: elements are not aligned
ERROR: (align) C:/Users/valmac/FullScreenPokemon/src/components/constants/Pokemon.ts[10276, 24]: elements are not aligned
ERROR: (align) C:/Users/valmac/FullScreenPokemon/src/components/constants/Pokemon.ts[10279, 24]: elements are not aligned
ERROR: (align) C:/Users/valmac/FullScreenPokemon/src/components/constants/Pokemon.ts[10305, 24]: elements are not aligned
ERROR: (align) C:/Users/valmac/FullScreenPokemon/src/components/constants/Pokemon.ts[10308, 24]: elements are not aligned
ERROR: (align) C:/Users/valmac/FullScreenPokemon/src/components/constants/Pokemon.ts[10311, 24]: elements are not aligned
ERROR: (align) C:/Users/valmac/FullScreenPokemon/src/components/constants/Pokemon.ts[10314, 24]: elements are not aligned
ERROR: (align) C:/Users/valmac/FullScreenPokemon/src/components/constants/Pokemon.ts[10317, 24]: elements are not aligned
ERROR: (align) C:/Users/valmac/FullScreenPokemon/src/components/constants/Pokemon.ts[10320, 24]: elements are not aligned
ERROR: (align) C:/Users/valmac/FullScreenPokemon/src/components/constants/Pokemon.ts[10332, 24]: elements are not aligned
ERROR: (align) C:/Users/valmac/FullScreenPokemon/src/components/constants/Pokemon.ts[10335, 24]: elements are not aligned
ERROR: (align) C:/Users/valmac/FullScreenPokemon/src/components/constants/Pokemon.ts[10338, 24]: elements are not aligned
ERROR: (align) C:/Users/valmac/FullScreenPokemon/src/components/constants/Pokemon.ts[10341, 24]: elements are not aligned
ERROR: (align) C:/Users/valmac/FullScreenPokemon/src/components/constants/Pokemon.ts[10344, 24]: elements are not aligned
ERROR: (align) C:/Users/valmac/FullScreenPokemon/src/components/constants/Pokemon.ts[10347, 24]: elements are not aligned
ERROR: (align) C:/Users/valmac/FullScreenPokemon/src/components/constants/Pokemon.ts[10350, 24]: elements are not aligned
ERROR: (align) C:/Users/valmac/FullScreenPokemon/src/components/constants/Pokemon.ts[10353, 24]: elements are not aligned
ERROR: (align) C:/Users/valmac/FullScreenPokemon/src/components/constants/Pokemon.ts[10356, 24]: elements are not aligned
ERROR: (align) C:/Users/valmac/FullScreenPokemon/src/components/constants/Pokemon.ts[10359, 24]: elements are not aligned
ERROR: (align) C:/Users/valmac/FullScreenPokemon/src/components/constants/Pokemon.ts[10362, 24]: elements are not aligned
ERROR: (align) C:/Users/valmac/FullScreenPokemon/src/components/constants/Pokemon.ts[10365, 24]: elements are not aligned
ERROR: (align) C:/Users/valmac/FullScreenPokemon/src/components/constants/Pokemon.ts[10368, 24]: elements are not aligned
ERROR: (align) C:/Users/valmac/FullScreenPokemon/src/components/constants/Pokemon.ts[10371, 24]: elements are not aligned
ERROR: (align) C:/Users/valmac/FullScreenPokemon/src/components/constants/Pokemon.ts[10374, 24]: elements are not aligned
ERROR: (align) C:/Users/valmac/FullScreenPokemon/src/components/constants/Pokemon.ts[10377, 24]: elements are not aligned
ERROR: (align) C:/Users/valmac/FullScreenPokemon/src/components/constants/Pokemon.ts[10380, 24]: elements are not aligned
ERROR: (align) C:/Users/valmac/FullScreenPokemon/src/components/constants/Pokemon.ts[10383, 24]: elements are not aligned
ERROR: (align) C:/Users/valmac/FullScreenPokemon/src/components/constants/Pokemon.ts[10386, 24]: elements are not aligned
ERROR: (align) C:/Users/valmac/FullScreenPokemon/src/components/constants/Pokemon.ts[10412, 24]: elements are not aligned
ERROR: (align) C:/Users/valmac/FullScreenPokemon/src/components/constants/Pokemon.ts[10415, 24]: elements are not aligned
ERROR: (align) C:/Users/valmac/FullScreenPokemon/src/components/constants/Pokemon.ts[10418, 24]: elements are not aligned
ERROR: (align) C:/Users/valmac/FullScreenPokemon/src/components/constants/Pokemon.ts[10421, 24]: elements are not aligned
ERROR: (align) C:/Users/valmac/FullScreenPokemon/src/components/constants/Pokemon.ts[10424, 24]: elements are not aligned
ERROR: (align) C:/Users/valmac/FullScreenPokemon/src/components/constants/Pokemon.ts[10427, 24]: elements are not aligned
ERROR: (align) C:/Users/valmac/FullScreenPokemon/src/components/constants/Pokemon.ts[10436, 24]: elements are not aligned
ERROR: (align) C:/Users/valmac/FullScreenPokemon/src/components/constants/Pokemon.ts[10439, 24]: elements are not aligned
ERROR: (align) C:/Users/valmac/FullScreenPokemon/src/components/constants/Pokemon.ts[10442, 24]: elements are not aligned
ERROR: (align) C:/Users/valmac/FullScreenPokemon/src/components/constants/Pokemon.ts[10445, 24]: elements are not aligned
ERROR: (align) C:/Users/valmac/FullScreenPokemon/src/components/constants/Pokemon.ts[10448, 24]: elements are not aligned
ERROR: (align) C:/Users/valmac/FullScreenPokemon/src/components/constants/Pokemon.ts[10451, 24]: elements are not aligned
ERROR: (align) C:/Users/valmac/FullScreenPokemon/src/components/constants/Pokemon.ts[10454, 24]: elements are not aligned
ERROR: (align) C:/Users/valmac/FullScreenPokemon/src/components/constants/Pokemon.ts[10457, 24]: elements are not aligned
ERROR: (align) C:/Users/valmac/FullScreenPokemon/src/components/constants/Pokemon.ts[10460, 24]: elements are not aligned
ERROR: (align) C:/Users/valmac/FullScreenPokemon/src/components/constants/Pokemon.ts[10463, 24]: elements are not aligned
ERROR: (align) C:/Users/valmac/FullScreenPokemon/src/components/constants/Pokemon.ts[10466, 24]: elements are not aligned
ERROR: (align) C:/Users/valmac/FullScreenPokemon/src/components/constants/Pokemon.ts[10469, 24]: elements are not aligned
ERROR: (align) C:/Users/valmac/FullScreenPokemon/src/components/constants/Pokemon.ts[10472, 24]: elements are not aligned
ERROR: (align) C:/Users/valmac/FullScreenPokemon/src/components/constants/Pokemon.ts[10475, 24]: elements are not aligned
ERROR: (align) C:/Users/valmac/FullScreenPokemon/src/components/constants/Pokemon.ts[10478, 24]: elements are not aligned
ERROR: (align) C:/Users/valmac/FullScreenPokemon/src/components/constants/Pokemon.ts[10481, 24]: elements are not aligned
ERROR: (align) C:/Users/valmac/FullScreenPokemon/src/components/constants/Pokemon.ts[10516, 24]: elements are not aligned
ERROR: (align) C:/Users/valmac/FullScreenPokemon/src/components/constants/Pokemon.ts[10519, 24]: elements are not aligned
ERROR: (align) C:/Users/valmac/FullScreenPokemon/src/components/constants/Pokemon.ts[10522, 24]: elements are not aligned
ERROR: (align) C:/Users/valmac/FullScreenPokemon/src/components/constants/Pokemon.ts[10525, 24]: elements are not aligned
ERROR: (align) C:/Users/valmac/FullScreenPokemon/src/components/constants/Pokemon.ts[10528, 24]: elements are not aligned
ERROR: (align) C:/Users/valmac/FullScreenPokemon/src/components/constants/Pokemon.ts[10540, 24]: elements are not aligned
ERROR: (align) C:/Users/valmac/FullScreenPokemon/src/components/constants/Pokemon.ts[10543, 24]: elements are not aligned
ERROR: (align) C:/Users/valmac/FullScreenPokemon/src/components/constants/Pokemon.ts[10546, 24]: elements are not aligned
ERROR: (align) C:/Users/valmac/FullScreenPokemon/src/components/constants/Pokemon.ts[10549, 24]: elements are not aligned
ERROR: (align) C:/Users/valmac/FullScreenPokemon/src/components/constants/Pokemon.ts[10552, 24]: elements are not aligned
ERROR: (align) C:/Users/valmac/FullScreenPokemon/src/components/constants/Pokemon.ts[10555, 24]: elements are not aligned
ERROR: (align) C:/Users/valmac/FullScreenPokemon/src/components/constants/Pokemon.ts[10558, 24]: elements are not aligned
ERROR: (align) C:/Users/valmac/FullScreenPokemon/src/components/constants/Pokemon.ts[10561, 24]: elements are not aligned
ERROR: (align) C:/Users/valmac/FullScreenPokemon/src/components/constants/Pokemon.ts[10564, 24]: elements are not aligned
ERROR: (align) C:/Users/valmac/FullScreenPokemon/src/components/constants/Pokemon.ts[10567, 24]: elements are not aligned
ERROR: (align) C:/Users/valmac/FullScreenPokemon/src/components/constants/Pokemon.ts[10570, 24]: elements are not aligned
ERROR: (align) C:/Users/valmac/FullScreenPokemon/src/components/constants/Pokemon.ts[10573, 24]: elements are not aligned
ERROR: (align) C:/Users/valmac/FullScreenPokemon/src/components/constants/Pokemon.ts[10576, 24]: elements are not aligned
ERROR: (align) C:/Users/valmac/FullScreenPokemon/src/components/constants/Pokemon.ts[10579, 24]: elements are not aligned
ERROR: (align) C:/Users/valmac/FullScreenPokemon/src/components/constants/Pokemon.ts[10582, 24]: elements are not aligned
ERROR: (align) C:/Users/valmac/FullScreenPokemon/src/components/constants/Pokemon.ts[10608, 24]: elements are not aligned
ERROR: (align) C:/Users/valmac/FullScreenPokemon/src/components/constants/Pokemon.ts[10611, 24]: elements are not aligned
ERROR: (align) C:/Users/valmac/FullScreenPokemon/src/components/constants/Pokemon.ts[10614, 24]: elements are not aligned
ERROR: (align) C:/Users/valmac/FullScreenPokemon/src/components/constants/Pokemon.ts[10617, 24]: elements are not aligned
ERROR: (align) C:/Users/valmac/FullScreenPokemon/src/components/constants/Pokemon.ts[10620, 24]: elements are not aligned
ERROR: (align) C:/Users/valmac/FullScreenPokemon/src/components/constants/Pokemon.ts[10623, 24]: elements are not aligned
ERROR: (align) C:/Users/valmac/FullScreenPokemon/src/components/constants/Pokemon.ts[10626, 24]: elements are not aligned
ERROR: (align) C:/Users/valmac/FullScreenPokemon/src/components/constants/Pokemon.ts[10635, 24]: elements are not aligned
ERROR: (align) C:/Users/valmac/FullScreenPokemon/src/components/constants/Pokemon.ts[10638, 24]: elements are not aligned
ERROR: (align) C:/Users/valmac/FullScreenPokemon/src/components/constants/Pokemon.ts[10641, 24]: elements are not aligned
ERROR: (align) C:/Users/valmac/FullScreenPokemon/src/components/constants/Pokemon.ts[10644, 24]: elements are not aligned
ERROR: (align) C:/Users/valmac/FullScreenPokemon/src/components/constants/Pokemon.ts[10647, 24]: elements are not aligned
ERROR: (align) C:/Users/valmac/FullScreenPokemon/src/components/constants/Pokemon.ts[10650, 24]: elements are not aligned
ERROR: (align) C:/Users/valmac/FullScreenPokemon/src/components/constants/Pokemon.ts[10653, 24]: elements are not aligned
ERROR: (align) C:/Users/valmac/FullScreenPokemon/src/components/constants/Pokemon.ts[10656, 24]: elements are not aligned
ERROR: (align) C:/Users/valmac/FullScreenPokemon/src/components/constants/Pokemon.ts[10659, 24]: elements are not aligned
ERROR: (align) C:/Users/valmac/FullScreenPokemon/src/components/constants/Pokemon.ts[10662, 24]: elements are not aligned
ERROR: (align) C:/Users/valmac/FullScreenPokemon/src/components/constants/Pokemon.ts[10665, 24]: elements are not aligned
ERROR: (align) C:/Users/valmac/FullScreenPokemon/src/components/constants/Pokemon.ts[10668, 24]: elements are not aligned
ERROR: (align) C:/Users/valmac/FullScreenPokemon/src/components/constants/Pokemon.ts[10671, 24]: elements are not aligned
ERROR: (align) C:/Users/valmac/FullScreenPokemon/src/components/constants/Pokemon.ts[10674, 24]: elements are not aligned
ERROR: (align) C:/Users/valmac/FullScreenPokemon/src/components/constants/Pokemon.ts[10677, 24]: elements are not aligned
ERROR: (align) C:/Users/valmac/FullScreenPokemon/src/components/constants/Pokemon.ts[10680, 24]: elements are not aligned
ERROR: (align) C:/Users/valmac/FullScreenPokemon/src/components/constants/Pokemon.ts[10706, 24]: elements are not aligned
ERROR: (align) C:/Users/valmac/FullScreenPokemon/src/components/constants/Pokemon.ts[10709, 24]: elements are not aligned
ERROR: (align) C:/Users/valmac/FullScreenPokemon/src/components/constants/Pokemon.ts[10712, 24]: elements are not aligned
ERROR: (align) C:/Users/valmac/FullScreenPokemon/src/components/constants/Pokemon.ts[10715, 24]: elements are not aligned
ERROR: (align) C:/Users/valmac/FullScreenPokemon/src/components/constants/Pokemon.ts[10718, 24]: elements are not aligned
ERROR: (align) C:/Users/valmac/FullScreenPokemon/src/components/constants/Pokemon.ts[10721, 24]: elements are not aligned
ERROR: (align) C:/Users/valmac/FullScreenPokemon/src/components/constants/Pokemon.ts[10724, 24]: elements are not aligned
ERROR: (align) C:/Users/valmac/FullScreenPokemon/src/components/constants/Pokemon.ts[10727, 24]: elements are not aligned
ERROR: (align) C:/Users/valmac/FullScreenPokemon/src/components/constants/Pokemon.ts[10735, 24]: elements are not aligned
ERROR: (align) C:/Users/valmac/FullScreenPokemon/src/components/constants/Pokemon.ts[10738, 24]: elements are not aligned
ERROR: (align) C:/Users/valmac/FullScreenPokemon/src/components/constants/Pokemon.ts[10741, 24]: elements are not aligned
ERROR: (align) C:/Users/valmac/FullScreenPokemon/src/components/constants/Pokemon.ts[10744, 24]: elements are not aligned
ERROR: (align) C:/Users/valmac/FullScreenPokemon/src/components/constants/Pokemon.ts[10747, 24]: elements are not aligned
ERROR: (align) C:/Users/valmac/FullScreenPokemon/src/components/constants/Pokemon.ts[10750, 24]: elements are not aligned
ERROR: (align) C:/Users/valmac/FullScreenPokemon/src/components/constants/Pokemon.ts[10753, 24]: elements are not aligned
ERROR: (align) C:/Users/valmac/FullScreenPokemon/src/components/constants/Pokemon.ts[10756, 24]: elements are not aligned
ERROR: (align) C:/Users/valmac/FullScreenPokemon/src/components/constants/Pokemon.ts[10759, 24]: elements are not aligned
ERROR: (align) C:/Users/valmac/FullScreenPokemon/src/components/constants/Pokemon.ts[10762, 24]: elements are not aligned
ERROR: (align) C:/Users/valmac/FullScreenPokemon/src/components/constants/Pokemon.ts[10765, 24]: elements are not aligned
ERROR: (align) C:/Users/valmac/FullScreenPokemon/src/components/constants/Pokemon.ts[10768, 24]: elements are not aligned
ERROR: (align) C:/Users/valmac/FullScreenPokemon/src/components/constants/Pokemon.ts[10771, 24]: elements are not aligned
ERROR: (align) C:/Users/valmac/FullScreenPokemon/src/components/constants/Pokemon.ts[10774, 24]: elements are not aligned
ERROR: (align) C:/Users/valmac/FullScreenPokemon/src/components/constants/Pokemon.ts[10777, 24]: elements are not aligned
ERROR: (align) C:/Users/valmac/FullScreenPokemon/src/components/constants/Pokemon.ts[10780, 24]: elements are not aligned
ERROR: (align) C:/Users/valmac/FullScreenPokemon/src/components/constants/Pokemon.ts[10783, 24]: elements are not aligned
ERROR: (align) C:/Users/valmac/FullScreenPokemon/src/components/constants/Pokemon.ts[10791, 24]: elements are not aligned
ERROR: (align) C:/Users/valmac/FullScreenPokemon/src/components/constants/Pokemon.ts[10794, 24]: elements are not aligned
ERROR: (align) C:/Users/valmac/FullScreenPokemon/src/components/constants/Pokemon.ts[10797, 24]: elements are not aligned
ERROR: (align) C:/Users/valmac/FullScreenPokemon/src/components/constants/Pokemon.ts[10800, 24]: elements are not aligned
ERROR: (align) C:/Users/valmac/FullScreenPokemon/src/components/constants/Pokemon.ts[10803, 24]: elements are not aligned
ERROR: (align) C:/Users/valmac/FullScreenPokemon/src/components/constants/Pokemon.ts[10806, 24]: elements are not aligned
ERROR: (align) C:/Users/valmac/FullScreenPokemon/src/components/constants/Pokemon.ts[10809, 24]: elements are not aligned
ERROR: (align) C:/Users/valmac/FullScreenPokemon/src/components/constants/Pokemon.ts[10812, 24]: elements are not aligned
ERROR: (align) C:/Users/valmac/FullScreenPokemon/src/components/constants/Pokemon.ts[10838, 24]: elements are not aligned
ERROR: (align) C:/Users/valmac/FullScreenPokemon/src/components/constants/Pokemon.ts[10841, 24]: elements are not aligned
ERROR: (align) C:/Users/valmac/FullScreenPokemon/src/components/constants/Pokemon.ts[10844, 24]: elements are not aligned
ERROR: (align) C:/Users/valmac/FullScreenPokemon/src/components/constants/Pokemon.ts[10847, 24]: elements are not aligned
ERROR: (align) C:/Users/valmac/FullScreenPokemon/src/components/constants/Pokemon.ts[10850, 24]: elements are not aligned
ERROR: (align) C:/Users/valmac/FullScreenPokemon/src/components/constants/Pokemon.ts[10853, 24]: elements are not aligned
ERROR: (align) C:/Users/valmac/FullScreenPokemon/src/components/constants/Pokemon.ts[10856, 24]: elements are not aligned
ERROR: (align) C:/Users/valmac/FullScreenPokemon/src/components/constants/Pokemon.ts[10859, 24]: elements are not aligned
ERROR: (align) C:/Users/valmac/FullScreenPokemon/src/components/constants/Pokemon.ts[10868, 24]: elements are not aligned
ERROR: (align) C:/Users/valmac/FullScreenPokemon/src/components/constants/Pokemon.ts[10871, 24]: elements are not aligned
ERROR: (align) C:/Users/valmac/FullScreenPokemon/src/components/constants/Pokemon.ts[10874, 24]: elements are not aligned
ERROR: (align) C:/Users/valmac/FullScreenPokemon/src/components/constants/Pokemon.ts[10877, 24]: elements are not aligned
ERROR: (align) C:/Users/valmac/FullScreenPokemon/src/components/constants/Pokemon.ts[10880, 24]: elements are not aligned
ERROR: (align) C:/Users/valmac/FullScreenPokemon/src/components/constants/Pokemon.ts[10883, 24]: elements are not aligned
ERROR: (align) C:/Users/valmac/FullScreenPokemon/src/components/constants/Pokemon.ts[10886, 24]: elements are not aligned
ERROR: (align) C:/Users/valmac/FullScreenPokemon/src/components/constants/Pokemon.ts[10889, 24]: elements are not aligned
ERROR: (align) C:/Users/valmac/FullScreenPokemon/src/components/constants/Pokemon.ts[10892, 24]: elements are not aligned
ERROR: (align) C:/Users/valmac/FullScreenPokemon/src/components/constants/Pokemon.ts[10895, 24]: elements are not aligned
ERROR: (align) C:/Users/valmac/FullScreenPokemon/src/components/constants/Pokemon.ts[10898, 24]: elements are not aligned
ERROR: (align) C:/Users/valmac/FullScreenPokemon/src/components/constants/Pokemon.ts[10901, 24]: elements are not aligned
ERROR: (align) C:/Users/valmac/FullScreenPokemon/src/components/constants/Pokemon.ts[10904, 24]: elements are not aligned
ERROR: (align) C:/Users/valmac/FullScreenPokemon/src/components/constants/Pokemon.ts[10907, 24]: elements are not aligned
ERROR: (align) C:/Users/valmac/FullScreenPokemon/src/components/constants/Pokemon.ts[10942, 24]: elements are not aligned
ERROR: (align) C:/Users/valmac/FullScreenPokemon/src/components/constants/Pokemon.ts[10945, 24]: elements are not aligned
ERROR: (align) C:/Users/valmac/FullScreenPokemon/src/components/constants/Pokemon.ts[10948, 24]: elements are not aligned
ERROR: (align) C:/Users/valmac/FullScreenPokemon/src/components/constants/Pokemon.ts[10951, 24]: elements are not aligned
ERROR: (align) C:/Users/valmac/FullScreenPokemon/src/components/constants/Pokemon.ts[10954, 24]: elements are not aligned
ERROR: (align) C:/Users/valmac/FullScreenPokemon/src/components/constants/Pokemon.ts[10957, 24]: elements are not aligned
ERROR: (align) C:/Users/valmac/FullScreenPokemon/src/components/constants/Pokemon.ts[10960, 24]: elements are not aligned
ERROR: (align) C:/Users/valmac/FullScreenPokemon/src/components/constants/Pokemon.ts[10972, 24]: elements are not aligned
ERROR: (align) C:/Users/valmac/FullScreenPokemon/src/components/constants/Pokemon.ts[10975, 24]: elements are not aligned
ERROR: (align) C:/Users/valmac/FullScreenPokemon/src/components/constants/Pokemon.ts[10978, 24]: elements are not aligned
ERROR: (align) C:/Users/valmac/FullScreenPokemon/src/components/constants/Pokemon.ts[10981, 24]: elements are not aligned
ERROR: (align) C:/Users/valmac/FullScreenPokemon/src/components/constants/Pokemon.ts[10984, 24]: elements are not aligned
ERROR: (align) C:/Users/valmac/FullScreenPokemon/src/components/constants/Pokemon.ts[10987, 24]: elements are not aligned
ERROR: (align) C:/Users/valmac/FullScreenPokemon/src/components/constants/Pokemon.ts[10990, 24]: elements are not aligned
ERROR: (align) C:/Users/valmac/FullScreenPokemon/src/components/constants/Pokemon.ts[10993, 24]: elements are not aligned
ERROR: (align) C:/Users/valmac/FullScreenPokemon/src/components/constants/Pokemon.ts[10996, 24]: elements are not aligned
ERROR: (align) C:/Users/valmac/FullScreenPokemon/src/components/constants/Pokemon.ts[10999, 24]: elements are not aligned
ERROR: (align) C:/Users/valmac/FullScreenPokemon/src/components/constants/Pokemon.ts[11002, 24]: elements are not aligned
ERROR: (align) C:/Users/valmac/FullScreenPokemon/src/components/constants/Pokemon.ts[11005, 24]: elements are not aligned
ERROR: (align) C:/Users/valmac/FullScreenPokemon/src/components/constants/Pokemon.ts[11008, 24]: elements are not aligned
ERROR: (align) C:/Users/valmac/FullScreenPokemon/src/components/constants/Pokemon.ts[11043, 24]: elements are not aligned
ERROR: (align) C:/Users/valmac/FullScreenPokemon/src/components/constants/Pokemon.ts[11046, 24]: elements are not aligned
ERROR: (align) C:/Users/valmac/FullScreenPokemon/src/components/constants/Pokemon.ts[11049, 24]: elements are not aligned
ERROR: (align) C:/Users/valmac/FullScreenPokemon/src/components/constants/Pokemon.ts[11052, 24]: elements are not aligned
ERROR: (align) C:/Users/valmac/FullScreenPokemon/src/components/constants/Pokemon.ts[11055, 24]: elements are not aligned
ERROR: (align) C:/Users/valmac/FullScreenPokemon/src/components/constants/Pokemon.ts[11058, 24]: elements are not aligned
ERROR: (align) C:/Users/valmac/FullScreenPokemon/src/components/constants/Pokemon.ts[11070, 24]: elements are not aligned
ERROR: (align) C:/Users/valmac/FullScreenPokemon/src/components/constants/Pokemon.ts[11073, 24]: elements are not aligned
ERROR: (align) C:/Users/valmac/FullScreenPokemon/src/components/constants/Pokemon.ts[11076, 24]: elements are not aligned
ERROR: (align) C:/Users/valmac/FullScreenPokemon/src/components/constants/Pokemon.ts[11079, 24]: elements are not aligned
ERROR: (align) C:/Users/valmac/FullScreenPokemon/src/components/constants/Pokemon.ts[11082, 24]: elements are not aligned
ERROR: (align) C:/Users/valmac/FullScreenPokemon/src/components/constants/Pokemon.ts[11085, 24]: elements are not aligned
ERROR: (align) C:/Users/valmac/FullScreenPokemon/src/components/constants/Pokemon.ts[11088, 24]: elements are not aligned
ERROR: (align) C:/Users/valmac/FullScreenPokemon/src/components/constants/Pokemon.ts[11091, 24]: elements are not aligned
ERROR: (align) C:/Users/valmac/FullScreenPokemon/src/components/constants/Pokemon.ts[11094, 24]: elements are not aligned
ERROR: (align) C:/Users/valmac/FullScreenPokemon/src/components/constants/Pokemon.ts[11097, 24]: elements are not aligned
ERROR: (align) C:/Users/valmac/FullScreenPokemon/src/components/constants/Pokemon.ts[11100, 24]: elements are not aligned
ERROR: (align) C:/Users/valmac/FullScreenPokemon/src/components/constants/Pokemon.ts[11103, 24]: elements are not aligned
ERROR: (align) C:/Users/valmac/FullScreenPokemon/src/components/constants/Pokemon.ts[11106, 24]: elements are not aligned
ERROR: (align) C:/Users/valmac/FullScreenPokemon/src/components/constants/Pokemon.ts[11141, 24]: elements are not aligned
ERROR: (align) C:/Users/valmac/FullScreenPokemon/src/components/constants/Pokemon.ts[11144, 24]: elements are not aligned
ERROR: (align) C:/Users/valmac/FullScreenPokemon/src/components/constants/Pokemon.ts[11147, 24]: elements are not aligned
ERROR: (align) C:/Users/valmac/FullScreenPokemon/src/components/constants/Pokemon.ts[11150, 24]: elements are not aligned
ERROR: (align) C:/Users/valmac/FullScreenPokemon/src/components/constants/Pokemon.ts[11153, 24]: elements are not aligned
ERROR: (align) C:/Users/valmac/FullScreenPokemon/src/components/constants/Pokemon.ts[11156, 24]: elements are not aligned
ERROR: (align) C:/Users/valmac/FullScreenPokemon/src/components/constants/Pokemon.ts[11165, 24]: elements are not aligned
ERROR: (align) C:/Users/valmac/FullScreenPokemon/src/components/constants/Pokemon.ts[11168, 24]: elements are not aligned
ERROR: (align) C:/Users/valmac/FullScreenPokemon/src/components/constants/Pokemon.ts[11171, 24]: elements are not aligned
ERROR: (align) C:/Users/valmac/FullScreenPokemon/src/components/constants/Pokemon.ts[11174, 24]: elements are not aligned
ERROR: (align) C:/Users/valmac/FullScreenPokemon/src/components/constants/Pokemon.ts[11177, 24]: elements are not aligned
ERROR: (align) C:/Users/valmac/FullScreenPokemon/src/components/constants/Pokemon.ts[11180, 24]: elements are not aligned
ERROR: (align) C:/Users/valmac/FullScreenPokemon/src/components/constants/Pokemon.ts[11183, 24]: elements are not aligned
ERROR: (align) C:/Users/valmac/FullScreenPokemon/src/components/constants/Pokemon.ts[11186, 24]: elements are not aligned
ERROR: (align) C:/Users/valmac/FullScreenPokemon/src/components/constants/Pokemon.ts[11189, 24]: elements are not aligned
ERROR: (align) C:/Users/valmac/FullScreenPokemon/src/components/constants/Pokemon.ts[11192, 24]: elements are not aligned
ERROR: (align) C:/Users/valmac/FullScreenPokemon/src/components/constants/Pokemon.ts[11195, 24]: elements are not aligned
ERROR: (align) C:/Users/valmac/FullScreenPokemon/src/components/constants/Pokemon.ts[11198, 24]: elements are not aligned
ERROR: (align) C:/Users/valmac/FullScreenPokemon/src/components/constants/Pokemon.ts[11201, 24]: elements are not aligned
ERROR: (align) C:/Users/valmac/FullScreenPokemon/src/components/constants/Pokemon.ts[11204, 24]: elements are not aligned
ERROR: (align) C:/Users/valmac/FullScreenPokemon/src/components/constants/Pokemon.ts[11207, 24]: elements are not aligned
ERROR: (align) C:/Users/valmac/FullScreenPokemon/src/components/constants/Pokemon.ts[11210, 24]: elements are not aligned
ERROR: (align) C:/Users/valmac/FullScreenPokemon/src/components/constants/Pokemon.ts[11213, 24]: elements are not aligned
ERROR: (align) C:/Users/valmac/FullScreenPokemon/src/components/constants/Pokemon.ts[11216, 24]: elements are not aligned
ERROR: (align) C:/Users/valmac/FullScreenPokemon/src/components/constants/Pokemon.ts[11219, 24]: elements are not aligned
ERROR: (align) C:/Users/valmac/FullScreenPokemon/src/components/constants/Pokemon.ts[11222, 24]: elements are not aligned
ERROR: (align) C:/Users/valmac/FullScreenPokemon/src/components/constants/Pokemon.ts[11248, 24]: elements are not aligned
ERROR: (align) C:/Users/valmac/FullScreenPokemon/src/components/constants/Pokemon.ts[11251, 24]: elements are not aligned
ERROR: (align) C:/Users/valmac/FullScreenPokemon/src/components/constants/Pokemon.ts[11254, 24]: elements are not aligned
ERROR: (align) C:/Users/valmac/FullScreenPokemon/src/components/constants/Pokemon.ts[11257, 24]: elements are not aligned
ERROR: (align) C:/Users/valmac/FullScreenPokemon/src/components/constants/Pokemon.ts[11260, 24]: elements are not aligned
ERROR: (align) C:/Users/valmac/FullScreenPokemon/src/components/constants/Pokemon.ts[11263, 24]: elements are not aligned
ERROR: (align) C:/Users/valmac/FullScreenPokemon/src/components/constants/Pokemon.ts[11271, 24]: elements are not aligned
ERROR: (align) C:/Users/valmac/FullScreenPokemon/src/components/constants/Pokemon.ts[11279, 24]: elements are not aligned
ERROR: (align) C:/Users/valmac/FullScreenPokemon/src/components/constants/Pokemon.ts[11282, 24]: elements are not aligned
ERROR: (align) C:/Users/valmac/FullScreenPokemon/src/components/constants/Pokemon.ts[11285, 24]: elements are not aligned
ERROR: (align) C:/Users/valmac/FullScreenPokemon/src/components/constants/Pokemon.ts[11288, 24]: elements are not aligned
ERROR: (align) C:/Users/valmac/FullScreenPokemon/src/components/constants/Pokemon.ts[11291, 24]: elements are not aligned
ERROR: (align) C:/Users/valmac/FullScreenPokemon/src/components/constants/Pokemon.ts[11294, 24]: elements are not aligned
ERROR: (align) C:/Users/valmac/FullScreenPokemon/src/components/constants/Pokemon.ts[11297, 24]: elements are not aligned
ERROR: (align) C:/Users/valmac/FullScreenPokemon/src/components/constants/Pokemon.ts[11300, 24]: elements are not aligned
ERROR: (align) C:/Users/valmac/FullScreenPokemon/src/components/constants/Pokemon.ts[11303, 24]: elements are not aligned
ERROR: (align) C:/Users/valmac/FullScreenPokemon/src/components/constants/Pokemon.ts[11306, 24]: elements are not aligned
ERROR: (align) C:/Users/valmac/FullScreenPokemon/src/components/constants/Pokemon.ts[11309, 24]: elements are not aligned
ERROR: (align) C:/Users/valmac/FullScreenPokemon/src/components/constants/Pokemon.ts[11312, 24]: elements are not aligned
ERROR: (align) C:/Users/valmac/FullScreenPokemon/src/components/constants/Pokemon.ts[11315, 24]: elements are not aligned
ERROR: (align) C:/Users/valmac/FullScreenPokemon/src/components/constants/Pokemon.ts[11350, 24]: elements are not aligned
ERROR: (align) C:/Users/valmac/FullScreenPokemon/src/components/constants/Pokemon.ts[11353, 24]: elements are not aligned
ERROR: (align) C:/Users/valmac/FullScreenPokemon/src/components/constants/Pokemon.ts[11356, 24]: elements are not aligned
ERROR: (align) C:/Users/valmac/FullScreenPokemon/src/components/constants/Pokemon.ts[11359, 24]: elements are not aligned
ERROR: (align) C:/Users/valmac/FullScreenPokemon/src/components/constants/Pokemon.ts[11362, 24]: elements are not aligned
ERROR: (align) C:/Users/valmac/FullScreenPokemon/src/components/constants/Pokemon.ts[11365, 24]: elements are not aligned
ERROR: (align) C:/Users/valmac/FullScreenPokemon/src/components/constants/Pokemon.ts[11374, 24]: elements are not aligned
ERROR: (align) C:/Users/valmac/FullScreenPokemon/src/components/constants/Pokemon.ts[11377, 24]: elements are not aligned
ERROR: (align) C:/Users/valmac/FullScreenPokemon/src/components/constants/Pokemon.ts[11380, 24]: elements are not aligned
ERROR: (align) C:/Users/valmac/FullScreenPokemon/src/components/constants/Pokemon.ts[11383, 24]: elements are not aligned
ERROR: (align) C:/Users/valmac/FullScreenPokemon/src/components/constants/Pokemon.ts[11386, 24]: elements are not aligned
ERROR: (align) C:/Users/valmac/FullScreenPokemon/src/components/constants/Pokemon.ts[11389, 24]: elements are not aligned
ERROR: (align) C:/Users/valmac/FullScreenPokemon/src/components/constants/Pokemon.ts[11392, 24]: elements are not aligned
ERROR: (align) C:/Users/valmac/FullScreenPokemon/src/components/constants/Pokemon.ts[11395, 24]: elements are not aligned
ERROR: (align) C:/Users/valmac/FullScreenPokemon/src/components/constants/Pokemon.ts[11398, 24]: elements are not aligned
ERROR: (align) C:/Users/valmac/FullScreenPokemon/src/components/constants/Pokemon.ts[11401, 24]: elements are not aligned
ERROR: (align) C:/Users/valmac/FullScreenPokemon/src/components/constants/Pokemon.ts[11404, 24]: elements are not aligned
ERROR: (align) C:/Users/valmac/FullScreenPokemon/src/components/constants/Pokemon.ts[11407, 24]: elements are not aligned
ERROR: (align) C:/Users/valmac/FullScreenPokemon/src/components/constants/Pokemon.ts[11410, 24]: elements are not aligned
ERROR: (align) C:/Users/valmac/FullScreenPokemon/src/components/constants/Pokemon.ts[11413, 24]: elements are not aligned
ERROR: (align) C:/Users/valmac/FullScreenPokemon/src/components/constants/Pokemon.ts[11416, 24]: elements are not aligned
ERROR: (align) C:/Users/valmac/FullScreenPokemon/src/components/constants/Pokemon.ts[11419, 24]: elements are not aligned
ERROR: (align) C:/Users/valmac/FullScreenPokemon/src/components/constants/Pokemon.ts[11454, 24]: elements are not aligned
ERROR: (align) C:/Users/valmac/FullScreenPokemon/src/components/constants/Pokemon.ts[11457, 24]: elements are not aligned
ERROR: (align) C:/Users/valmac/FullScreenPokemon/src/components/constants/Pokemon.ts[11460, 24]: elements are not aligned
ERROR: (align) C:/Users/valmac/FullScreenPokemon/src/components/constants/Pokemon.ts[11463, 24]: elements are not aligned
ERROR: (align) C:/Users/valmac/FullScreenPokemon/src/components/constants/Pokemon.ts[11466, 24]: elements are not aligned
ERROR: (align) C:/Users/valmac/FullScreenPokemon/src/components/constants/Pokemon.ts[11469, 24]: elements are not aligned
ERROR: (align) C:/Users/valmac/FullScreenPokemon/src/components/constants/Pokemon.ts[11472, 24]: elements are not aligned
ERROR: (align) C:/Users/valmac/FullScreenPokemon/src/components/constants/Pokemon.ts[11475, 24]: elements are not aligned
ERROR: (align) C:/Users/valmac/FullScreenPokemon/src/components/constants/Pokemon.ts[11483, 24]: elements are not aligned
ERROR: (align) C:/Users/valmac/FullScreenPokemon/src/components/constants/Pokemon.ts[11491, 24]: elements are not aligned
ERROR: (align) C:/Users/valmac/FullScreenPokemon/src/components/constants/Pokemon.ts[11494, 24]: elements are not aligned
ERROR: (align) C:/Users/valmac/FullScreenPokemon/src/components/constants/Pokemon.ts[11497, 24]: elements are not aligned
ERROR: (align) C:/Users/valmac/FullScreenPokemon/src/components/constants/Pokemon.ts[11500, 24]: elements are not aligned
ERROR: (align) C:/Users/valmac/FullScreenPokemon/src/components/constants/Pokemon.ts[11503, 24]: elements are not aligned
ERROR: (align) C:/Users/valmac/FullScreenPokemon/src/components/constants/Pokemon.ts[11506, 24]: elements are not aligned
ERROR: (align) C:/Users/valmac/FullScreenPokemon/src/components/constants/Pokemon.ts[11509, 24]: elements are not aligned
ERROR: (align) C:/Users/valmac/FullScreenPokemon/src/components/constants/Pokemon.ts[11512, 24]: elements are not aligned
ERROR: (align) C:/Users/valmac/FullScreenPokemon/src/components/constants/Pokemon.ts[11515, 24]: elements are not aligned
ERROR: (align) C:/Users/valmac/FullScreenPokemon/src/components/constants/Pokemon.ts[11518, 24]: elements are not aligned
ERROR: (align) C:/Users/valmac/FullScreenPokemon/src/components/constants/Pokemon.ts[11521, 24]: elements are not aligned
ERROR: (align) C:/Users/valmac/FullScreenPokemon/src/components/constants/Pokemon.ts[11524, 24]: elements are not aligned
ERROR: (align) C:/Users/valmac/FullScreenPokemon/src/components/constants/Pokemon.ts[11527, 24]: elements are not aligned
ERROR: (align) C:/Users/valmac/FullScreenPokemon/src/components/constants/Pokemon.ts[11530, 24]: elements are not aligned
ERROR: (align) C:/Users/valmac/FullScreenPokemon/src/components/constants/Pokemon.ts[11533, 24]: elements are not aligned
ERROR: (align) C:/Users/valmac/FullScreenPokemon/src/components/constants/Pokemon.ts[11536, 24]: elements are not aligned
ERROR: (align) C:/Users/valmac/FullScreenPokemon/src/components/constants/Pokemon.ts[11539, 24]: elements are not aligned
ERROR: (align) C:/Users/valmac/FullScreenPokemon/src/components/constants/Pokemon.ts[11542, 24]: elements are not aligned
ERROR: (align) C:/Users/valmac/FullScreenPokemon/src/components/constants/Pokemon.ts[11545, 24]: elements are not aligned
ERROR: (align) C:/Users/valmac/FullScreenPokemon/src/components/constants/Pokemon.ts[11548, 24]: elements are not aligned
ERROR: (align) C:/Users/valmac/FullScreenPokemon/src/components/constants/Pokemon.ts[11551, 24]: elements are not aligned
ERROR: (align) C:/Users/valmac/FullScreenPokemon/src/components/constants/Pokemon.ts[11554, 24]: elements are not aligned
ERROR: (align) C:/Users/valmac/FullScreenPokemon/src/components/constants/Pokemon.ts[11557, 24]: elements are not aligned
ERROR: (align) C:/Users/valmac/FullScreenPokemon/src/components/constants/Pokemon.ts[11560, 24]: elements are not aligned
ERROR: (align) C:/Users/valmac/FullScreenPokemon/src/components/constants/Pokemon.ts[11586, 24]: elements are not aligned
ERROR: (align) C:/Users/valmac/FullScreenPokemon/src/components/constants/Pokemon.ts[11589, 24]: elements are not aligned
ERROR: (align) C:/Users/valmac/FullScreenPokemon/src/components/constants/Pokemon.ts[11592, 24]: elements are not aligned
ERROR: (align) C:/Users/valmac/FullScreenPokemon/src/components/constants/Pokemon.ts[11595, 24]: elements are not aligned
ERROR: (align) C:/Users/valmac/FullScreenPokemon/src/components/constants/Pokemon.ts[11598, 24]: elements are not aligned
ERROR: (align) C:/Users/valmac/FullScreenPokemon/src/components/constants/Pokemon.ts[11607, 24]: elements are not aligned
ERROR: (align) C:/Users/valmac/FullScreenPokemon/src/components/constants/Pokemon.ts[11642, 24]: elements are not aligned
ERROR: (align) C:/Users/valmac/FullScreenPokemon/src/components/constants/Pokemon.ts[11645, 24]: elements are not aligned
ERROR: (align) C:/Users/valmac/FullScreenPokemon/src/components/constants/Pokemon.ts[11648, 24]: elements are not aligned
ERROR: (align) C:/Users/valmac/FullScreenPokemon/src/components/constants/Pokemon.ts[11651, 24]: elements are not aligned
ERROR: (align) C:/Users/valmac/FullScreenPokemon/src/components/constants/Pokemon.ts[11654, 24]: elements are not aligned
ERROR: (align) C:/Users/valmac/FullScreenPokemon/src/components/constants/Pokemon.ts[11657, 24]: elements are not aligned
ERROR: (align) C:/Users/valmac/FullScreenPokemon/src/components/constants/Pokemon.ts[11665, 24]: elements are not aligned
ERROR: (align) C:/Users/valmac/FullScreenPokemon/src/components/constants/Pokemon.ts[11668, 24]: elements are not aligned
ERROR: (align) C:/Users/valmac/FullScreenPokemon/src/components/constants/Pokemon.ts[11671, 24]: elements are not aligned
ERROR: (align) C:/Users/valmac/FullScreenPokemon/src/components/constants/Pokemon.ts[11674, 24]: elements are not aligned
ERROR: (align) C:/Users/valmac/FullScreenPokemon/src/components/constants/Pokemon.ts[11677, 24]: elements are not aligned
ERROR: (align) C:/Users/valmac/FullScreenPokemon/src/components/constants/Pokemon.ts[11680, 24]: elements are not aligned
ERROR: (align) C:/Users/valmac/FullScreenPokemon/src/components/constants/Pokemon.ts[11683, 24]: elements are not aligned
ERROR: (align) C:/Users/valmac/FullScreenPokemon/src/components/constants/Pokemon.ts[11686, 24]: elements are not aligned
ERROR: (align) C:/Users/valmac/FullScreenPokemon/src/components/constants/Pokemon.ts[11689, 24]: elements are not aligned
ERROR: (align) C:/Users/valmac/FullScreenPokemon/src/components/constants/Pokemon.ts[11692, 24]: elements are not aligned
ERROR: (align) C:/Users/valmac/FullScreenPokemon/src/components/constants/Pokemon.ts[11695, 24]: elements are not aligned
ERROR: (align) C:/Users/valmac/FullScreenPokemon/src/components/constants/Pokemon.ts[11698, 24]: elements are not aligned
ERROR: (align) C:/Users/valmac/FullScreenPokemon/src/components/constants/Pokemon.ts[11701, 24]: elements are not aligned
ERROR: (align) C:/Users/valmac/FullScreenPokemon/src/components/constants/Pokemon.ts[11704, 24]: elements are not aligned
ERROR: (align) C:/Users/valmac/FullScreenPokemon/src/components/constants/Pokemon.ts[11712, 24]: elements are not aligned
ERROR: (align) C:/Users/valmac/FullScreenPokemon/src/components/constants/Pokemon.ts[11715, 24]: elements are not aligned
ERROR: (align) C:/Users/valmac/FullScreenPokemon/src/components/constants/Pokemon.ts[11718, 24]: elements are not aligned
ERROR: (align) C:/Users/valmac/FullScreenPokemon/src/components/constants/Pokemon.ts[11721, 24]: elements are not aligned
ERROR: (align) C:/Users/valmac/FullScreenPokemon/src/components/constants/Pokemon.ts[11724, 24]: elements are not aligned
ERROR: (align) C:/Users/valmac/FullScreenPokemon/src/components/constants/Pokemon.ts[11727, 24]: elements are not aligned
ERROR: (align) C:/Users/valmac/FullScreenPokemon/src/components/constants/Pokemon.ts[11753, 24]: elements are not aligned
ERROR: (align) C:/Users/valmac/FullScreenPokemon/src/components/constants/Pokemon.ts[11756, 24]: elements are not aligned
ERROR: (align) C:/Users/valmac/FullScreenPokemon/src/components/constants/Pokemon.ts[11759, 24]: elements are not aligned
ERROR: (align) C:/Users/valmac/FullScreenPokemon/src/components/constants/Pokemon.ts[11762, 24]: elements are not aligned
ERROR: (align) C:/Users/valmac/FullScreenPokemon/src/components/constants/Pokemon.ts[11765, 24]: elements are not aligned
ERROR: (align) C:/Users/valmac/FullScreenPokemon/src/components/constants/Pokemon.ts[11768, 24]: elements are not aligned
ERROR: (align) C:/Users/valmac/FullScreenPokemon/src/components/constants/Pokemon.ts[11777, 24]: elements are not aligned
ERROR: (align) C:/Users/valmac/FullScreenPokemon/src/components/constants/Pokemon.ts[11780, 24]: elements are not aligned
ERROR: (align) C:/Users/valmac/FullScreenPokemon/src/components/constants/Pokemon.ts[11783, 24]: elements are not aligned
ERROR: (align) C:/Users/valmac/FullScreenPokemon/src/components/constants/Pokemon.ts[11786, 24]: elements are not aligned
ERROR: (align) C:/Users/valmac/FullScreenPokemon/src/components/constants/Pokemon.ts[11789, 24]: elements are not aligned
ERROR: (align) C:/Users/valmac/FullScreenPokemon/src/components/constants/Pokemon.ts[11792, 24]: elements are not aligned
ERROR: (align) C:/Users/valmac/FullScreenPokemon/src/components/constants/Pokemon.ts[11795, 24]: elements are not aligned
ERROR: (align) C:/Users/valmac/FullScreenPokemon/src/components/constants/Pokemon.ts[11798, 24]: elements are not aligned
ERROR: (align) C:/Users/valmac/FullScreenPokemon/src/components/constants/Pokemon.ts[11801, 24]: elements are not aligned
ERROR: (align) C:/Users/valmac/FullScreenPokemon/src/components/constants/Pokemon.ts[11804, 24]: elements are not aligned
ERROR: (align) C:/Users/valmac/FullScreenPokemon/src/components/constants/Pokemon.ts[11807, 24]: elements are not aligned
ERROR: (align) C:/Users/valmac/FullScreenPokemon/src/components/constants/Pokemon.ts[11810, 24]: elements are not aligned
ERROR: (align) C:/Users/valmac/FullScreenPokemon/src/components/constants/Pokemon.ts[11813, 24]: elements are not aligned
ERROR: (align) C:/Users/valmac/FullScreenPokemon/src/components/constants/Pokemon.ts[11816, 24]: elements are not aligned
ERROR: (align) C:/Users/valmac/FullScreenPokemon/src/components/constants/Pokemon.ts[11819, 24]: elements are not aligned
ERROR: (align) C:/Users/valmac/FullScreenPokemon/src/components/constants/Pokemon.ts[11822, 24]: elements are not aligned
ERROR: (align) C:/Users/valmac/FullScreenPokemon/src/components/constants/Pokemon.ts[11825, 24]: elements are not aligned
ERROR: (align) C:/Users/valmac/FullScreenPokemon/src/components/constants/Pokemon.ts[11828, 24]: elements are not aligned
ERROR: (align) C:/Users/valmac/FullScreenPokemon/src/components/constants/Pokemon.ts[11831, 24]: elements are not aligned
ERROR: (align) C:/Users/valmac/FullScreenPokemon/src/components/constants/Pokemon.ts[11834, 24]: elements are not aligned
ERROR: (align) C:/Users/valmac/FullScreenPokemon/src/components/constants/Pokemon.ts[11837, 24]: elements are not aligned
ERROR: (align) C:/Users/valmac/FullScreenPokemon/src/components/constants/Pokemon.ts[11863, 24]: elements are not aligned
ERROR: (align) C:/Users/valmac/FullScreenPokemon/src/components/constants/Pokemon.ts[11866, 24]: elements are not aligned
ERROR: (align) C:/Users/valmac/FullScreenPokemon/src/components/constants/Pokemon.ts[11869, 24]: elements are not aligned
ERROR: (align) C:/Users/valmac/FullScreenPokemon/src/components/constants/Pokemon.ts[11872, 24]: elements are not aligned
ERROR: (align) C:/Users/valmac/FullScreenPokemon/src/components/constants/Pokemon.ts[11875, 24]: elements are not aligned
ERROR: (align) C:/Users/valmac/FullScreenPokemon/src/components/constants/Pokemon.ts[11878, 24]: elements are not aligned
ERROR: (align) C:/Users/valmac/FullScreenPokemon/src/components/constants/Pokemon.ts[11881, 24]: elements are not aligned
ERROR: (align) C:/Users/valmac/FullScreenPokemon/src/components/constants/Pokemon.ts[11884, 24]: elements are not aligned
ERROR: (align) C:/Users/valmac/FullScreenPokemon/src/components/constants/Pokemon.ts[11896, 24]: elements are not aligned
ERROR: (align) C:/Users/valmac/FullScreenPokemon/src/components/constants/Pokemon.ts[11899, 24]: elements are not aligned
ERROR: (align) C:/Users/valmac/FullScreenPokemon/src/components/constants/Pokemon.ts[11902, 24]: elements are not aligned
ERROR: (align) C:/Users/valmac/FullScreenPokemon/src/components/constants/Pokemon.ts[11905, 24]: elements are not aligned
ERROR: (align) C:/Users/valmac/FullScreenPokemon/src/components/constants/Pokemon.ts[11908, 24]: elements are not aligned
ERROR: (align) C:/Users/valmac/FullScreenPokemon/src/components/constants/Pokemon.ts[11911, 24]: elements are not aligned
ERROR: (align) C:/Users/valmac/FullScreenPokemon/src/components/constants/Pokemon.ts[11914, 24]: elements are not aligned
ERROR: (align) C:/Users/valmac/FullScreenPokemon/src/components/constants/Pokemon.ts[11917, 24]: elements are not aligned
ERROR: (align) C:/Users/valmac/FullScreenPokemon/src/components/constants/Pokemon.ts[11920, 24]: elements are not aligned
ERROR: (align) C:/Users/valmac/FullScreenPokemon/src/components/constants/Pokemon.ts[11923, 24]: elements are not aligned
ERROR: (align) C:/Users/valmac/FullScreenPokemon/src/components/constants/Pokemon.ts[11926, 24]: elements are not aligned
ERROR: (align) C:/Users/valmac/FullScreenPokemon/src/components/constants/Pokemon.ts[11929, 24]: elements are not aligned
ERROR: (align) C:/Users/valmac/FullScreenPokemon/src/components/constants/Pokemon.ts[11932, 24]: elements are not aligned
ERROR: (align) C:/Users/valmac/FullScreenPokemon/src/components/constants/Pokemon.ts[11935, 24]: elements are not aligned
ERROR: (align) C:/Users/valmac/FullScreenPokemon/src/components/constants/Pokemon.ts[11938, 24]: elements are not aligned
ERROR: (align) C:/Users/valmac/FullScreenPokemon/src/components/constants/Pokemon.ts[11941, 24]: elements are not aligned
ERROR: (align) C:/Users/valmac/FullScreenPokemon/src/components/constants/Pokemon.ts[11944, 24]: elements are not aligned
ERROR: (align) C:/Users/valmac/FullScreenPokemon/src/components/constants/Pokemon.ts[11947, 24]: elements are not aligned
ERROR: (align) C:/Users/valmac/FullScreenPokemon/src/components/constants/Pokemon.ts[11950, 24]: elements are not aligned
ERROR: (align) C:/Users/valmac/FullScreenPokemon/src/components/constants/Pokemon.ts[11953, 24]: elements are not aligned
ERROR: (align) C:/Users/valmac/FullScreenPokemon/src/components/constants/Pokemon.ts[11956, 24]: elements are not aligned
ERROR: (align) C:/Users/valmac/FullScreenPokemon/src/components/constants/Pokemon.ts[11959, 24]: elements are not aligned
ERROR: (align) C:/Users/valmac/FullScreenPokemon/src/components/constants/Pokemon.ts[11962, 24]: elements are not aligned
ERROR: (align) C:/Users/valmac/FullScreenPokemon/src/components/constants/Pokemon.ts[11997, 24]: elements are not aligned
ERROR: (align) C:/Users/valmac/FullScreenPokemon/src/components/constants/Pokemon.ts[12000, 24]: elements are not aligned
ERROR: (align) C:/Users/valmac/FullScreenPokemon/src/components/constants/Pokemon.ts[12003, 24]: elements are not aligned
ERROR: (align) C:/Users/valmac/FullScreenPokemon/src/components/constants/Pokemon.ts[12006, 24]: elements are not aligned
ERROR: (align) C:/Users/valmac/FullScreenPokemon/src/components/constants/Pokemon.ts[12009, 24]: elements are not aligned
ERROR: (align) C:/Users/valmac/FullScreenPokemon/src/components/constants/Pokemon.ts[12018, 24]: elements are not aligned
ERROR: (align) C:/Users/valmac/FullScreenPokemon/src/components/constants/Pokemon.ts[12021, 24]: elements are not aligned
ERROR: (align) C:/Users/valmac/FullScreenPokemon/src/components/constants/Pokemon.ts[12024, 24]: elements are not aligned
ERROR: (align) C:/Users/valmac/FullScreenPokemon/src/components/constants/Pokemon.ts[12027, 24]: elements are not aligned
ERROR: (align) C:/Users/valmac/FullScreenPokemon/src/components/constants/Pokemon.ts[12030, 24]: elements are not aligned
ERROR: (align) C:/Users/valmac/FullScreenPokemon/src/components/constants/Pokemon.ts[12033, 24]: elements are not aligned
ERROR: (align) C:/Users/valmac/FullScreenPokemon/src/components/constants/Pokemon.ts[12036, 24]: elements are not aligned
ERROR: (align) C:/Users/valmac/FullScreenPokemon/src/components/constants/Pokemon.ts[12039, 24]: elements are not aligned
ERROR: (align) C:/Users/valmac/FullScreenPokemon/src/components/constants/Pokemon.ts[12042, 24]: elements are not aligned
ERROR: (align) C:/Users/valmac/FullScreenPokemon/src/components/constants/Pokemon.ts[12045, 24]: elements are not aligned
ERROR: (align) C:/Users/valmac/FullScreenPokemon/src/components/constants/Pokemon.ts[12048, 24]: elements are not aligned
ERROR: (align) C:/Users/valmac/FullScreenPokemon/src/components/constants/Pokemon.ts[12051, 24]: elements are not aligned
ERROR: (align) C:/Users/valmac/FullScreenPokemon/src/components/constants/Pokemon.ts[12054, 24]: elements are not aligned
ERROR: (align) C:/Users/valmac/FullScreenPokemon/src/components/constants/Pokemon.ts[12057, 24]: elements are not aligned
ERROR: (align) C:/Users/valmac/FullScreenPokemon/src/components/constants/Pokemon.ts[12060, 24]: elements are not aligned
ERROR: (align) C:/Users/valmac/FullScreenPokemon/src/components/constants/Pokemon.ts[12063, 24]: elements are not aligned
ERROR: (align) C:/Users/valmac/FullScreenPokemon/src/components/constants/Pokemon.ts[12066, 24]: elements are not aligned
ERROR: (align) C:/Users/valmac/FullScreenPokemon/src/components/constants/Pokemon.ts[12069, 24]: elements are not aligned
ERROR: (align) C:/Users/valmac/FullScreenPokemon/src/components/constants/Pokemon.ts[12072, 24]: elements are not aligned
ERROR: (align) C:/Users/valmac/FullScreenPokemon/src/components/constants/Pokemon.ts[12075, 24]: elements are not aligned
ERROR: (align) C:/Users/valmac/FullScreenPokemon/src/components/constants/Pokemon.ts[12078, 24]: elements are not aligned
ERROR: (align) C:/Users/valmac/FullScreenPokemon/src/components/constants/Pokemon.ts[12081, 24]: elements are not aligned
ERROR: (align) C:/Users/valmac/FullScreenPokemon/src/components/constants/Pokemon.ts[12107, 24]: elements are not aligned
ERROR: (align) C:/Users/valmac/FullScreenPokemon/src/components/constants/Pokemon.ts[12110, 24]: elements are not aligned
ERROR: (align) C:/Users/valmac/FullScreenPokemon/src/components/constants/Pokemon.ts[12144, 24]: elements are not aligned
ERROR: (align) C:/Users/valmac/FullScreenPokemon/src/components/constants/Pokemon.ts[12147, 24]: elements are not aligned
ERROR: (align) C:/Users/valmac/FullScreenPokemon/src/components/constants/Pokemon.ts[12150, 24]: elements are not aligned
ERROR: (align) C:/Users/valmac/FullScreenPokemon/src/components/constants/Pokemon.ts[12153, 24]: elements are not aligned
ERROR: (align) C:/Users/valmac/FullScreenPokemon/src/components/constants/Pokemon.ts[12156, 24]: elements are not aligned
ERROR: (align) C:/Users/valmac/FullScreenPokemon/src/components/constants/Pokemon.ts[12159, 24]: elements are not aligned
ERROR: (align) C:/Users/valmac/FullScreenPokemon/src/components/constants/Pokemon.ts[12162, 24]: elements are not aligned
ERROR: (align) C:/Users/valmac/FullScreenPokemon/src/components/constants/Pokemon.ts[12165, 24]: elements are not aligned
ERROR: (align) C:/Users/valmac/FullScreenPokemon/src/components/constants/Pokemon.ts[12168, 24]: elements are not aligned
ERROR: (align) C:/Users/valmac/FullScreenPokemon/src/components/constants/Pokemon.ts[12177, 24]: elements are not aligned
ERROR: (align) C:/Users/valmac/FullScreenPokemon/src/components/constants/Pokemon.ts[12180, 24]: elements are not aligned
ERROR: (align) C:/Users/valmac/FullScreenPokemon/src/components/constants/Pokemon.ts[12183, 24]: elements are not aligned
ERROR: (align) C:/Users/valmac/FullScreenPokemon/src/components/constants/Pokemon.ts[12186, 24]: elements are not aligned
ERROR: (align) C:/Users/valmac/FullScreenPokemon/src/components/constants/Pokemon.ts[12189, 24]: elements are not aligned
ERROR: (align) C:/Users/valmac/FullScreenPokemon/src/components/constants/Pokemon.ts[12192, 24]: elements are not aligned
ERROR: (align) C:/Users/valmac/FullScreenPokemon/src/components/constants/Pokemon.ts[12195, 24]: elements are not aligned
ERROR: (align) C:/Users/valmac/FullScreenPokemon/src/components/constants/Pokemon.ts[12198, 24]: elements are not aligned
ERROR: (align) C:/Users/valmac/FullScreenPokemon/src/components/constants/Pokemon.ts[12201, 24]: elements are not aligned
ERROR: (align) C:/Users/valmac/FullScreenPokemon/src/components/constants/Pokemon.ts[12227, 24]: elements are not aligned
ERROR: (align) C:/Users/valmac/FullScreenPokemon/src/components/constants/Pokemon.ts[12230, 24]: elements are not aligned
ERROR: (align) C:/Users/valmac/FullScreenPokemon/src/components/constants/Pokemon.ts[12233, 24]: elements are not aligned
ERROR: (align) C:/Users/valmac/FullScreenPokemon/src/components/constants/Pokemon.ts[12236, 24]: elements are not aligned
ERROR: (align) C:/Users/valmac/FullScreenPokemon/src/components/constants/Pokemon.ts[12239, 24]: elements are not aligned
ERROR: (align) C:/Users/valmac/FullScreenPokemon/src/components/constants/Pokemon.ts[12242, 24]: elements are not aligned
ERROR: (align) C:/Users/valmac/FullScreenPokemon/src/components/constants/Pokemon.ts[12250, 24]: elements are not aligned
ERROR: (align) C:/Users/valmac/FullScreenPokemon/src/components/constants/Pokemon.ts[12253, 24]: elements are not aligned
ERROR: (align) C:/Users/valmac/FullScreenPokemon/src/components/constants/Pokemon.ts[12256, 24]: elements are not aligned
ERROR: (align) C:/Users/valmac/FullScreenPokemon/src/components/constants/Pokemon.ts[12259, 24]: elements are not aligned
ERROR: (align) C:/Users/valmac/FullScreenPokemon/src/components/constants/Pokemon.ts[12262, 24]: elements are not aligned
ERROR: (align) C:/Users/valmac/FullScreenPokemon/src/components/constants/Pokemon.ts[12265, 24]: elements are not aligned
ERROR: (align) C:/Users/valmac/FullScreenPokemon/src/components/constants/Pokemon.ts[12268, 24]: elements are not aligned
ERROR: (align) C:/Users/valmac/FullScreenPokemon/src/components/constants/Pokemon.ts[12271, 24]: elements are not aligned
ERROR: (align) C:/Users/valmac/FullScreenPokemon/src/components/constants/Pokemon.ts[12274, 24]: elements are not aligned
ERROR: (align) C:/Users/valmac/FullScreenPokemon/src/components/constants/Pokemon.ts[12277, 24]: elements are not aligned
ERROR: (align) C:/Users/valmac/FullScreenPokemon/src/components/constants/Pokemon.ts[12280, 24]: elements are not aligned
ERROR: (align) C:/Users/valmac/FullScreenPokemon/src/components/constants/Pokemon.ts[12283, 24]: elements are not aligned
ERROR: (align) C:/Users/valmac/FullScreenPokemon/src/components/constants/Pokemon.ts[12286, 24]: elements are not aligned
ERROR: (align) C:/Users/valmac/FullScreenPokemon/src/components/constants/Pokemon.ts[12289, 24]: elements are not aligned
ERROR: (align) C:/Users/valmac/FullScreenPokemon/src/components/constants/Pokemon.ts[12292, 24]: elements are not aligned
ERROR: (align) C:/Users/valmac/FullScreenPokemon/src/components/constants/Pokemon.ts[12295, 24]: elements are not aligned
ERROR: (align) C:/Users/valmac/FullScreenPokemon/src/components/constants/Pokemon.ts[12298, 24]: elements are not aligned
ERROR: (align) C:/Users/valmac/FullScreenPokemon/src/components/constants/Pokemon.ts[12301, 24]: elements are not aligned
ERROR: (align) C:/Users/valmac/FullScreenPokemon/src/components/constants/Pokemon.ts[12304, 24]: elements are not aligned
ERROR: (align) C:/Users/valmac/FullScreenPokemon/src/components/constants/Pokemon.ts[12312, 24]: elements are not aligned
ERROR: (align) C:/Users/valmac/FullScreenPokemon/src/components/constants/Pokemon.ts[12315, 24]: elements are not aligned
ERROR: (align) C:/Users/valmac/FullScreenPokemon/src/components/constants/Pokemon.ts[12318, 24]: elements are not aligned
ERROR: (align) C:/Users/valmac/FullScreenPokemon/src/components/constants/Pokemon.ts[12321, 24]: elements are not aligned
ERROR: (align) C:/Users/valmac/FullScreenPokemon/src/components/constants/Pokemon.ts[12324, 24]: elements are not aligned
ERROR: (align) C:/Users/valmac/FullScreenPokemon/src/components/constants/Pokemon.ts[12327, 24]: elements are not aligned
ERROR: (align) C:/Users/valmac/FullScreenPokemon/src/components/constants/Pokemon.ts[12362, 24]: elements are not aligned
ERROR: (align) C:/Users/valmac/FullScreenPokemon/src/components/constants/Pokemon.ts[12365, 24]: elements are not aligned
ERROR: (align) C:/Users/valmac/FullScreenPokemon/src/components/constants/Pokemon.ts[12368, 24]: elements are not aligned
ERROR: (align) C:/Users/valmac/FullScreenPokemon/src/components/constants/Pokemon.ts[12371, 24]: elements are not aligned
ERROR: (align) C:/Users/valmac/FullScreenPokemon/src/components/constants/Pokemon.ts[12374, 24]: elements are not aligned
ERROR: (align) C:/Users/valmac/FullScreenPokemon/src/components/constants/Pokemon.ts[12383, 24]: elements are not aligned
ERROR: (align) C:/Users/valmac/FullScreenPokemon/src/components/constants/Pokemon.ts[12386, 24]: elements are not aligned
ERROR: (align) C:/Users/valmac/FullScreenPokemon/src/components/constants/Pokemon.ts[12389, 24]: elements are not aligned
ERROR: (align) C:/Users/valmac/FullScreenPokemon/src/components/constants/Pokemon.ts[12392, 24]: elements are not aligned
ERROR: (align) C:/Users/valmac/FullScreenPokemon/src/components/constants/Pokemon.ts[12395, 24]: elements are not aligned
ERROR: (align) C:/Users/valmac/FullScreenPokemon/src/components/constants/Pokemon.ts[12421, 24]: elements are not aligned
ERROR: (align) C:/Users/valmac/FullScreenPokemon/src/components/constants/Pokemon.ts[12424, 24]: elements are not aligned
ERROR: (align) C:/Users/valmac/FullScreenPokemon/src/components/constants/Pokemon.ts[12427, 24]: elements are not aligned
ERROR: (align) C:/Users/valmac/FullScreenPokemon/src/components/constants/Pokemon.ts[12430, 24]: elements are not aligned
ERROR: (align) C:/Users/valmac/FullScreenPokemon/src/components/constants/Pokemon.ts[12433, 24]: elements are not aligned
ERROR: (align) C:/Users/valmac/FullScreenPokemon/src/components/constants/Pokemon.ts[12436, 24]: elements are not aligned
ERROR: (align) C:/Users/valmac/FullScreenPokemon/src/components/constants/Pokemon.ts[12439, 24]: elements are not aligned
ERROR: (align) C:/Users/valmac/FullScreenPokemon/src/components/constants/Pokemon.ts[12442, 24]: elements are not aligned
ERROR: (align) C:/Users/valmac/FullScreenPokemon/src/components/constants/Pokemon.ts[12445, 24]: elements are not aligned
ERROR: (align) C:/Users/valmac/FullScreenPokemon/src/components/constants/Pokemon.ts[12453, 24]: elements are not aligned
ERROR: (align) C:/Users/valmac/FullScreenPokemon/src/components/constants/Pokemon.ts[12461, 24]: elements are not aligned
ERROR: (align) C:/Users/valmac/FullScreenPokemon/src/components/constants/Pokemon.ts[12464, 24]: elements are not aligned
ERROR: (align) C:/Users/valmac/FullScreenPokemon/src/components/constants/Pokemon.ts[12467, 24]: elements are not aligned
ERROR: (align) C:/Users/valmac/FullScreenPokemon/src/components/constants/Pokemon.ts[12470, 24]: elements are not aligned
ERROR: (align) C:/Users/valmac/FullScreenPokemon/src/components/constants/Pokemon.ts[12473, 24]: elements are not aligned
ERROR: (align) C:/Users/valmac/FullScreenPokemon/src/components/constants/Pokemon.ts[12476, 24]: elements are not aligned
ERROR: (align) C:/Users/valmac/FullScreenPokemon/src/components/constants/Pokemon.ts[12479, 24]: elements are not aligned
ERROR: (align) C:/Users/valmac/FullScreenPokemon/src/components/constants/Pokemon.ts[12482, 24]: elements are not aligned
ERROR: (align) C:/Users/valmac/FullScreenPokemon/src/components/constants/Pokemon.ts[12485, 24]: elements are not aligned
ERROR: (align) C:/Users/valmac/FullScreenPokemon/src/components/constants/Pokemon.ts[12488, 24]: elements are not aligned
ERROR: (align) C:/Users/valmac/FullScreenPokemon/src/components/constants/Pokemon.ts[12491, 24]: elements are not aligned
ERROR: (align) C:/Users/valmac/FullScreenPokemon/src/components/constants/Pokemon.ts[12494, 24]: elements are not aligned
ERROR: (align) C:/Users/valmac/FullScreenPokemon/src/components/constants/Pokemon.ts[12497, 24]: elements are not aligned
ERROR: (align) C:/Users/valmac/FullScreenPokemon/src/components/constants/Pokemon.ts[12500, 24]: elements are not aligned
ERROR: (align) C:/Users/valmac/FullScreenPokemon/src/components/constants/Pokemon.ts[12503, 24]: elements are not aligned
ERROR: (align) C:/Users/valmac/FullScreenPokemon/src/components/constants/Pokemon.ts[12506, 24]: elements are not aligned
ERROR: (align) C:/Users/valmac/FullScreenPokemon/src/components/constants/Pokemon.ts[12509, 24]: elements are not aligned
ERROR: (align) C:/Users/valmac/FullScreenPokemon/src/components/constants/Pokemon.ts[12512, 24]: elements are not aligned
ERROR: (align) C:/Users/valmac/FullScreenPokemon/src/components/constants/Pokemon.ts[12515, 24]: elements are not aligned
ERROR: (align) C:/Users/valmac/FullScreenPokemon/src/components/constants/Pokemon.ts[12518, 24]: elements are not aligned
ERROR: (align) C:/Users/valmac/FullScreenPokemon/src/components/constants/Pokemon.ts[12521, 24]: elements are not aligned
ERROR: (align) C:/Users/valmac/FullScreenPokemon/src/components/constants/Pokemon.ts[12524, 24]: elements are not aligned
ERROR: (align) C:/Users/valmac/FullScreenPokemon/src/components/constants/Pokemon.ts[12527, 24]: elements are not aligned
ERROR: (align) C:/Users/valmac/FullScreenPokemon/src/components/constants/Pokemon.ts[12530, 24]: elements are not aligned
ERROR: (align) C:/Users/valmac/FullScreenPokemon/src/components/constants/Pokemon.ts[12533, 24]: elements are not aligned
ERROR: (align) C:/Users/valmac/FullScreenPokemon/src/components/constants/Pokemon.ts[12536, 24]: elements are not aligned
ERROR: (align) C:/Users/valmac/FullScreenPokemon/src/components/constants/Pokemon.ts[12539, 24]: elements are not aligned
ERROR: (align) C:/Users/valmac/FullScreenPokemon/src/components/constants/Pokemon.ts[12542, 24]: elements are not aligned
ERROR: (align) C:/Users/valmac/FullScreenPokemon/src/components/constants/Pokemon.ts[12545, 24]: elements are not aligned
ERROR: (align) C:/Users/valmac/FullScreenPokemon/src/components/constants/Pokemon.ts[12580, 24]: elements are not aligned
ERROR: (align) C:/Users/valmac/FullScreenPokemon/src/components/constants/Pokemon.ts[12583, 24]: elements are not aligned
ERROR: (align) C:/Users/valmac/FullScreenPokemon/src/components/constants/Pokemon.ts[12586, 24]: elements are not aligned
ERROR: (align) C:/Users/valmac/FullScreenPokemon/src/components/constants/Pokemon.ts[12589, 24]: elements are not aligned
ERROR: (align) C:/Users/valmac/FullScreenPokemon/src/components/constants/Pokemon.ts[12592, 24]: elements are not aligned
ERROR: (align) C:/Users/valmac/FullScreenPokemon/src/components/constants/Pokemon.ts[12595, 24]: elements are not aligned
ERROR: (align) C:/Users/valmac/FullScreenPokemon/src/components/constants/Pokemon.ts[12607, 24]: elements are not aligned
ERROR: (align) C:/Users/valmac/FullScreenPokemon/src/components/constants/Pokemon.ts[12610, 24]: elements are not aligned
ERROR: (align) C:/Users/valmac/FullScreenPokemon/src/components/constants/Pokemon.ts[12613, 24]: elements are not aligned
ERROR: (align) C:/Users/valmac/FullScreenPokemon/src/components/constants/Pokemon.ts[12616, 24]: elements are not aligned
ERROR: (align) C:/Users/valmac/FullScreenPokemon/src/components/constants/Pokemon.ts[12619, 24]: elements are not aligned
ERROR: (align) C:/Users/valmac/FullScreenPokemon/src/components/constants/Pokemon.ts[12622, 24]: elements are not aligned
ERROR: (align) C:/Users/valmac/FullScreenPokemon/src/components/constants/Pokemon.ts[12625, 24]: elements are not aligned
ERROR: (align) C:/Users/valmac/FullScreenPokemon/src/components/constants/Pokemon.ts[12628, 24]: elements are not aligned
ERROR: (align) C:/Users/valmac/FullScreenPokemon/src/components/constants/Pokemon.ts[12631, 24]: elements are not aligned
ERROR: (align) C:/Users/valmac/FullScreenPokemon/src/components/constants/Pokemon.ts[12634, 24]: elements are not aligned
ERROR: (align) C:/Users/valmac/FullScreenPokemon/src/components/constants/Pokemon.ts[12637, 24]: elements are not aligned
ERROR: (align) C:/Users/valmac/FullScreenPokemon/src/components/constants/Pokemon.ts[12640, 24]: elements are not aligned
ERROR: (align) C:/Users/valmac/FullScreenPokemon/src/components/constants/Pokemon.ts[12643, 24]: elements are not aligned
ERROR: (align) C:/Users/valmac/FullScreenPokemon/src/components/constants/Pokemon.ts[12646, 24]: elements are not aligned
ERROR: (align) C:/Users/valmac/FullScreenPokemon/src/components/constants/Pokemon.ts[12649, 24]: elements are not aligned
ERROR: (align) C:/Users/valmac/FullScreenPokemon/src/components/constants/Pokemon.ts[12652, 24]: elements are not aligned
ERROR: (align) C:/Users/valmac/FullScreenPokemon/src/components/constants/Pokemon.ts[12655, 24]: elements are not aligned
ERROR: (align) C:/Users/valmac/FullScreenPokemon/src/components/constants/Pokemon.ts[12658, 24]: elements are not aligned
ERROR: (align) C:/Users/valmac/FullScreenPokemon/src/components/constants/Pokemon.ts[12693, 24]: elements are not aligned
ERROR: (align) C:/Users/valmac/FullScreenPokemon/src/components/constants/Pokemon.ts[12696, 24]: elements are not aligned
ERROR: (align) C:/Users/valmac/FullScreenPokemon/src/components/constants/Pokemon.ts[12699, 24]: elements are not aligned
ERROR: (align) C:/Users/valmac/FullScreenPokemon/src/components/constants/Pokemon.ts[12702, 24]: elements are not aligned
ERROR: (align) C:/Users/valmac/FullScreenPokemon/src/components/constants/Pokemon.ts[12705, 24]: elements are not aligned
ERROR: (align) C:/Users/valmac/FullScreenPokemon/src/components/constants/Pokemon.ts[12713, 24]: elements are not aligned
ERROR: (align) C:/Users/valmac/FullScreenPokemon/src/components/constants/Pokemon.ts[12721, 24]: elements are not aligned
ERROR: (align) C:/Users/valmac/FullScreenPokemon/src/components/constants/Pokemon.ts[12724, 24]: elements are not aligned
ERROR: (align) C:/Users/valmac/FullScreenPokemon/src/components/constants/Pokemon.ts[12727, 24]: elements are not aligned
ERROR: (align) C:/Users/valmac/FullScreenPokemon/src/components/constants/Pokemon.ts[12730, 24]: elements are not aligned
ERROR: (align) C:/Users/valmac/FullScreenPokemon/src/components/constants/Pokemon.ts[12733, 24]: elements are not aligned
ERROR: (align) C:/Users/valmac/FullScreenPokemon/src/components/constants/Pokemon.ts[12736, 24]: elements are not aligned
ERROR: (align) C:/Users/valmac/FullScreenPokemon/src/components/constants/Pokemon.ts[12739, 24]: elements are not aligned
ERROR: (align) C:/Users/valmac/FullScreenPokemon/src/components/constants/Pokemon.ts[12742, 24]: elements are not aligned
ERROR: (align) C:/Users/valmac/FullScreenPokemon/src/components/constants/Pokemon.ts[12745, 24]: elements are not aligned
ERROR: (align) C:/Users/valmac/FullScreenPokemon/src/components/constants/Pokemon.ts[12748, 24]: elements are not aligned
ERROR: (align) C:/Users/valmac/FullScreenPokemon/src/components/constants/Pokemon.ts[12751, 24]: elements are not aligned
ERROR: (align) C:/Users/valmac/FullScreenPokemon/src/components/constants/Pokemon.ts[12754, 24]: elements are not aligned
ERROR: (align) C:/Users/valmac/FullScreenPokemon/src/components/constants/Pokemon.ts[12757, 24]: elements are not aligned
ERROR: (align) C:/Users/valmac/FullScreenPokemon/src/components/constants/Pokemon.ts[12760, 24]: elements are not aligned
ERROR: (align) C:/Users/valmac/FullScreenPokemon/src/components/constants/Pokemon.ts[12763, 24]: elements are not aligned
ERROR: (align) C:/Users/valmac/FullScreenPokemon/src/components/constants/Pokemon.ts[12766, 24]: elements are not aligned
ERROR: (align) C:/Users/valmac/FullScreenPokemon/src/components/constants/Pokemon.ts[12769, 24]: elements are not aligned
ERROR: (align) C:/Users/valmac/FullScreenPokemon/src/components/constants/Pokemon.ts[12772, 24]: elements are not aligned
ERROR: (align) C:/Users/valmac/FullScreenPokemon/src/components/constants/Pokemon.ts[12798, 24]: elements are not aligned
ERROR: (align) C:/Users/valmac/FullScreenPokemon/src/components/constants/Pokemon.ts[12801, 24]: elements are not aligned
ERROR: (align) C:/Users/valmac/FullScreenPokemon/src/components/constants/Pokemon.ts[12804, 24]: elements are not aligned
ERROR: (align) C:/Users/valmac/FullScreenPokemon/src/components/constants/Pokemon.ts[12807, 24]: elements are not aligned
ERROR: (align) C:/Users/valmac/FullScreenPokemon/src/components/constants/Pokemon.ts[12810, 24]: elements are not aligned
ERROR: (align) C:/Users/valmac/FullScreenPokemon/src/components/constants/Pokemon.ts[12813, 24]: elements are not aligned
ERROR: (align) C:/Users/valmac/FullScreenPokemon/src/components/constants/Pokemon.ts[12821, 24]: elements are not aligned
ERROR: (align) C:/Users/valmac/FullScreenPokemon/src/components/constants/Pokemon.ts[12829, 24]: elements are not aligned
ERROR: (align) C:/Users/valmac/FullScreenPokemon/src/components/constants/Pokemon.ts[12832, 24]: elements are not aligned
ERROR: (align) C:/Users/valmac/FullScreenPokemon/src/components/constants/Pokemon.ts[12835, 24]: elements are not aligned
ERROR: (align) C:/Users/valmac/FullScreenPokemon/src/components/constants/Pokemon.ts[12838, 24]: elements are not aligned
ERROR: (align) C:/Users/valmac/FullScreenPokemon/src/components/constants/Pokemon.ts[12841, 24]: elements are not aligned
ERROR: (align) C:/Users/valmac/FullScreenPokemon/src/components/constants/Pokemon.ts[12844, 24]: elements are not aligned
ERROR: (align) C:/Users/valmac/FullScreenPokemon/src/components/constants/Pokemon.ts[12847, 24]: elements are not aligned
ERROR: (align) C:/Users/valmac/FullScreenPokemon/src/components/constants/Pokemon.ts[12850, 24]: elements are not aligned
ERROR: (align) C:/Users/valmac/FullScreenPokemon/src/components/constants/Pokemon.ts[12853, 24]: elements are not aligned
ERROR: (align) C:/Users/valmac/FullScreenPokemon/src/components/constants/Pokemon.ts[12856, 24]: elements are not aligned
ERROR: (align) C:/Users/valmac/FullScreenPokemon/src/components/constants/Pokemon.ts[12859, 24]: elements are not aligned
ERROR: (align) C:/Users/valmac/FullScreenPokemon/src/components/constants/Pokemon.ts[12862, 24]: elements are not aligned
ERROR: (align) C:/Users/valmac/FullScreenPokemon/src/components/constants/Pokemon.ts[12865, 24]: elements are not aligned
ERROR: (align) C:/Users/valmac/FullScreenPokemon/src/components/constants/Pokemon.ts[12868, 24]: elements are not aligned
ERROR: (align) C:/Users/valmac/FullScreenPokemon/src/components/constants/Pokemon.ts[12871, 24]: elements are not aligned
ERROR: (align) C:/Users/valmac/FullScreenPokemon/src/components/constants/Pokemon.ts[12874, 24]: elements are not aligned
ERROR: (align) C:/Users/valmac/FullScreenPokemon/src/components/constants/Pokemon.ts[12877, 24]: elements are not aligned
ERROR: (align) C:/Users/valmac/FullScreenPokemon/src/components/constants/Pokemon.ts[12880, 24]: elements are not aligned
ERROR: (align) C:/Users/valmac/FullScreenPokemon/src/components/constants/Pokemon.ts[12883, 24]: elements are not aligned
ERROR: (align) C:/Users/valmac/FullScreenPokemon/src/components/constants/Pokemon.ts[12909, 24]: elements are not aligned
ERROR: (align) C:/Users/valmac/FullScreenPokemon/src/components/constants/Pokemon.ts[12912, 24]: elements are not aligned
ERROR: (align) C:/Users/valmac/FullScreenPokemon/src/components/constants/Pokemon.ts[12915, 24]: elements are not aligned
ERROR: (align) C:/Users/valmac/FullScreenPokemon/src/components/constants/Pokemon.ts[12918, 24]: elements are not aligned
ERROR: (align) C:/Users/valmac/FullScreenPokemon/src/components/constants/Pokemon.ts[12921, 24]: elements are not aligned
ERROR: (align) C:/Users/valmac/FullScreenPokemon/src/components/constants/Pokemon.ts[12924, 24]: elements are not aligned
ERROR: (align) C:/Users/valmac/FullScreenPokemon/src/components/constants/Pokemon.ts[12933, 24]: elements are not aligned
ERROR: (align) C:/Users/valmac/FullScreenPokemon/src/components/constants/Pokemon.ts[12936, 24]: elements are not aligned
ERROR: (align) C:/Users/valmac/FullScreenPokemon/src/components/constants/Pokemon.ts[12939, 24]: elements are not aligned
ERROR: (align) C:/Users/valmac/FullScreenPokemon/src/components/constants/Pokemon.ts[12942, 24]: elements are not aligned
ERROR: (align) C:/Users/valmac/FullScreenPokemon/src/components/constants/Pokemon.ts[12945, 24]: elements are not aligned
ERROR: (align) C:/Users/valmac/FullScreenPokemon/src/components/constants/Pokemon.ts[12948, 24]: elements are not aligned
ERROR: (align) C:/Users/valmac/FullScreenPokemon/src/components/constants/Pokemon.ts[12951, 24]: elements are not aligned
ERROR: (align) C:/Users/valmac/FullScreenPokemon/src/components/constants/Pokemon.ts[12954, 24]: elements are not aligned
ERROR: (align) C:/Users/valmac/FullScreenPokemon/src/components/constants/Pokemon.ts[12957, 24]: elements are not aligned
ERROR: (align) C:/Users/valmac/FullScreenPokemon/src/components/constants/Pokemon.ts[12960, 24]: elements are not aligned
ERROR: (align) C:/Users/valmac/FullScreenPokemon/src/components/constants/Pokemon.ts[12963, 24]: elements are not aligned
ERROR: (align) C:/Users/valmac/FullScreenPokemon/src/components/constants/Pokemon.ts[12966, 24]: elements are not aligned
ERROR: (align) C:/Users/valmac/FullScreenPokemon/src/components/constants/Pokemon.ts[12992, 24]: elements are not aligned
ERROR: (align) C:/Users/valmac/FullScreenPokemon/src/components/constants/Pokemon.ts[12995, 24]: elements are not aligned
ERROR: (align) C:/Users/valmac/FullScreenPokemon/src/components/constants/Pokemon.ts[12998, 24]: elements are not aligned
ERROR: (align) C:/Users/valmac/FullScreenPokemon/src/components/constants/Pokemon.ts[13001, 24]: elements are not aligned
ERROR: (align) C:/Users/valmac/FullScreenPokemon/src/components/constants/Pokemon.ts[13004, 24]: elements are not aligned
ERROR: (align) C:/Users/valmac/FullScreenPokemon/src/components/constants/Pokemon.ts[13007, 24]: elements are not aligned
ERROR: (align) C:/Users/valmac/FullScreenPokemon/src/components/constants/Pokemon.ts[13016, 24]: elements are not aligned
ERROR: (align) C:/Users/valmac/FullScreenPokemon/src/components/constants/Pokemon.ts[13019, 24]: elements are not aligned
ERROR: (align) C:/Users/valmac/FullScreenPokemon/src/components/constants/Pokemon.ts[13022, 24]: elements are not aligned
ERROR: (align) C:/Users/valmac/FullScreenPokemon/src/components/constants/Pokemon.ts[13025, 24]: elements are not aligned
ERROR: (align) C:/Users/valmac/FullScreenPokemon/src/components/constants/Pokemon.ts[13028, 24]: elements are not aligned
ERROR: (align) C:/Users/valmac/FullScreenPokemon/src/components/constants/Pokemon.ts[13031, 24]: elements are not aligned
ERROR: (align) C:/Users/valmac/FullScreenPokemon/src/components/constants/Pokemon.ts[13034, 24]: elements are not aligned
ERROR: (align) C:/Users/valmac/FullScreenPokemon/src/components/constants/Pokemon.ts[13037, 24]: elements are not aligned
ERROR: (align) C:/Users/valmac/FullScreenPokemon/src/components/constants/Pokemon.ts[13040, 24]: elements are not aligned
ERROR: (align) C:/Users/valmac/FullScreenPokemon/src/components/constants/Pokemon.ts[13043, 24]: elements are not aligned
ERROR: (align) C:/Users/valmac/FullScreenPokemon/src/components/constants/Pokemon.ts[13046, 24]: elements are not aligned
ERROR: (align) C:/Users/valmac/FullScreenPokemon/src/components/constants/Pokemon.ts[13049, 24]: elements are not aligned
ERROR: (align) C:/Users/valmac/FullScreenPokemon/src/components/constants/Pokemon.ts[13052, 24]: elements are not aligned
ERROR: (align) C:/Users/valmac/FullScreenPokemon/src/components/constants/Pokemon.ts[13055, 24]: elements are not aligned
ERROR: (align) C:/Users/valmac/FullScreenPokemon/src/components/constants/Pokemon.ts[13058, 24]: elements are not aligned
ERROR: (align) C:/Users/valmac/FullScreenPokemon/src/components/constants/Pokemon.ts[13084, 24]: elements are not aligned
ERROR: (align) C:/Users/valmac/FullScreenPokemon/src/components/constants/Pokemon.ts[13087, 24]: elements are not aligned
ERROR: (align) C:/Users/valmac/FullScreenPokemon/src/components/constants/Pokemon.ts[13090, 24]: elements are not aligned
ERROR: (align) C:/Users/valmac/FullScreenPokemon/src/components/constants/Pokemon.ts[13093, 24]: elements are not aligned
ERROR: (align) C:/Users/valmac/FullScreenPokemon/src/components/constants/Pokemon.ts[13096, 24]: elements are not aligned
ERROR: (align) C:/Users/valmac/FullScreenPokemon/src/components/constants/Pokemon.ts[13099, 24]: elements are not aligned
ERROR: (align) C:/Users/valmac/FullScreenPokemon/src/components/constants/Pokemon.ts[13102, 24]: elements are not aligned
ERROR: (align) C:/Users/valmac/FullScreenPokemon/src/components/constants/Pokemon.ts[13105, 24]: elements are not aligned
ERROR: (align) C:/Users/valmac/FullScreenPokemon/src/components/constants/Pokemon.ts[13117, 24]: elements are not aligned
ERROR: (align) C:/Users/valmac/FullScreenPokemon/src/components/constants/Pokemon.ts[13120, 24]: elements are not aligned
ERROR: (align) C:/Users/valmac/FullScreenPokemon/src/components/constants/Pokemon.ts[13123, 24]: elements are not aligned
ERROR: (align) C:/Users/valmac/FullScreenPokemon/src/components/constants/Pokemon.ts[13126, 24]: elements are not aligned
ERROR: (align) C:/Users/valmac/FullScreenPokemon/src/components/constants/Pokemon.ts[13129, 24]: elements are not aligned
ERROR: (align) C:/Users/valmac/FullScreenPokemon/src/components/constants/Pokemon.ts[13132, 24]: elements are not aligned
ERROR: (align) C:/Users/valmac/FullScreenPokemon/src/components/constants/Pokemon.ts[13135, 24]: elements are not aligned
ERROR: (align) C:/Users/valmac/FullScreenPokemon/src/components/constants/Pokemon.ts[13138, 24]: elements are not aligned
ERROR: (align) C:/Users/valmac/FullScreenPokemon/src/components/constants/Pokemon.ts[13141, 24]: elements are not aligned
ERROR: (align) C:/Users/valmac/FullScreenPokemon/src/components/constants/Pokemon.ts[13144, 24]: elements are not aligned
ERROR: (align) C:/Users/valmac/FullScreenPokemon/src/components/constants/Pokemon.ts[13147, 24]: elements are not aligned
ERROR: (align) C:/Users/valmac/FullScreenPokemon/src/components/constants/Pokemon.ts[13150, 24]: elements are not aligned
ERROR: (align) C:/Users/valmac/FullScreenPokemon/src/components/constants/Pokemon.ts[13153, 24]: elements are not aligned
ERROR: (align) C:/Users/valmac/FullScreenPokemon/src/components/constants/Pokemon.ts[13156, 24]: elements are not aligned
ERROR: (align) C:/Users/valmac/FullScreenPokemon/src/components/constants/Pokemon.ts[13159, 24]: elements are not aligned
ERROR: (align) C:/Users/valmac/FullScreenPokemon/src/components/constants/Pokemon.ts[13162, 24]: elements are not aligned
ERROR: (align) C:/Users/valmac/FullScreenPokemon/src/components/constants/Pokemon.ts[13197, 24]: elements are not aligned
ERROR: (align) C:/Users/valmac/FullScreenPokemon/src/components/constants/Pokemon.ts[13200, 24]: elements are not aligned
ERROR: (align) C:/Users/valmac/FullScreenPokemon/src/components/constants/Pokemon.ts[13203, 24]: elements are not aligned
ERROR: (align) C:/Users/valmac/FullScreenPokemon/src/components/constants/Pokemon.ts[13206, 24]: elements are not aligned
ERROR: (align) C:/Users/valmac/FullScreenPokemon/src/components/constants/Pokemon.ts[13209, 24]: elements are not aligned
ERROR: (align) C:/Users/valmac/FullScreenPokemon/src/components/constants/Pokemon.ts[13218, 24]: elements are not aligned
ERROR: (align) C:/Users/valmac/FullScreenPokemon/src/components/constants/Pokemon.ts[13221, 24]: elements are not aligned
ERROR: (align) C:/Users/valmac/FullScreenPokemon/src/components/constants/Pokemon.ts[13224, 24]: elements are not aligned
ERROR: (align) C:/Users/valmac/FullScreenPokemon/src/components/constants/Pokemon.ts[13227, 24]: elements are not aligned
ERROR: (align) C:/Users/valmac/FullScreenPokemon/src/components/constants/Pokemon.ts[13230, 24]: elements are not aligned
ERROR: (align) C:/Users/valmac/FullScreenPokemon/src/components/constants/Pokemon.ts[13233, 24]: elements are not aligned
ERROR: (align) C:/Users/valmac/FullScreenPokemon/src/components/constants/Pokemon.ts[13236, 24]: elements are not aligned
ERROR: (align) C:/Users/valmac/FullScreenPokemon/src/components/constants/Pokemon.ts[13239, 24]: elements are not aligned
ERROR: (align) C:/Users/valmac/FullScreenPokemon/src/components/constants/Pokemon.ts[13242, 24]: elements are not aligned
ERROR: (align) C:/Users/valmac/FullScreenPokemon/src/components/constants/Pokemon.ts[13245, 24]: elements are not aligned
ERROR: (align) C:/Users/valmac/FullScreenPokemon/src/components/constants/Pokemon.ts[13248, 24]: elements are not aligned
ERROR: (align) C:/Users/valmac/FullScreenPokemon/src/components/constants/Pokemon.ts[13251, 24]: elements are not aligned
ERROR: (align) C:/Users/valmac/FullScreenPokemon/src/components/constants/Pokemon.ts[13254, 24]: elements are not aligned
ERROR: (align) C:/Users/valmac/FullScreenPokemon/src/components/constants/Pokemon.ts[13257, 24]: elements are not aligned
ERROR: (align) C:/Users/valmac/FullScreenPokemon/src/components/constants/Pokemon.ts[13260, 24]: elements are not aligned
ERROR: (align) C:/Users/valmac/FullScreenPokemon/src/components/constants/Pokemon.ts[13263, 24]: elements are not aligned
ERROR: (align) C:/Users/valmac/FullScreenPokemon/src/components/constants/Pokemon.ts[13298, 24]: elements are not aligned
ERROR: (align) C:/Users/valmac/FullScreenPokemon/src/components/constants/Pokemon.ts[13301, 24]: elements are not aligned
ERROR: (align) C:/Users/valmac/FullScreenPokemon/src/components/constants/Pokemon.ts[13304, 24]: elements are not aligned
ERROR: (align) C:/Users/valmac/FullScreenPokemon/src/components/constants/Pokemon.ts[13307, 24]: elements are not aligned
ERROR: (align) C:/Users/valmac/FullScreenPokemon/src/components/constants/Pokemon.ts[13310, 24]: elements are not aligned
ERROR: (align) C:/Users/valmac/FullScreenPokemon/src/components/constants/Pokemon.ts[13313, 24]: elements are not aligned
ERROR: (align) C:/Users/valmac/FullScreenPokemon/src/components/constants/Pokemon.ts[13325, 24]: elements are not aligned
ERROR: (align) C:/Users/valmac/FullScreenPokemon/src/components/constants/Pokemon.ts[13328, 24]: elements are not aligned
ERROR: (align) C:/Users/valmac/FullScreenPokemon/src/components/constants/Pokemon.ts[13331, 24]: elements are not aligned
ERROR: (align) C:/Users/valmac/FullScreenPokemon/src/components/constants/Pokemon.ts[13334, 24]: elements are not aligned
ERROR: (align) C:/Users/valmac/FullScreenPokemon/src/components/constants/Pokemon.ts[13337, 24]: elements are not aligned
ERROR: (align) C:/Users/valmac/FullScreenPokemon/src/components/constants/Pokemon.ts[13340, 24]: elements are not aligned
ERROR: (align) C:/Users/valmac/FullScreenPokemon/src/components/constants/Pokemon.ts[13343, 24]: elements are not aligned
ERROR: (align) C:/Users/valmac/FullScreenPokemon/src/components/constants/Pokemon.ts[13346, 24]: elements are not aligned
ERROR: (align) C:/Users/valmac/FullScreenPokemon/src/components/constants/Pokemon.ts[13349, 24]: elements are not aligned
ERROR: (align) C:/Users/valmac/FullScreenPokemon/src/components/constants/Pokemon.ts[13352, 24]: elements are not aligned
ERROR: (align) C:/Users/valmac/FullScreenPokemon/src/components/constants/Pokemon.ts[13355, 24]: elements are not aligned
ERROR: (align) C:/Users/valmac/FullScreenPokemon/src/components/constants/Pokemon.ts[13358, 24]: elements are not aligned
ERROR: (align) C:/Users/valmac/FullScreenPokemon/src/components/constants/Pokemon.ts[13361, 24]: elements are not aligned
ERROR: (align) C:/Users/valmac/FullScreenPokemon/src/components/constants/Pokemon.ts[13364, 24]: elements are not aligned
ERROR: (align) C:/Users/valmac/FullScreenPokemon/src/components/constants/Pokemon.ts[13367, 24]: elements are not aligned
ERROR: (align) C:/Users/valmac/FullScreenPokemon/src/components/constants/Pokemon.ts[13370, 24]: elements are not aligned
ERROR: (align) C:/Users/valmac/FullScreenPokemon/src/components/constants/Pokemon.ts[13373, 24]: elements are not aligned
ERROR: (align) C:/Users/valmac/FullScreenPokemon/src/components/constants/Pokemon.ts[13376, 24]: elements are not aligned
ERROR: (align) C:/Users/valmac/FullScreenPokemon/src/components/constants/Pokemon.ts[13402, 24]: elements are not aligned
ERROR: (align) C:/Users/valmac/FullScreenPokemon/src/components/constants/Pokemon.ts[13405, 24]: elements are not aligned
ERROR: (align) C:/Users/valmac/FullScreenPokemon/src/components/constants/Pokemon.ts[13408, 24]: elements are not aligned
ERROR: (align) C:/Users/valmac/FullScreenPokemon/src/components/constants/Pokemon.ts[13411, 24]: elements are not aligned
ERROR: (align) C:/Users/valmac/FullScreenPokemon/src/components/constants/Pokemon.ts[13414, 24]: elements are not aligned
ERROR: (align) C:/Users/valmac/FullScreenPokemon/src/components/constants/Pokemon.ts[13417, 24]: elements are not aligned
ERROR: (align) C:/Users/valmac/FullScreenPokemon/src/components/constants/Pokemon.ts[13420, 24]: elements are not aligned
ERROR: (align) C:/Users/valmac/FullScreenPokemon/src/components/constants/Pokemon.ts[13423, 24]: elements are not aligned
ERROR: (align) C:/Users/valmac/FullScreenPokemon/src/components/constants/Pokemon.ts[13426, 24]: elements are not aligned
ERROR: (align) C:/Users/valmac/FullScreenPokemon/src/components/constants/Pokemon.ts[13435, 24]: elements are not aligned
ERROR: (align) C:/Users/valmac/FullScreenPokemon/src/components/constants/Pokemon.ts[13438, 24]: elements are not aligned
ERROR: (align) C:/Users/valmac/FullScreenPokemon/src/components/constants/Pokemon.ts[13441, 24]: elements are not aligned
ERROR: (align) C:/Users/valmac/FullScreenPokemon/src/components/constants/Pokemon.ts[13444, 24]: elements are not aligned
ERROR: (align) C:/Users/valmac/FullScreenPokemon/src/components/constants/Pokemon.ts[13447, 24]: elements are not aligned
ERROR: (align) C:/Users/valmac/FullScreenPokemon/src/components/constants/Pokemon.ts[13450, 24]: elements are not aligned
ERROR: (align) C:/Users/valmac/FullScreenPokemon/src/components/constants/Pokemon.ts[13453, 24]: elements are not aligned
ERROR: (align) C:/Users/valmac/FullScreenPokemon/src/components/constants/Pokemon.ts[13456, 24]: elements are not aligned
ERROR: (align) C:/Users/valmac/FullScreenPokemon/src/components/constants/Pokemon.ts[13459, 24]: elements are not aligned
ERROR: (align) C:/Users/valmac/FullScreenPokemon/src/components/constants/Pokemon.ts[13462, 24]: elements are not aligned
ERROR: (align) C:/Users/valmac/FullScreenPokemon/src/components/constants/Pokemon.ts[13465, 24]: elements are not aligned
ERROR: (align) C:/Users/valmac/FullScreenPokemon/src/components/constants/Pokemon.ts[13468, 24]: elements are not aligned
ERROR: (align) C:/Users/valmac/FullScreenPokemon/src/components/constants/Pokemon.ts[13471, 24]: elements are not aligned
ERROR: (align) C:/Users/valmac/FullScreenPokemon/src/components/constants/Pokemon.ts[13474, 24]: elements are not aligned
ERROR: (align) C:/Users/valmac/FullScreenPokemon/src/components/constants/Pokemon.ts[13477, 24]: elements are not aligned
ERROR: (align) C:/Users/valmac/FullScreenPokemon/src/components/constants/Pokemon.ts[13480, 24]: elements are not aligned
ERROR: (align) C:/Users/valmac/FullScreenPokemon/src/components/constants/Pokemon.ts[13483, 24]: elements are not aligned
ERROR: (align) C:/Users/valmac/FullScreenPokemon/src/components/constants/Pokemon.ts[13486, 24]: elements are not aligned
ERROR: (align) C:/Users/valmac/FullScreenPokemon/src/components/constants/Pokemon.ts[13489, 24]: elements are not aligned
ERROR: (align) C:/Users/valmac/FullScreenPokemon/src/components/constants/Pokemon.ts[13492, 24]: elements are not aligned
ERROR: (align) C:/Users/valmac/FullScreenPokemon/src/components/constants/Pokemon.ts[13495, 24]: elements are not aligned
ERROR: (align) C:/Users/valmac/FullScreenPokemon/src/components/constants/Pokemon.ts[13498, 24]: elements are not aligned
ERROR: (align) C:/Users/valmac/FullScreenPokemon/src/components/constants/Pokemon.ts[13501, 24]: elements are not aligned
ERROR: (align) C:/Users/valmac/FullScreenPokemon/src/components/constants/Pokemon.ts[13504, 24]: elements are not aligned
ERROR: (align) C:/Users/valmac/FullScreenPokemon/src/components/constants/Pokemon.ts[13507, 24]: elements are not aligned
ERROR: (align) C:/Users/valmac/FullScreenPokemon/src/components/constants/Pokemon.ts[13510, 24]: elements are not aligned
ERROR: (align) C:/Users/valmac/FullScreenPokemon/src/components/constants/Pokemon.ts[13513, 24]: elements are not aligned
ERROR: (align) C:/Users/valmac/FullScreenPokemon/src/components/constants/Pokemon.ts[13516, 24]: elements are not aligned
ERROR: (align) C:/Users/valmac/FullScreenPokemon/src/components/constants/Pokemon.ts[13519, 24]: elements are not aligned
ERROR: (align) C:/Users/valmac/FullScreenPokemon/src/components/constants/Pokemon.ts[13522, 24]: elements are not aligned
ERROR: (align) C:/Users/valmac/FullScreenPokemon/src/components/constants/Pokemon.ts[13525, 24]: elements are not aligned
ERROR: (align) C:/Users/valmac/FullScreenPokemon/src/components/constants/Pokemon.ts[13528, 24]: elements are not aligned
ERROR: (align) C:/Users/valmac/FullScreenPokemon/src/components/constants/Pokemon.ts[13563, 24]: elements are not aligned
ERROR: (align) C:/Users/valmac/FullScreenPokemon/src/components/constants/Pokemon.ts[13566, 24]: elements are not aligned
ERROR: (align) C:/Users/valmac/FullScreenPokemon/src/components/constants/Pokemon.ts[13569, 24]: elements are not aligned
ERROR: (align) C:/Users/valmac/FullScreenPokemon/src/components/constants/Pokemon.ts[13572, 24]: elements are not aligned
ERROR: (align) C:/Users/valmac/FullScreenPokemon/src/components/constants/Pokemon.ts[13575, 24]: elements are not aligned
ERROR: (align) C:/Users/valmac/FullScreenPokemon/src/components/constants/Pokemon.ts[13578, 24]: elements are not aligned
ERROR: (align) C:/Users/valmac/FullScreenPokemon/src/components/constants/Pokemon.ts[13586, 24]: elements are not aligned
ERROR: (align) C:/Users/valmac/FullScreenPokemon/src/components/constants/Pokemon.ts[13589, 24]: elements are not aligned
ERROR: (align) C:/Users/valmac/FullScreenPokemon/src/components/constants/Pokemon.ts[13597, 24]: elements are not aligned
ERROR: (align) C:/Users/valmac/FullScreenPokemon/src/components/constants/Pokemon.ts[13600, 24]: elements are not aligned
ERROR: (align) C:/Users/valmac/FullScreenPokemon/src/components/constants/Pokemon.ts[13603, 24]: elements are not aligned
ERROR: (align) C:/Users/valmac/FullScreenPokemon/src/components/constants/Pokemon.ts[13606, 24]: elements are not aligned
ERROR: (align) C:/Users/valmac/FullScreenPokemon/src/components/constants/Pokemon.ts[13609, 24]: elements are not aligned
ERROR: (align) C:/Users/valmac/FullScreenPokemon/src/components/constants/Pokemon.ts[13612, 24]: elements are not aligned
ERROR: (align) C:/Users/valmac/FullScreenPokemon/src/components/constants/Pokemon.ts[13615, 24]: elements are not aligned
ERROR: (align) C:/Users/valmac/FullScreenPokemon/src/components/constants/Pokemon.ts[13618, 24]: elements are not aligned
ERROR: (align) C:/Users/valmac/FullScreenPokemon/src/components/constants/Pokemon.ts[13621, 24]: elements are not aligned
ERROR: (align) C:/Users/valmac/FullScreenPokemon/src/components/constants/Pokemon.ts[13624, 24]: elements are not aligned
ERROR: (align) C:/Users/valmac/FullScreenPokemon/src/components/constants/Pokemon.ts[13627, 24]: elements are not aligned
ERROR: (align) C:/Users/valmac/FullScreenPokemon/src/components/constants/Pokemon.ts[13630, 24]: elements are not aligned
ERROR: (align) C:/Users/valmac/FullScreenPokemon/src/components/constants/Pokemon.ts[13633, 24]: elements are not aligned
ERROR: (align) C:/Users/valmac/FullScreenPokemon/src/components/constants/Pokemon.ts[13636, 24]: elements are not aligned
ERROR: (align) C:/Users/valmac/FullScreenPokemon/src/components/constants/Pokemon.ts[13639, 24]: elements are not aligned
ERROR: (align) C:/Users/valmac/FullScreenPokemon/src/components/constants/Pokemon.ts[13642, 24]: elements are not aligned
ERROR: (align) C:/Users/valmac/FullScreenPokemon/src/components/constants/Pokemon.ts[13645, 24]: elements are not aligned
ERROR: (align) C:/Users/valmac/FullScreenPokemon/src/components/constants/Pokemon.ts[13648, 24]: elements are not aligned
ERROR: (align) C:/Users/valmac/FullScreenPokemon/src/components/constants/Pokemon.ts[13651, 24]: elements are not aligned
ERROR: (align) C:/Users/valmac/FullScreenPokemon/src/components/constants/Pokemon.ts[13654, 24]: elements are not aligned
ERROR: (align) C:/Users/valmac/FullScreenPokemon/src/components/constants/Pokemon.ts[13657, 24]: elements are not aligned
ERROR: (align) C:/Users/valmac/FullScreenPokemon/src/components/constants/Pokemon.ts[13660, 24]: elements are not aligned
ERROR: (align) C:/Users/valmac/FullScreenPokemon/src/components/constants/Pokemon.ts[13663, 24]: elements are not aligned
ERROR: (align) C:/Users/valmac/FullScreenPokemon/src/components/constants/Pokemon.ts[13666, 24]: elements are not aligned
ERROR: (align) C:/Users/valmac/FullScreenPokemon/src/components/constants/Pokemon.ts[13669, 24]: elements are not aligned
ERROR: (align) C:/Users/valmac/FullScreenPokemon/src/components/constants/Pokemon.ts[13672, 24]: elements are not aligned
ERROR: (align) C:/Users/valmac/FullScreenPokemon/src/components/constants/Pokemon.ts[13698, 24]: elements are not aligned
ERROR: (align) C:/Users/valmac/FullScreenPokemon/src/components/constants/Pokemon.ts[13701, 24]: elements are not aligned
ERROR: (align) C:/Users/valmac/FullScreenPokemon/src/components/constants/Pokemon.ts[13704, 24]: elements are not aligned
ERROR: (align) C:/Users/valmac/FullScreenPokemon/src/components/constants/Pokemon.ts[13707, 24]: elements are not aligned
ERROR: (align) C:/Users/valmac/FullScreenPokemon/src/components/constants/Pokemon.ts[13710, 24]: elements are not aligned
ERROR: (align) C:/Users/valmac/FullScreenPokemon/src/components/constants/Pokemon.ts[13713, 24]: elements are not aligned
ERROR: (align) C:/Users/valmac/FullScreenPokemon/src/components/constants/Pokemon.ts[13721, 24]: elements are not aligned
ERROR: (align) C:/Users/valmac/FullScreenPokemon/src/components/constants/Pokemon.ts[13729, 24]: elements are not aligned
ERROR: (align) C:/Users/valmac/FullScreenPokemon/src/components/constants/Pokemon.ts[13732, 24]: elements are not aligned
ERROR: (align) C:/Users/valmac/FullScreenPokemon/src/components/constants/Pokemon.ts[13735, 24]: elements are not aligned
ERROR: (align) C:/Users/valmac/FullScreenPokemon/src/components/constants/Pokemon.ts[13738, 24]: elements are not aligned
ERROR: (align) C:/Users/valmac/FullScreenPokemon/src/components/constants/Pokemon.ts[13741, 24]: elements are not aligned
ERROR: (align) C:/Users/valmac/FullScreenPokemon/src/components/constants/Pokemon.ts[13744, 24]: elements are not aligned
ERROR: (align) C:/Users/valmac/FullScreenPokemon/src/components/constants/Pokemon.ts[13747, 24]: elements are not aligned
ERROR: (align) C:/Users/valmac/FullScreenPokemon/src/components/constants/Pokemon.ts[13750, 24]: elements are not aligned
ERROR: (align) C:/Users/valmac/FullScreenPokemon/src/components/constants/Pokemon.ts[13753, 24]: elements are not aligned
ERROR: (align) C:/Users/valmac/FullScreenPokemon/src/components/constants/Pokemon.ts[13756, 24]: elements are not aligned
ERROR: (align) C:/Users/valmac/FullScreenPokemon/src/components/constants/Pokemon.ts[13759, 24]: elements are not aligned
ERROR: (align) C:/Users/valmac/FullScreenPokemon/src/components/constants/Pokemon.ts[13762, 24]: elements are not aligned
ERROR: (align) C:/Users/valmac/FullScreenPokemon/src/components/constants/Pokemon.ts[13765, 24]: elements are not aligned
ERROR: (align) C:/Users/valmac/FullScreenPokemon/src/components/constants/Pokemon.ts[13768, 24]: elements are not aligned
ERROR: (align) C:/Users/valmac/FullScreenPokemon/src/components/constants/Pokemon.ts[13771, 24]: elements are not aligned
ERROR: (align) C:/Users/valmac/FullScreenPokemon/src/components/constants/Pokemon.ts[13774, 24]: elements are not aligned
ERROR: (align) C:/Users/valmac/FullScreenPokemon/src/components/constants/Pokemon.ts[13777, 24]: elements are not aligned
ERROR: (align) C:/Users/valmac/FullScreenPokemon/src/components/constants/Pokemon.ts[13780, 24]: elements are not aligned
ERROR: (align) C:/Users/valmac/FullScreenPokemon/src/components/constants/Pokemon.ts[13783, 24]: elements are not aligned
ERROR: (align) C:/Users/valmac/FullScreenPokemon/src/components/constants/Pokemon.ts[13786, 24]: elements are not aligned
ERROR: (align) C:/Users/valmac/FullScreenPokemon/src/components/constants/Pokemon.ts[13789, 24]: elements are not aligned
ERROR: (align) C:/Users/valmac/FullScreenPokemon/src/components/constants/Pokemon.ts[13792, 24]: elements are not aligned
ERROR: (align) C:/Users/valmac/FullScreenPokemon/src/components/constants/Pokemon.ts[13795, 24]: elements are not aligned
ERROR: (align) C:/Users/valmac/FullScreenPokemon/src/components/constants/Pokemon.ts[13798, 24]: elements are not aligned
ERROR: (align) C:/Users/valmac/FullScreenPokemon/src/components/constants/Pokemon.ts[13801, 24]: elements are not aligned
ERROR: (align) C:/Users/valmac/FullScreenPokemon/src/components/constants/Pokemon.ts[13804, 24]: elements are not aligned
ERROR: (align) C:/Users/valmac/FullScreenPokemon/src/components/constants/Pokemon.ts[13807, 24]: elements are not aligned
ERROR: (align) C:/Users/valmac/FullScreenPokemon/src/components/constants/Pokemon.ts[13810, 24]: elements are not aligned
ERROR: (align) C:/Users/valmac/FullScreenPokemon/src/components/constants/Pokemon.ts[13813, 24]: elements are not aligned
ERROR: (align) C:/Users/valmac/FullScreenPokemon/src/components/constants/Pokemon.ts[13816, 24]: elements are not aligned
ERROR: (align) C:/Users/valmac/FullScreenPokemon/src/components/constants/Pokemon.ts[13819, 24]: elements are not aligned
ERROR: (align) C:/Users/valmac/FullScreenPokemon/src/components/constants/Pokemon.ts[13822, 24]: elements are not aligned
ERROR: (align) C:/Users/valmac/FullScreenPokemon/src/components/constants/Pokemon.ts[13825, 24]: elements are not aligned
ERROR: (align) C:/Users/valmac/FullScreenPokemon/src/components/constants/Pokemon.ts[13860, 24]: elements are not aligned
ERROR: (align) C:/Users/valmac/FullScreenPokemon/src/components/constants/Pokemon.ts[13863, 24]: elements are not aligned
ERROR: (align) C:/Users/valmac/FullScreenPokemon/src/components/constants/Pokemon.ts[13866, 24]: elements are not aligned
ERROR: (align) C:/Users/valmac/FullScreenPokemon/src/components/constants/Pokemon.ts[13869, 24]: elements are not aligned
ERROR: (align) C:/Users/valmac/FullScreenPokemon/src/components/constants/Pokemon.ts[13872, 24]: elements are not aligned
ERROR: (align) C:/Users/valmac/FullScreenPokemon/src/components/constants/Pokemon.ts[13875, 24]: elements are not aligned
ERROR: (align) C:/Users/valmac/FullScreenPokemon/src/components/constants/Pokemon.ts[13884, 24]: elements are not aligned
ERROR: (align) C:/Users/valmac/FullScreenPokemon/src/components/constants/Pokemon.ts[13887, 24]: elements are not aligned
ERROR: (align) C:/Users/valmac/FullScreenPokemon/src/components/constants/Pokemon.ts[13890, 24]: elements are not aligned
ERROR: (align) C:/Users/valmac/FullScreenPokemon/src/components/constants/Pokemon.ts[13893, 24]: elements are not aligned
ERROR: (align) C:/Users/valmac/FullScreenPokemon/src/components/constants/Pokemon.ts[13896, 24]: elements are not aligned
ERROR: (align) C:/Users/valmac/FullScreenPokemon/src/components/constants/Pokemon.ts[13899, 24]: elements are not aligned
ERROR: (align) C:/Users/valmac/FullScreenPokemon/src/components/constants/Pokemon.ts[13902, 24]: elements are not aligned
ERROR: (align) C:/Users/valmac/FullScreenPokemon/src/components/constants/Pokemon.ts[13905, 24]: elements are not aligned
ERROR: (align) C:/Users/valmac/FullScreenPokemon/src/components/constants/Pokemon.ts[13908, 24]: elements are not aligned
ERROR: (align) C:/Users/valmac/FullScreenPokemon/src/components/constants/Pokemon.ts[13911, 24]: elements are not aligned
ERROR: (align) C:/Users/valmac/FullScreenPokemon/src/components/constants/Pokemon.ts[13914, 24]: elements are not aligned
ERROR: (align) C:/Users/valmac/FullScreenPokemon/src/components/constants/Pokemon.ts[13917, 24]: elements are not aligned
ERROR: (align) C:/Users/valmac/FullScreenPokemon/src/components/constants/Pokemon.ts[13953, 24]: elements are not aligned
ERROR: (align) C:/Users/valmac/FullScreenPokemon/src/components/constants/Pokemon.ts[13956, 24]: elements are not aligned
ERROR: (align) C:/Users/valmac/FullScreenPokemon/src/components/constants/Pokemon.ts[13959, 24]: elements are not aligned
ERROR: (align) C:/Users/valmac/FullScreenPokemon/src/components/constants/Pokemon.ts[13962, 24]: elements are not aligned
ERROR: (align) C:/Users/valmac/FullScreenPokemon/src/components/constants/Pokemon.ts[13965, 24]: elements are not aligned
ERROR: (align) C:/Users/valmac/FullScreenPokemon/src/components/constants/Pokemon.ts[13968, 24]: elements are not aligned
ERROR: (align) C:/Users/valmac/FullScreenPokemon/src/components/constants/Pokemon.ts[13971, 24]: elements are not aligned
ERROR: (align) C:/Users/valmac/FullScreenPokemon/src/components/constants/Pokemon.ts[13980, 24]: elements are not aligned
ERROR: (align) C:/Users/valmac/FullScreenPokemon/src/components/constants/Pokemon.ts[13983, 24]: elements are not aligned
ERROR: (align) C:/Users/valmac/FullScreenPokemon/src/components/constants/Pokemon.ts[13986, 24]: elements are not aligned
ERROR: (align) C:/Users/valmac/FullScreenPokemon/src/components/constants/Pokemon.ts[13989, 24]: elements are not aligned
ERROR: (align) C:/Users/valmac/FullScreenPokemon/src/components/constants/Pokemon.ts[13992, 24]: elements are not aligned
ERROR: (align) C:/Users/valmac/FullScreenPokemon/src/components/constants/Pokemon.ts[13995, 24]: elements are not aligned
ERROR: (align) C:/Users/valmac/FullScreenPokemon/src/components/constants/Pokemon.ts[13998, 24]: elements are not aligned
ERROR: (align) C:/Users/valmac/FullScreenPokemon/src/components/constants/Pokemon.ts[14001, 24]: elements are not aligned
ERROR: (align) C:/Users/valmac/FullScreenPokemon/src/components/constants/Pokemon.ts[14004, 24]: elements are not aligned
ERROR: (align) C:/Users/valmac/FullScreenPokemon/src/components/constants/Pokemon.ts[14007, 24]: elements are not aligned
ERROR: (align) C:/Users/valmac/FullScreenPokemon/src/components/constants/Pokemon.ts[14010, 24]: elements are not aligned
ERROR: (align) C:/Users/valmac/FullScreenPokemon/src/components/constants/Pokemon.ts[14013, 24]: elements are not aligned
ERROR: (align) C:/Users/valmac/FullScreenPokemon/src/components/constants/Pokemon.ts[14016, 24]: elements are not aligned
ERROR: (align) C:/Users/valmac/FullScreenPokemon/src/components/constants/Pokemon.ts[14019, 24]: elements are not aligned
ERROR: (align) C:/Users/valmac/FullScreenPokemon/src/components/constants/Pokemon.ts[14022, 24]: elements are not aligned
ERROR: (align) C:/Users/valmac/FullScreenPokemon/src/components/constants/Pokemon.ts[14025, 24]: elements are not aligned
ERROR: (align) C:/Users/valmac/FullScreenPokemon/src/components/constants/Pokemon.ts[14028, 24]: elements are not aligned
ERROR: (align) C:/Users/valmac/FullScreenPokemon/src/components/constants/Pokemon.ts[14031, 24]: elements are not aligned
ERROR: (align) C:/Users/valmac/FullScreenPokemon/src/components/constants/Pokemon.ts[14034, 24]: elements are not aligned
ERROR: (align) C:/Users/valmac/FullScreenPokemon/src/components/constants/Pokemon.ts[14037, 24]: elements are not aligned
ERROR: (align) C:/Users/valmac/FullScreenPokemon/src/components/constants/Pokemon.ts[14040, 24]: elements are not aligned
ERROR: (align) C:/Users/valmac/FullScreenPokemon/src/components/constants/Pokemon.ts[14066, 24]: elements are not aligned
ERROR: (align) C:/Users/valmac/FullScreenPokemon/src/components/constants/Pokemon.ts[14069, 24]: elements are not aligned
ERROR: (align) C:/Users/valmac/FullScreenPokemon/src/components/constants/Pokemon.ts[14077, 24]: elements are not aligned
ERROR: (align) C:/Users/valmac/FullScreenPokemon/src/components/constants/Pokemon.ts[14085, 24]: elements are not aligned
ERROR: (align) C:/Users/valmac/FullScreenPokemon/src/components/constants/Pokemon.ts[14120, 24]: elements are not aligned
ERROR: (align) C:/Users/valmac/FullScreenPokemon/src/components/constants/Pokemon.ts[14123, 24]: elements are not aligned
ERROR: (align) C:/Users/valmac/FullScreenPokemon/src/components/constants/Pokemon.ts[14126, 24]: elements are not aligned
ERROR: (align) C:/Users/valmac/FullScreenPokemon/src/components/constants/Pokemon.ts[14129, 24]: elements are not aligned
ERROR: (align) C:/Users/valmac/FullScreenPokemon/src/components/constants/Pokemon.ts[14132, 24]: elements are not aligned
ERROR: (align) C:/Users/valmac/FullScreenPokemon/src/components/constants/Pokemon.ts[14135, 24]: elements are not aligned
ERROR: (align) C:/Users/valmac/FullScreenPokemon/src/components/constants/Pokemon.ts[14138, 24]: elements are not aligned
ERROR: (align) C:/Users/valmac/FullScreenPokemon/src/components/constants/Pokemon.ts[14147, 24]: elements are not aligned
ERROR: (align) C:/Users/valmac/FullScreenPokemon/src/components/constants/Pokemon.ts[14150, 24]: elements are not aligned
ERROR: (align) C:/Users/valmac/FullScreenPokemon/src/components/constants/Pokemon.ts[14153, 24]: elements are not aligned
ERROR: (align) C:/Users/valmac/FullScreenPokemon/src/components/constants/Pokemon.ts[14156, 24]: elements are not aligned
ERROR: (align) C:/Users/valmac/FullScreenPokemon/src/components/constants/Pokemon.ts[14159, 24]: elements are not aligned
ERROR: (align) C:/Users/valmac/FullScreenPokemon/src/components/constants/Pokemon.ts[14162, 24]: elements are not aligned
ERROR: (align) C:/Users/valmac/FullScreenPokemon/src/components/constants/Pokemon.ts[14165, 24]: elements are not aligned
ERROR: (align) C:/Users/valmac/FullScreenPokemon/src/components/constants/Pokemon.ts[14168, 24]: elements are not aligned
ERROR: (align) C:/Users/valmac/FullScreenPokemon/src/components/constants/Pokemon.ts[14171, 24]: elements are not aligned
ERROR: (align) C:/Users/valmac/FullScreenPokemon/src/components/constants/Pokemon.ts[14174, 24]: elements are not aligned
ERROR: (align) C:/Users/valmac/FullScreenPokemon/src/components/constants/Pokemon.ts[14177, 24]: elements are not aligned
ERROR: (align) C:/Users/valmac/FullScreenPokemon/src/components/constants/Pokemon.ts[14180, 24]: elements are not aligned
ERROR: (align) C:/Users/valmac/FullScreenPokemon/src/components/constants/Pokemon.ts[14183, 24]: elements are not aligned
ERROR: (align) C:/Users/valmac/FullScreenPokemon/src/components/constants/Pokemon.ts[14186, 24]: elements are not aligned
ERROR: (align) C:/Users/valmac/FullScreenPokemon/src/components/constants/Pokemon.ts[14189, 24]: elements are not aligned
ERROR: (align) C:/Users/valmac/FullScreenPokemon/src/components/constants/Pokemon.ts[14192, 24]: elements are not aligned
ERROR: (align) C:/Users/valmac/FullScreenPokemon/src/components/constants/Pokemon.ts[14195, 24]: elements are not aligned
ERROR: (align) C:/Users/valmac/FullScreenPokemon/src/components/constants/Pokemon.ts[14198, 24]: elements are not aligned
ERROR: (align) C:/Users/valmac/FullScreenPokemon/src/components/constants/Pokemon.ts[14201, 24]: elements are not aligned
ERROR: (align) C:/Users/valmac/FullScreenPokemon/src/components/constants/Pokemon.ts[14204, 24]: elements are not aligned
ERROR: (align) C:/Users/valmac/FullScreenPokemon/src/components/constants/Pokemon.ts[14207, 24]: elements are not aligned
ERROR: (align) C:/Users/valmac/FullScreenPokemon/src/components/constants/Pokemon.ts[14210, 24]: elements are not aligned
ERROR: (align) C:/Users/valmac/FullScreenPokemon/src/components/constants/Pokemon.ts[14236, 24]: elements are not aligned
ERROR: (align) C:/Users/valmac/FullScreenPokemon/src/components/constants/Pokemon.ts[14239, 24]: elements are not aligned
ERROR: (align) C:/Users/valmac/FullScreenPokemon/src/components/constants/Pokemon.ts[14242, 24]: elements are not aligned
ERROR: (align) C:/Users/valmac/FullScreenPokemon/src/components/constants/Pokemon.ts[14245, 24]: elements are not aligned
ERROR: (align) C:/Users/valmac/FullScreenPokemon/src/components/constants/Pokemon.ts[14248, 24]: elements are not aligned
ERROR: (align) C:/Users/valmac/FullScreenPokemon/src/components/constants/Pokemon.ts[14251, 24]: elements are not aligned
ERROR: (align) C:/Users/valmac/FullScreenPokemon/src/components/constants/Pokemon.ts[14254, 24]: elements are not aligned
ERROR: (align) C:/Users/valmac/FullScreenPokemon/src/components/constants/Pokemon.ts[14266, 24]: elements are not aligned
ERROR: (align) C:/Users/valmac/FullScreenPokemon/src/components/constants/Pokemon.ts[14269, 24]: elements are not aligned
ERROR: (align) C:/Users/valmac/FullScreenPokemon/src/components/constants/Pokemon.ts[14272, 24]: elements are not aligned
ERROR: (align) C:/Users/valmac/FullScreenPokemon/src/components/constants/Pokemon.ts[14275, 24]: elements are not aligned
ERROR: (align) C:/Users/valmac/FullScreenPokemon/src/components/constants/Pokemon.ts[14278, 24]: elements are not aligned
ERROR: (align) C:/Users/valmac/FullScreenPokemon/src/components/constants/Pokemon.ts[14281, 24]: elements are not aligned
ERROR: (align) C:/Users/valmac/FullScreenPokemon/src/components/constants/Pokemon.ts[14284, 24]: elements are not aligned
ERROR: (align) C:/Users/valmac/FullScreenPokemon/src/components/constants/Pokemon.ts[14287, 24]: elements are not aligned
ERROR: (align) C:/Users/valmac/FullScreenPokemon/src/components/constants/Pokemon.ts[14290, 24]: elements are not aligned
ERROR: (align) C:/Users/valmac/FullScreenPokemon/src/components/constants/Pokemon.ts[14293, 24]: elements are not aligned
ERROR: (align) C:/Users/valmac/FullScreenPokemon/src/components/constants/Pokemon.ts[14296, 24]: elements are not aligned
ERROR: (align) C:/Users/valmac/FullScreenPokemon/src/components/constants/Pokemon.ts[14299, 24]: elements are not aligned
ERROR: (align) C:/Users/valmac/FullScreenPokemon/src/components/constants/Pokemon.ts[14302, 24]: elements are not aligned
ERROR: (align) C:/Users/valmac/FullScreenPokemon/src/components/constants/Pokemon.ts[14305, 24]: elements are not aligned
ERROR: (align) C:/Users/valmac/FullScreenPokemon/src/components/constants/Pokemon.ts[14331, 24]: elements are not aligned
ERROR: (align) C:/Users/valmac/FullScreenPokemon/src/components/constants/Pokemon.ts[14334, 24]: elements are not aligned
ERROR: (align) C:/Users/valmac/FullScreenPokemon/src/components/constants/Pokemon.ts[14337, 24]: elements are not aligned
ERROR: (align) C:/Users/valmac/FullScreenPokemon/src/components/constants/Pokemon.ts[14340, 24]: elements are not aligned
ERROR: (align) C:/Users/valmac/FullScreenPokemon/src/components/constants/Pokemon.ts[14343, 24]: elements are not aligned
ERROR: (align) C:/Users/valmac/FullScreenPokemon/src/components/constants/Pokemon.ts[14352, 24]: elements are not aligned
ERROR: (align) C:/Users/valmac/FullScreenPokemon/src/components/constants/Pokemon.ts[14355, 24]: elements are not aligned
ERROR: (align) C:/Users/valmac/FullScreenPokemon/src/components/constants/Pokemon.ts[14358, 24]: elements are not aligned
ERROR: (align) C:/Users/valmac/FullScreenPokemon/src/components/constants/Pokemon.ts[14361, 24]: elements are not aligned
ERROR: (align) C:/Users/valmac/FullScreenPokemon/src/components/constants/Pokemon.ts[14364, 24]: elements are not aligned
ERROR: (align) C:/Users/valmac/FullScreenPokemon/src/components/constants/Pokemon.ts[14367, 24]: elements are not aligned
ERROR: (align) C:/Users/valmac/FullScreenPokemon/src/components/constants/Pokemon.ts[14370, 24]: elements are not aligned
ERROR: (align) C:/Users/valmac/FullScreenPokemon/src/components/constants/Pokemon.ts[14373, 24]: elements are not aligned
ERROR: (align) C:/Users/valmac/FullScreenPokemon/src/components/constants/Pokemon.ts[14376, 24]: elements are not aligned
ERROR: (align) C:/Users/valmac/FullScreenPokemon/src/components/constants/Pokemon.ts[14379, 24]: elements are not aligned
ERROR: (align) C:/Users/valmac/FullScreenPokemon/src/components/constants/Pokemon.ts[14382, 24]: elements are not aligned
ERROR: (align) C:/Users/valmac/FullScreenPokemon/src/components/constants/Pokemon.ts[14385, 24]: elements are not aligned
ERROR: (align) C:/Users/valmac/FullScreenPokemon/src/components/constants/Pokemon.ts[14388, 24]: elements are not aligned
ERROR: (align) C:/Users/valmac/FullScreenPokemon/src/components/constants/Pokemon.ts[14391, 24]: elements are not aligned
ERROR: (align) C:/Users/valmac/FullScreenPokemon/src/components/constants/Pokemon.ts[14394, 24]: elements are not aligned
ERROR: (align) C:/Users/valmac/FullScreenPokemon/src/components/constants/Pokemon.ts[14397, 24]: elements are not aligned
ERROR: (align) C:/Users/valmac/FullScreenPokemon/src/components/constants/Pokemon.ts[14400, 24]: elements are not aligned
ERROR: (align) C:/Users/valmac/FullScreenPokemon/src/components/constants/Pokemon.ts[14403, 24]: elements are not aligned
ERROR: (align) C:/Users/valmac/FullScreenPokemon/src/components/constants/Pokemon.ts[14406, 24]: elements are not aligned
ERROR: (align) C:/Users/valmac/FullScreenPokemon/src/components/constants/Pokemon.ts[14441, 24]: elements are not aligned
ERROR: (align) C:/Users/valmac/FullScreenPokemon/src/components/constants/Pokemon.ts[14444, 24]: elements are not aligned
ERROR: (align) C:/Users/valmac/FullScreenPokemon/src/components/constants/Pokemon.ts[14447, 24]: elements are not aligned
ERROR: (align) C:/Users/valmac/FullScreenPokemon/src/components/constants/Pokemon.ts[14450, 24]: elements are not aligned
ERROR: (align) C:/Users/valmac/FullScreenPokemon/src/components/constants/Pokemon.ts[14453, 24]: elements are not aligned
ERROR: (align) C:/Users/valmac/FullScreenPokemon/src/components/constants/Pokemon.ts[14456, 24]: elements are not aligned
ERROR: (align) C:/Users/valmac/FullScreenPokemon/src/components/constants/Pokemon.ts[14459, 24]: elements are not aligned
ERROR: (align) C:/Users/valmac/FullScreenPokemon/src/components/constants/Pokemon.ts[14462, 24]: elements are not aligned
ERROR: (align) C:/Users/valmac/FullScreenPokemon/src/components/constants/Pokemon.ts[14470, 24]: elements are not aligned
ERROR: (align) C:/Users/valmac/FullScreenPokemon/src/components/constants/Pokemon.ts[14478, 24]: elements are not aligned
ERROR: (align) C:/Users/valmac/FullScreenPokemon/src/components/constants/Pokemon.ts[14481, 24]: elements are not aligned
ERROR: (align) C:/Users/valmac/FullScreenPokemon/src/components/constants/Pokemon.ts[14484, 24]: elements are not aligned
ERROR: (align) C:/Users/valmac/FullScreenPokemon/src/components/constants/Pokemon.ts[14487, 24]: elements are not aligned
ERROR: (align) C:/Users/valmac/FullScreenPokemon/src/components/constants/Pokemon.ts[14490, 24]: elements are not aligned
ERROR: (align) C:/Users/valmac/FullScreenPokemon/src/components/constants/Pokemon.ts[14493, 24]: elements are not aligned
ERROR: (align) C:/Users/valmac/FullScreenPokemon/src/components/constants/Pokemon.ts[14496, 24]: elements are not aligned
ERROR: (align) C:/Users/valmac/FullScreenPokemon/src/components/constants/Pokemon.ts[14499, 24]: elements are not aligned
ERROR: (align) C:/Users/valmac/FullScreenPokemon/src/components/constants/Pokemon.ts[14502, 24]: elements are not aligned
ERROR: (align) C:/Users/valmac/FullScreenPokemon/src/components/constants/Pokemon.ts[14505, 24]: elements are not aligned
ERROR: (align) C:/Users/valmac/FullScreenPokemon/src/components/constants/Pokemon.ts[14508, 24]: elements are not aligned
ERROR: (align) C:/Users/valmac/FullScreenPokemon/src/components/constants/Pokemon.ts[14511, 24]: elements are not aligned
ERROR: (align) C:/Users/valmac/FullScreenPokemon/src/components/constants/Pokemon.ts[14514, 24]: elements are not aligned
ERROR: (align) C:/Users/valmac/FullScreenPokemon/src/components/constants/Pokemon.ts[14517, 24]: elements are not aligned
ERROR: (align) C:/Users/valmac/FullScreenPokemon/src/components/constants/Pokemon.ts[14520, 24]: elements are not aligned
ERROR: (align) C:/Users/valmac/FullScreenPokemon/src/components/constants/Pokemon.ts[14523, 24]: elements are not aligned
ERROR: (align) C:/Users/valmac/FullScreenPokemon/src/components/constants/Pokemon.ts[14549, 24]: elements are not aligned
ERROR: (align) C:/Users/valmac/FullScreenPokemon/src/components/constants/Pokemon.ts[14552, 24]: elements are not aligned
ERROR: (align) C:/Users/valmac/FullScreenPokemon/src/components/constants/Pokemon.ts[14555, 24]: elements are not aligned
ERROR: (align) C:/Users/valmac/FullScreenPokemon/src/components/constants/Pokemon.ts[14558, 24]: elements are not aligned
ERROR: (align) C:/Users/valmac/FullScreenPokemon/src/components/constants/Pokemon.ts[14561, 24]: elements are not aligned
ERROR: (align) C:/Users/valmac/FullScreenPokemon/src/components/constants/Pokemon.ts[14564, 24]: elements are not aligned
ERROR: (align) C:/Users/valmac/FullScreenPokemon/src/components/constants/Pokemon.ts[14567, 24]: elements are not aligned
ERROR: (align) C:/Users/valmac/FullScreenPokemon/src/components/constants/Pokemon.ts[14570, 24]: elements are not aligned
ERROR: (align) C:/Users/valmac/FullScreenPokemon/src/components/constants/Pokemon.ts[14573, 24]: elements are not aligned
ERROR: (align) C:/Users/valmac/FullScreenPokemon/src/components/constants/Pokemon.ts[14576, 24]: elements are not aligned
ERROR: (align) C:/Users/valmac/FullScreenPokemon/src/components/constants/Pokemon.ts[14584, 24]: elements are not aligned
ERROR: (align) C:/Users/valmac/FullScreenPokemon/src/components/constants/Pokemon.ts[14592, 24]: elements are not aligned
ERROR: (align) C:/Users/valmac/FullScreenPokemon/src/components/constants/Pokemon.ts[14595, 24]: elements are not aligned
ERROR: (align) C:/Users/valmac/FullScreenPokemon/src/components/constants/Pokemon.ts[14598, 24]: elements are not aligned
ERROR: (align) C:/Users/valmac/FullScreenPokemon/src/components/constants/Pokemon.ts[14601, 24]: elements are not aligned
ERROR: (align) C:/Users/valmac/FullScreenPokemon/src/components/constants/Pokemon.ts[14604, 24]: elements are not aligned
ERROR: (align) C:/Users/valmac/FullScreenPokemon/src/components/constants/Pokemon.ts[14607, 24]: elements are not aligned
ERROR: (align) C:/Users/valmac/FullScreenPokemon/src/components/constants/Pokemon.ts[14610, 24]: elements are not aligned
ERROR: (align) C:/Users/valmac/FullScreenPokemon/src/components/constants/Pokemon.ts[14613, 24]: elements are not aligned
ERROR: (align) C:/Users/valmac/FullScreenPokemon/src/components/constants/Pokemon.ts[14616, 24]: elements are not aligned
ERROR: (align) C:/Users/valmac/FullScreenPokemon/src/components/constants/Pokemon.ts[14619, 24]: elements are not aligned
ERROR: (align) C:/Users/valmac/FullScreenPokemon/src/components/constants/Pokemon.ts[14622, 24]: elements are not aligned
ERROR: (align) C:/Users/valmac/FullScreenPokemon/src/components/constants/Pokemon.ts[14625, 24]: elements are not aligned
ERROR: (align) C:/Users/valmac/FullScreenPokemon/src/components/constants/Pokemon.ts[14628, 24]: elements are not aligned
ERROR: (align) C:/Users/valmac/FullScreenPokemon/src/components/constants/Pokemon.ts[14631, 24]: elements are not aligned
ERROR: (align) C:/Users/valmac/FullScreenPokemon/src/components/constants/Pokemon.ts[14634, 24]: elements are not aligned
ERROR: (align) C:/Users/valmac/FullScreenPokemon/src/components/constants/Pokemon.ts[14637, 24]: elements are not aligned
ERROR: (align) C:/Users/valmac/FullScreenPokemon/src/components/constants/Pokemon.ts[14640, 24]: elements are not aligned
ERROR: (align) C:/Users/valmac/FullScreenPokemon/src/components/constants/Pokemon.ts[14666, 24]: elements are not aligned
ERROR: (align) C:/Users/valmac/FullScreenPokemon/src/components/constants/Pokemon.ts[14669, 24]: elements are not aligned
ERROR: (align) C:/Users/valmac/FullScreenPokemon/src/components/constants/Pokemon.ts[14672, 24]: elements are not aligned
ERROR: (align) C:/Users/valmac/FullScreenPokemon/src/components/constants/Pokemon.ts[14675, 24]: elements are not aligned
ERROR: (align) C:/Users/valmac/FullScreenPokemon/src/components/constants/Pokemon.ts[14678, 24]: elements are not aligned
ERROR: (align) C:/Users/valmac/FullScreenPokemon/src/components/constants/Pokemon.ts[14681, 24]: elements are not aligned
ERROR: (align) C:/Users/valmac/FullScreenPokemon/src/components/constants/Pokemon.ts[14684, 24]: elements are not aligned
ERROR: (align) C:/Users/valmac/FullScreenPokemon/src/components/constants/Pokemon.ts[14687, 24]: elements are not aligned
ERROR: (align) C:/Users/valmac/FullScreenPokemon/src/components/constants/Pokemon.ts[14690, 24]: elements are not aligned
ERROR: (align) C:/Users/valmac/FullScreenPokemon/src/components/constants/Pokemon.ts[14693, 24]: elements are not aligned
ERROR: (align) C:/Users/valmac/FullScreenPokemon/src/components/constants/Pokemon.ts[14696, 24]: elements are not aligned
ERROR: (align) C:/Users/valmac/FullScreenPokemon/src/components/constants/Pokemon.ts[14730, 24]: elements are not aligned
ERROR: (align) C:/Users/valmac/FullScreenPokemon/src/components/constants/Pokemon.ts[14733, 24]: elements are not aligned
ERROR: (align) C:/Users/valmac/FullScreenPokemon/src/components/constants/Pokemon.ts[14736, 24]: elements are not aligned
ERROR: (align) C:/Users/valmac/FullScreenPokemon/src/components/constants/Pokemon.ts[14739, 24]: elements are not aligned
ERROR: (align) C:/Users/valmac/FullScreenPokemon/src/components/constants/Pokemon.ts[14742, 24]: elements are not aligned
ERROR: (align) C:/Users/valmac/FullScreenPokemon/src/components/constants/Pokemon.ts[14745, 24]: elements are not aligned
ERROR: (align) C:/Users/valmac/FullScreenPokemon/src/components/constants/Pokemon.ts[14748, 24]: elements are not aligned
ERROR: (align) C:/Users/valmac/FullScreenPokemon/src/components/constants/Pokemon.ts[14751, 24]: elements are not aligned
ERROR: (align) C:/Users/valmac/FullScreenPokemon/src/components/constants/Pokemon.ts[14754, 24]: elements are not aligned
ERROR: (align) C:/Users/valmac/FullScreenPokemon/src/components/constants/Pokemon.ts[14763, 24]: elements are not aligned
ERROR: (align) C:/Users/valmac/FullScreenPokemon/src/components/constants/Pokemon.ts[14766, 24]: elements are not aligned
ERROR: (align) C:/Users/valmac/FullScreenPokemon/src/components/constants/Pokemon.ts[14769, 24]: elements are not aligned
ERROR: (align) C:/Users/valmac/FullScreenPokemon/src/components/constants/Pokemon.ts[14772, 24]: elements are not aligned
ERROR: (align) C:/Users/valmac/FullScreenPokemon/src/components/constants/Pokemon.ts[14775, 24]: elements are not aligned
ERROR: (align) C:/Users/valmac/FullScreenPokemon/src/components/constants/Pokemon.ts[14778, 24]: elements are not aligned
ERROR: (align) C:/Users/valmac/FullScreenPokemon/src/components/constants/Pokemon.ts[14781, 24]: elements are not aligned
ERROR: (align) C:/Users/valmac/FullScreenPokemon/src/components/constants/Pokemon.ts[14784, 24]: elements are not aligned
ERROR: (align) C:/Users/valmac/FullScreenPokemon/src/components/constants/Pokemon.ts[14787, 24]: elements are not aligned
ERROR: (align) C:/Users/valmac/FullScreenPokemon/src/components/constants/Pokemon.ts[14822, 24]: elements are not aligned
ERROR: (align) C:/Users/valmac/FullScreenPokemon/src/components/constants/Pokemon.ts[14825, 24]: elements are not aligned
ERROR: (align) C:/Users/valmac/FullScreenPokemon/src/components/constants/Pokemon.ts[14828, 24]: elements are not aligned
ERROR: (align) C:/Users/valmac/FullScreenPokemon/src/components/constants/Pokemon.ts[14831, 24]: elements are not aligned
ERROR: (align) C:/Users/valmac/FullScreenPokemon/src/components/constants/Pokemon.ts[14834, 24]: elements are not aligned
ERROR: (align) C:/Users/valmac/FullScreenPokemon/src/components/constants/Pokemon.ts[14837, 24]: elements are not aligned
ERROR: (align) C:/Users/valmac/FullScreenPokemon/src/components/constants/Pokemon.ts[14840, 24]: elements are not aligned
ERROR: (align) C:/Users/valmac/FullScreenPokemon/src/components/constants/Pokemon.ts[14848, 24]: elements are not aligned
ERROR: (align) C:/Users/valmac/FullScreenPokemon/src/components/constants/Pokemon.ts[14851, 24]: elements are not aligned
ERROR: (align) C:/Users/valmac/FullScreenPokemon/src/components/constants/Pokemon.ts[14854, 24]: elements are not aligned
ERROR: (align) C:/Users/valmac/FullScreenPokemon/src/components/constants/Pokemon.ts[14857, 24]: elements are not aligned
ERROR: (align) C:/Users/valmac/FullScreenPokemon/src/components/constants/Pokemon.ts[14860, 24]: elements are not aligned
ERROR: (align) C:/Users/valmac/FullScreenPokemon/src/components/constants/Pokemon.ts[14863, 24]: elements are not aligned
ERROR: (align) C:/Users/valmac/FullScreenPokemon/src/components/constants/Pokemon.ts[14866, 24]: elements are not aligned
ERROR: (align) C:/Users/valmac/FullScreenPokemon/src/components/constants/Pokemon.ts[14869, 24]: elements are not aligned
ERROR: (align) C:/Users/valmac/FullScreenPokemon/src/components/constants/Pokemon.ts[14872, 24]: elements are not aligned
ERROR: (align) C:/Users/valmac/FullScreenPokemon/src/components/constants/Pokemon.ts[14875, 24]: elements are not aligned
ERROR: (align) C:/Users/valmac/FullScreenPokemon/src/components/constants/Pokemon.ts[14878, 24]: elements are not aligned
ERROR: (align) C:/Users/valmac/FullScreenPokemon/src/components/constants/Pokemon.ts[14881, 24]: elements are not aligned
ERROR: (align) C:/Users/valmac/FullScreenPokemon/src/components/constants/Pokemon.ts[14884, 24]: elements are not aligned
ERROR: (align) C:/Users/valmac/FullScreenPokemon/src/components/constants/Pokemon.ts[14892, 24]: elements are not aligned
ERROR: (align) C:/Users/valmac/FullScreenPokemon/src/components/constants/Pokemon.ts[14895, 24]: elements are not aligned
ERROR: (align) C:/Users/valmac/FullScreenPokemon/src/components/constants/Pokemon.ts[14898, 24]: elements are not aligned
ERROR: (align) C:/Users/valmac/FullScreenPokemon/src/components/constants/Pokemon.ts[14901, 24]: elements are not aligned
ERROR: (align) C:/Users/valmac/FullScreenPokemon/src/components/constants/Pokemon.ts[14904, 24]: elements are not aligned
ERROR: (align) C:/Users/valmac/FullScreenPokemon/src/components/constants/Pokemon.ts[14907, 24]: elements are not aligned
ERROR: (align) C:/Users/valmac/FullScreenPokemon/src/components/constants/Pokemon.ts[14910, 24]: elements are not aligned
ERROR: (align) C:/Users/valmac/FullScreenPokemon/src/components/constants/Pokemon.ts[14913, 24]: elements are not aligned
ERROR: (align) C:/Users/valmac/FullScreenPokemon/src/components/constants/Pokemon.ts[14916, 24]: elements are not aligned
ERROR: (align) C:/Users/valmac/FullScreenPokemon/src/components/constants/Pokemon.ts[14942, 24]: elements are not aligned
ERROR: (align) C:/Users/valmac/FullScreenPokemon/src/components/constants/Pokemon.ts[14945, 24]: elements are not aligned
ERROR: (align) C:/Users/valmac/FullScreenPokemon/src/components/constants/Pokemon.ts[14948, 24]: elements are not aligned
ERROR: (align) C:/Users/valmac/FullScreenPokemon/src/components/constants/Pokemon.ts[14951, 24]: elements are not aligned
ERROR: (align) C:/Users/valmac/FullScreenPokemon/src/components/constants/Pokemon.ts[14954, 24]: elements are not aligned
ERROR: (align) C:/Users/valmac/FullScreenPokemon/src/components/constants/Pokemon.ts[14957, 24]: elements are not aligned
ERROR: (align) C:/Users/valmac/FullScreenPokemon/src/components/constants/Pokemon.ts[14960, 24]: elements are not aligned
ERROR: (align) C:/Users/valmac/FullScreenPokemon/src/components/constants/Pokemon.ts[14963, 24]: elements are not aligned
ERROR: (align) C:/Users/valmac/FullScreenPokemon/src/components/constants/Pokemon.ts[14966, 24]: elements are not aligned
ERROR: (align) C:/Users/valmac/FullScreenPokemon/src/components/constants/Pokemon.ts[14969, 24]: elements are not aligned
ERROR: (align) C:/Users/valmac/FullScreenPokemon/src/components/constants/Pokemon.ts[14978, 24]: elements are not aligned
ERROR: (align) C:/Users/valmac/FullScreenPokemon/src/components/constants/Pokemon.ts[14981, 24]: elements are not aligned
ERROR: (align) C:/Users/valmac/FullScreenPokemon/src/components/constants/Pokemon.ts[14984, 24]: elements are not aligned
ERROR: (align) C:/Users/valmac/FullScreenPokemon/src/components/constants/Pokemon.ts[14987, 24]: elements are not aligned
ERROR: (align) C:/Users/valmac/FullScreenPokemon/src/components/constants/Pokemon.ts[14990, 24]: elements are not aligned
ERROR: (align) C:/Users/valmac/FullScreenPokemon/src/components/constants/Pokemon.ts[14993, 24]: elements are not aligned
ERROR: (align) C:/Users/valmac/FullScreenPokemon/src/components/constants/Pokemon.ts[14996, 24]: elements are not aligned
ERROR: (align) C:/Users/valmac/FullScreenPokemon/src/components/constants/Pokemon.ts[14999, 24]: elements are not aligned
ERROR: (align) C:/Users/valmac/FullScreenPokemon/src/components/constants/Pokemon.ts[15002, 24]: elements are not aligned
ERROR: (align) C:/Users/valmac/FullScreenPokemon/src/components/constants/Pokemon.ts[15005, 24]: elements are not aligned
ERROR: (align) C:/Users/valmac/FullScreenPokemon/src/components/constants/Pokemon.ts[15008, 24]: elements are not aligned
ERROR: (align) C:/Users/valmac/FullScreenPokemon/src/components/constants/Pokemon.ts[15011, 24]: elements are not aligned
ERROR: (align) C:/Users/valmac/FullScreenPokemon/src/components/constants/Pokemon.ts[15014, 24]: elements are not aligned
ERROR: (align) C:/Users/valmac/FullScreenPokemon/src/components/constants/Pokemon.ts[15017, 24]: elements are not aligned
ERROR: (align) C:/Users/valmac/FullScreenPokemon/src/components/constants/Pokemon.ts[15043, 24]: elements are not aligned
ERROR: (align) C:/Users/valmac/FullScreenPokemon/src/components/constants/Pokemon.ts[15046, 24]: elements are not aligned
ERROR: (align) C:/Users/valmac/FullScreenPokemon/src/components/constants/Pokemon.ts[15049, 24]: elements are not aligned
ERROR: (align) C:/Users/valmac/FullScreenPokemon/src/components/constants/Pokemon.ts[15052, 24]: elements are not aligned
ERROR: (align) C:/Users/valmac/FullScreenPokemon/src/components/constants/Pokemon.ts[15055, 24]: elements are not aligned
ERROR: (align) C:/Users/valmac/FullScreenPokemon/src/components/constants/Pokemon.ts[15058, 24]: elements are not aligned
ERROR: (align) C:/Users/valmac/FullScreenPokemon/src/components/constants/Pokemon.ts[15092, 24]: elements are not aligned
ERROR: (align) C:/Users/valmac/FullScreenPokemon/src/components/constants/Pokemon.ts[15095, 24]: elements are not aligned
ERROR: (align) C:/Users/valmac/FullScreenPokemon/src/components/constants/Pokemon.ts[15098, 24]: elements are not aligned
ERROR: (align) C:/Users/valmac/FullScreenPokemon/src/components/constants/Pokemon.ts[15101, 24]: elements are not aligned
ERROR: (align) C:/Users/valmac/FullScreenPokemon/src/components/constants/Pokemon.ts[15104, 24]: elements are not aligned
ERROR: (align) C:/Users/valmac/FullScreenPokemon/src/components/constants/Pokemon.ts[15107, 24]: elements are not aligned
ERROR: (align) C:/Users/valmac/FullScreenPokemon/src/components/constants/Pokemon.ts[15147, 24]: elements are not aligned
ERROR: (align) C:/Users/valmac/FullScreenPokemon/src/components/constants/Pokemon.ts[15150, 24]: elements are not aligned
ERROR: (align) C:/Users/valmac/FullScreenPokemon/src/components/constants/Pokemon.ts[15153, 24]: elements are not aligned
ERROR: (align) C:/Users/valmac/FullScreenPokemon/src/components/constants/Pokemon.ts[15156, 24]: elements are not aligned
ERROR: (align) C:/Users/valmac/FullScreenPokemon/src/components/constants/Pokemon.ts[15159, 24]: elements are not aligned
ERROR: (align) C:/Users/valmac/FullScreenPokemon/src/components/constants/Pokemon.ts[15162, 24]: elements are not aligned
ERROR: (align) C:/Users/valmac/FullScreenPokemon/src/components/constants/Pokemon.ts[15171, 24]: elements are not aligned
ERROR: (align) C:/Users/valmac/FullScreenPokemon/src/components/constants/Pokemon.ts[15174, 24]: elements are not aligned
ERROR: (align) C:/Users/valmac/FullScreenPokemon/src/components/constants/Pokemon.ts[15177, 24]: elements are not aligned
ERROR: (align) C:/Users/valmac/FullScreenPokemon/src/components/constants/Pokemon.ts[15180, 24]: elements are not aligned
ERROR: (align) C:/Users/valmac/FullScreenPokemon/src/components/constants/Pokemon.ts[15183, 24]: elements are not aligned
ERROR: (align) C:/Users/valmac/FullScreenPokemon/src/components/constants/Pokemon.ts[15186, 24]: elements are not aligned
ERROR: (align) C:/Users/valmac/FullScreenPokemon/src/components/constants/Pokemon.ts[15189, 24]: elements are not aligned
ERROR: (align) C:/Users/valmac/FullScreenPokemon/src/components/constants/Pokemon.ts[15192, 24]: elements are not aligned
ERROR: (align) C:/Users/valmac/FullScreenPokemon/src/components/constants/Pokemon.ts[15195, 24]: elements are not aligned
ERROR: (align) C:/Users/valmac/FullScreenPokemon/src/components/constants/Pokemon.ts[15198, 24]: elements are not aligned
ERROR: (align) C:/Users/valmac/FullScreenPokemon/src/components/constants/Pokemon.ts[15201, 24]: elements are not aligned
ERROR: (align) C:/Users/valmac/FullScreenPokemon/src/components/constants/Pokemon.ts[15204, 24]: elements are not aligned
ERROR: (align) C:/Users/valmac/FullScreenPokemon/src/components/constants/Pokemon.ts[15207, 24]: elements are not aligned
ERROR: (align) C:/Users/valmac/FullScreenPokemon/src/components/constants/Pokemon.ts[15210, 24]: elements are not aligned
ERROR: (align) C:/Users/valmac/FullScreenPokemon/src/components/constants/Pokemon.ts[15213, 24]: elements are not aligned
ERROR: (align) C:/Users/valmac/FullScreenPokemon/src/components/constants/Pokemon.ts[15248, 24]: elements are not aligned
ERROR: (align) C:/Users/valmac/FullScreenPokemon/src/components/constants/Pokemon.ts[15251, 24]: elements are not aligned
ERROR: (align) C:/Users/valmac/FullScreenPokemon/src/components/constants/Pokemon.ts[15254, 24]: elements are not aligned
ERROR: (align) C:/Users/valmac/FullScreenPokemon/src/components/constants/Pokemon.ts[15257, 24]: elements are not aligned
ERROR: (align) C:/Users/valmac/FullScreenPokemon/src/components/constants/Pokemon.ts[15260, 24]: elements are not aligned
ERROR: (align) C:/Users/valmac/FullScreenPokemon/src/components/constants/Pokemon.ts[15263, 24]: elements are not aligned
ERROR: (align) C:/Users/valmac/FullScreenPokemon/src/components/constants/Pokemon.ts[15271, 24]: elements are not aligned
ERROR: (align) C:/Users/valmac/FullScreenPokemon/src/components/constants/Pokemon.ts[15274, 24]: elements are not aligned
ERROR: (align) C:/Users/valmac/FullScreenPokemon/src/components/constants/Pokemon.ts[15277, 24]: elements are not aligned
ERROR: (align) C:/Users/valmac/FullScreenPokemon/src/components/constants/Pokemon.ts[15280, 24]: elements are not aligned
ERROR: (align) C:/Users/valmac/FullScreenPokemon/src/components/constants/Pokemon.ts[15283, 24]: elements are not aligned
ERROR: (align) C:/Users/valmac/FullScreenPokemon/src/components/constants/Pokemon.ts[15286, 24]: elements are not aligned
ERROR: (align) C:/Users/valmac/FullScreenPokemon/src/components/constants/Pokemon.ts[15289, 24]: elements are not aligned
ERROR: (align) C:/Users/valmac/FullScreenPokemon/src/components/constants/Pokemon.ts[15292, 24]: elements are not aligned
ERROR: (align) C:/Users/valmac/FullScreenPokemon/src/components/constants/Pokemon.ts[15295, 24]: elements are not aligned
ERROR: (align) C:/Users/valmac/FullScreenPokemon/src/components/constants/Pokemon.ts[15298, 24]: elements are not aligned
ERROR: (align) C:/Users/valmac/FullScreenPokemon/src/components/constants/Pokemon.ts[15301, 24]: elements are not aligned
ERROR: (align) C:/Users/valmac/FullScreenPokemon/src/components/constants/Pokemon.ts[15304, 24]: elements are not aligned
ERROR: (align) C:/Users/valmac/FullScreenPokemon/src/components/constants/Pokemon.ts[15307, 24]: elements are not aligned
ERROR: (align) C:/Users/valmac/FullScreenPokemon/src/components/constants/Pokemon.ts[15310, 24]: elements are not aligned
ERROR: (align) C:/Users/valmac/FullScreenPokemon/src/components/constants/Pokemon.ts[15318, 24]: elements are not aligned
ERROR: (align) C:/Users/valmac/FullScreenPokemon/src/components/constants/Pokemon.ts[15321, 24]: elements are not aligned
ERROR: (align) C:/Users/valmac/FullScreenPokemon/src/components/constants/Pokemon.ts[15324, 24]: elements are not aligned
ERROR: (align) C:/Users/valmac/FullScreenPokemon/src/components/constants/Pokemon.ts[15327, 24]: elements are not aligned
ERROR: (align) C:/Users/valmac/FullScreenPokemon/src/components/constants/Pokemon.ts[15330, 24]: elements are not aligned
ERROR: (align) C:/Users/valmac/FullScreenPokemon/src/components/constants/Pokemon.ts[15333, 24]: elements are not aligned
ERROR: (align) C:/Users/valmac/FullScreenPokemon/src/components/constants/Pokemon.ts[15368, 24]: elements are not aligned
ERROR: (align) C:/Users/valmac/FullScreenPokemon/src/components/constants/Pokemon.ts[15371, 24]: elements are not aligned
ERROR: (align) C:/Users/valmac/FullScreenPokemon/src/components/constants/Pokemon.ts[15374, 24]: elements are not aligned
ERROR: (align) C:/Users/valmac/FullScreenPokemon/src/components/constants/Pokemon.ts[15377, 24]: elements are not aligned
ERROR: (align) C:/Users/valmac/FullScreenPokemon/src/components/constants/Pokemon.ts[15380, 24]: elements are not aligned
ERROR: (align) C:/Users/valmac/FullScreenPokemon/src/components/constants/Pokemon.ts[15383, 24]: elements are not aligned
ERROR: (align) C:/Users/valmac/FullScreenPokemon/src/components/constants/Pokemon.ts[15386, 24]: elements are not aligned
ERROR: (align) C:/Users/valmac/FullScreenPokemon/src/components/constants/Pokemon.ts[15389, 24]: elements are not aligned
ERROR: (align) C:/Users/valmac/FullScreenPokemon/src/components/constants/Pokemon.ts[15398, 24]: elements are not aligned
ERROR: (align) C:/Users/valmac/FullScreenPokemon/src/components/constants/Pokemon.ts[15401, 24]: elements are not aligned
ERROR: (align) C:/Users/valmac/FullScreenPokemon/src/components/constants/Pokemon.ts[15404, 24]: elements are not aligned
ERROR: (align) C:/Users/valmac/FullScreenPokemon/src/components/constants/Pokemon.ts[15407, 24]: elements are not aligned
ERROR: (align) C:/Users/valmac/FullScreenPokemon/src/components/constants/Pokemon.ts[15410, 24]: elements are not aligned
ERROR: (align) C:/Users/valmac/FullScreenPokemon/src/components/constants/Pokemon.ts[15413, 24]: elements are not aligned
ERROR: (align) C:/Users/valmac/FullScreenPokemon/src/components/constants/Pokemon.ts[15416, 24]: elements are not aligned
ERROR: (align) C:/Users/valmac/FullScreenPokemon/src/components/constants/Pokemon.ts[15419, 24]: elements are not aligned
ERROR: (align) C:/Users/valmac/FullScreenPokemon/src/components/constants/Pokemon.ts[15422, 24]: elements are not aligned
ERROR: (align) C:/Users/valmac/FullScreenPokemon/src/components/constants/Pokemon.ts[15425, 24]: elements are not aligned
ERROR: (align) C:/Users/valmac/FullScreenPokemon/src/components/constants/Pokemon.ts[15428, 24]: elements are not aligned
ERROR: (align) C:/Users/valmac/FullScreenPokemon/src/components/constants/Pokemon.ts[15431, 24]: elements are not aligned
ERROR: (align) C:/Users/valmac/FullScreenPokemon/src/components/constants/Pokemon.ts[15434, 24]: elements are not aligned
ERROR: (align) C:/Users/valmac/FullScreenPokemon/src/components/constants/Pokemon.ts[15437, 24]: elements are not aligned
ERROR: (align) C:/Users/valmac/FullScreenPokemon/src/components/constants/Pokemon.ts[15440, 24]: elements are not aligned
ERROR: (align) C:/Users/valmac/FullScreenPokemon/src/components/constants/Pokemon.ts[15443, 24]: elements are not aligned
ERROR: (align) C:/Users/valmac/FullScreenPokemon/src/components/constants/Pokemon.ts[15446, 24]: elements are not aligned
ERROR: (align) C:/Users/valmac/FullScreenPokemon/src/components/constants/Pokemon.ts[15449, 24]: elements are not aligned
ERROR: (align) C:/Users/valmac/FullScreenPokemon/src/components/constants/Pokemon.ts[15452, 24]: elements are not aligned
ERROR: (align) C:/Users/valmac/FullScreenPokemon/src/components/constants/Pokemon.ts[15455, 24]: elements are not aligned
ERROR: (align) C:/Users/valmac/FullScreenPokemon/src/components/constants/Pokemon.ts[15458, 24]: elements are not aligned
ERROR: (align) C:/Users/valmac/FullScreenPokemon/src/components/constants/Pokemon.ts[15493, 24]: elements are not aligned
ERROR: (align) C:/Users/valmac/FullScreenPokemon/src/components/constants/Pokemon.ts[15530, 24]: elements are not aligned
ERROR: (align) C:/Users/valmac/FullScreenPokemon/src/components/constants/Pokemon.ts[15533, 24]: elements are not aligned
ERROR: (align) C:/Users/valmac/FullScreenPokemon/src/components/constants/Pokemon.ts[15536, 24]: elements are not aligned
ERROR: (align) C:/Users/valmac/FullScreenPokemon/src/components/constants/Pokemon.ts[15539, 24]: elements are not aligned
ERROR: (align) C:/Users/valmac/FullScreenPokemon/src/components/constants/Pokemon.ts[15542, 24]: elements are not aligned
ERROR: (align) C:/Users/valmac/FullScreenPokemon/src/components/constants/Pokemon.ts[15545, 24]: elements are not aligned
ERROR: (align) C:/Users/valmac/FullScreenPokemon/src/components/constants/Pokemon.ts[15548, 24]: elements are not aligned
ERROR: (align) C:/Users/valmac/FullScreenPokemon/src/components/constants/Pokemon.ts[15551, 24]: elements are not aligned
ERROR: (align) C:/Users/valmac/FullScreenPokemon/src/components/constants/Pokemon.ts[15554, 24]: elements are not aligned
ERROR: (align) C:/Users/valmac/FullScreenPokemon/src/components/constants/Pokemon.ts[15563, 24]: elements are not aligned
ERROR: (align) C:/Users/valmac/FullScreenPokemon/src/components/constants/Pokemon.ts[15566, 24]: elements are not aligned
ERROR: (align) C:/Users/valmac/FullScreenPokemon/src/components/constants/Pokemon.ts[15569, 24]: elements are not aligned
ERROR: (align) C:/Users/valmac/FullScreenPokemon/src/components/constants/Pokemon.ts[15572, 24]: elements are not aligned
ERROR: (align) C:/Users/valmac/FullScreenPokemon/src/components/constants/Pokemon.ts[15575, 24]: elements are not aligned
ERROR: (align) C:/Users/valmac/FullScreenPokemon/src/components/constants/Pokemon.ts[15578, 24]: elements are not aligned
ERROR: (align) C:/Users/valmac/FullScreenPokemon/src/components/constants/Pokemon.ts[15581, 24]: elements are not aligned
ERROR: (align) C:/Users/valmac/FullScreenPokemon/src/components/constants/Pokemon.ts[15584, 24]: elements are not aligned
ERROR: (align) C:/Users/valmac/FullScreenPokemon/src/components/constants/Pokemon.ts[15587, 24]: elements are not aligned
ERROR: (align) C:/Users/valmac/FullScreenPokemon/src/components/constants/Pokemon.ts[15590, 24]: elements are not aligned
ERROR: (align) C:/Users/valmac/FullScreenPokemon/src/components/constants/Pokemon.ts[15593, 24]: elements are not aligned
ERROR: (align) C:/Users/valmac/FullScreenPokemon/src/components/constants/Pokemon.ts[15596, 24]: elements are not aligned
ERROR: (align) C:/Users/valmac/FullScreenPokemon/src/components/constants/Pokemon.ts[15622, 24]: elements are not aligned
ERROR: (align) C:/Users/valmac/FullScreenPokemon/src/components/constants/Pokemon.ts[15625, 24]: elements are not aligned
ERROR: (align) C:/Users/valmac/FullScreenPokemon/src/components/constants/Pokemon.ts[15628, 24]: elements are not aligned
ERROR: (align) C:/Users/valmac/FullScreenPokemon/src/components/constants/Pokemon.ts[15631, 24]: elements are not aligned
ERROR: (align) C:/Users/valmac/FullScreenPokemon/src/components/constants/Pokemon.ts[15634, 24]: elements are not aligned
ERROR: (align) C:/Users/valmac/FullScreenPokemon/src/components/constants/Pokemon.ts[15637, 24]: elements are not aligned
ERROR: (align) C:/Users/valmac/FullScreenPokemon/src/components/constants/Pokemon.ts[15640, 24]: elements are not aligned
ERROR: (align) C:/Users/valmac/FullScreenPokemon/src/components/constants/Pokemon.ts[15648, 24]: elements are not aligned
ERROR: (align) C:/Users/valmac/FullScreenPokemon/src/components/constants/Pokemon.ts[15651, 24]: elements are not aligned
ERROR: (align) C:/Users/valmac/FullScreenPokemon/src/components/constants/Pokemon.ts[15654, 24]: elements are not aligned
ERROR: (align) C:/Users/valmac/FullScreenPokemon/src/components/constants/Pokemon.ts[15657, 24]: elements are not aligned
ERROR: (align) C:/Users/valmac/FullScreenPokemon/src/components/constants/Pokemon.ts[15660, 24]: elements are not aligned
ERROR: (align) C:/Users/valmac/FullScreenPokemon/src/components/constants/Pokemon.ts[15663, 24]: elements are not aligned
ERROR: (align) C:/Users/valmac/FullScreenPokemon/src/components/constants/Pokemon.ts[15666, 24]: elements are not aligned
ERROR: (align) C:/Users/valmac/FullScreenPokemon/src/components/constants/Pokemon.ts[15669, 24]: elements are not aligned
ERROR: (align) C:/Users/valmac/FullScreenPokemon/src/components/constants/Pokemon.ts[15672, 24]: elements are not aligned
ERROR: (align) C:/Users/valmac/FullScreenPokemon/src/components/constants/Pokemon.ts[15675, 24]: elements are not aligned
ERROR: (align) C:/Users/valmac/FullScreenPokemon/src/components/constants/Pokemon.ts[15678, 24]: elements are not aligned
ERROR: (align) C:/Users/valmac/FullScreenPokemon/src/components/constants/Pokemon.ts[15681, 24]: elements are not aligned
ERROR: (align) C:/Users/valmac/FullScreenPokemon/src/components/constants/Pokemon.ts[15689, 24]: elements are not aligned
ERROR: (align) C:/Users/valmac/FullScreenPokemon/src/components/constants/Pokemon.ts[15692, 24]: elements are not aligned
ERROR: (align) C:/Users/valmac/FullScreenPokemon/src/components/constants/Pokemon.ts[15695, 24]: elements are not aligned
ERROR: (align) C:/Users/valmac/FullScreenPokemon/src/components/constants/Pokemon.ts[15698, 24]: elements are not aligned
ERROR: (align) C:/Users/valmac/FullScreenPokemon/src/components/constants/Pokemon.ts[15701, 24]: elements are not aligned
ERROR: (align) C:/Users/valmac/FullScreenPokemon/src/components/constants/Pokemon.ts[15704, 24]: elements are not aligned
ERROR: (align) C:/Users/valmac/FullScreenPokemon/src/components/constants/Pokemon.ts[15707, 24]: elements are not aligned
ERROR: (align) C:/Users/valmac/FullScreenPokemon/src/components/constants/Pokemon.ts[15733, 24]: elements are not aligned
ERROR: (align) C:/Users/valmac/FullScreenPokemon/src/components/constants/Pokemon.ts[15736, 24]: elements are not aligned
ERROR: (align) C:/Users/valmac/FullScreenPokemon/src/components/constants/Pokemon.ts[15739, 24]: elements are not aligned
ERROR: (align) C:/Users/valmac/FullScreenPokemon/src/components/constants/Pokemon.ts[15748, 24]: elements are not aligned
ERROR: (align) C:/Users/valmac/FullScreenPokemon/src/components/constants/Pokemon.ts[15774, 24]: elements are not aligned
ERROR: (align) C:/Users/valmac/FullScreenPokemon/src/components/constants/Pokemon.ts[15777, 24]: elements are not aligned
ERROR: (align) C:/Users/valmac/FullScreenPokemon/src/components/constants/Pokemon.ts[15780, 24]: elements are not aligned
ERROR: (align) C:/Users/valmac/FullScreenPokemon/src/components/constants/Pokemon.ts[15783, 24]: elements are not aligned
ERROR: (align) C:/Users/valmac/FullScreenPokemon/src/components/constants/Pokemon.ts[15791, 24]: elements are not aligned
ERROR: (align) C:/Users/valmac/FullScreenPokemon/src/components/constants/Pokemon.ts[15799, 24]: elements are not aligned
ERROR: (align) C:/Users/valmac/FullScreenPokemon/src/components/constants/Pokemon.ts[15802, 24]: elements are not aligned
ERROR: (align) C:/Users/valmac/FullScreenPokemon/src/components/constants/Pokemon.ts[15805, 24]: elements are not aligned
ERROR: (align) C:/Users/valmac/FullScreenPokemon/src/components/constants/Pokemon.ts[15808, 24]: elements are not aligned
ERROR: (align) C:/Users/valmac/FullScreenPokemon/src/components/constants/Pokemon.ts[15811, 24]: elements are not aligned
ERROR: (align) C:/Users/valmac/FullScreenPokemon/src/components/constants/Pokemon.ts[15814, 24]: elements are not aligned
ERROR: (align) C:/Users/valmac/FullScreenPokemon/src/components/constants/Pokemon.ts[15817, 24]: elements are not aligned
ERROR: (align) C:/Users/valmac/FullScreenPokemon/src/components/constants/Pokemon.ts[15820, 24]: elements are not aligned
ERROR: (align) C:/Users/valmac/FullScreenPokemon/src/components/constants/Pokemon.ts[15823, 24]: elements are not aligned
ERROR: (align) C:/Users/valmac/FullScreenPokemon/src/components/constants/Pokemon.ts[15826, 24]: elements are not aligned
ERROR: (align) C:/Users/valmac/FullScreenPokemon/src/components/constants/Pokemon.ts[15829, 24]: elements are not aligned
ERROR: (align) C:/Users/valmac/FullScreenPokemon/src/components/constants/Pokemon.ts[15832, 24]: elements are not aligned
ERROR: (align) C:/Users/valmac/FullScreenPokemon/src/components/constants/Pokemon.ts[15835, 24]: elements are not aligned
ERROR: (align) C:/Users/valmac/FullScreenPokemon/src/components/constants/Pokemon.ts[15838, 24]: elements are not aligned
ERROR: (align) C:/Users/valmac/FullScreenPokemon/src/components/constants/Pokemon.ts[15841, 24]: elements are not aligned
ERROR: (align) C:/Users/valmac/FullScreenPokemon/src/components/constants/Pokemon.ts[15844, 24]: elements are not aligned
ERROR: (align) C:/Users/valmac/FullScreenPokemon/src/components/constants/Pokemon.ts[15847, 24]: elements are not aligned
ERROR: (align) C:/Users/valmac/FullScreenPokemon/src/components/constants/Pokemon.ts[15882, 24]: elements are not aligned
ERROR: (align) C:/Users/valmac/FullScreenPokemon/src/components/constants/Pokemon.ts[15885, 24]: elements are not aligned
ERROR: (align) C:/Users/valmac/FullScreenPokemon/src/components/constants/Pokemon.ts[15888, 24]: elements are not aligned
ERROR: (align) C:/Users/valmac/FullScreenPokemon/src/components/constants/Pokemon.ts[15891, 24]: elements are not aligned
ERROR: (align) C:/Users/valmac/FullScreenPokemon/src/components/constants/Pokemon.ts[15894, 24]: elements are not aligned
ERROR: (align) C:/Users/valmac/FullScreenPokemon/src/components/constants/Pokemon.ts[15903, 24]: elements are not aligned
ERROR: (align) C:/Users/valmac/FullScreenPokemon/src/components/constants/Pokemon.ts[15906, 24]: elements are not aligned
ERROR: (align) C:/Users/valmac/FullScreenPokemon/src/components/constants/Pokemon.ts[15909, 24]: elements are not aligned
ERROR: (align) C:/Users/valmac/FullScreenPokemon/src/components/constants/Pokemon.ts[15912, 24]: elements are not aligned
ERROR: (align) C:/Users/valmac/FullScreenPokemon/src/components/constants/Pokemon.ts[15915, 24]: elements are not aligned

ERROR: (align) C:/Users/valmac/FullScreenPokemon/src/components/cutscenes/IntroCutscene.ts[205, 20]: elements are not aligned
ERROR: (align) C:/Users/valmac/FullScreenPokemon/src/components/cutscenes/IntroCutscene.ts[208, 20]: elements are not aligned
ERROR: (align) C:/Users/valmac/FullScreenPokemon/src/components/cutscenes/IntroCutscene.ts[211, 20]: elements are not aligned
ERROR: (align) C:/Users/valmac/FullScreenPokemon/src/components/cutscenes/IntroCutscene.ts[376, 20]: elements are not aligned
ERROR: (align) C:/Users/valmac/FullScreenPokemon/src/components/cutscenes/IntroCutscene.ts[379, 20]: elements are not aligned
ERROR: (align) C:/Users/valmac/FullScreenPokemon/src/components/cutscenes/IntroCutscene.ts[382, 20]: elements are not aligned

ERROR: (align) C:/Users/valmac/FullScreenPokemon/src/components/cutscenes/OakIntroPokemonChoiceCutscene.ts[78, 28]: elements are not aligned
ERROR: (align) C:/Users/valmac/FullScreenPokemon/src/components/cutscenes/OakIntroPokemonChoiceCutscene.ts[154, 20]: elements are not aligned

ERROR: (align) C:/Users/valmac/FullScreenPokemon/src/components/cutscenes/PokeMartCutscene.ts[42, 16]: elements are not aligned
ERROR: (align) C:/Users/valmac/FullScreenPokemon/src/components/cutscenes/PokeMartCutscene.ts[45, 20]: elements are not aligned
ERROR: (align) C:/Users/valmac/FullScreenPokemon/src/components/cutscenes/PokeMartCutscene.ts[206, 28]: elements are not aligned

ERROR: (align) C:/Users/valmac/FullScreenPokemon/src/components/menus/Items.ts[83, 24]: elements are not aligned
ERROR: (align) C:/Users/valmac/FullScreenPokemon/src/components/menus/Items.ts[123, 16]: elements are not aligned

ERROR: (align) C:/Users/valmac/FullScreenPokemon/src/settings/mapsLibrary/PalletTown.ts[62, 20]: elements are not aligned
ERROR: (align) C:/Users/valmac/FullScreenPokemon/src/settings/mapsLibrary/PalletTown.ts[77, 24]: elements are not aligned
ERROR: (align) C:/Users/valmac/FullScreenPokemon/src/settings/mapsLibrary/PalletTown.ts[86, 24]: elements are not aligned

ERROR: (align) C:/Users/valmac/FullScreenPokemon/src/settings/mapsLibrary/PewterCity.ts[243, 24]: elements are not aligned
ERROR: (align) C:/Users/valmac/FullScreenPokemon/src/settings/mapsLibrary/PewterCity.ts[261, 24]: elements are not aligned

ERROR: (align) C:/Users/valmac/FullScreenPokemon/src/settings/mapsLibrary/Route1.ts[30, 20]: elements are not aligned

ERROR: (align) C:/Users/valmac/FullScreenPokemon/src/settings/mapsLibrary/Route21.ts[29, 24]: elements are not aligned
ERROR: (align) C:/Users/valmac/FullScreenPokemon/src/settings/mapsLibrary/Route21.ts[38, 24]: elements are not aligned
ERROR: (align) C:/Users/valmac/FullScreenPokemon/src/settings/mapsLibrary/Route21.ts[42, 24]: elements are not aligned
ERROR: (align) C:/Users/valmac/FullScreenPokemon/src/settings/mapsLibrary/Route21.ts[46, 24]: elements are not aligned

ERROR: (align) C:/Users/valmac/FullScreenPokemon/src/settings/mapsLibrary/Route22.ts[24, 20]: elements are not aligned
ERROR: (align) C:/Users/valmac/FullScreenPokemon/src/settings/mapsLibrary/Route22.ts[28, 20]: elements are not aligned
ERROR: (align) C:/Users/valmac/FullScreenPokemon/src/settings/mapsLibrary/Route22.ts[32, 20]: elements are not aligned
ERROR: (align) C:/Users/valmac/FullScreenPokemon/src/settings/mapsLibrary/Route22.ts[47, 24]: elements are not aligned
ERROR: (align) C:/Users/valmac/FullScreenPokemon/src/settings/mapsLibrary/Route22.ts[56, 24]: elements are not aligned

ERROR: (align) C:/Users/valmac/FullScreenPokemon/src/settings/mapsLibrary/ViridianCity.ts[59, 24]: elements are not aligned
ERROR: (align) C:/Users/valmac/FullScreenPokemon/src/settings/mapsLibrary/ViridianCity.ts[68, 24]: elements are not aligned

ERROR: (align) C:/Users/valmac/FullScreenPokemon/src/settings/mapsLibrary/ViridianForest.ts[75, 20]: elements are not aligned
ERROR: (align) C:/Users/valmac/FullScreenPokemon/src/settings/mapsLibrary/ViridianForest.ts[79, 20]: elements are not aligned
ERROR: (align) C:/Users/valmac/FullScreenPokemon/src/settings/mapsLibrary/ViridianForest.ts[83, 20]: elements are not aligned
ERROR: (align) C:/Users/valmac/FullScreenPokemon/src/settings/mapsLibrary/ViridianForest.ts[87, 20]: elements are not aligned
ERROR: (align) C:/Users/valmac/FullScreenPokemon/src/settings/mapsLibrary/ViridianForest.ts[136, 24]: elements are not aligned
ERROR: (align) C:/Users/valmac/FullScreenPokemon/src/settings/mapsLibrary/ViridianForest.ts[139, 24]: elements are not aligned
ERROR: (align) C:/Users/valmac/FullScreenPokemon/src/settings/mapsLibrary/ViridianForest.ts[189, 24]: elements are not aligned

[08:27:43] 'src:tslint' errored after 10 s
[08:27:43] Error in plugin 'gulp-tslint'
Message:
    Failed to lint: C:/Users/valmac/FullScreenPokemon/src/components/Actions.ts [692, 20]: elements are not aligned, C:/Users/valmac/FullScreenPokemon/src/components/Battles.ts [355, 17]: members are not aligned, C:/Users/valmac/FullScreenPokemon/src/components/Battles.ts [359, 17]: members are not aligned, C:/Users/valmac/FullScreenPokemon/src/components/Collisions.ts [338, 28]: elements are not aligned, C:/Users/valmac/FullScreenPokemon/src/components/Gameplay.ts [37, 16]: elements are not aligned, C:/Users/valmac/FullScreenPokemon/src/components/Macros.ts [223, 16]: elements are not aligned, C:/Users/valmac/FullScreenPokemon/src/components/Macros.ts [228, 16]: elements are not aligned, C:/Users/valmac/FullScreenPokemon/src/components/Macros.ts [353, 16]: elements are not aligned, C:/Users/valmac/FullScreenPokemon/src/components/Macros.ts [378, 16]: elements are not aligned, C:/Users/valmac/FullScreenPokemon/src/components/Macros.ts [383, 16]: elements are not aligned, C:/Users/valmac/FullScreenPokemon/src/components/Macros.ts [737, 16]: elements are not aligned, C:/Users/valmac/FullScreenPokemon/src/components/Macros.ts [742, 16]: elements are not aligned, C:/Users/valmac/FullScreenPokemon/src/components/Macros.ts [747, 16]: elements are not aligned, C:/Users/valmac/FullScreenPokemon/src/components/Macros.ts [752, 16]: elements are not aligned, C:/Users/valmac/FullScreenPokemon/src/components/Macros.ts [756, 16]: elements are not aligned, C:/Users/valmac/FullScreenPokemon/src/components/Macros.ts [761, 16]: elements are not aligned, C:/Users/valmac/FullScreenPokemon/src/components/Macros.ts [766, 16]: elements are not aligned, C:/Users/valmac/FullScreenPokemon/src/components/Macros.ts [770, 16]: elements are not aligned, C:/Users/valmac/FullScreenPokemon/src/components/Macros.ts [774, 16]: elements are not aligned, C:/Users/valmac/FullScreenPokemon/src/components/Macros.ts [778, 16]: elements are not aligned, C:/Users/valmac/FullScreenPokemon/src/components/Macros.ts [782, 16]: elements are not aligned, C:/Users/valmac/FullScreenPokemon/src/components/Macros.ts [787, 16]: elements are not aligned, C:/Users/valmac/FullScreenPokemon/src/components/Macros.ts [791, 16]: elements are not aligned, C:/Users/valmac/FullScreenPokemon/src/components/Macros.ts [795, 16]: elements are not aligned, C:/Users/valmac/FullScreenPokemon/src/components/Macros.ts [800, 16]: elements are not aligned, C:/Users/valmac/FullScreenPokemon/src/components/Macros.ts [806, 16]: elements are not aligned, C:/Users/valmac/FullScreenPokemon/src/components/Macros.ts [810, 16]: elements are not aligned, C:/Users/valmac/FullScreenPokemon/src/components/Macros.ts [815, 16]: elements are not aligned, C:/Users/valmac/FullScreenPokemon/src/components/Macros.ts [819, 16]: elements are not aligned, C:/Users/valmac/FullScreenPokemon/src/components/Macros.ts [827, 16]: elements are not aligned, C:/Users/valmac/FullScreenPokemon/src/components/Macros.ts [831, 16]: elements are not aligned, C:/Users/valmac/FullScreenPokemon/src/components/Macros.ts [835, 16]: elements are not aligned, C:/Users/valmac/FullScreenPokemon/src/components/Macros.ts [839, 16]: elements are not aligned, C:/Users/valmac/FullScreenPokemon/src/components/Macros.ts [843, 16]: elements are not aligned, C:/Users/valmac/FullScreenPokemon/src/components/Macros.ts [847, 16]: elements are not aligned, C:/Users/valmac/FullScreenPokemon/src/components/Macros.ts [852, 16]: elements are not aligned, C:/Users/valmac/FullScreenPokemon/src/components/Macros.ts [857, 16]: elements are not aligned, C:/Users/valmac/FullScreenPokemon/src/components/Macros.ts [862, 16]: elements are not aligned, C:/Users/valmac/FullScreenPokemon/src/components/Macros.ts [919, 16]: elements are not aligned, C:/Users/valmac/FullScreenPokemon/src/components/Macros.ts [925, 16]: elements are not aligned, C:/Users/valmac/FullScreenPokemon/src/components/Macros.ts [930, 16]: elements are not aligned, C:/Users/valmac/FullScreenPokemon/src/components/Macros.ts [935, 16]: elements are not aligned, C:/Users/valmac/FullScreenPokemon/src/components/Macros.ts [941, 16]: elements are not aligned, C:/Users/valmac/FullScreenPokemon/src/components/Macros.ts [946, 16]: elements are not aligned, C:/Users/valmac/FullScreenPokemon/src/components/Macros.ts [951, 16]: elements are not aligned, C:/Users/valmac/FullScreenPokemon/src/components/Macros.ts [956, 16]: elements are not aligned, C:/Users/valmac/FullScreenPokemon/src/components/Macros.ts [961, 16]: elements are not aligned, C:/Users/valmac/FullScreenPokemon/src/components/Macros.ts [965, 16]: elements are not aligned, C:/Users/valmac/FullScreenPokemon/src/components/Macros.ts [970, 16]: elements are not aligned, C:/Users/valmac/FullScreenPokemon/src/components/Macros.ts [975, 16]: elements are not aligned, C:/Users/valmac/FullScreenPokemon/src/components/Macros.ts [980, 16]: elements are not aligned, C:/Users/valmac/FullScreenPokemon/src/components/Macros.ts [985, 16]: elements are not aligned, C:/Users/valmac/FullScreenPokemon/src/components/Macros.ts [989, 16]: elements are not aligned, C:/Users/valmac/FullScreenPokemon/src/components/Macros.ts [999, 16]: elements are not aligned, C:/Users/valmac/FullScreenPokemon/src/components/Macros.ts [1003, 16]: elements are not aligned, C:/Users/valmac/FullScreenPokemon/src/components/Macros.ts [1008, 16]: elements are not aligned, C:/Users/valmac/FullScreenPokemon/src/components/Macros.ts [1012, 16]: elements are not aligned, C:/Users/valmac/FullScreenPokemon/src/components/Menus.ts [160, 16]: elements are not aligned, C:/Users/valmac/FullScreenPokemon/src/components/Menus.ts [163, 16]: elements are not aligned, C:/Users/valmac/FullScreenPokemon/src/components/Menus.ts [166, 16]: elements are not aligned, C:/Users/valmac/FullScreenPokemon/src/components/Menus.ts [169, 16]: elements are not aligned, C:/Users/valmac/FullScreenPokemon/src/components/Menus.ts [171, 16]: elements are not aligned, C:/Users/valmac/FullScreenPokemon/src/components/Menus.ts [287, 20]: elements are not aligned, C:/Users/valmac/FullScreenPokemon/src/components/Menus.ts [289, 20]: elements are not aligned, C:/Users/valmac/FullScreenPokemon/src/components/Menus.ts [297, 20]: elements are not aligned, C:/Users/valmac/FullScreenPokemon/src/components/Menus.ts [384, 20]: elements are not aligned, C:/Users/valmac/FullScreenPokemon/src/settings/Menus.ts [328, 56]: elements are not aligned, C:/Users/valmac/FullScreenPokemon/src/settings/Menus.ts [331, 56]: elements are not aligned, C:/Users/valmac/FullScreenPokemon/src/settings/Menus.ts [334, 56]: elements are not aligned, C:/Users/valmac/FullScreenPokemon/src/settings/Menus.ts [337, 56]: elements are not aligned, C:/Users/valmac/FullScreenPokemon/src/settings/Menus.ts [340, 56]: elements are not aligned, C:/Users/valmac/FullScreenPokemon/src/settings/Menus.ts [343, 56]: elements are not aligned, C:/Users/valmac/FullScreenPokemon/src/settings/Menus.ts [428, 56]: elements are not aligned, C:/Users/valmac/FullScreenPokemon/src/settings/Menus.ts [431, 56]: elements are not aligned, C:/Users/valmac/FullScreenPokemon/src/settings/Menus.ts [498, 24]: elements are not aligned, C:/Users/valmac/FullScreenPokemon/src/settings/Menus.ts [625, 56]: elements are not aligned, C:/Users/valmac/FullScreenPokemon/src/settings/Menus.ts [628, 56]: elements are not aligned, C:/Users/valmac/FullScreenPokemon/src/settings/Menus.ts [631, 56]: elements are not aligned, C:/Users/valmac/FullScreenPokemon/src/settings/Menus.ts [634, 56]: elements are not aligned, C:/Users/valmac/FullScreenPokemon/src/settings/Menus.ts [637, 56]: elements are not aligned, C:/Users/valmac/FullScreenPokemon/src/settings/Menus.ts [640, 56]: elements are not aligned, C:/Users/valmac/FullScreenPokemon/src/settings/Menus.ts [643, 56]: elements are not aligned, C:/Users/valmac/FullScreenPokemon/src/settings/Menus.ts [646, 56]: elements are not aligned, C:/Users/valmac/FullScreenPokemon/src/settings/Menus.ts [975, 56]: elements are not aligned, C:/Users/valmac/FullScreenPokemon/src/settings/Menus.ts [983, 56]: elements are not aligned, C:/Users/valmac/FullScreenPokemon/src/settings/Menus.ts [986, 56]: elements are not aligned, C:/Users/valmac/FullScreenPokemon/src/settings/Menus.ts [989, 56]: elements are not aligned, C:/Users/valmac/FullScreenPokemon/src/settings/Menus.ts [1103, 56]: elements are not aligned, C:/Users/valmac/FullScreenPokemon/src/settings/Menus.ts [1110, 56]: elements are not aligned, C:/Users/valmac/FullScreenPokemon/src/settings/Menus.ts [1119, 56]: elements are not aligned, C:/Users/valmac/FullScreenPokemon/src/settings/Menus.ts [1128, 56]: elements are not aligned, C:/Users/valmac/FullScreenPokemon/src/settings/Menus.ts [1137, 56]: elements are not aligned, C:/Users/valmac/FullScreenPokemon/src/settings/Menus.ts [1173, 56]: elements are not aligned, C:/Users/valmac/FullScreenPokemon/src/settings/Menus.ts [1213, 56]: elements are not aligned, C:/Users/valmac/FullScreenPokemon/src/settings/Menus.ts [1222, 56]: elements are not aligned, C:/Users/valmac/FullScreenPokemon/src/settings/Menus.ts [1231, 56]: elements are not aligned, C:/Users/valmac/FullScreenPokemon/src/settings/Menus.ts [1240, 56]: elements are not aligned, C:/Users/valmac/FullScreenPokemon/src/settings/Menus.ts [1249, 56]: elements are not aligned, C:/Users/valmac/FullScreenPokemon/src/settings/Menus.ts [1258, 56]: elements are not aligned, C:/Users/valmac/FullScreenPokemon/src/settings/Menus.ts [1267, 56]: elements are not aligned, C:/Users/valmac/FullScreenPokemon/src/settings/Menus.ts [1276, 56]: elements are not aligned, C:/Users/valmac/FullScreenPokemon/src/settings/Menus.ts [1465, 56]: elements are not aligned, C:/Users/valmac/FullScreenPokemon/src/settings/Menus.ts [1477, 56]: elements are not aligned, C:/Users/valmac/FullScreenPokemon/src/settings/Menus.ts [1620, 24]: elements are not aligned, C:/Users/valmac/FullScreenPokemon/src/settings/Menus.ts [1729, 24]: elements are not aligned, C:/Users/valmac/FullScreenPokemon/src/settings/Menus.ts [1795, 24]: elements are not aligned, C:/Users/valmac/FullScreenPokemon/src/settings/Menus.ts [1887, 24]: elements are not aligned, C:/Users/valmac/FullScreenPokemon/src/settings/Menus.ts [1972, 24]: elements are not aligned, C:/Users/valmac/FullScreenPokemon/src/settings/Menus.ts [1981, 24]: elements are not aligned, C:/Users/valmac/FullScreenPokemon/src/settings/Menus.ts [1990, 24]: elements are not aligned, C:/Users/valmac/FullScreenPokemon/src/settings/Menus.ts [1999, 24]: elements are not aligned, C:/Users/valmac/FullScreenPokemon/src/settings/Menus.ts [2011, 24]: elements are not aligned, C:/Users/valmac/FullScreenPokemon/src/settings/Menus.ts [2100, 56]: elements are not aligned, C:/Users/valmac/FullScreenPokemon/src/settings/Menus.ts [2103, 56]: elements are not aligned, C:/Users/valmac/FullScreenPokemon/src/components/constants/Pokemon.ts [351, 24]: elements are not aligned, C:/Users/valmac/FullScreenPokemon/src/components/constants/Pokemon.ts [354, 24]: elements are not aligned, C:/Users/valmac/FullScreenPokemon/src/components/constants/Pokemon.ts [357, 24]: elements are not aligned, C:/Users/valmac/FullScreenPokemon/src/components/constants/Pokemon.ts [360, 24]: elements are not aligned, C:/Users/valmac/FullScreenPokemon/src/components/constants/Pokemon.ts [363, 24]: elements are not aligned, C:/Users/valmac/FullScreenPokemon/src/components/constants/Pokemon.ts [366, 24]: elements are not aligned, C:/Users/valmac/FullScreenPokemon/src/components/constants/Pokemon.ts [369, 24]: elements are not aligned, C:/Users/valmac/FullScreenPokemon/src/components/constants/Pokemon.ts [372, 24]: elements are not aligned, C:/Users/valmac/FullScreenPokemon/src/components/constants/Pokemon.ts [375, 24]: elements are not aligned, C:/Users/valmac/FullScreenPokemon/src/components/constants/Pokemon.ts [378, 24]: elements are not aligned, C:/Users/valmac/FullScreenPokemon/src/components/constants/Pokemon.ts [381, 24]: elements are not aligned, C:/Users/valmac/FullScreenPokemon/src/components/constants/Pokemon.ts [384, 24]: elements are not aligned, C:/Users/valmac/FullScreenPokemon/src/components/constants/Pokemon.ts [387, 24]: elements are not aligned, C:/Users/valmac/FullScreenPokemon/src/components/constants/Pokemon.ts [390, 24]: elements are not aligned, C:/Users/valmac/FullScreenPokemon/src/components/constants/Pokemon.ts [393, 24]: elements are not aligned, C:/Users/valmac/FullScreenPokemon/src/components/constants/Pokemon.ts [396, 24]: elements are not aligned, C:/Users/valmac/FullScreenPokemon/src/components/constants/Pokemon.ts [399, 24]: elements are not aligned, C:/Users/valmac/FullScreenPokemon/src/components/constants/Pokemon.ts [402, 24]: elements are not aligned, C:/Users/valmac/FullScreenPokemon/src/components/constants/Pokemon.ts [405, 24]: elements are not aligned, C:/Users/valmac/FullScreenPokemon/src/components/constants/Pokemon.ts [408, 24]: elements are not aligned, C:/Users/valmac/FullScreenPokemon/src/components/constants/Pokemon.ts [411, 24]: elements are not aligned, C:/Users/valmac/FullScreenPokemon/src/components/constants/Pokemon.ts [414, 24]: elements are not aligned, C:/Users/valmac/FullScreenPokemon/src/components/constants/Pokemon.ts [439, 20]: elements are not aligned, C:/Users/valmac/FullScreenPokemon/src/components/constants/Pokemon.ts [442, 24]: elements are not aligned, C:/Users/valmac/FullScreenPokemon/src/components/constants/Pokemon.ts [445, 24]: elements are not aligned, C:/Users/valmac/FullScreenPokemon/src/components/constants/Pokemon.ts [448, 24]: elements are not aligned, C:/Users/valmac/FullScreenPokemon/src/components/constants/Pokemon.ts [451, 24]: elements are not aligned, C:/Users/valmac/FullScreenPokemon/src/components/constants/Pokemon.ts [462, 20]: elements are not aligned, C:/Users/valmac/FullScreenPokemon/src/components/constants/Pokemon.ts [533, 24]: elements are not aligned, C:/Users/valmac/FullScreenPokemon/src/components/constants/Pokemon.ts [536, 24]: elements are not aligned, C:/Users/valmac/FullScreenPokemon/src/components/constants/Pokemon.ts [539, 24]: elements are not aligned, C:/Users/valmac/FullScreenPokemon/src/components/constants/Pokemon.ts [542, 24]: elements are not aligned, C:/Users/valmac/FullScreenPokemon/src/components/constants/Pokemon.ts [545, 24]: elements are not aligned, C:/Users/valmac/FullScreenPokemon/src/components/constants/Pokemon.ts [548, 24]: elements are not aligned, C:/Users/valmac/FullScreenPokemon/src/components/constants/Pokemon.ts [551, 24]: elements are not aligned, C:/Users/valmac/FullScreenPokemon/src/components/constants/Pokemon.ts [554, 24]: elements are not aligned, C:/Users/valmac/FullScreenPokemon/src/components/constants/Pokemon.ts [566, 24]: elements are not aligned, C:/Users/valmac/FullScreenPokemon/src/components/constants/Pokemon.ts [569, 24]: elements are not aligned, C:/Users/valmac/FullScreenPokemon/src/components/constants/Pokemon.ts [572, 24]: elements are not aligned, C:/Users/valmac/FullScreenPokemon/src/components/constants/Pokemon.ts [575, 24]: elements are not aligned, C:/Users/valmac/FullScreenPokemon/src/components/constants/Pokemon.ts [578, 24]: elements are not aligned, C:/Users/valmac/FullScreenPokemon/src/components/constants/Pokemon.ts [581, 24]: elements are not aligned, C:/Users/valmac/FullScreenPokemon/src/components/constants/Pokemon.ts [584, 24]: elements are not aligned, C:/Users/valmac/FullScreenPokemon/src/components/constants/Pokemon.ts [587, 24]: elements are not aligned, C:/Users/valmac/FullScreenPokemon/src/components/constants/Pokemon.ts [590, 24]: elements are not aligned, C:/Users/valmac/FullScreenPokemon/src/components/constants/Pokemon.ts [593, 24]: elements are not aligned, C:/Users/valmac/FullScreenPokemon/src/components/constants/Pokemon.ts [596, 24]: elements are not aligned, C:/Users/valmac/FullScreenPokemon/src/components/constants/Pokemon.ts [599, 24]: elements are not aligned, C:/Users/valmac/FullScreenPokemon/src/components/constants/Pokemon.ts [602, 24]: elements are not aligned, C:/Users/valmac/FullScreenPokemon/src/components/constants/Pokemon.ts [605, 24]: elements are not aligned, C:/Users/valmac/FullScreenPokemon/src/components/constants/Pokemon.ts [608, 24]: elements are not aligned, C:/Users/valmac/FullScreenPokemon/src/components/constants/Pokemon.ts [611, 24]: elements are not aligned, C:/Users/valmac/FullScreenPokemon/src/components/constants/Pokemon.ts [614, 24]: elements are not aligned, C:/Users/valmac/FullScreenPokemon/src/components/constants/Pokemon.ts [617, 24]: elements are not aligned, C:/Users/valmac/FullScreenPokemon/src/components/constants/Pokemon.ts [620, 24]: elements are not aligned, C:/Users/valmac/FullScreenPokemon/src/components/constants/Pokemon.ts [623, 24]: elements are not aligned, C:/Users/valmac/FullScreenPokemon/src/components/constants/Pokemon.ts [626, 24]: elements are not aligned, C:/Users/valmac/FullScreenPokemon/src/components/constants/Pokemon.ts [629, 24]: elements are not aligned, C:/Users/valmac/FullScreenPokemon/src/components/constants/Pokemon.ts [632, 24]: elements are not aligned, C:/Users/valmac/FullScreenPokemon/src/components/constants/Pokemon.ts [635, 24]: elements are not aligned, C:/Users/valmac/FullScreenPokemon/src/components/constants/Pokemon.ts [661, 24]: elements are not aligned, C:/Users/valmac/FullScreenPokemon/src/components/constants/Pokemon.ts [664, 24]: elements are not aligned, C:/Users/valmac/FullScreenPokemon/src/components/constants/Pokemon.ts [667, 24]: elements are not aligned, C:/Users/valmac/FullScreenPokemon/src/components/constants/Pokemon.ts [670, 24]: elements are not aligned, C:/Users/valmac/FullScreenPokemon/src/components/constants/Pokemon.ts [673, 24]: elements are not aligned, C:/Users/valmac/FullScreenPokemon/src/components/constants/Pokemon.ts [676, 24]: elements are not aligned, C:/Users/valmac/FullScreenPokemon/src/components/constants/Pokemon.ts [679, 24]: elements are not aligned, C:/Users/valmac/FullScreenPokemon/src/components/constants/Pokemon.ts [691, 24]: elements are not aligned, C:/Users/valmac/FullScreenPokemon/src/components/constants/Pokemon.ts [694, 24]: elements are not aligned, C:/Users/valmac/FullScreenPokemon/src/components/constants/Pokemon.ts [697, 24]: elements are not aligned, C:/Users/valmac/FullScreenPokemon/src/components/constants/Pokemon.ts [700, 24]: elements are not aligned, C:/Users/valmac/FullScreenPokemon/src/components/constants/Pokemon.ts [703, 24]: elements are not aligned, C:/Users/valmac/FullScreenPokemon/src/components/constants/Pokemon.ts [706, 24]: elements are not aligned, C:/Users/valmac/FullScreenPokemon/src/components/constants/Pokemon.ts [709, 24]: elements are not aligned, C:/Users/valmac/FullScreenPokemon/src/components/constants/Pokemon.ts [712, 24]: elements are not aligned, C:/Users/valmac/FullScreenPokemon/src/components/constants/Pokemon.ts [715, 24]: elements are not aligned, C:/Users/valmac/FullScreenPokemon/src/components/constants/Pokemon.ts [718, 24]: elements are not aligned, C:/Users/valmac/FullScreenPokemon/src/components/constants/Pokemon.ts [721, 24]: elements are not aligned, C:/Users/valmac/FullScreenPokemon/src/components/constants/Pokemon.ts [724, 24]: elements are not aligned, C:/Users/valmac/FullScreenPokemon/src/components/constants/Pokemon.ts [727, 24]: elements are not aligned, C:/Users/valmac/FullScreenPokemon/src/components/constants/Pokemon.ts [730, 24]: elements are not aligned, C:/Users/valmac/FullScreenPokemon/src/components/constants/Pokemon.ts [733, 24]: elements are not aligned, C:/Users/valmac/FullScreenPokemon/src/components/constants/Pokemon.ts [736, 24]: elements are not aligned, C:/Users/valmac/FullScreenPokemon/src/components/constants/Pokemon.ts [762, 24]: elements are not aligned, C:/Users/valmac/FullScreenPokemon/src/components/constants/Pokemon.ts [765, 24]: elements are not aligned, C:/Users/valmac/FullScreenPokemon/src/components/constants/Pokemon.ts [768, 24]: elements are not aligned, C:/Users/valmac/FullScreenPokemon/src/components/constants/Pokemon.ts [776, 24]: elements are not aligned, C:/Users/valmac/FullScreenPokemon/src/components/constants/Pokemon.ts [779, 24]: elements are not aligned, C:/Users/valmac/FullScreenPokemon/src/components/constants/Pokemon.ts [782, 24]: elements are not aligned, C:/Users/valmac/FullScreenPokemon/src/components/constants/Pokemon.ts [785, 24]: elements are not aligned, C:/Users/valmac/FullScreenPokemon/src/components/constants/Pokemon.ts [788, 24]: elements are not aligned, C:/Users/valmac/FullScreenPokemon/src/components/constants/Pokemon.ts [791, 24]: elements are not aligned, C:/Users/valmac/FullScreenPokemon/src/components/constants/Pokemon.ts [794, 24]: elements are not aligned, C:/Users/valmac/FullScreenPokemon/src/components/constants/Pokemon.ts [797, 24]: elements are not aligned, C:/Users/valmac/FullScreenPokemon/src/components/constants/Pokemon.ts [800, 24]: elements are not aligned, C:/Users/valmac/FullScreenPokemon/src/components/constants/Pokemon.ts [803, 24]: elements are not aligned, C:/Users/valmac/FullScreenPokemon/src/components/constants/Pokemon.ts [806, 24]: elements are not aligned, C:/Users/valmac/FullScreenPokemon/src/components/constants/Pokemon.ts [809, 24]: elements are not aligned, C:/Users/valmac/FullScreenPokemon/src/components/constants/Pokemon.ts [812, 24]: elements are not aligned, C:/Users/valmac/FullScreenPokemon/src/components/constants/Pokemon.ts [815, 24]: elements are not aligned, C:/Users/valmac/FullScreenPokemon/src/components/constants/Pokemon.ts [818, 24]: elements are not aligned, C:/Users/valmac/FullScreenPokemon/src/components/constants/Pokemon.ts [821, 24]: elements are not aligned, C:/Users/valmac/FullScreenPokemon/src/components/constants/Pokemon.ts [824, 24]: elements are not aligned, C:/Users/valmac/FullScreenPokemon/src/components/constants/Pokemon.ts [832, 24]: elements are not aligned, C:/Users/valmac/FullScreenPokemon/src/components/constants/Pokemon.ts [835, 24]: elements are not aligned, C:/Users/valmac/FullScreenPokemon/src/components/constants/Pokemon.ts [838, 24]: elements are not aligned, C:/Users/valmac/FullScreenPokemon/src/components/constants/Pokemon.ts [841, 24]: elements are not aligned, C:/Users/valmac/FullScreenPokemon/src/components/constants/Pokemon.ts [844, 24]: elements are not aligned, C:/Users/valmac/FullScreenPokemon/src/components/constants/Pokemon.ts [847, 24]: elements are not aligned, C:/Users/valmac/FullScreenPokemon/src/components/constants/Pokemon.ts [850, 24]: elements are not aligned, C:/Users/valmac/FullScreenPokemon/src/components/constants/Pokemon.ts [853, 24]: elements are not aligned, C:/Users/valmac/FullScreenPokemon/src/components/constants/Pokemon.ts [856, 24]: elements are not aligned, C:/Users/valmac/FullScreenPokemon/src/components/constants/Pokemon.ts [859, 24]: elements are not aligned, C:/Users/valmac/FullScreenPokemon/src/components/constants/Pokemon.ts [862, 24]: elements are not aligned, C:/Users/valmac/FullScreenPokemon/src/components/constants/Pokemon.ts [865, 24]: elements are not aligned, C:/Users/valmac/FullScreenPokemon/src/components/constants/Pokemon.ts [868, 24]: elements are not aligned, C:/Users/valmac/FullScreenPokemon/src/components/constants/Pokemon.ts [871, 24]: elements are not aligned, C:/Users/valmac/FullScreenPokemon/src/components/constants/Pokemon.ts [874, 24]: elements are not aligned, C:/Users/valmac/FullScreenPokemon/src/components/constants/Pokemon.ts [877, 24]: elements are not aligned, C:/Users/valmac/FullScreenPokemon/src/components/constants/Pokemon.ts [880, 24]: elements are not aligned, C:/Users/valmac/FullScreenPokemon/src/components/constants/Pokemon.ts [906, 24]: elements are not aligned, C:/Users/valmac/FullScreenPokemon/src/components/constants/Pokemon.ts [909, 24]: elements are not aligned, C:/Users/valmac/FullScreenPokemon/src/components/constants/Pokemon.ts [912, 24]: elements are not aligned, C:/Users/valmac/FullScreenPokemon/src/components/constants/Pokemon.ts [915, 24]: elements are not aligned, C:/Users/valmac/FullScreenPokemon/src/components/constants/Pokemon.ts [927, 24]: elements are not aligned, C:/Users/valmac/FullScreenPokemon/src/components/constants/Pokemon.ts [930, 24]: elements are not aligned, C:/Users/valmac/FullScreenPokemon/src/components/constants/Pokemon.ts [933, 24]: elements are not aligned, C:/Users/valmac/FullScreenPokemon/src/components/constants/Pokemon.ts [936, 24]: elements are not aligned, C:/Users/valmac/FullScreenPokemon/src/components/constants/Pokemon.ts [939, 24]: elements are not aligned, C:/Users/valmac/FullScreenPokemon/src/components/constants/Pokemon.ts [942, 24]: elements are not aligned, C:/Users/valmac/FullScreenPokemon/src/components/constants/Pokemon.ts [945, 24]: elements are not aligned, C:/Users/valmac/FullScreenPokemon/src/components/constants/Pokemon.ts [948, 24]: elements are not aligned, C:/Users/valmac/FullScreenPokemon/src/components/constants/Pokemon.ts [951, 24]: elements are not aligned, C:/Users/valmac/FullScreenPokemon/src/components/constants/Pokemon.ts [954, 24]: elements are not aligned, C:/Users/valmac/FullScreenPokemon/src/components/constants/Pokemon.ts [957, 24]: elements are not aligned, C:/Users/valmac/FullScreenPokemon/src/components/constants/Pokemon.ts [960, 24]: elements are not aligned, C:/Users/valmac/FullScreenPokemon/src/components/constants/Pokemon.ts [963, 24]: elements are not aligned, C:/Users/valmac/FullScreenPokemon/src/components/constants/Pokemon.ts [966, 24]: elements are not aligned, C:/Users/valmac/FullScreenPokemon/src/components/constants/Pokemon.ts [969, 24]: elements are not aligned, C:/Users/valmac/FullScreenPokemon/src/components/constants/Pokemon.ts [972, 24]: elements are not aligned, C:/Users/valmac/FullScreenPokemon/src/components/constants/Pokemon.ts [975, 24]: elements are not aligned, C:/Users/valmac/FullScreenPokemon/src/components/constants/Pokemon.ts [978, 24]: elements are not aligned, C:/Users/valmac/FullScreenPokemon/src/components/constants/Pokemon.ts [1004, 24]: elements are not aligned, C:/Users/valmac/FullScreenPokemon/src/components/constants/Pokemon.ts [1007, 24]: elements are not aligned, C:/Users/valmac/FullScreenPokemon/src/components/constants/Pokemon.ts [1010, 24]: elements are not aligned, C:/Users/valmac/FullScreenPokemon/src/components/constants/Pokemon.ts [1013, 24]: elements are not aligned, C:/Users/valmac/FullScreenPokemon/src/components/constants/Pokemon.ts [1016, 24]: elements are not aligned, C:/Users/valmac/FullScreenPokemon/src/components/constants/Pokemon.ts [1019, 24]: elements are not aligned, C:/Users/valmac/FullScreenPokemon/src/components/constants/Pokemon.ts [1062, 24]: elements are not aligned, C:/Users/valmac/FullScreenPokemon/src/components/constants/Pokemon.ts [1065, 24]: elements are not aligned, C:/Users/valmac/FullScreenPokemon/src/components/constants/Pokemon.ts [1068, 24]: elements are not aligned, C:/Users/valmac/FullScreenPokemon/src/components/constants/Pokemon.ts [1071, 24]: elements are not aligned, C:/Users/valmac/FullScreenPokemon/src/components/constants/Pokemon.ts [1074, 24]: elements are not aligned, C:/Users/valmac/FullScreenPokemon/src/components/constants/Pokemon.ts [1077, 24]: elements are not aligned, C:/Users/valmac/FullScreenPokemon/src/components/constants/Pokemon.ts [1080, 24]: elements are not aligned, C:/Users/valmac/FullScreenPokemon/src/components/constants/Pokemon.ts [1083, 24]: elements are not aligned, C:/Users/valmac/FullScreenPokemon/src/components/constants/Pokemon.ts [1095, 24]: elements are not aligned, C:/Users/valmac/FullScreenPokemon/src/components/constants/Pokemon.ts [1098, 24]: elements are not aligned, C:/Users/valmac/FullScreenPokemon/src/components/constants/Pokemon.ts [1101, 24]: elements are not aligned, C:/Users/valmac/FullScreenPokemon/src/components/constants/Pokemon.ts [1104, 24]: elements are not aligned, C:/Users/valmac/FullScreenPokemon/src/components/constants/Pokemon.ts [1107, 24]: elements are not aligned, C:/Users/valmac/FullScreenPokemon/src/components/constants/Pokemon.ts [1110, 24]: elements are not aligned, C:/Users/valmac/FullScreenPokemon/src/components/constants/Pokemon.ts [1113, 24]: elements are not aligned, C:/Users/valmac/FullScreenPokemon/src/components/constants/Pokemon.ts [1116, 24]: elements are not aligned, C:/Users/valmac/FullScreenPokemon/src/components/constants/Pokemon.ts [1119, 24]: elements are not aligned, C:/Users/valmac/FullScreenPokemon/src/components/constants/Pokemon.ts [1122, 24]: elements are not aligned, C:/Users/valmac/FullScreenPokemon/src/components/constants/Pokemon.ts [1125, 24]: elements are not aligned, C:/Users/valmac/FullScreenPokemon/src/components/constants/Pokemon.ts [1128, 24]: elements are not aligned, C:/Users/valmac/FullScreenPokemon/src/components/constants/Pokemon.ts [1154, 24]: elements are not aligned, C:/Users/valmac/FullScreenPokemon/src/components/constants/Pokemon.ts [1157, 24]: elements are not aligned, C:/Users/valmac/FullScreenPokemon/src/components/constants/Pokemon.ts [1160, 24]: elements are not aligned, C:/Users/valmac/FullScreenPokemon/src/components/constants/Pokemon.ts [1163, 24]: elements are not aligned, C:/Users/valmac/FullScreenPokemon/src/components/constants/Pokemon.ts [1166, 24]: elements are not aligned, C:/Users/valmac/FullScreenPokemon/src/components/constants/Pokemon.ts [1169, 24]: elements are not aligned, C:/Users/valmac/FullScreenPokemon/src/components/constants/Pokemon.ts [1172, 24]: elements are not aligned, C:/Users/valmac/FullScreenPokemon/src/components/constants/Pokemon.ts [1175, 24]: elements are not aligned, C:/Users/valmac/FullScreenPokemon/src/components/constants/Pokemon.ts [1178, 24]: elements are not aligned, C:/Users/valmac/FullScreenPokemon/src/components/constants/Pokemon.ts [1186, 24]: elements are not aligned, C:/Users/valmac/FullScreenPokemon/src/components/constants/Pokemon.ts [1194, 24]: elements are not aligned, C:/Users/valmac/FullScreenPokemon/src/components/constants/Pokemon.ts [1197, 24]: elements are not aligned, C:/Users/valmac/FullScreenPokemon/src/components/constants/Pokemon.ts [1200, 24]: elements are not aligned, C:/Users/valmac/FullScreenPokemon/src/components/constants/Pokemon.ts [1203, 24]: elements are not aligned, C:/Users/valmac/FullScreenPokemon/src/components/constants/Pokemon.ts [1206, 24]: elements are not aligned, C:/Users/valmac/FullScreenPokemon/src/components/constants/Pokemon.ts [1209, 24]: elements are not aligned, C:/Users/valmac/FullScreenPokemon/src/components/constants/Pokemon.ts [1212, 24]: elements are not aligned, C:/Users/valmac/FullScreenPokemon/src/components/constants/Pokemon.ts [1215, 24]: elements are not aligned, C:/Users/valmac/FullScreenPokemon/src/components/constants/Pokemon.ts [1218, 24]: elements are not aligned, C:/Users/valmac/FullScreenPokemon/src/components/constants/Pokemon.ts [1221, 24]: elements are not aligned, C:/Users/valmac/FullScreenPokemon/src/components/constants/Pokemon.ts [1224, 24]: elements are not aligned, C:/Users/valmac/FullScreenPokemon/src/components/constants/Pokemon.ts [1227, 24]: elements are not aligned, C:/Users/valmac/FullScreenPokemon/src/components/constants/Pokemon.ts [1230, 24]: elements are not aligned, C:/Users/valmac/FullScreenPokemon/src/components/constants/Pokemon.ts [1233, 24]: elements are not aligned, C:/Users/valmac/FullScreenPokemon/src/components/constants/Pokemon.ts [1236, 24]: elements are not aligned, C:/Users/valmac/FullScreenPokemon/src/components/constants/Pokemon.ts [1239, 24]: elements are not aligned, C:/Users/valmac/FullScreenPokemon/src/components/constants/Pokemon.ts [1242, 24]: elements are not aligned, C:/Users/valmac/FullScreenPokemon/src/components/constants/Pokemon.ts [1245, 24]: elements are not aligned, C:/Users/valmac/FullScreenPokemon/src/components/constants/Pokemon.ts [1248, 24]: elements are not aligned, C:/Users/valmac/FullScreenPokemon/src/components/constants/Pokemon.ts [1251, 24]: elements are not aligned, C:/Users/valmac/FullScreenPokemon/src/components/constants/Pokemon.ts [1254, 24]: elements are not aligned, C:/Users/valmac/FullScreenPokemon/src/components/constants/Pokemon.ts [1257, 24]: elements are not aligned, C:/Users/valmac/FullScreenPokemon/src/components/constants/Pokemon.ts [1260, 24]: elements are not aligned, C:/Users/valmac/FullScreenPokemon/src/components/constants/Pokemon.ts [1263, 24]: elements are not aligned, C:/Users/valmac/FullScreenPokemon/src/components/constants/Pokemon.ts [1299, 24]: elements are not aligned, C:/Users/valmac/FullScreenPokemon/src/components/constants/Pokemon.ts [1302, 24]: elements are not aligned, C:/Users/valmac/FullScreenPokemon/src/components/constants/Pokemon.ts [1305, 24]: elements are not aligned, C:/Users/valmac/FullScreenPokemon/src/components/constants/Pokemon.ts [1308, 24]: elements are not aligned, C:/Users/valmac/FullScreenPokemon/src/components/constants/Pokemon.ts [1311, 24]: elements are not aligned, C:/Users/valmac/FullScreenPokemon/src/components/constants/Pokemon.ts [1314, 24]: elements are not aligned, C:/Users/valmac/FullScreenPokemon/src/components/constants/Pokemon.ts [1317, 24]: elements are not aligned, C:/Users/valmac/FullScreenPokemon/src/components/constants/Pokemon.ts [1320, 24]: elements are not aligned, C:/Users/valmac/FullScreenPokemon/src/components/constants/Pokemon.ts [1332, 24]: elements are not aligned, C:/Users/valmac/FullScreenPokemon/src/components/constants/Pokemon.ts [1335, 24]: elements are not aligned, C:/Users/valmac/FullScreenPokemon/src/components/constants/Pokemon.ts [1338, 24]: elements are not aligned, C:/Users/valmac/FullScreenPokemon/src/components/constants/Pokemon.ts [1341, 24]: elements are not aligned, C:/Users/valmac/FullScreenPokemon/src/components/constants/Pokemon.ts [1344, 24]: elements are not aligned, C:/Users/valmac/FullScreenPokemon/src/components/constants/Pokemon.ts [1347, 24]: elements are not aligned, C:/Users/valmac/FullScreenPokemon/src/components/constants/Pokemon.ts [1350, 24]: elements are not aligned, C:/Users/valmac/FullScreenPokemon/src/components/constants/Pokemon.ts [1353, 24]: elements are not aligned, C:/Users/valmac/FullScreenPokemon/src/components/constants/Pokemon.ts [1356, 24]: elements are not aligned, C:/Users/valmac/FullScreenPokemon/src/components/constants/Pokemon.ts [1359, 24]: elements are not aligned, C:/Users/valmac/FullScreenPokemon/src/components/constants/Pokemon.ts [1362, 24]: elements are not aligned, C:/Users/valmac/FullScreenPokemon/src/components/constants/Pokemon.ts [1365, 24]: elements are not aligned, C:/Users/valmac/FullScreenPokemon/src/components/constants/Pokemon.ts [1368, 24]: elements are not aligned, C:/Users/valmac/FullScreenPokemon/src/components/constants/Pokemon.ts [1394, 24]: elements are not aligned, C:/Users/valmac/FullScreenPokemon/src/components/constants/Pokemon.ts [1397, 24]: elements are not aligned, C:/Users/valmac/FullScreenPokemon/src/components/constants/Pokemon.ts [1400, 24]: elements are not aligned, C:/Users/valmac/FullScreenPokemon/src/components/constants/Pokemon.ts [1403, 24]: elements are not aligned, C:/Users/valmac/FullScreenPokemon/src/components/constants/Pokemon.ts [1406, 24]: elements are not aligned, C:/Users/valmac/FullScreenPokemon/src/components/constants/Pokemon.ts [1409, 24]: elements are not aligned, C:/Users/valmac/FullScreenPokemon/src/components/constants/Pokemon.ts [1412, 24]: elements are not aligned, C:/Users/valmac/FullScreenPokemon/src/components/constants/Pokemon.ts [1421, 24]: elements are not aligned, C:/Users/valmac/FullScreenPokemon/src/components/constants/Pokemon.ts [1424, 24]: elements are not aligned, C:/Users/valmac/FullScreenPokemon/src/components/constants/Pokemon.ts [1427, 24]: elements are not aligned, C:/Users/valmac/FullScreenPokemon/src/components/constants/Pokemon.ts [1430, 24]: elements are not aligned, C:/Users/valmac/FullScreenPokemon/src/components/constants/Pokemon.ts [1433, 24]: elements are not aligned, C:/Users/valmac/FullScreenPokemon/src/components/constants/Pokemon.ts [1436, 24]: elements are not aligned, C:/Users/valmac/FullScreenPokemon/src/components/constants/Pokemon.ts [1439, 24]: elements are not aligned, C:/Users/valmac/FullScreenPokemon/src/components/constants/Pokemon.ts [1442, 24]: elements are not aligned, C:/Users/valmac/FullScreenPokemon/src/components/constants/Pokemon.ts [1445, 24]: elements are not aligned, C:/Users/valmac/FullScreenPokemon/src/components/constants/Pokemon.ts [1448, 24]: elements are not aligned, C:/Users/valmac/FullScreenPokemon/src/components/constants/Pokemon.ts [1451, 24]: elements are not aligned, C:/Users/valmac/FullScreenPokemon/src/components/constants/Pokemon.ts [1454, 24]: elements are not aligned, C:/Users/valmac/FullScreenPokemon/src/components/constants/Pokemon.ts [1457, 24]: elements are not aligned, C:/Users/valmac/FullScreenPokemon/src/components/constants/Pokemon.ts [1460, 24]: elements are not aligned, C:/Users/valmac/FullScreenPokemon/src/components/constants/Pokemon.ts [1463, 24]: elements are not aligned, C:/Users/valmac/FullScreenPokemon/src/components/constants/Pokemon.ts [1466, 24]: elements are not aligned, C:/Users/valmac/FullScreenPokemon/src/components/constants/Pokemon.ts [1469, 24]: elements are not aligned, C:/Users/valmac/FullScreenPokemon/src/components/constants/Pokemon.ts [1472, 24]: elements are not aligned, C:/Users/valmac/FullScreenPokemon/src/components/constants/Pokemon.ts [1506, 20]: elements are not aligned, C:/Users/valmac/FullScreenPokemon/src/components/constants/Pokemon.ts [1534, 24]: elements are not aligned, C:/Users/valmac/FullScreenPokemon/src/components/constants/Pokemon.ts [1537, 24]: elements are not aligned, C:/Users/valmac/FullScreenPokemon/src/components/constants/Pokemon.ts [1540, 24]: elements are not aligned, C:/Users/valmac/FullScreenPokemon/src/components/constants/Pokemon.ts [1543, 24]: elements are not aligned, C:/Users/valmac/FullScreenPokemon/src/components/constants/Pokemon.ts [1546, 24]: elements are not aligned, C:/Users/valmac/FullScreenPokemon/src/components/constants/Pokemon.ts [1549, 24]: elements are not aligned, C:/Users/valmac/FullScreenPokemon/src/components/constants/Pokemon.ts [1552, 24]: elements are not aligned, C:/Users/valmac/FullScreenPokemon/src/components/constants/Pokemon.ts [1560, 24]: elements are not aligned, C:/Users/valmac/FullScreenPokemon/src/components/constants/Pokemon.ts [1568, 24]: elements are not aligned, C:/Users/valmac/FullScreenPokemon/src/components/constants/Pokemon.ts [1571, 24]: elements are not aligned, C:/Users/valmac/FullScreenPokemon/src/components/constants/Pokemon.ts [1574, 24]: elements are not aligned, C:/Users/valmac/FullScreenPokemon/src/components/constants/Pokemon.ts [1577, 24]: elements are not aligned, C:/Users/valmac/FullScreenPokemon/src/components/constants/Pokemon.ts [1580, 24]: elements are not aligned, C:/Users/valmac/FullScreenPokemon/src/components/constants/Pokemon.ts [1583, 24]: elements are not aligned, C:/Users/valmac/FullScreenPokemon/src/components/constants/Pokemon.ts [1586, 24]: elements are not aligned, C:/Users/valmac/FullScreenPokemon/src/components/constants/Pokemon.ts [1589, 24]: elements are not aligned, C:/Users/valmac/FullScreenPokemon/src/components/constants/Pokemon.ts [1592, 24]: elements are not aligned, C:/Users/valmac/FullScreenPokemon/src/components/constants/Pokemon.ts [1595, 24]: elements are not aligned, C:/Users/valmac/FullScreenPokemon/src/components/constants/Pokemon.ts [1598, 24]: elements are not aligned, C:/Users/valmac/FullScreenPokemon/src/components/constants/Pokemon.ts [1601, 24]: elements are not aligned, C:/Users/valmac/FullScreenPokemon/src/components/constants/Pokemon.ts [1604, 24]: elements are not aligned, C:/Users/valmac/FullScreenPokemon/src/components/constants/Pokemon.ts [1607, 24]: elements are not aligned, C:/Users/valmac/FullScreenPokemon/src/components/constants/Pokemon.ts [1610, 24]: elements are not aligned, C:/Users/valmac/FullScreenPokemon/src/components/constants/Pokemon.ts [1613, 24]: elements are not aligned, C:/Users/valmac/FullScreenPokemon/src/components/constants/Pokemon.ts [1616, 24]: elements are not aligned, C:/Users/valmac/FullScreenPokemon/src/components/constants/Pokemon.ts [1619, 24]: elements are not aligned, C:/Users/valmac/FullScreenPokemon/src/components/constants/Pokemon.ts [1622, 24]: elements are not aligned, C:/Users/valmac/FullScreenPokemon/src/components/constants/Pokemon.ts [1625, 24]: elements are not aligned, C:/Users/valmac/FullScreenPokemon/src/components/constants/Pokemon.ts [1628, 24]: elements are not aligned, C:/Users/valmac/FullScreenPokemon/src/components/constants/Pokemon.ts [1631, 24]: elements are not aligned, C:/Users/valmac/FullScreenPokemon/src/components/constants/Pokemon.ts [1634, 24]: elements are not aligned, C:/Users/valmac/FullScreenPokemon/src/components/constants/Pokemon.ts [1637, 24]: elements are not aligned, C:/Users/valmac/FullScreenPokemon/src/components/constants/Pokemon.ts [1640, 24]: elements are not aligned, C:/Users/valmac/FullScreenPokemon/src/components/constants/Pokemon.ts [1643, 24]: elements are not aligned, C:/Users/valmac/FullScreenPokemon/src/components/constants/Pokemon.ts [1646, 24]: elements are not aligned, C:/Users/valmac/FullScreenPokemon/src/components/constants/Pokemon.ts [1649, 24]: elements are not aligned, C:/Users/valmac/FullScreenPokemon/src/components/constants/Pokemon.ts [1652, 24]: elements are not aligned, C:/Users/valmac/FullScreenPokemon/src/components/constants/Pokemon.ts [1655, 24]: elements are not aligned, C:/Users/valmac/FullScreenPokemon/src/components/constants/Pokemon.ts [1658, 24]: elements are not aligned, C:/Users/valmac/FullScreenPokemon/src/components/constants/Pokemon.ts [1661, 24]: elements are not aligned, C:/Users/valmac/FullScreenPokemon/src/components/constants/Pokemon.ts [1664, 24]: elements are not aligned, C:/Users/valmac/FullScreenPokemon/src/components/constants/Pokemon.ts [1690, 24]: elements are not aligned, C:/Users/valmac/FullScreenPokemon/src/components/constants/Pokemon.ts [1693, 24]: elements are not aligned, C:/Users/valmac/FullScreenPokemon/src/components/constants/Pokemon.ts [1696, 24]: elements are not aligned, C:/Users/valmac/FullScreenPokemon/src/components/constants/Pokemon.ts [1699, 24]: elements are not aligned, C:/Users/valmac/FullScreenPokemon/src/components/constants/Pokemon.ts [1702, 24]: elements are not aligned, C:/Users/valmac/FullScreenPokemon/src/components/constants/Pokemon.ts [1705, 24]: elements are not aligned, C:/Users/valmac/FullScreenPokemon/src/components/constants/Pokemon.ts [1708, 24]: elements are not aligned, C:/Users/valmac/FullScreenPokemon/src/components/constants/Pokemon.ts [1711, 24]: elements are not aligned, C:/Users/valmac/FullScreenPokemon/src/components/constants/Pokemon.ts [1714, 24]: elements are not aligned, C:/Users/valmac/FullScreenPokemon/src/components/constants/Pokemon.ts [1722, 24]: elements are not aligned, C:/Users/valmac/FullScreenPokemon/src/components/constants/Pokemon.ts [1730, 24]: elements are not aligned, C:/Users/valmac/FullScreenPokemon/src/components/constants/Pokemon.ts [1733, 24]: elements are not aligned, C:/Users/valmac/FullScreenPokemon/src/components/constants/Pokemon.ts [1736, 24]: elements are not aligned, C:/Users/valmac/FullScreenPokemon/src/components/constants/Pokemon.ts [1739, 24]: elements are not aligned, C:/Users/valmac/FullScreenPokemon/src/components/constants/Pokemon.ts [1742, 24]: elements are not aligned, C:/Users/valmac/FullScreenPokemon/src/components/constants/Pokemon.ts [1745, 24]: elements are not aligned, C:/Users/valmac/FullScreenPokemon/src/components/constants/Pokemon.ts [1748, 24]: elements are not aligned, C:/Users/valmac/FullScreenPokemon/src/components/constants/Pokemon.ts [1751, 24]: elements are not aligned, C:/Users/valmac/FullScreenPokemon/src/components/constants/Pokemon.ts [1754, 24]: elements are not aligned, C:/Users/valmac/FullScreenPokemon/src/components/constants/Pokemon.ts [1757, 24]: elements are not aligned, C:/Users/valmac/FullScreenPokemon/src/components/constants/Pokemon.ts [1760, 24]: elements are not aligned, C:/Users/valmac/FullScreenPokemon/src/components/constants/Pokemon.ts [1763, 24]: elements are not aligned, C:/Users/valmac/FullScreenPokemon/src/components/constants/Pokemon.ts [1766, 24]: elements are not aligned, C:/Users/valmac/FullScreenPokemon/src/components/constants/Pokemon.ts [1769, 24]: elements are not aligned, C:/Users/valmac/FullScreenPokemon/src/components/constants/Pokemon.ts [1772, 24]: elements are not aligned, C:/Users/valmac/FullScreenPokemon/src/components/constants/Pokemon.ts [1775, 24]: elements are not aligned, C:/Users/valmac/FullScreenPokemon/src/components/constants/Pokemon.ts [1778, 24]: elements are not aligned, C:/Users/valmac/FullScreenPokemon/src/components/constants/Pokemon.ts [1781, 24]: elements are not aligned, C:/Users/valmac/FullScreenPokemon/src/components/constants/Pokemon.ts [1784, 24]: elements are not aligned, C:/Users/valmac/FullScreenPokemon/src/components/constants/Pokemon.ts [1787, 24]: elements are not aligned, C:/Users/valmac/FullScreenPokemon/src/components/constants/Pokemon.ts [1790, 24]: elements are not aligned, C:/Users/valmac/FullScreenPokemon/src/components/constants/Pokemon.ts [1793, 24]: elements are not aligned, C:/Users/valmac/FullScreenPokemon/src/components/constants/Pokemon.ts [1796, 24]: elements are not aligned, C:/Users/valmac/FullScreenPokemon/src/components/constants/Pokemon.ts [1799, 24]: elements are not aligned, C:/Users/valmac/FullScreenPokemon/src/components/constants/Pokemon.ts [1835, 24]: elements are not aligned, C:/Users/valmac/FullScreenPokemon/src/components/constants/Pokemon.ts [1838, 24]: elements are not aligned, C:/Users/valmac/FullScreenPokemon/src/components/constants/Pokemon.ts [1841, 24]: elements are not aligned, C:/Users/valmac/FullScreenPokemon/src/components/constants/Pokemon.ts [1844, 24]: elements are not aligned, C:/Users/valmac/FullScreenPokemon/src/components/constants/Pokemon.ts [1847, 24]: elements are not aligned, C:/Users/valmac/FullScreenPokemon/src/components/constants/Pokemon.ts [1850, 24]: elements are not aligned, C:/Users/valmac/FullScreenPokemon/src/components/constants/Pokemon.ts [1853, 24]: elements are not aligned, C:/Users/valmac/FullScreenPokemon/src/components/constants/Pokemon.ts [1861, 24]: elements are not aligned, C:/Users/valmac/FullScreenPokemon/src/components/constants/Pokemon.ts [1869, 24]: elements are not aligned, C:/Users/valmac/FullScreenPokemon/src/components/constants/Pokemon.ts [1872, 24]: elements are not aligned, C:/Users/valmac/FullScreenPokemon/src/components/constants/Pokemon.ts [1875, 24]: elements are not aligned, C:/Users/valmac/FullScreenPokemon/src/components/constants/Pokemon.ts [1878, 24]: elements are not aligned, C:/Users/valmac/FullScreenPokemon/src/components/constants/Pokemon.ts [1881, 24]: elements are not aligned, C:/Users/valmac/FullScreenPokemon/src/components/constants/Pokemon.ts [1884, 24]: elements are not aligned, C:/Users/valmac/FullScreenPokemon/src/components/constants/Pokemon.ts [1887, 24]: elements are not aligned, C:/Users/valmac/FullScreenPokemon/src/components/constants/Pokemon.ts [1890, 24]: elements are not aligned, C:/Users/valmac/FullScreenPokemon/src/components/constants/Pokemon.ts [1893, 24]: elements are not aligned, C:/Users/valmac/FullScreenPokemon/src/components/constants/Pokemon.ts [1896, 24]: elements are not aligned, C:/Users/valmac/FullScreenPokemon/src/components/constants/Pokemon.ts [1899, 24]: elements are not aligned, C:/Users/valmac/FullScreenPokemon/src/components/constants/Pokemon.ts [1902, 24]: elements are not aligned, C:/Users/valmac/FullScreenPokemon/src/components/constants/Pokemon.ts [1905, 24]: elements are not aligned, C:/Users/valmac/FullScreenPokemon/src/components/constants/Pokemon.ts [1908, 24]: elements are not aligned, C:/Users/valmac/FullScreenPokemon/src/components/constants/Pokemon.ts [1911, 24]: elements are not aligned, C:/Users/valmac/FullScreenPokemon/src/components/constants/Pokemon.ts [1914, 24]: elements are not aligned, C:/Users/valmac/FullScreenPokemon/src/components/constants/Pokemon.ts [1917, 24]: elements are not aligned, C:/Users/valmac/FullScreenPokemon/src/components/constants/Pokemon.ts [1920, 24]: elements are not aligned, C:/Users/valmac/FullScreenPokemon/src/components/constants/Pokemon.ts [1923, 24]: elements are not aligned, C:/Users/valmac/FullScreenPokemon/src/components/constants/Pokemon.ts [1926, 24]: elements are not aligned, C:/Users/valmac/FullScreenPokemon/src/components/constants/Pokemon.ts [1929, 24]: elements are not aligned, C:/Users/valmac/FullScreenPokemon/src/components/constants/Pokemon.ts [1964, 24]: elements are not aligned, C:/Users/valmac/FullScreenPokemon/src/components/constants/Pokemon.ts [1967, 24]: elements are not aligned, C:/Users/valmac/FullScreenPokemon/src/components/constants/Pokemon.ts [1970, 24]: elements are not aligned, C:/Users/valmac/FullScreenPokemon/src/components/constants/Pokemon.ts [1973, 24]: elements are not aligned, C:/Users/valmac/FullScreenPokemon/src/components/constants/Pokemon.ts [1976, 24]: elements are not aligned, C:/Users/valmac/FullScreenPokemon/src/components/constants/Pokemon.ts [1979, 24]: elements are not aligned, C:/Users/valmac/FullScreenPokemon/src/components/constants/Pokemon.ts [1982, 24]: elements are not aligned, C:/Users/valmac/FullScreenPokemon/src/components/constants/Pokemon.ts [1985, 24]: elements are not aligned, C:/Users/valmac/FullScreenPokemon/src/components/constants/Pokemon.ts [1994, 24]: elements are not aligned, C:/Users/valmac/FullScreenPokemon/src/components/constants/Pokemon.ts [1997, 24]: elements are not aligned, C:/Users/valmac/FullScreenPokemon/src/components/constants/Pokemon.ts [2000, 24]: elements are not aligned, C:/Users/valmac/FullScreenPokemon/src/components/constants/Pokemon.ts [2003, 24]: elements are not aligned, C:/Users/valmac/FullScreenPokemon/src/components/constants/Pokemon.ts [2006, 24]: elements are not aligned, C:/Users/valmac/FullScreenPokemon/src/components/constants/Pokemon.ts [2009, 24]: elements are not aligned, C:/Users/valmac/FullScreenPokemon/src/components/constants/Pokemon.ts [2012, 24]: elements are not aligned, C:/Users/valmac/FullScreenPokemon/src/components/constants/Pokemon.ts [2015, 24]: elements are not aligned, C:/Users/valmac/FullScreenPokemon/src/components/constants/Pokemon.ts [2018, 24]: elements are not aligned, C:/Users/valmac/FullScreenPokemon/src/components/constants/Pokemon.ts [2021, 24]: elements are not aligned, C:/Users/valmac/FullScreenPokemon/src/components/constants/Pokemon.ts [2024, 24]: elements are not aligned, C:/Users/valmac/FullScreenPokemon/src/components/constants/Pokemon.ts [2027, 24]: elements are not aligned, C:/Users/valmac/FullScreenPokemon/src/components/constants/Pokemon.ts [2030, 24]: elements are not aligned, C:/Users/valmac/FullScreenPokemon/src/components/constants/Pokemon.ts [2033, 24]: elements are not aligned, C:/Users/valmac/FullScreenPokemon/src/components/constants/Pokemon.ts [2036, 24]: elements are not aligned, C:/Users/valmac/FullScreenPokemon/src/components/constants/Pokemon.ts [2039, 24]: elements are not aligned, C:/Users/valmac/FullScreenPokemon/src/components/constants/Pokemon.ts [2042, 24]: elements are not aligned, C:/Users/valmac/FullScreenPokemon/src/components/constants/Pokemon.ts [2045, 24]: elements are not aligned, C:/Users/valmac/FullScreenPokemon/src/components/constants/Pokemon.ts [2048, 24]: elements are not aligned, C:/Users/valmac/FullScreenPokemon/src/components/constants/Pokemon.ts [2051, 24]: elements are not aligned, C:/Users/valmac/FullScreenPokemon/src/components/constants/Pokemon.ts [2054, 24]: elements are not aligned, C:/Users/valmac/FullScreenPokemon/src/components/constants/Pokemon.ts [2080, 24]: elements are not aligned, C:/Users/valmac/FullScreenPokemon/src/components/constants/Pokemon.ts [2083, 24]: elements are not aligned, C:/Users/valmac/FullScreenPokemon/src/components/constants/Pokemon.ts [2086, 24]: elements are not aligned, C:/Users/valmac/FullScreenPokemon/src/components/constants/Pokemon.ts [2094, 24]: elements are not aligned, C:/Users/valmac/FullScreenPokemon/src/components/constants/Pokemon.ts [2102, 24]: elements are not aligned, C:/Users/valmac/FullScreenPokemon/src/components/constants/Pokemon.ts [2137, 24]: elements are not aligned, C:/Users/valmac/FullScreenPokemon/src/components/constants/Pokemon.ts [2140, 24]: elements are not aligned, C:/Users/valmac/FullScreenPokemon/src/components/constants/Pokemon.ts [2143, 24]: elements are not aligned, C:/Users/valmac/FullScreenPokemon/src/components/constants/Pokemon.ts [2146, 24]: elements are not aligned, C:/Users/valmac/FullScreenPokemon/src/components/constants/Pokemon.ts [2149, 24]: elements are not aligned, C:/Users/valmac/FullScreenPokemon/src/components/constants/Pokemon.ts [2152, 24]: elements are not aligned, C:/Users/valmac/FullScreenPokemon/src/components/constants/Pokemon.ts [2155, 24]: elements are not aligned, C:/Users/valmac/FullScreenPokemon/src/components/constants/Pokemon.ts [2163, 24]: elements are not aligned, C:/Users/valmac/FullScreenPokemon/src/components/constants/Pokemon.ts [2171, 24]: elements are not aligned, C:/Users/valmac/FullScreenPokemon/src/components/constants/Pokemon.ts [2174, 24]: elements are not aligned, C:/Users/valmac/FullScreenPokemon/src/components/constants/Pokemon.ts [2177, 24]: elements are not aligned, C:/Users/valmac/FullScreenPokemon/src/components/constants/Pokemon.ts [2180, 24]: elements are not aligned, C:/Users/valmac/FullScreenPokemon/src/components/constants/Pokemon.ts [2183, 24]: elements are not aligned, C:/Users/valmac/FullScreenPokemon/src/components/constants/Pokemon.ts [2186, 24]: elements are not aligned, C:/Users/valmac/FullScreenPokemon/src/components/constants/Pokemon.ts [2189, 24]: elements are not aligned, C:/Users/valmac/FullScreenPokemon/src/components/constants/Pokemon.ts [2192, 24]: elements are not aligned, C:/Users/valmac/FullScreenPokemon/src/components/constants/Pokemon.ts [2195, 24]: elements are not aligned, C:/Users/valmac/FullScreenPokemon/src/components/constants/Pokemon.ts [2198, 24]: elements are not aligned, C:/Users/valmac/FullScreenPokemon/src/components/constants/Pokemon.ts [2201, 24]: elements are not aligned, C:/Users/valmac/FullScreenPokemon/src/components/constants/Pokemon.ts [2204, 24]: elements are not aligned, C:/Users/valmac/FullScreenPokemon/src/components/constants/Pokemon.ts [2207, 24]: elements are not aligned, C:/Users/valmac/FullScreenPokemon/src/components/constants/Pokemon.ts [2210, 24]: elements are not aligned, C:/Users/valmac/FullScreenPokemon/src/components/constants/Pokemon.ts [2213, 24]: elements are not aligned, C:/Users/valmac/FullScreenPokemon/src/components/constants/Pokemon.ts [2216, 24]: elements are not aligned, C:/Users/valmac/FullScreenPokemon/src/components/constants/Pokemon.ts [2219, 24]: elements are not aligned, C:/Users/valmac/FullScreenPokemon/src/components/constants/Pokemon.ts [2222, 24]: elements are not aligned, C:/Users/valmac/FullScreenPokemon/src/components/constants/Pokemon.ts [2225, 24]: elements are not aligned, C:/Users/valmac/FullScreenPokemon/src/components/constants/Pokemon.ts [2228, 24]: elements are not aligned, C:/Users/valmac/FullScreenPokemon/src/components/constants/Pokemon.ts [2231, 24]: elements are not aligned, C:/Users/valmac/FullScreenPokemon/src/components/constants/Pokemon.ts [2234, 24]: elements are not aligned, C:/Users/valmac/FullScreenPokemon/src/components/constants/Pokemon.ts [2237, 24]: elements are not aligned, C:/Users/valmac/FullScreenPokemon/src/components/constants/Pokemon.ts [2240, 24]: elements are not aligned, C:/Users/valmac/FullScreenPokemon/src/components/constants/Pokemon.ts [2243, 24]: elements are not aligned, C:/Users/valmac/FullScreenPokemon/src/components/constants/Pokemon.ts [2246, 24]: elements are not aligned, C:/Users/valmac/FullScreenPokemon/src/components/constants/Pokemon.ts [2249, 24]: elements are not aligned, C:/Users/valmac/FullScreenPokemon/src/components/constants/Pokemon.ts [2252, 24]: elements are not aligned, C:/Users/valmac/FullScreenPokemon/src/components/constants/Pokemon.ts [2255, 24]: elements are not aligned, C:/Users/valmac/FullScreenPokemon/src/components/constants/Pokemon.ts [2258, 24]: elements are not aligned, C:/Users/valmac/FullScreenPokemon/src/components/constants/Pokemon.ts [2284, 24]: elements are not aligned, C:/Users/valmac/FullScreenPokemon/src/components/constants/Pokemon.ts [2287, 24]: elements are not aligned, C:/Users/valmac/FullScreenPokemon/src/components/constants/Pokemon.ts [2290, 24]: elements are not aligned, C:/Users/valmac/FullScreenPokemon/src/components/constants/Pokemon.ts [2293, 24]: elements are not aligned, C:/Users/valmac/FullScreenPokemon/src/components/constants/Pokemon.ts [2333, 24]: elements are not aligned, C:/Users/valmac/FullScreenPokemon/src/components/constants/Pokemon.ts [2336, 24]: elements are not aligned, C:/Users/valmac/FullScreenPokemon/src/components/constants/Pokemon.ts [2339, 24]: elements are not aligned, C:/Users/valmac/FullScreenPokemon/src/components/constants/Pokemon.ts [2342, 24]: elements are not aligned, C:/Users/valmac/FullScreenPokemon/src/components/constants/Pokemon.ts [2345, 24]: elements are not aligned, C:/Users/valmac/FullScreenPokemon/src/components/constants/Pokemon.ts [2348, 24]: elements are not aligned, C:/Users/valmac/FullScreenPokemon/src/components/constants/Pokemon.ts [2360, 24]: elements are not aligned, C:/Users/valmac/FullScreenPokemon/src/components/constants/Pokemon.ts [2363, 24]: elements are not aligned, C:/Users/valmac/FullScreenPokemon/src/components/constants/Pokemon.ts [2366, 24]: elements are not aligned, C:/Users/valmac/FullScreenPokemon/src/components/constants/Pokemon.ts [2369, 24]: elements are not aligned, C:/Users/valmac/FullScreenPokemon/src/components/constants/Pokemon.ts [2372, 24]: elements are not aligned, C:/Users/valmac/FullScreenPokemon/src/components/constants/Pokemon.ts [2375, 24]: elements are not aligned, C:/Users/valmac/FullScreenPokemon/src/components/constants/Pokemon.ts [2378, 24]: elements are not aligned, C:/Users/valmac/FullScreenPokemon/src/components/constants/Pokemon.ts [2381, 24]: elements are not aligned, C:/Users/valmac/FullScreenPokemon/src/components/constants/Pokemon.ts [2384, 24]: elements are not aligned, C:/Users/valmac/FullScreenPokemon/src/components/constants/Pokemon.ts [2387, 24]: elements are not aligned, C:/Users/valmac/FullScreenPokemon/src/components/constants/Pokemon.ts [2390, 24]: elements are not aligned, C:/Users/valmac/FullScreenPokemon/src/components/constants/Pokemon.ts [2393, 24]: elements are not aligned, C:/Users/valmac/FullScreenPokemon/src/components/constants/Pokemon.ts [2396, 24]: elements are not aligned, C:/Users/valmac/FullScreenPokemon/src/components/constants/Pokemon.ts [2399, 24]: elements are not aligned, C:/Users/valmac/FullScreenPokemon/src/components/constants/Pokemon.ts [2402, 24]: elements are not aligned, C:/Users/valmac/FullScreenPokemon/src/components/constants/Pokemon.ts [2405, 24]: elements are not aligned, C:/Users/valmac/FullScreenPokemon/src/components/constants/Pokemon.ts [2408, 24]: elements are not aligned, C:/Users/valmac/FullScreenPokemon/src/components/constants/Pokemon.ts [2411, 24]: elements are not aligned, C:/Users/valmac/FullScreenPokemon/src/components/constants/Pokemon.ts [2414, 24]: elements are not aligned, C:/Users/valmac/FullScreenPokemon/src/components/constants/Pokemon.ts [2417, 24]: elements are not aligned, C:/Users/valmac/FullScreenPokemon/src/components/constants/Pokemon.ts [2420, 24]: elements are not aligned, C:/Users/valmac/FullScreenPokemon/src/components/constants/Pokemon.ts [2423, 24]: elements are not aligned, C:/Users/valmac/FullScreenPokemon/src/components/constants/Pokemon.ts [2426, 24]: elements are not aligned, C:/Users/valmac/FullScreenPokemon/src/components/constants/Pokemon.ts [2452, 24]: elements are not aligned, C:/Users/valmac/FullScreenPokemon/src/components/constants/Pokemon.ts [2455, 24]: elements are not aligned, C:/Users/valmac/FullScreenPokemon/src/components/constants/Pokemon.ts [2458, 24]: elements are not aligned, C:/Users/valmac/FullScreenPokemon/src/components/constants/Pokemon.ts [2461, 24]: elements are not aligned, C:/Users/valmac/FullScreenPokemon/src/components/constants/Pokemon.ts [2464, 24]: elements are not aligned, C:/Users/valmac/FullScreenPokemon/src/components/constants/Pokemon.ts [2467, 24]: elements are not aligned, C:/Users/valmac/FullScreenPokemon/src/components/constants/Pokemon.ts [2470, 24]: elements are not aligned, C:/Users/valmac/FullScreenPokemon/src/components/constants/Pokemon.ts [2479, 24]: elements are not aligned, C:/Users/valmac/FullScreenPokemon/src/components/constants/Pokemon.ts [2482, 24]: elements are not aligned, C:/Users/valmac/FullScreenPokemon/src/components/constants/Pokemon.ts [2485, 24]: elements are not aligned, C:/Users/valmac/FullScreenPokemon/src/components/constants/Pokemon.ts [2488, 24]: elements are not aligned, C:/Users/valmac/FullScreenPokemon/src/components/constants/Pokemon.ts [2491, 24]: elements are not aligned, C:/Users/valmac/FullScreenPokemon/src/components/constants/Pokemon.ts [2494, 24]: elements are not aligned, C:/Users/valmac/FullScreenPokemon/src/components/constants/Pokemon.ts [2497, 24]: elements are not aligned, C:/Users/valmac/FullScreenPokemon/src/components/constants/Pokemon.ts [2500, 24]: elements are not aligned, C:/Users/valmac/FullScreenPokemon/src/components/constants/Pokemon.ts [2503, 24]: elements are not aligned, C:/Users/valmac/FullScreenPokemon/src/components/constants/Pokemon.ts [2506, 24]: elements are not aligned, C:/Users/valmac/FullScreenPokemon/src/components/constants/Pokemon.ts [2509, 24]: elements are not aligned, C:/Users/valmac/FullScreenPokemon/src/components/constants/Pokemon.ts [2512, 24]: elements are not aligned, C:/Users/valmac/FullScreenPokemon/src/components/constants/Pokemon.ts [2515, 24]: elements are not aligned, C:/Users/valmac/FullScreenPokemon/src/components/constants/Pokemon.ts [2518, 24]: elements are not aligned, C:/Users/valmac/FullScreenPokemon/src/components/constants/Pokemon.ts [2521, 24]: elements are not aligned, C:/Users/valmac/FullScreenPokemon/src/components/constants/Pokemon.ts [2524, 24]: elements are not aligned, C:/Users/valmac/FullScreenPokemon/src/components/constants/Pokemon.ts [2527, 24]: elements are not aligned, C:/Users/valmac/FullScreenPokemon/src/components/constants/Pokemon.ts [2562, 24]: elements are not aligned, C:/Users/valmac/FullScreenPokemon/src/components/constants/Pokemon.ts [2565, 24]: elements are not aligned, C:/Users/valmac/FullScreenPokemon/src/components/constants/Pokemon.ts [2568, 24]: elements are not aligned, C:/Users/valmac/FullScreenPokemon/src/components/constants/Pokemon.ts [2571, 24]: elements are not aligned, C:/Users/valmac/FullScreenPokemon/src/components/constants/Pokemon.ts [2574, 24]: elements are not aligned, C:/Users/valmac/FullScreenPokemon/src/components/constants/Pokemon.ts [2582, 24]: elements are not aligned, C:/Users/valmac/FullScreenPokemon/src/components/constants/Pokemon.ts [2585, 24]: elements are not aligned, C:/Users/valmac/FullScreenPokemon/src/components/constants/Pokemon.ts [2588, 24]: elements are not aligned, C:/Users/valmac/FullScreenPokemon/src/components/constants/Pokemon.ts [2591, 24]: elements are not aligned, C:/Users/valmac/FullScreenPokemon/src/components/constants/Pokemon.ts [2594, 24]: elements are not aligned, C:/Users/valmac/FullScreenPokemon/src/components/constants/Pokemon.ts [2597, 24]: elements are not aligned, C:/Users/valmac/FullScreenPokemon/src/components/constants/Pokemon.ts [2600, 24]: elements are not aligned, C:/Users/valmac/FullScreenPokemon/src/components/constants/Pokemon.ts [2603, 24]: elements are not aligned, C:/Users/valmac/FullScreenPokemon/src/components/constants/Pokemon.ts [2606, 24]: elements are not aligned, C:/Users/valmac/FullScreenPokemon/src/components/constants/Pokemon.ts [2609, 24]: elements are not aligned, C:/Users/valmac/FullScreenPokemon/src/components/constants/Pokemon.ts [2612, 24]: elements are not aligned, C:/Users/valmac/FullScreenPokemon/src/components/constants/Pokemon.ts [2615, 24]: elements are not aligned, C:/Users/valmac/FullScreenPokemon/src/components/constants/Pokemon.ts [2618, 24]: elements are not aligned, C:/Users/valmac/FullScreenPokemon/src/components/constants/Pokemon.ts [2626, 24]: elements are not aligned, C:/Users/valmac/FullScreenPokemon/src/components/constants/Pokemon.ts [2629, 24]: elements are not aligned, C:/Users/valmac/FullScreenPokemon/src/components/constants/Pokemon.ts [2632, 24]: elements are not aligned, C:/Users/valmac/FullScreenPokemon/src/components/constants/Pokemon.ts [2635, 24]: elements are not aligned, C:/Users/valmac/FullScreenPokemon/src/components/constants/Pokemon.ts [2638, 24]: elements are not aligned, C:/Users/valmac/FullScreenPokemon/src/components/constants/Pokemon.ts [2688, 24]: elements are not aligned, C:/Users/valmac/FullScreenPokemon/src/components/constants/Pokemon.ts [2691, 24]: elements are not aligned, C:/Users/valmac/FullScreenPokemon/src/components/constants/Pokemon.ts [2694, 24]: elements are not aligned, C:/Users/valmac/FullScreenPokemon/src/components/constants/Pokemon.ts [2697, 24]: elements are not aligned, C:/Users/valmac/FullScreenPokemon/src/components/constants/Pokemon.ts [2700, 24]: elements are not aligned, C:/Users/valmac/FullScreenPokemon/src/components/constants/Pokemon.ts [2703, 24]: elements are not aligned, C:/Users/valmac/FullScreenPokemon/src/components/constants/Pokemon.ts [2706, 24]: elements are not aligned, C:/Users/valmac/FullScreenPokemon/src/components/constants/Pokemon.ts [2709, 24]: elements are not aligned, C:/Users/valmac/FullScreenPokemon/src/components/constants/Pokemon.ts [2718, 24]: elements are not aligned, C:/Users/valmac/FullScreenPokemon/src/components/constants/Pokemon.ts [2721, 24]: elements are not aligned, C:/Users/valmac/FullScreenPokemon/src/components/constants/Pokemon.ts [2724, 24]: elements are not aligned, C:/Users/valmac/FullScreenPokemon/src/components/constants/Pokemon.ts [2727, 24]: elements are not aligned, C:/Users/valmac/FullScreenPokemon/src/components/constants/Pokemon.ts [2730, 24]: elements are not aligned, C:/Users/valmac/FullScreenPokemon/src/components/constants/Pokemon.ts [2733, 24]: elements are not aligned, C:/Users/valmac/FullScreenPokemon/src/components/constants/Pokemon.ts [2736, 24]: elements are not aligned, C:/Users/valmac/FullScreenPokemon/src/components/constants/Pokemon.ts [2739, 24]: elements are not aligned, C:/Users/valmac/FullScreenPokemon/src/components/constants/Pokemon.ts [2742, 24]: elements are not aligned, C:/Users/valmac/FullScreenPokemon/src/components/constants/Pokemon.ts [2745, 24]: elements are not aligned, C:/Users/valmac/FullScreenPokemon/src/components/constants/Pokemon.ts [2748, 24]: elements are not aligned, C:/Users/valmac/FullScreenPokemon/src/components/constants/Pokemon.ts [2751, 24]: elements are not aligned, C:/Users/valmac/FullScreenPokemon/src/components/constants/Pokemon.ts [2754, 24]: elements are not aligned, C:/Users/valmac/FullScreenPokemon/src/components/constants/Pokemon.ts [2757, 24]: elements are not aligned, C:/Users/valmac/FullScreenPokemon/src/components/constants/Pokemon.ts [2760, 24]: elements are not aligned, C:/Users/valmac/FullScreenPokemon/src/components/constants/Pokemon.ts [2795, 24]: elements are not aligned, C:/Users/valmac/FullScreenPokemon/src/components/constants/Pokemon.ts [2798, 24]: elements are not aligned, C:/Users/valmac/FullScreenPokemon/src/components/constants/Pokemon.ts [2801, 24]: elements are not aligned, C:/Users/valmac/FullScreenPokemon/src/components/constants/Pokemon.ts [2804, 24]: elements are not aligned, C:/Users/valmac/FullScreenPokemon/src/components/constants/Pokemon.ts [2807, 24]: elements are not aligned, C:/Users/valmac/FullScreenPokemon/src/components/constants/Pokemon.ts [2810, 24]: elements are not aligned, C:/Users/valmac/FullScreenPokemon/src/components/constants/Pokemon.ts [2822, 24]: elements are not aligned, C:/Users/valmac/FullScreenPokemon/src/components/constants/Pokemon.ts [2825, 24]: elements are not aligned, C:/Users/valmac/FullScreenPokemon/src/components/constants/Pokemon.ts [2828, 24]: elements are not aligned, C:/Users/valmac/FullScreenPokemon/src/components/constants/Pokemon.ts [2831, 24]: elements are not aligned, C:/Users/valmac/FullScreenPokemon/src/components/constants/Pokemon.ts [2834, 24]: elements are not aligned, C:/Users/valmac/FullScreenPokemon/src/components/constants/Pokemon.ts [2837, 24]: elements are not aligned, C:/Users/valmac/FullScreenPokemon/src/components/constants/Pokemon.ts [2840, 24]: elements are not aligned, C:/Users/valmac/FullScreenPokemon/src/components/constants/Pokemon.ts [2843, 24]: elements are not aligned, C:/Users/valmac/FullScreenPokemon/src/components/constants/Pokemon.ts [2846, 24]: elements are not aligned, C:/Users/valmac/FullScreenPokemon/src/components/constants/Pokemon.ts [2849, 24]: elements are not aligned, C:/Users/valmac/FullScreenPokemon/src/components/constants/Pokemon.ts [2852, 24]: elements are not aligned, C:/Users/valmac/FullScreenPokemon/src/components/constants/Pokemon.ts [2855, 24]: elements are not aligned, C:/Users/valmac/FullScreenPokemon/src/components/constants/Pokemon.ts [2858, 24]: elements are not aligned, C:/Users/valmac/FullScreenPokemon/src/components/constants/Pokemon.ts [2861, 24]: elements are not aligned, C:/Users/valmac/FullScreenPokemon/src/components/constants/Pokemon.ts [2896, 24]: elements are not aligned, C:/Users/valmac/FullScreenPokemon/src/components/constants/Pokemon.ts [2899, 24]: elements are not aligned, C:/Users/valmac/FullScreenPokemon/src/components/constants/Pokemon.ts [2902, 24]: elements are not aligned, C:/Users/valmac/FullScreenPokemon/src/components/constants/Pokemon.ts [2905, 24]: elements are not aligned, C:/Users/valmac/FullScreenPokemon/src/components/constants/Pokemon.ts [2908, 24]: elements are not aligned, C:/Users/valmac/FullScreenPokemon/src/components/constants/Pokemon.ts [2911, 24]: elements are not aligned, C:/Users/valmac/FullScreenPokemon/src/components/constants/Pokemon.ts [2914, 24]: elements are not aligned, C:/Users/valmac/FullScreenPokemon/src/components/constants/Pokemon.ts [2923, 24]: elements are not aligned, C:/Users/valmac/FullScreenPokemon/src/components/constants/Pokemon.ts [2926, 24]: elements are not aligned, C:/Users/valmac/FullScreenPokemon/src/components/constants/Pokemon.ts [2929, 24]: elements are not aligned, C:/Users/valmac/FullScreenPokemon/src/components/constants/Pokemon.ts [2932, 24]: elements are not aligned, C:/Users/valmac/FullScreenPokemon/src/components/constants/Pokemon.ts [2935, 24]: elements are not aligned, C:/Users/valmac/FullScreenPokemon/src/components/constants/Pokemon.ts [2938, 24]: elements are not aligned, C:/Users/valmac/FullScreenPokemon/src/components/constants/Pokemon.ts [2941, 24]: elements are not aligned, C:/Users/valmac/FullScreenPokemon/src/components/constants/Pokemon.ts [2944, 24]: elements are not aligned, C:/Users/valmac/FullScreenPokemon/src/components/constants/Pokemon.ts [2947, 24]: elements are not aligned, C:/Users/valmac/FullScreenPokemon/src/components/constants/Pokemon.ts [2950, 24]: elements are not aligned, C:/Users/valmac/FullScreenPokemon/src/components/constants/Pokemon.ts [2953, 24]: elements are not aligned, C:/Users/valmac/FullScreenPokemon/src/components/constants/Pokemon.ts [2956, 24]: elements are not aligned, C:/Users/valmac/FullScreenPokemon/src/components/constants/Pokemon.ts [2959, 24]: elements are not aligned, C:/Users/valmac/FullScreenPokemon/src/components/constants/Pokemon.ts [2962, 24]: elements are not aligned, C:/Users/valmac/FullScreenPokemon/src/components/constants/Pokemon.ts [2965, 24]: elements are not aligned, C:/Users/valmac/FullScreenPokemon/src/components/constants/Pokemon.ts [2968, 24]: elements are not aligned, C:/Users/valmac/FullScreenPokemon/src/components/constants/Pokemon.ts [2971, 24]: elements are not aligned, C:/Users/valmac/FullScreenPokemon/src/components/constants/Pokemon.ts [2974, 24]: elements are not aligned, C:/Users/valmac/FullScreenPokemon/src/components/constants/Pokemon.ts [2977, 24]: elements are not aligned, C:/Users/valmac/FullScreenPokemon/src/components/constants/Pokemon.ts [2980, 24]: elements are not aligned, C:/Users/valmac/FullScreenPokemon/src/components/constants/Pokemon.ts [2983, 24]: elements are not aligned, C:/Users/valmac/FullScreenPokemon/src/components/constants/Pokemon.ts [2986, 24]: elements are not aligned, C:/Users/valmac/FullScreenPokemon/src/components/constants/Pokemon.ts [3012, 24]: elements are not aligned, C:/Users/valmac/FullScreenPokemon/src/components/constants/Pokemon.ts [3015, 24]: elements are not aligned, C:/Users/valmac/FullScreenPokemon/src/components/constants/Pokemon.ts [3018, 24]: elements are not aligned, C:/Users/valmac/FullScreenPokemon/src/components/constants/Pokemon.ts [3021, 24]: elements are not aligned, C:/Users/valmac/FullScreenPokemon/src/components/constants/Pokemon.ts [3024, 24]: elements are not aligned, C:/Users/valmac/FullScreenPokemon/src/components/constants/Pokemon.ts [3027, 24]: elements are not aligned, C:/Users/valmac/FullScreenPokemon/src/components/constants/Pokemon.ts [3030, 24]: elements are not aligned, C:/Users/valmac/FullScreenPokemon/src/components/constants/Pokemon.ts [3033, 24]: elements are not aligned, C:/Users/valmac/FullScreenPokemon/src/components/constants/Pokemon.ts [3041, 24]: elements are not aligned, C:/Users/valmac/FullScreenPokemon/src/components/constants/Pokemon.ts [3049, 24]: elements are not aligned, C:/Users/valmac/FullScreenPokemon/src/components/constants/Pokemon.ts [3052, 24]: elements are not aligned, C:/Users/valmac/FullScreenPokemon/src/components/constants/Pokemon.ts [3055, 24]: elements are not aligned, C:/Users/valmac/FullScreenPokemon/src/components/constants/Pokemon.ts [3058, 24]: elements are not aligned, C:/Users/valmac/FullScreenPokemon/src/components/constants/Pokemon.ts [3061, 24]: elements are not aligned, C:/Users/valmac/FullScreenPokemon/src/components/constants/Pokemon.ts [3064, 24]: elements are not aligned, C:/Users/valmac/FullScreenPokemon/src/components/constants/Pokemon.ts [3067, 24]: elements are not aligned, C:/Users/valmac/FullScreenPokemon/src/components/constants/Pokemon.ts [3070, 24]: elements are not aligned, C:/Users/valmac/FullScreenPokemon/src/components/constants/Pokemon.ts [3073, 24]: elements are not aligned, C:/Users/valmac/FullScreenPokemon/src/components/constants/Pokemon.ts [3076, 24]: elements are not aligned, C:/Users/valmac/FullScreenPokemon/src/components/constants/Pokemon.ts [3079, 24]: elements are not aligned, C:/Users/valmac/FullScreenPokemon/src/components/constants/Pokemon.ts [3082, 24]: elements are not aligned, C:/Users/valmac/FullScreenPokemon/src/components/constants/Pokemon.ts [3085, 24]: elements are not aligned, C:/Users/valmac/FullScreenPokemon/src/components/constants/Pokemon.ts [3088, 24]: elements are not aligned, C:/Users/valmac/FullScreenPokemon/src/components/constants/Pokemon.ts [3091, 24]: elements are not aligned, C:/Users/valmac/FullScreenPokemon/src/components/constants/Pokemon.ts [3094, 24]: elements are not aligned, C:/Users/valmac/FullScreenPokemon/src/components/constants/Pokemon.ts [3097, 24]: elements are not aligned, C:/Users/valmac/FullScreenPokemon/src/components/constants/Pokemon.ts [3100, 24]: elements are not aligned, C:/Users/valmac/FullScreenPokemon/src/components/constants/Pokemon.ts [3103, 24]: elements are not aligned, C:/Users/valmac/FullScreenPokemon/src/components/constants/Pokemon.ts [3106, 24]: elements are not aligned, C:/Users/valmac/FullScreenPokemon/src/components/constants/Pokemon.ts [3109, 24]: elements are not aligned, C:/Users/valmac/FullScreenPokemon/src/components/constants/Pokemon.ts [3112, 24]: elements are not aligned, C:/Users/valmac/FullScreenPokemon/src/components/constants/Pokemon.ts [3115, 24]: elements are not aligned, C:/Users/valmac/FullScreenPokemon/src/components/constants/Pokemon.ts [3118, 24]: elements are not aligned, C:/Users/valmac/FullScreenPokemon/src/components/constants/Pokemon.ts [3153, 24]: elements are not aligned, C:/Users/valmac/FullScreenPokemon/src/components/constants/Pokemon.ts [3156, 24]: elements are not aligned, C:/Users/valmac/FullScreenPokemon/src/components/constants/Pokemon.ts [3159, 24]: elements are not aligned, C:/Users/valmac/FullScreenPokemon/src/components/constants/Pokemon.ts [3162, 24]: elements are not aligned, C:/Users/valmac/FullScreenPokemon/src/components/constants/Pokemon.ts [3165, 24]: elements are not aligned, C:/Users/valmac/FullScreenPokemon/src/components/constants/Pokemon.ts [3168, 24]: elements are not aligned, C:/Users/valmac/FullScreenPokemon/src/components/constants/Pokemon.ts [3180, 24]: elements are not aligned, C:/Users/valmac/FullScreenPokemon/src/components/constants/Pokemon.ts [3183, 24]: elements are not aligned, C:/Users/valmac/FullScreenPokemon/src/components/constants/Pokemon.ts [3186, 24]: elements are not aligned, C:/Users/valmac/FullScreenPokemon/src/components/constants/Pokemon.ts [3189, 24]: elements are not aligned, C:/Users/valmac/FullScreenPokemon/src/components/constants/Pokemon.ts [3192, 24]: elements are not aligned, C:/Users/valmac/FullScreenPokemon/src/components/constants/Pokemon.ts [3195, 24]: elements are not aligned, C:/Users/valmac/FullScreenPokemon/src/components/constants/Pokemon.ts [3198, 24]: elements are not aligned, C:/Users/valmac/FullScreenPokemon/src/components/constants/Pokemon.ts [3201, 24]: elements are not aligned, C:/Users/valmac/FullScreenPokemon/src/components/constants/Pokemon.ts [3204, 24]: elements are not aligned, C:/Users/valmac/FullScreenPokemon/src/components/constants/Pokemon.ts [3207, 24]: elements are not aligned, C:/Users/valmac/FullScreenPokemon/src/components/constants/Pokemon.ts [3210, 24]: elements are not aligned, C:/Users/valmac/FullScreenPokemon/src/components/constants/Pokemon.ts [3213, 24]: elements are not aligned, C:/Users/valmac/FullScreenPokemon/src/components/constants/Pokemon.ts [3216, 24]: elements are not aligned, C:/Users/valmac/FullScreenPokemon/src/components/constants/Pokemon.ts [3219, 24]: elements are not aligned, C:/Users/valmac/FullScreenPokemon/src/components/constants/Pokemon.ts [3222, 24]: elements are not aligned, C:/Users/valmac/FullScreenPokemon/src/components/constants/Pokemon.ts [3225, 24]: elements are not aligned, C:/Users/valmac/FullScreenPokemon/src/components/constants/Pokemon.ts [3228, 24]: elements are not aligned, C:/Users/valmac/FullScreenPokemon/src/components/constants/Pokemon.ts [3231, 24]: elements are not aligned, C:/Users/valmac/FullScreenPokemon/src/components/constants/Pokemon.ts [3234, 24]: elements are not aligned, C:/Users/valmac/FullScreenPokemon/src/components/constants/Pokemon.ts [3237, 24]: elements are not aligned, C:/Users/valmac/FullScreenPokemon/src/components/constants/Pokemon.ts [3240, 24]: elements are not aligned, C:/Users/valmac/FullScreenPokemon/src/components/constants/Pokemon.ts [3275, 24]: elements are not aligned, C:/Users/valmac/FullScreenPokemon/src/components/constants/Pokemon.ts [3278, 24]: elements are not aligned, C:/Users/valmac/FullScreenPokemon/src/components/constants/Pokemon.ts [3281, 24]: elements are not aligned, C:/Users/valmac/FullScreenPokemon/src/components/constants/Pokemon.ts [3284, 24]: elements are not aligned, C:/Users/valmac/FullScreenPokemon/src/components/constants/Pokemon.ts [3287, 24]: elements are not aligned, C:/Users/valmac/FullScreenPokemon/src/components/constants/Pokemon.ts [3290, 24]: elements are not aligned, C:/Users/valmac/FullScreenPokemon/src/components/constants/Pokemon.ts [3293, 24]: elements are not aligned, C:/Users/valmac/FullScreenPokemon/src/components/constants/Pokemon.ts [3302, 24]: elements are not aligned, C:/Users/valmac/FullScreenPokemon/src/components/constants/Pokemon.ts [3305, 24]: elements are not aligned, C:/Users/valmac/FullScreenPokemon/src/components/constants/Pokemon.ts [3308, 24]: elements are not aligned, C:/Users/valmac/FullScreenPokemon/src/components/constants/Pokemon.ts [3311, 24]: elements are not aligned, C:/Users/valmac/FullScreenPokemon/src/components/constants/Pokemon.ts [3314, 24]: elements are not aligned, C:/Users/valmac/FullScreenPokemon/src/components/constants/Pokemon.ts [3317, 24]: elements are not aligned, C:/Users/valmac/FullScreenPokemon/src/components/constants/Pokemon.ts [3320, 24]: elements are not aligned, C:/Users/valmac/FullScreenPokemon/src/components/constants/Pokemon.ts [3323, 24]: elements are not aligned, C:/Users/valmac/FullScreenPokemon/src/components/constants/Pokemon.ts [3326, 24]: elements are not aligned, C:/Users/valmac/FullScreenPokemon/src/components/constants/Pokemon.ts [3329, 24]: elements are not aligned, C:/Users/valmac/FullScreenPokemon/src/components/constants/Pokemon.ts [3332, 24]: elements are not aligned, C:/Users/valmac/FullScreenPokemon/src/components/constants/Pokemon.ts [3335, 24]: elements are not aligned, C:/Users/valmac/FullScreenPokemon/src/components/constants/Pokemon.ts [3338, 24]: elements are not aligned, C:/Users/valmac/FullScreenPokemon/src/components/constants/Pokemon.ts [3341, 24]: elements are not aligned, C:/Users/valmac/FullScreenPokemon/src/components/constants/Pokemon.ts [3344, 24]: elements are not aligned, C:/Users/valmac/FullScreenPokemon/src/components/constants/Pokemon.ts [3347, 24]: elements are not aligned, C:/Users/valmac/FullScreenPokemon/src/components/constants/Pokemon.ts [3350, 24]: elements are not aligned, C:/Users/valmac/FullScreenPokemon/src/components/constants/Pokemon.ts [3353, 24]: elements are not aligned, C:/Users/valmac/FullScreenPokemon/src/components/constants/Pokemon.ts [3356, 24]: elements are not aligned, C:/Users/valmac/FullScreenPokemon/src/components/constants/Pokemon.ts [3359, 24]: elements are not aligned, C:/Users/valmac/FullScreenPokemon/src/components/constants/Pokemon.ts [3362, 24]: elements are not aligned, C:/Users/valmac/FullScreenPokemon/src/components/constants/Pokemon.ts [3365, 24]: elements are not aligned, C:/Users/valmac/FullScreenPokemon/src/components/constants/Pokemon.ts [3368, 24]: elements are not aligned, C:/Users/valmac/FullScreenPokemon/src/components/constants/Pokemon.ts [3394, 24]: elements are not aligned, C:/Users/valmac/FullScreenPokemon/src/components/constants/Pokemon.ts [3397, 24]: elements are not aligned, C:/Users/valmac/FullScreenPokemon/src/components/constants/Pokemon.ts [3400, 24]: elements are not aligned, C:/Users/valmac/FullScreenPokemon/src/components/constants/Pokemon.ts [3403, 24]: elements are not aligned, C:/Users/valmac/FullScreenPokemon/src/components/constants/Pokemon.ts [3406, 24]: elements are not aligned, C:/Users/valmac/FullScreenPokemon/src/components/constants/Pokemon.ts [3409, 24]: elements are not aligned, C:/Users/valmac/FullScreenPokemon/src/components/constants/Pokemon.ts [3412, 24]: elements are not aligned, C:/Users/valmac/FullScreenPokemon/src/components/constants/Pokemon.ts [3421, 24]: elements are not aligned, C:/Users/valmac/FullScreenPokemon/src/components/constants/Pokemon.ts [3424, 24]: elements are not aligned, C:/Users/valmac/FullScreenPokemon/src/components/constants/Pokemon.ts [3427, 24]: elements are not aligned, C:/Users/valmac/FullScreenPokemon/src/components/constants/Pokemon.ts [3430, 24]: elements are not aligned, C:/Users/valmac/FullScreenPokemon/src/components/constants/Pokemon.ts [3433, 24]: elements are not aligned, C:/Users/valmac/FullScreenPokemon/src/components/constants/Pokemon.ts [3436, 24]: elements are not aligned, C:/Users/valmac/FullScreenPokemon/src/components/constants/Pokemon.ts [3439, 24]: elements are not aligned, C:/Users/valmac/FullScreenPokemon/src/components/constants/Pokemon.ts [3494, 24]: elements are not aligned, C:/Users/valmac/FullScreenPokemon/src/components/constants/Pokemon.ts [3497, 24]: elements are not aligned, C:/Users/valmac/FullScreenPokemon/src/components/constants/Pokemon.ts [3500, 24]: elements are not aligned, C:/Users/valmac/FullScreenPokemon/src/components/constants/Pokemon.ts [3503, 24]: elements are not aligned, C:/Users/valmac/FullScreenPokemon/src/components/constants/Pokemon.ts [3506, 24]: elements are not aligned, C:/Users/valmac/FullScreenPokemon/src/components/constants/Pokemon.ts [3514, 24]: elements are not aligned, C:/Users/valmac/FullScreenPokemon/src/components/constants/Pokemon.ts [3517, 24]: elements are not aligned, C:/Users/valmac/FullScreenPokemon/src/components/constants/Pokemon.ts [3520, 24]: elements are not aligned, C:/Users/valmac/FullScreenPokemon/src/components/constants/Pokemon.ts [3523, 24]: elements are not aligned, C:/Users/valmac/FullScreenPokemon/src/components/constants/Pokemon.ts [3526, 24]: elements are not aligned, C:/Users/valmac/FullScreenPokemon/src/components/constants/Pokemon.ts [3529, 24]: elements are not aligned, C:/Users/valmac/FullScreenPokemon/src/components/constants/Pokemon.ts [3532, 24]: elements are not aligned, C:/Users/valmac/FullScreenPokemon/src/components/constants/Pokemon.ts [3535, 24]: elements are not aligned, C:/Users/valmac/FullScreenPokemon/src/components/constants/Pokemon.ts [3538, 24]: elements are not aligned, C:/Users/valmac/FullScreenPokemon/src/components/constants/Pokemon.ts [3541, 24]: elements are not aligned, C:/Users/valmac/FullScreenPokemon/src/components/constants/Pokemon.ts [3544, 24]: elements are not aligned, C:/Users/valmac/FullScreenPokemon/src/components/constants/Pokemon.ts [3547, 24]: elements are not aligned, C:/Users/valmac/FullScreenPokemon/src/components/constants/Pokemon.ts [3555, 24]: elements are not aligned, C:/Users/valmac/FullScreenPokemon/src/components/constants/Pokemon.ts [3558, 24]: elements are not aligned, C:/Users/valmac/FullScreenPokemon/src/components/constants/Pokemon.ts [3561, 24]: elements are not aligned, C:/Users/valmac/FullScreenPokemon/src/components/constants/Pokemon.ts [3564, 24]: elements are not aligned, C:/Users/valmac/FullScreenPokemon/src/components/constants/Pokemon.ts [3567, 24]: elements are not aligned, C:/Users/valmac/FullScreenPokemon/src/components/constants/Pokemon.ts [3570, 24]: elements are not aligned, C:/Users/valmac/FullScreenPokemon/src/components/constants/Pokemon.ts [3573, 24]: elements are not aligned, C:/Users/valmac/FullScreenPokemon/src/components/constants/Pokemon.ts [3608, 24]: elements are not aligned, C:/Users/valmac/FullScreenPokemon/src/components/constants/Pokemon.ts [3611, 24]: elements are not aligned, C:/Users/valmac/FullScreenPokemon/src/components/constants/Pokemon.ts [3614, 24]: elements are not aligned, C:/Users/valmac/FullScreenPokemon/src/components/constants/Pokemon.ts [3617, 24]: elements are not aligned, C:/Users/valmac/FullScreenPokemon/src/components/constants/Pokemon.ts [3620, 24]: elements are not aligned, C:/Users/valmac/FullScreenPokemon/src/components/constants/Pokemon.ts [3623, 24]: elements are not aligned, C:/Users/valmac/FullScreenPokemon/src/components/constants/Pokemon.ts [3632, 24]: elements are not aligned, C:/Users/valmac/FullScreenPokemon/src/components/constants/Pokemon.ts [3635, 24]: elements are not aligned, C:/Users/valmac/FullScreenPokemon/src/components/constants/Pokemon.ts [3638, 24]: elements are not aligned, C:/Users/valmac/FullScreenPokemon/src/components/constants/Pokemon.ts [3641, 24]: elements are not aligned, C:/Users/valmac/FullScreenPokemon/src/components/constants/Pokemon.ts [3644, 24]: elements are not aligned, C:/Users/valmac/FullScreenPokemon/src/components/constants/Pokemon.ts [3647, 24]: elements are not aligned, C:/Users/valmac/FullScreenPokemon/src/components/constants/Pokemon.ts [3650, 24]: elements are not aligned, C:/Users/valmac/FullScreenPokemon/src/components/constants/Pokemon.ts [3653, 24]: elements are not aligned, C:/Users/valmac/FullScreenPokemon/src/components/constants/Pokemon.ts [3656, 24]: elements are not aligned, C:/Users/valmac/FullScreenPokemon/src/components/constants/Pokemon.ts [3659, 24]: elements are not aligned, C:/Users/valmac/FullScreenPokemon/src/components/constants/Pokemon.ts [3662, 24]: elements are not aligned, C:/Users/valmac/FullScreenPokemon/src/components/constants/Pokemon.ts [3665, 24]: elements are not aligned, C:/Users/valmac/FullScreenPokemon/src/components/constants/Pokemon.ts [3668, 24]: elements are not aligned, C:/Users/valmac/FullScreenPokemon/src/components/constants/Pokemon.ts [3671, 24]: elements are not aligned, C:/Users/valmac/FullScreenPokemon/src/components/constants/Pokemon.ts [3674, 24]: elements are not aligned, C:/Users/valmac/FullScreenPokemon/src/components/constants/Pokemon.ts [3700, 24]: elements are not aligned, C:/Users/valmac/FullScreenPokemon/src/components/constants/Pokemon.ts [3703, 24]: elements are not aligned, C:/Users/valmac/FullScreenPokemon/src/components/constants/Pokemon.ts [3706, 24]: elements are not aligned, C:/Users/valmac/FullScreenPokemon/src/components/constants/Pokemon.ts [3709, 24]: elements are not aligned, C:/Users/valmac/FullScreenPokemon/src/components/constants/Pokemon.ts [3712, 24]: elements are not aligned, C:/Users/valmac/FullScreenPokemon/src/components/constants/Pokemon.ts [3715, 24]: elements are not aligned, C:/Users/valmac/FullScreenPokemon/src/components/constants/Pokemon.ts [3723, 24]: elements are not aligned, C:/Users/valmac/FullScreenPokemon/src/components/constants/Pokemon.ts [3731, 24]: elements are not aligned, C:/Users/valmac/FullScreenPokemon/src/components/constants/Pokemon.ts [3734, 24]: elements are not aligned, C:/Users/valmac/FullScreenPokemon/src/components/constants/Pokemon.ts [3737, 24]: elements are not aligned, C:/Users/valmac/FullScreenPokemon/src/components/constants/Pokemon.ts [3740, 24]: elements are not aligned, C:/Users/valmac/FullScreenPokemon/src/components/constants/Pokemon.ts [3743, 24]: elements are not aligned, C:/Users/valmac/FullScreenPokemon/src/components/constants/Pokemon.ts [3746, 24]: elements are not aligned, C:/Users/valmac/FullScreenPokemon/src/components/constants/Pokemon.ts [3749, 24]: elements are not aligned, C:/Users/valmac/FullScreenPokemon/src/components/constants/Pokemon.ts [3752, 24]: elements are not aligned, C:/Users/valmac/FullScreenPokemon/src/components/constants/Pokemon.ts [3755, 24]: elements are not aligned, C:/Users/valmac/FullScreenPokemon/src/components/constants/Pokemon.ts [3758, 24]: elements are not aligned, C:/Users/valmac/FullScreenPokemon/src/components/constants/Pokemon.ts [3761, 24]: elements are not aligned, C:/Users/valmac/FullScreenPokemon/src/components/constants/Pokemon.ts [3764, 24]: elements are not aligned, C:/Users/valmac/FullScreenPokemon/src/components/constants/Pokemon.ts [3767, 24]: elements are not aligned, C:/Users/valmac/FullScreenPokemon/src/components/constants/Pokemon.ts [3770, 24]: elements are not aligned, C:/Users/valmac/FullScreenPokemon/src/components/constants/Pokemon.ts [3773, 24]: elements are not aligned, C:/Users/valmac/FullScreenPokemon/src/components/constants/Pokemon.ts [3776, 24]: elements are not aligned, C:/Users/valmac/FullScreenPokemon/src/components/constants/Pokemon.ts [3779, 24]: elements are not aligned, C:/Users/valmac/FullScreenPokemon/src/components/constants/Pokemon.ts [3782, 24]: elements are not aligned, C:/Users/valmac/FullScreenPokemon/src/components/constants/Pokemon.ts [3785, 24]: elements are not aligned, C:/Users/valmac/FullScreenPokemon/src/components/constants/Pokemon.ts [3788, 24]: elements are not aligned, C:/Users/valmac/FullScreenPokemon/src/components/constants/Pokemon.ts [3791, 24]: elements are not aligned, C:/Users/valmac/FullScreenPokemon/src/components/constants/Pokemon.ts [3794, 24]: elements are not aligned, C:/Users/valmac/FullScreenPokemon/src/components/constants/Pokemon.ts [3797, 24]: elements are not aligned, C:/Users/valmac/FullScreenPokemon/src/components/constants/Pokemon.ts [3800, 24]: elements are not aligned, C:/Users/valmac/FullScreenPokemon/src/components/constants/Pokemon.ts [3803, 24]: elements are not aligned, C:/Users/valmac/FullScreenPokemon/src/components/constants/Pokemon.ts [3829, 24]: elements are not aligned, C:/Users/valmac/FullScreenPokemon/src/components/constants/Pokemon.ts [3832, 24]: elements are not aligned, C:/Users/valmac/FullScreenPokemon/src/components/constants/Pokemon.ts [3835, 24]: elements are not aligned, C:/Users/valmac/FullScreenPokemon/src/components/constants/Pokemon.ts [3838, 24]: elements are not aligned, C:/Users/valmac/FullScreenPokemon/src/components/constants/Pokemon.ts [3841, 24]: elements are not aligned, C:/Users/valmac/FullScreenPokemon/src/components/constants/Pokemon.ts [3844, 24]: elements are not aligned, C:/Users/valmac/FullScreenPokemon/src/components/constants/Pokemon.ts [3847, 24]: elements are not aligned, C:/Users/valmac/FullScreenPokemon/src/components/constants/Pokemon.ts [3855, 20]: elements are not aligned, C:/Users/valmac/FullScreenPokemon/src/components/constants/Pokemon.ts [3915, 14]: members are not aligned, C:/Users/valmac/FullScreenPokemon/src/components/constants/Pokemon.ts [3938, 24]: elements are not aligned, C:/Users/valmac/FullScreenPokemon/src/components/constants/Pokemon.ts [3941, 24]: elements are not aligned, C:/Users/valmac/FullScreenPokemon/src/components/constants/Pokemon.ts [3944, 24]: elements are not aligned, C:/Users/valmac/FullScreenPokemon/src/components/constants/Pokemon.ts [3947, 24]: elements are not aligned, C:/Users/valmac/FullScreenPokemon/src/components/constants/Pokemon.ts [3950, 24]: elements are not aligned, C:/Users/valmac/FullScreenPokemon/src/components/constants/Pokemon.ts [3953, 24]: elements are not aligned, C:/Users/valmac/FullScreenPokemon/src/components/constants/Pokemon.ts [3956, 24]: elements are not aligned, C:/Users/valmac/FullScreenPokemon/src/components/constants/Pokemon.ts [3965, 24]: elements are not aligned, C:/Users/valmac/FullScreenPokemon/src/components/constants/Pokemon.ts [3968, 24]: elements are not aligned, C:/Users/valmac/FullScreenPokemon/src/components/constants/Pokemon.ts [3971, 24]: elements are not aligned, C:/Users/valmac/FullScreenPokemon/src/components/constants/Pokemon.ts [3974, 24]: elements are not aligned, C:/Users/valmac/FullScreenPokemon/src/components/constants/Pokemon.ts [3977, 24]: elements are not aligned, C:/Users/valmac/FullScreenPokemon/src/components/constants/Pokemon.ts [3980, 24]: elements are not aligned, C:/Users/valmac/FullScreenPokemon/src/components/constants/Pokemon.ts [3983, 24]: elements are not aligned, C:/Users/valmac/FullScreenPokemon/src/components/constants/Pokemon.ts [4009, 24]: elements are not aligned, C:/Users/valmac/FullScreenPokemon/src/components/constants/Pokemon.ts [4012, 24]: elements are not aligned, C:/Users/valmac/FullScreenPokemon/src/components/constants/Pokemon.ts [4046, 24]: elements are not aligned, C:/Users/valmac/FullScreenPokemon/src/components/constants/Pokemon.ts [4049, 24]: elements are not aligned, C:/Users/valmac/FullScreenPokemon/src/components/constants/Pokemon.ts [4052, 24]: elements are not aligned, C:/Users/valmac/FullScreenPokemon/src/components/constants/Pokemon.ts [4055, 24]: elements are not aligned, C:/Users/valmac/FullScreenPokemon/src/components/constants/Pokemon.ts [4058, 24]: elements are not aligned, C:/Users/valmac/FullScreenPokemon/src/components/constants/Pokemon.ts [4061, 24]: elements are not aligned, C:/Users/valmac/FullScreenPokemon/src/components/constants/Pokemon.ts [4070, 24]: elements are not aligned, C:/Users/valmac/FullScreenPokemon/src/components/constants/Pokemon.ts [4073, 24]: elements are not aligned, C:/Users/valmac/FullScreenPokemon/src/components/constants/Pokemon.ts [4076, 24]: elements are not aligned, C:/Users/valmac/FullScreenPokemon/src/components/constants/Pokemon.ts [4079, 24]: elements are not aligned, C:/Users/valmac/FullScreenPokemon/src/components/constants/Pokemon.ts [4082, 24]: elements are not aligned, C:/Users/valmac/FullScreenPokemon/src/components/constants/Pokemon.ts [4085, 24]: elements are not aligned, C:/Users/valmac/FullScreenPokemon/src/components/constants/Pokemon.ts [4088, 24]: elements are not aligned, C:/Users/valmac/FullScreenPokemon/src/components/constants/Pokemon.ts [4091, 24]: elements are not aligned, C:/Users/valmac/FullScreenPokemon/src/components/constants/Pokemon.ts [4094, 24]: elements are not aligned, C:/Users/valmac/FullScreenPokemon/src/components/constants/Pokemon.ts [4097, 24]: elements are not aligned, C:/Users/valmac/FullScreenPokemon/src/components/constants/Pokemon.ts [4100, 24]: elements are not aligned, C:/Users/valmac/FullScreenPokemon/src/components/constants/Pokemon.ts [4103, 24]: elements are not aligned, C:/Users/valmac/FullScreenPokemon/src/components/constants/Pokemon.ts [4106, 24]: elements are not aligned, C:/Users/valmac/FullScreenPokemon/src/components/constants/Pokemon.ts [4109, 24]: elements are not aligned, C:/Users/valmac/FullScreenPokemon/src/components/constants/Pokemon.ts [4112, 24]: elements are not aligned, C:/Users/valmac/FullScreenPokemon/src/components/constants/Pokemon.ts [4138, 24]: elements are not aligned, C:/Users/valmac/FullScreenPokemon/src/components/constants/Pokemon.ts [4141, 24]: elements are not aligned, C:/Users/valmac/FullScreenPokemon/src/components/constants/Pokemon.ts [4144, 24]: elements are not aligned, C:/Users/valmac/FullScreenPokemon/src/components/constants/Pokemon.ts [4147, 24]: elements are not aligned, C:/Users/valmac/FullScreenPokemon/src/components/constants/Pokemon.ts [4150, 24]: elements are not aligned, C:/Users/valmac/FullScreenPokemon/src/components/constants/Pokemon.ts [4153, 24]: elements are not aligned, C:/Users/valmac/FullScreenPokemon/src/components/constants/Pokemon.ts [4156, 24]: elements are not aligned, C:/Users/valmac/FullScreenPokemon/src/components/constants/Pokemon.ts [4168, 24]: elements are not aligned, C:/Users/valmac/FullScreenPokemon/src/components/constants/Pokemon.ts [4171, 24]: elements are not aligned, C:/Users/valmac/FullScreenPokemon/src/components/constants/Pokemon.ts [4174, 24]: elements are not aligned, C:/Users/valmac/FullScreenPokemon/src/components/constants/Pokemon.ts [4177, 24]: elements are not aligned, C:/Users/valmac/FullScreenPokemon/src/components/constants/Pokemon.ts [4180, 24]: elements are not aligned, C:/Users/valmac/FullScreenPokemon/src/components/constants/Pokemon.ts [4183, 24]: elements are not aligned, C:/Users/valmac/FullScreenPokemon/src/components/constants/Pokemon.ts [4186, 24]: elements are not aligned, C:/Users/valmac/FullScreenPokemon/src/components/constants/Pokemon.ts [4189, 24]: elements are not aligned, C:/Users/valmac/FullScreenPokemon/src/components/constants/Pokemon.ts [4192, 24]: elements are not aligned, C:/Users/valmac/FullScreenPokemon/src/components/constants/Pokemon.ts [4195, 24]: elements are not aligned, C:/Users/valmac/FullScreenPokemon/src/components/constants/Pokemon.ts [4198, 24]: elements are not aligned, C:/Users/valmac/FullScreenPokemon/src/components/constants/Pokemon.ts [4201, 24]: elements are not aligned, C:/Users/valmac/FullScreenPokemon/src/components/constants/Pokemon.ts [4204, 24]: elements are not aligned, C:/Users/valmac/FullScreenPokemon/src/components/constants/Pokemon.ts [4230, 24]: elements are not aligned, C:/Users/valmac/FullScreenPokemon/src/components/constants/Pokemon.ts [4233, 24]: elements are not aligned, C:/Users/valmac/FullScreenPokemon/src/components/constants/Pokemon.ts [4236, 24]: elements are not aligned, C:/Users/valmac/FullScreenPokemon/src/components/constants/Pokemon.ts [4239, 24]: elements are not aligned, C:/Users/valmac/FullScreenPokemon/src/components/constants/Pokemon.ts [4242, 24]: elements are not aligned, C:/Users/valmac/FullScreenPokemon/src/components/constants/Pokemon.ts [4245, 24]: elements are not aligned, C:/Users/valmac/FullScreenPokemon/src/components/constants/Pokemon.ts [4248, 24]: elements are not aligned, C:/Users/valmac/FullScreenPokemon/src/components/constants/Pokemon.ts [4251, 24]: elements are not aligned, C:/Users/valmac/FullScreenPokemon/src/components/constants/Pokemon.ts [4254, 24]: elements are not aligned, C:/Users/valmac/FullScreenPokemon/src/components/constants/Pokemon.ts [4257, 24]: elements are not aligned, C:/Users/valmac/FullScreenPokemon/src/components/constants/Pokemon.ts [4260, 24]: elements are not aligned, C:/Users/valmac/FullScreenPokemon/src/components/constants/Pokemon.ts [4268, 24]: elements are not aligned, C:/Users/valmac/FullScreenPokemon/src/components/constants/Pokemon.ts [4271, 24]: elements are not aligned, C:/Users/valmac/FullScreenPokemon/src/components/constants/Pokemon.ts [4274, 24]: elements are not aligned, C:/Users/valmac/FullScreenPokemon/src/components/constants/Pokemon.ts [4277, 24]: elements are not aligned, C:/Users/valmac/FullScreenPokemon/src/components/constants/Pokemon.ts [4280, 24]: elements are not aligned, C:/Users/valmac/FullScreenPokemon/src/components/constants/Pokemon.ts [4283, 24]: elements are not aligned, C:/Users/valmac/FullScreenPokemon/src/components/constants/Pokemon.ts [4286, 24]: elements are not aligned, C:/Users/valmac/FullScreenPokemon/src/components/constants/Pokemon.ts [4289, 24]: elements are not aligned, C:/Users/valmac/FullScreenPokemon/src/components/constants/Pokemon.ts [4292, 24]: elements are not aligned, C:/Users/valmac/FullScreenPokemon/src/components/constants/Pokemon.ts [4295, 24]: elements are not aligned, C:/Users/valmac/FullScreenPokemon/src/components/constants/Pokemon.ts [4298, 24]: elements are not aligned, C:/Users/valmac/FullScreenPokemon/src/components/constants/Pokemon.ts [4301, 24]: elements are not aligned, C:/Users/valmac/FullScreenPokemon/src/components/constants/Pokemon.ts [4304, 24]: elements are not aligned, C:/Users/valmac/FullScreenPokemon/src/components/constants/Pokemon.ts [4307, 24]: elements are not aligned, C:/Users/valmac/FullScreenPokemon/src/components/constants/Pokemon.ts [4315, 24]: elements are not aligned, C:/Users/valmac/FullScreenPokemon/src/components/constants/Pokemon.ts [4318, 24]: elements are not aligned, C:/Users/valmac/FullScreenPokemon/src/components/constants/Pokemon.ts [4321, 24]: elements are not aligned, C:/Users/valmac/FullScreenPokemon/src/components/constants/Pokemon.ts [4324, 24]: elements are not aligned, C:/Users/valmac/FullScreenPokemon/src/components/constants/Pokemon.ts [4327, 24]: elements are not aligned, C:/Users/valmac/FullScreenPokemon/src/components/constants/Pokemon.ts [4330, 24]: elements are not aligned, C:/Users/valmac/FullScreenPokemon/src/components/constants/Pokemon.ts [4333, 24]: elements are not aligned, C:/Users/valmac/FullScreenPokemon/src/components/constants/Pokemon.ts [4336, 24]: elements are not aligned, C:/Users/valmac/FullScreenPokemon/src/components/constants/Pokemon.ts [4339, 24]: elements are not aligned, C:/Users/valmac/FullScreenPokemon/src/components/constants/Pokemon.ts [4342, 24]: elements are not aligned, C:/Users/valmac/FullScreenPokemon/src/components/constants/Pokemon.ts [4345, 24]: elements are not aligned, C:/Users/valmac/FullScreenPokemon/src/components/constants/Pokemon.ts [4348, 24]: elements are not aligned, C:/Users/valmac/FullScreenPokemon/src/components/constants/Pokemon.ts [4351, 24]: elements are not aligned, C:/Users/valmac/FullScreenPokemon/src/components/constants/Pokemon.ts [4354, 24]: elements are not aligned, C:/Users/valmac/FullScreenPokemon/src/components/constants/Pokemon.ts [4389, 24]: elements are not aligned, C:/Users/valmac/FullScreenPokemon/src/components/constants/Pokemon.ts [4392, 24]: elements are not aligned, C:/Users/valmac/FullScreenPokemon/src/components/constants/Pokemon.ts [4395, 24]: elements are not aligned, C:/Users/valmac/FullScreenPokemon/src/components/constants/Pokemon.ts [4398, 24]: elements are not aligned, C:/Users/valmac/FullScreenPokemon/src/components/constants/Pokemon.ts [4407, 24]: elements are not aligned, C:/Users/valmac/FullScreenPokemon/src/components/constants/Pokemon.ts [4410, 24]: elements are not aligned, C:/Users/valmac/FullScreenPokemon/src/components/constants/Pokemon.ts [4413, 24]: elements are not aligned, C:/Users/valmac/FullScreenPokemon/src/components/constants/Pokemon.ts [4416, 24]: elements are not aligned, C:/Users/valmac/FullScreenPokemon/src/components/constants/Pokemon.ts [4442, 24]: elements are not aligned, C:/Users/valmac/FullScreenPokemon/src/components/constants/Pokemon.ts [4445, 24]: elements are not aligned, C:/Users/valmac/FullScreenPokemon/src/components/constants/Pokemon.ts [4448, 24]: elements are not aligned, C:/Users/valmac/FullScreenPokemon/src/components/constants/Pokemon.ts [4451, 24]: elements are not aligned, C:/Users/valmac/FullScreenPokemon/src/components/constants/Pokemon.ts [4463, 24]: elements are not aligned, C:/Users/valmac/FullScreenPokemon/src/components/constants/Pokemon.ts [4466, 24]: elements are not aligned, C:/Users/valmac/FullScreenPokemon/src/components/constants/Pokemon.ts [4469, 24]: elements are not aligned, C:/Users/valmac/FullScreenPokemon/src/components/constants/Pokemon.ts [4472, 24]: elements are not aligned, C:/Users/valmac/FullScreenPokemon/src/components/constants/Pokemon.ts [4475, 24]: elements are not aligned, C:/Users/valmac/FullScreenPokemon/src/components/constants/Pokemon.ts [4478, 24]: elements are not aligned, C:/Users/valmac/FullScreenPokemon/src/components/constants/Pokemon.ts [4481, 24]: elements are not aligned, C:/Users/valmac/FullScreenPokemon/src/components/constants/Pokemon.ts [4484, 24]: elements are not aligned, C:/Users/valmac/FullScreenPokemon/src/components/constants/Pokemon.ts [4487, 24]: elements are not aligned, C:/Users/valmac/FullScreenPokemon/src/components/constants/Pokemon.ts [4490, 24]: elements are not aligned, C:/Users/valmac/FullScreenPokemon/src/components/constants/Pokemon.ts [4493, 24]: elements are not aligned, C:/Users/valmac/FullScreenPokemon/src/components/constants/Pokemon.ts [4496, 24]: elements are not aligned, C:/Users/valmac/FullScreenPokemon/src/components/constants/Pokemon.ts [4499, 24]: elements are not aligned, C:/Users/valmac/FullScreenPokemon/src/components/constants/Pokemon.ts [4502, 24]: elements are not aligned, C:/Users/valmac/FullScreenPokemon/src/components/constants/Pokemon.ts [4505, 24]: elements are not aligned, C:/Users/valmac/FullScreenPokemon/src/components/constants/Pokemon.ts [4508, 24]: elements are not aligned, C:/Users/valmac/FullScreenPokemon/src/components/constants/Pokemon.ts [4511, 24]: elements are not aligned, C:/Users/valmac/FullScreenPokemon/src/components/constants/Pokemon.ts [4514, 24]: elements are not aligned, C:/Users/valmac/FullScreenPokemon/src/components/constants/Pokemon.ts [4517, 24]: elements are not aligned, C:/Users/valmac/FullScreenPokemon/src/components/constants/Pokemon.ts [4520, 24]: elements are not aligned, C:/Users/valmac/FullScreenPokemon/src/components/constants/Pokemon.ts [4523, 24]: elements are not aligned, C:/Users/valmac/FullScreenPokemon/src/components/constants/Pokemon.ts [4526, 24]: elements are not aligned, C:/Users/valmac/FullScreenPokemon/src/components/constants/Pokemon.ts [4529, 24]: elements are not aligned, C:/Users/valmac/FullScreenPokemon/src/components/constants/Pokemon.ts [4532, 24]: elements are not aligned, C:/Users/valmac/FullScreenPokemon/src/components/constants/Pokemon.ts [4535, 24]: elements are not aligned, C:/Users/valmac/FullScreenPokemon/src/components/constants/Pokemon.ts [4570, 24]: elements are not aligned, C:/Users/valmac/FullScreenPokemon/src/components/constants/Pokemon.ts [4573, 24]: elements are not aligned, C:/Users/valmac/FullScreenPokemon/src/components/constants/Pokemon.ts [4576, 24]: elements are not aligned, C:/Users/valmac/FullScreenPokemon/src/components/constants/Pokemon.ts [4579, 24]: elements are not aligned, C:/Users/valmac/FullScreenPokemon/src/components/constants/Pokemon.ts [4582, 24]: elements are not aligned, C:/Users/valmac/FullScreenPokemon/src/components/constants/Pokemon.ts [4585, 24]: elements are not aligned, C:/Users/valmac/FullScreenPokemon/src/components/constants/Pokemon.ts [4594, 24]: elements are not aligned, C:/Users/valmac/FullScreenPokemon/src/components/constants/Pokemon.ts [4597, 24]: elements are not aligned, C:/Users/valmac/FullScreenPokemon/src/components/constants/Pokemon.ts [4600, 24]: elements are not aligned, C:/Users/valmac/FullScreenPokemon/src/components/constants/Pokemon.ts [4603, 24]: elements are not aligned, C:/Users/valmac/FullScreenPokemon/src/components/constants/Pokemon.ts [4606, 24]: elements are not aligned, C:/Users/valmac/FullScreenPokemon/src/components/constants/Pokemon.ts [4609, 24]: elements are not aligned, C:/Users/valmac/FullScreenPokemon/src/components/constants/Pokemon.ts [4612, 24]: elements are not aligned, C:/Users/valmac/FullScreenPokemon/src/components/constants/Pokemon.ts [4615, 24]: elements are not aligned, C:/Users/valmac/FullScreenPokemon/src/components/constants/Pokemon.ts [4618, 24]: elements are not aligned, C:/Users/valmac/FullScreenPokemon/src/components/constants/Pokemon.ts [4621, 24]: elements are not aligned, C:/Users/valmac/FullScreenPokemon/src/components/constants/Pokemon.ts [4624, 24]: elements are not aligned, C:/Users/valmac/FullScreenPokemon/src/components/constants/Pokemon.ts [4627, 24]: elements are not aligned, C:/Users/valmac/FullScreenPokemon/src/components/constants/Pokemon.ts [4630, 24]: elements are not aligned, C:/Users/valmac/FullScreenPokemon/src/components/constants/Pokemon.ts [4633, 24]: elements are not aligned, C:/Users/valmac/FullScreenPokemon/src/components/constants/Pokemon.ts [4636, 24]: elements are not aligned, C:/Users/valmac/FullScreenPokemon/src/components/constants/Pokemon.ts [4639, 24]: elements are not aligned, C:/Users/valmac/FullScreenPokemon/src/components/constants/Pokemon.ts [4642, 24]: elements are not aligned, C:/Users/valmac/FullScreenPokemon/src/components/constants/Pokemon.ts [4645, 24]: elements are not aligned, C:/Users/valmac/FullScreenPokemon/src/components/constants/Pokemon.ts [4648, 24]: elements are not aligned, C:/Users/valmac/FullScreenPokemon/src/components/constants/Pokemon.ts [4651, 24]: elements are not aligned, C:/Users/valmac/FullScreenPokemon/src/components/constants/Pokemon.ts [4654, 24]: elements are not aligned, C:/Users/valmac/FullScreenPokemon/src/components/constants/Pokemon.ts [4689, 24]: elements are not aligned, C:/Users/valmac/FullScreenPokemon/src/components/constants/Pokemon.ts [4692, 24]: elements are not aligned, C:/Users/valmac/FullScreenPokemon/src/components/constants/Pokemon.ts [4695, 24]: elements are not aligned, C:/Users/valmac/FullScreenPokemon/src/components/constants/Pokemon.ts [4698, 24]: elements are not aligned, C:/Users/valmac/FullScreenPokemon/src/components/constants/Pokemon.ts [4701, 24]: elements are not aligned, C:/Users/valmac/FullScreenPokemon/src/components/constants/Pokemon.ts [4704, 24]: elements are not aligned, C:/Users/valmac/FullScreenPokemon/src/components/constants/Pokemon.ts [4707, 24]: elements are not aligned, C:/Users/valmac/FullScreenPokemon/src/components/constants/Pokemon.ts [4710, 24]: elements are not aligned, C:/Users/valmac/FullScreenPokemon/src/components/constants/Pokemon.ts [4719, 24]: elements are not aligned, C:/Users/valmac/FullScreenPokemon/src/components/constants/Pokemon.ts [4722, 24]: elements are not aligned, C:/Users/valmac/FullScreenPokemon/src/components/constants/Pokemon.ts [4725, 24]: elements are not aligned, C:/Users/valmac/FullScreenPokemon/src/components/constants/Pokemon.ts [4728, 24]: elements are not aligned, C:/Users/valmac/FullScreenPokemon/src/components/constants/Pokemon.ts [4731, 24]: elements are not aligned, C:/Users/valmac/FullScreenPokemon/src/components/constants/Pokemon.ts [4734, 24]: elements are not aligned, C:/Users/valmac/FullScreenPokemon/src/components/constants/Pokemon.ts [4737, 24]: elements are not aligned, C:/Users/valmac/FullScreenPokemon/src/components/constants/Pokemon.ts [4740, 24]: elements are not aligned, C:/Users/valmac/FullScreenPokemon/src/components/constants/Pokemon.ts [4743, 24]: elements are not aligned, C:/Users/valmac/FullScreenPokemon/src/components/constants/Pokemon.ts [4746, 24]: elements are not aligned, C:/Users/valmac/FullScreenPokemon/src/components/constants/Pokemon.ts [4749, 24]: elements are not aligned, C:/Users/valmac/FullScreenPokemon/src/components/constants/Pokemon.ts [4752, 24]: elements are not aligned, C:/Users/valmac/FullScreenPokemon/src/components/constants/Pokemon.ts [4778, 24]: elements are not aligned, C:/Users/valmac/FullScreenPokemon/src/components/constants/Pokemon.ts [4781, 24]: elements are not aligned, C:/Users/valmac/FullScreenPokemon/src/components/constants/Pokemon.ts [4784, 24]: elements are not aligned, C:/Users/valmac/FullScreenPokemon/src/components/constants/Pokemon.ts [4787, 24]: elements are not aligned, C:/Users/valmac/FullScreenPokemon/src/components/constants/Pokemon.ts [4790, 24]: elements are not aligned, C:/Users/valmac/FullScreenPokemon/src/components/constants/Pokemon.ts [4793, 24]: elements are not aligned, C:/Users/valmac/FullScreenPokemon/src/components/constants/Pokemon.ts [4796, 24]: elements are not aligned, C:/Users/valmac/FullScreenPokemon/src/components/constants/Pokemon.ts [4804, 24]: elements are not aligned, C:/Users/valmac/FullScreenPokemon/src/components/constants/Pokemon.ts [4807, 24]: elements are not aligned, C:/Users/valmac/FullScreenPokemon/src/components/constants/Pokemon.ts [4810, 24]: elements are not aligned, C:/Users/valmac/FullScreenPokemon/src/components/constants/Pokemon.ts [4813, 24]: elements are not aligned, C:/Users/valmac/FullScreenPokemon/src/components/constants/Pokemon.ts [4816, 24]: elements are not aligned, C:/Users/valmac/FullScreenPokemon/src/components/constants/Pokemon.ts [4819, 24]: elements are not aligned, C:/Users/valmac/FullScreenPokemon/src/components/constants/Pokemon.ts [4822, 24]: elements are not aligned, C:/Users/valmac/FullScreenPokemon/src/components/constants/Pokemon.ts [4825, 24]: elements are not aligned, C:/Users/valmac/FullScreenPokemon/src/components/constants/Pokemon.ts [4828, 24]: elements are not aligned, C:/Users/valmac/FullScreenPokemon/src/components/constants/Pokemon.ts [4831, 24]: elements are not aligned, C:/Users/valmac/FullScreenPokemon/src/components/constants/Pokemon.ts [4834, 24]: elements are not aligned, C:/Users/valmac/FullScreenPokemon/src/components/constants/Pokemon.ts [4837, 24]: elements are not aligned, C:/Users/valmac/FullScreenPokemon/src/components/constants/Pokemon.ts [4840, 24]: elements are not aligned, C:/Users/valmac/FullScreenPokemon/src/components/constants/Pokemon.ts [4848, 24]: elements are not aligned, C:/Users/valmac/FullScreenPokemon/src/components/constants/Pokemon.ts [4851, 24]: elements are not aligned, C:/Users/valmac/FullScreenPokemon/src/components/constants/Pokemon.ts [4854, 24]: elements are not aligned, C:/Users/valmac/FullScreenPokemon/src/components/constants/Pokemon.ts [4857, 24]: elements are not aligned, C:/Users/valmac/FullScreenPokemon/src/components/constants/Pokemon.ts [4860, 24]: elements are not aligned, C:/Users/valmac/FullScreenPokemon/src/components/constants/Pokemon.ts [4863, 24]: elements are not aligned, C:/Users/valmac/FullScreenPokemon/src/components/constants/Pokemon.ts [4866, 24]: elements are not aligned, C:/Users/valmac/FullScreenPokemon/src/components/constants/Pokemon.ts [4901, 24]: elements are not aligned, C:/Users/valmac/FullScreenPokemon/src/components/constants/Pokemon.ts [4904, 24]: elements are not aligned, C:/Users/valmac/FullScreenPokemon/src/components/constants/Pokemon.ts [4907, 24]: elements are not aligned, C:/Users/valmac/FullScreenPokemon/src/components/constants/Pokemon.ts [4910, 24]: elements are not aligned, C:/Users/valmac/FullScreenPokemon/src/components/constants/Pokemon.ts [4913, 24]: elements are not aligned, C:/Users/valmac/FullScreenPokemon/src/components/constants/Pokemon.ts [4916, 24]: elements are not aligned, C:/Users/valmac/FullScreenPokemon/src/components/constants/Pokemon.ts [4919, 24]: elements are not aligned, C:/Users/valmac/FullScreenPokemon/src/components/constants/Pokemon.ts [4931, 24]: elements are not aligned, C:/Users/valmac/FullScreenPokemon/src/components/constants/Pokemon.ts [4934, 24]: elements are not aligned, C:/Users/valmac/FullScreenPokemon/src/components/constants/Pokemon.ts [4937, 24]: elements are not aligned, C:/Users/valmac/FullScreenPokemon/src/components/constants/Pokemon.ts [4940, 24]: elements are not aligned, C:/Users/valmac/FullScreenPokemon/src/components/constants/Pokemon.ts [4943, 24]: elements are not aligned, C:/Users/valmac/FullScreenPokemon/src/components/constants/Pokemon.ts [4946, 24]: elements are not aligned, C:/Users/valmac/FullScreenPokemon/src/components/constants/Pokemon.ts [4949, 24]: elements are not aligned, C:/Users/valmac/FullScreenPokemon/src/components/constants/Pokemon.ts [4952, 24]: elements are not aligned, C:/Users/valmac/FullScreenPokemon/src/components/constants/Pokemon.ts [4955, 24]: elements are not aligned, C:/Users/valmac/FullScreenPokemon/src/components/constants/Pokemon.ts [4958, 24]: elements are not aligned, C:/Users/valmac/FullScreenPokemon/src/components/constants/Pokemon.ts [4961, 24]: elements are not aligned, C:/Users/valmac/FullScreenPokemon/src/components/constants/Pokemon.ts [4964, 24]: elements are not aligned, C:/Users/valmac/FullScreenPokemon/src/components/constants/Pokemon.ts [4967, 24]: elements are not aligned, C:/Users/valmac/FullScreenPokemon/src/components/constants/Pokemon.ts [4970, 24]: elements are not aligned, C:/Users/valmac/FullScreenPokemon/src/components/constants/Pokemon.ts [4973, 24]: elements are not aligned, C:/Users/valmac/FullScreenPokemon/src/components/constants/Pokemon.ts [4999, 24]: elements are not aligned, C:/Users/valmac/FullScreenPokemon/src/components/constants/Pokemon.ts [5002, 24]: elements are not aligned, C:/Users/valmac/FullScreenPokemon/src/components/constants/Pokemon.ts [5005, 24]: elements are not aligned, C:/Users/valmac/FullScreenPokemon/src/components/constants/Pokemon.ts [5008, 24]: elements are not aligned, C:/Users/valmac/FullScreenPokemon/src/components/constants/Pokemon.ts [5011, 24]: elements are not aligned, C:/Users/valmac/FullScreenPokemon/src/components/constants/Pokemon.ts [5014, 24]: elements are not aligned, C:/Users/valmac/FullScreenPokemon/src/components/constants/Pokemon.ts [5017, 24]: elements are not aligned, C:/Users/valmac/FullScreenPokemon/src/components/constants/Pokemon.ts [5026, 24]: elements are not aligned, C:/Users/valmac/FullScreenPokemon/src/components/constants/Pokemon.ts [5029, 24]: elements are not aligned, C:/Users/valmac/FullScreenPokemon/src/components/constants/Pokemon.ts [5032, 24]: elements are not aligned, C:/Users/valmac/FullScreenPokemon/src/components/constants/Pokemon.ts [5035, 24]: elements are not aligned, C:/Users/valmac/FullScreenPokemon/src/components/constants/Pokemon.ts [5038, 24]: elements are not aligned, C:/Users/valmac/FullScreenPokemon/src/components/constants/Pokemon.ts [5041, 24]: elements are not aligned, C:/Users/valmac/FullScreenPokemon/src/components/constants/Pokemon.ts [5044, 24]: elements are not aligned, C:/Users/valmac/FullScreenPokemon/src/components/constants/Pokemon.ts [5047, 24]: elements are not aligned, C:/Users/valmac/FullScreenPokemon/src/components/constants/Pokemon.ts [5050, 24]: elements are not aligned, C:/Users/valmac/FullScreenPokemon/src/components/constants/Pokemon.ts [5053, 24]: elements are not aligned, C:/Users/valmac/FullScreenPokemon/src/components/constants/Pokemon.ts [5056, 24]: elements are not aligned, C:/Users/valmac/FullScreenPokemon/src/components/constants/Pokemon.ts [5059, 24]: elements are not aligned, C:/Users/valmac/FullScreenPokemon/src/components/constants/Pokemon.ts [5062, 24]: elements are not aligned, C:/Users/valmac/FullScreenPokemon/src/components/constants/Pokemon.ts [5065, 24]: elements are not aligned, C:/Users/valmac/FullScreenPokemon/src/components/constants/Pokemon.ts [5068, 24]: elements are not aligned, C:/Users/valmac/FullScreenPokemon/src/components/constants/Pokemon.ts [5071, 24]: elements are not aligned, C:/Users/valmac/FullScreenPokemon/src/components/constants/Pokemon.ts [5074, 24]: elements are not aligned, C:/Users/valmac/FullScreenPokemon/src/components/constants/Pokemon.ts [5077, 24]: elements are not aligned, C:/Users/valmac/FullScreenPokemon/src/components/constants/Pokemon.ts [5080, 24]: elements are not aligned, C:/Users/valmac/FullScreenPokemon/src/components/constants/Pokemon.ts [5083, 24]: elements are not aligned, C:/Users/valmac/FullScreenPokemon/src/components/constants/Pokemon.ts [5086, 24]: elements are not aligned, C:/Users/valmac/FullScreenPokemon/src/components/constants/Pokemon.ts [5089, 24]: elements are not aligned, C:/Users/valmac/FullScreenPokemon/src/components/constants/Pokemon.ts [5092, 24]: elements are not aligned, C:/Users/valmac/FullScreenPokemon/src/components/constants/Pokemon.ts [5118, 24]: elements are not aligned, C:/Users/valmac/FullScreenPokemon/src/components/constants/Pokemon.ts [5121, 24]: elements are not aligned, C:/Users/valmac/FullScreenPokemon/src/components/constants/Pokemon.ts [5124, 24]: elements are not aligned, C:/Users/valmac/FullScreenPokemon/src/components/constants/Pokemon.ts [5127, 24]: elements are not aligned, C:/Users/valmac/FullScreenPokemon/src/components/constants/Pokemon.ts [5130, 24]: elements are not aligned, C:/Users/valmac/FullScreenPokemon/src/components/constants/Pokemon.ts [5133, 24]: elements are not aligned, C:/Users/valmac/FullScreenPokemon/src/components/constants/Pokemon.ts [5136, 24]: elements are not aligned, C:/Users/valmac/FullScreenPokemon/src/components/constants/Pokemon.ts [5148, 24]: elements are not aligned, C:/Users/valmac/FullScreenPokemon/src/components/constants/Pokemon.ts [5151, 24]: elements are not aligned, C:/Users/valmac/FullScreenPokemon/src/components/constants/Pokemon.ts [5154, 24]: elements are not aligned, C:/Users/valmac/FullScreenPokemon/src/components/constants/Pokemon.ts [5157, 24]: elements are not aligned, C:/Users/valmac/FullScreenPokemon/src/components/constants/Pokemon.ts [5160, 24]: elements are not aligned, C:/Users/valmac/FullScreenPokemon/src/components/constants/Pokemon.ts [5163, 24]: elements are not aligned, C:/Users/valmac/FullScreenPokemon/src/components/constants/Pokemon.ts [5166, 24]: elements are not aligned, C:/Users/valmac/FullScreenPokemon/src/components/constants/Pokemon.ts [5169, 24]: elements are not aligned, C:/Users/valmac/FullScreenPokemon/src/components/constants/Pokemon.ts [5172, 24]: elements are not aligned, C:/Users/valmac/FullScreenPokemon/src/components/constants/Pokemon.ts [5175, 24]: elements are not aligned, C:/Users/valmac/FullScreenPokemon/src/components/constants/Pokemon.ts [5178, 24]: elements are not aligned, C:/Users/valmac/FullScreenPokemon/src/components/constants/Pokemon.ts [5181, 24]: elements are not aligned, C:/Users/valmac/FullScreenPokemon/src/components/constants/Pokemon.ts [5184, 24]: elements are not aligned, C:/Users/valmac/FullScreenPokemon/src/components/constants/Pokemon.ts [5187, 24]: elements are not aligned, C:/Users/valmac/FullScreenPokemon/src/components/constants/Pokemon.ts [5190, 24]: elements are not aligned, C:/Users/valmac/FullScreenPokemon/src/components/constants/Pokemon.ts [5193, 24]: elements are not aligned, C:/Users/valmac/FullScreenPokemon/src/components/constants/Pokemon.ts [5196, 24]: elements are not aligned, C:/Users/valmac/FullScreenPokemon/src/components/constants/Pokemon.ts [5199, 24]: elements are not aligned, C:/Users/valmac/FullScreenPokemon/src/components/constants/Pokemon.ts [5202, 24]: elements are not aligned, C:/Users/valmac/FullScreenPokemon/src/components/constants/Pokemon.ts [5205, 24]: elements are not aligned, C:/Users/valmac/FullScreenPokemon/src/components/constants/Pokemon.ts [5208, 24]: elements are not aligned, C:/Users/valmac/FullScreenPokemon/src/components/constants/Pokemon.ts [5211, 24]: elements are not aligned, C:/Users/valmac/FullScreenPokemon/src/components/constants/Pokemon.ts [5214, 24]: elements are not aligned, C:/Users/valmac/FullScreenPokemon/src/components/constants/Pokemon.ts [5248, 24]: elements are not aligned, C:/Users/valmac/FullScreenPokemon/src/components/constants/Pokemon.ts [5251, 24]: elements are not aligned, C:/Users/valmac/FullScreenPokemon/src/components/constants/Pokemon.ts [5254, 24]: elements are not aligned, C:/Users/valmac/FullScreenPokemon/src/components/constants/Pokemon.ts [5257, 24]: elements are not aligned, C:/Users/valmac/FullScreenPokemon/src/components/constants/Pokemon.ts [5260, 24]: elements are not aligned, C:/Users/valmac/FullScreenPokemon/src/components/constants/Pokemon.ts [5263, 24]: elements are not aligned, C:/Users/valmac/FullScreenPokemon/src/components/constants/Pokemon.ts [5266, 24]: elements are not aligned, C:/Users/valmac/FullScreenPokemon/src/components/constants/Pokemon.ts [5275, 24]: elements are not aligned, C:/Users/valmac/FullScreenPokemon/src/components/constants/Pokemon.ts [5278, 24]: elements are not aligned, C:/Users/valmac/FullScreenPokemon/src/components/constants/Pokemon.ts [5281, 24]: elements are not aligned, C:/Users/valmac/FullScreenPokemon/src/components/constants/Pokemon.ts [5284, 24]: elements are not aligned, C:/Users/valmac/FullScreenPokemon/src/components/constants/Pokemon.ts [5287, 24]: elements are not aligned, C:/Users/valmac/FullScreenPokemon/src/components/constants/Pokemon.ts [5290, 24]: elements are not aligned, C:/Users/valmac/FullScreenPokemon/src/components/constants/Pokemon.ts [5293, 24]: elements are not aligned, C:/Users/valmac/FullScreenPokemon/src/components/constants/Pokemon.ts [5296, 24]: elements are not aligned, C:/Users/valmac/FullScreenPokemon/src/components/constants/Pokemon.ts [5299, 24]: elements are not aligned, C:/Users/valmac/FullScreenPokemon/src/components/constants/Pokemon.ts [5302, 24]: elements are not aligned, C:/Users/valmac/FullScreenPokemon/src/components/constants/Pokemon.ts [5305, 24]: elements are not aligned, C:/Users/valmac/FullScreenPokemon/src/components/constants/Pokemon.ts [5308, 24]: elements are not aligned, C:/Users/valmac/FullScreenPokemon/src/components/constants/Pokemon.ts [5311, 24]: elements are not aligned, C:/Users/valmac/FullScreenPokemon/src/components/constants/Pokemon.ts [5314, 24]: elements are not aligned, C:/Users/valmac/FullScreenPokemon/src/components/constants/Pokemon.ts [5317, 24]: elements are not aligned, C:/Users/valmac/FullScreenPokemon/src/components/constants/Pokemon.ts [5320, 24]: elements are not aligned, C:/Users/valmac/FullScreenPokemon/src/components/constants/Pokemon.ts [5323, 24]: elements are not aligned, C:/Users/valmac/FullScreenPokemon/src/components/constants/Pokemon.ts [5326, 24]: elements are not aligned, C:/Users/valmac/FullScreenPokemon/src/components/constants/Pokemon.ts [5329, 24]: elements are not aligned, C:/Users/valmac/FullScreenPokemon/src/components/constants/Pokemon.ts [5332, 24]: elements are not aligned, C:/Users/valmac/FullScreenPokemon/src/components/constants/Pokemon.ts [5335, 24]: elements are not aligned, C:/Users/valmac/FullScreenPokemon/src/components/constants/Pokemon.ts [5370, 24]: elements are not aligned, C:/Users/valmac/FullScreenPokemon/src/components/constants/Pokemon.ts [5373, 24]: elements are not aligned, C:/Users/valmac/FullScreenPokemon/src/components/constants/Pokemon.ts [5376, 24]: elements are not aligned, C:/Users/valmac/FullScreenPokemon/src/components/constants/Pokemon.ts [5379, 24]: elements are not aligned, C:/Users/valmac/FullScreenPokemon/src/components/constants/Pokemon.ts [5382, 24]: elements are not aligned, C:/Users/valmac/FullScreenPokemon/src/components/constants/Pokemon.ts [5385, 24]: elements are not aligned, C:/Users/valmac/FullScreenPokemon/src/components/constants/Pokemon.ts [5388, 24]: elements are not aligned, C:/Users/valmac/FullScreenPokemon/src/components/constants/Pokemon.ts [5396, 24]: elements are not aligned, C:/Users/valmac/FullScreenPokemon/src/components/constants/Pokemon.ts [5399, 24]: elements are not aligned, C:/Users/valmac/FullScreenPokemon/src/components/constants/Pokemon.ts [5402, 24]: elements are not aligned, C:/Users/valmac/FullScreenPokemon/src/components/constants/Pokemon.ts [5405, 24]: elements are not aligned, C:/Users/valmac/FullScreenPokemon/src/components/constants/Pokemon.ts [5408, 24]: elements are not aligned, C:/Users/valmac/FullScreenPokemon/src/components/constants/Pokemon.ts [5411, 24]: elements are not aligned, C:/Users/valmac/FullScreenPokemon/src/components/constants/Pokemon.ts [5414, 24]: elements are not aligned, C:/Users/valmac/FullScreenPokemon/src/components/constants/Pokemon.ts [5417, 24]: elements are not aligned, C:/Users/valmac/FullScreenPokemon/src/components/constants/Pokemon.ts [5420, 24]: elements are not aligned, C:/Users/valmac/FullScreenPokemon/src/components/constants/Pokemon.ts [5423, 24]: elements are not aligned, C:/Users/valmac/FullScreenPokemon/src/components/constants/Pokemon.ts [5426, 24]: elements are not aligned, C:/Users/valmac/FullScreenPokemon/src/components/constants/Pokemon.ts [5429, 24]: elements are not aligned, C:/Users/valmac/FullScreenPokemon/src/components/constants/Pokemon.ts [5432, 24]: elements are not aligned, C:/Users/valmac/FullScreenPokemon/src/components/constants/Pokemon.ts [5440, 24]: elements are not aligned, C:/Users/valmac/FullScreenPokemon/src/components/constants/Pokemon.ts [5443, 24]: elements are not aligned, C:/Users/valmac/FullScreenPokemon/src/components/constants/Pokemon.ts [5446, 24]: elements are not aligned, C:/Users/valmac/FullScreenPokemon/src/components/constants/Pokemon.ts [5449, 24]: elements are not aligned, C:/Users/valmac/FullScreenPokemon/src/components/constants/Pokemon.ts [5452, 24]: elements are not aligned, C:/Users/valmac/FullScreenPokemon/src/components/constants/Pokemon.ts [5455, 24]: elements are not aligned, C:/Users/valmac/FullScreenPokemon/src/components/constants/Pokemon.ts [5458, 24]: elements are not aligned, C:/Users/valmac/FullScreenPokemon/src/components/constants/Pokemon.ts [5493, 24]: elements are not aligned, C:/Users/valmac/FullScreenPokemon/src/components/constants/Pokemon.ts [5496, 24]: elements are not aligned, C:/Users/valmac/FullScreenPokemon/src/components/constants/Pokemon.ts [5499, 24]: elements are not aligned, C:/Users/valmac/FullScreenPokemon/src/components/constants/Pokemon.ts [5502, 24]: elements are not aligned, C:/Users/valmac/FullScreenPokemon/src/components/constants/Pokemon.ts [5505, 24]: elements are not aligned, C:/Users/valmac/FullScreenPokemon/src/components/constants/Pokemon.ts [5508, 24]: elements are not aligned, C:/Users/valmac/FullScreenPokemon/src/components/constants/Pokemon.ts [5517, 24]: elements are not aligned, C:/Users/valmac/FullScreenPokemon/src/components/constants/Pokemon.ts [5520, 24]: elements are not aligned, C:/Users/valmac/FullScreenPokemon/src/components/constants/Pokemon.ts [5523, 24]: elements are not aligned, C:/Users/valmac/FullScreenPokemon/src/components/constants/Pokemon.ts [5526, 24]: elements are not aligned, C:/Users/valmac/FullScreenPokemon/src/components/constants/Pokemon.ts [5529, 24]: elements are not aligned, C:/Users/valmac/FullScreenPokemon/src/components/constants/Pokemon.ts [5532, 24]: elements are not aligned, C:/Users/valmac/FullScreenPokemon/src/components/constants/Pokemon.ts [5558, 24]: elements are not aligned, C:/Users/valmac/FullScreenPokemon/src/components/constants/Pokemon.ts [5561, 24]: elements are not aligned, C:/Users/valmac/FullScreenPokemon/src/components/constants/Pokemon.ts [5564, 24]: elements are not aligned, C:/Users/valmac/FullScreenPokemon/src/components/constants/Pokemon.ts [5567, 24]: elements are not aligned, C:/Users/valmac/FullScreenPokemon/src/components/constants/Pokemon.ts [5570, 24]: elements are not aligned, C:/Users/valmac/FullScreenPokemon/src/components/constants/Pokemon.ts [5573, 24]: elements are not aligned, C:/Users/valmac/FullScreenPokemon/src/components/constants/Pokemon.ts [5576, 24]: elements are not aligned, C:/Users/valmac/FullScreenPokemon/src/components/constants/Pokemon.ts [5579, 24]: elements are not aligned, C:/Users/valmac/FullScreenPokemon/src/components/constants/Pokemon.ts [5587, 24]: elements are not aligned, C:/Users/valmac/FullScreenPokemon/src/components/constants/Pokemon.ts [5595, 24]: elements are not aligned, C:/Users/valmac/FullScreenPokemon/src/components/constants/Pokemon.ts [5629, 24]: elements are not aligned, C:/Users/valmac/FullScreenPokemon/src/components/constants/Pokemon.ts [5632, 24]: elements are not aligned, C:/Users/valmac/FullScreenPokemon/src/components/constants/Pokemon.ts [5635, 24]: elements are not aligned, C:/Users/valmac/FullScreenPokemon/src/components/constants/Pokemon.ts [5638, 24]: elements are not aligned, C:/Users/valmac/FullScreenPokemon/src/components/constants/Pokemon.ts [5647, 24]: elements are not aligned, C:/Users/valmac/FullScreenPokemon/src/components/constants/Pokemon.ts [5650, 24]: elements are not aligned, C:/Users/valmac/FullScreenPokemon/src/components/constants/Pokemon.ts [5653, 24]: elements are not aligned, C:/Users/valmac/FullScreenPokemon/src/components/constants/Pokemon.ts [5656, 24]: elements are not aligned, C:/Users/valmac/FullScreenPokemon/src/components/constants/Pokemon.ts [5682, 24]: elements are not aligned, C:/Users/valmac/FullScreenPokemon/src/components/constants/Pokemon.ts [5685, 24]: elements are not aligned, C:/Users/valmac/FullScreenPokemon/src/components/constants/Pokemon.ts [5688, 24]: elements are not aligned, C:/Users/valmac/FullScreenPokemon/src/components/constants/Pokemon.ts [5691, 24]: elements are not aligned, C:/Users/valmac/FullScreenPokemon/src/components/constants/Pokemon.ts [5694, 24]: elements are not aligned, C:/Users/valmac/FullScreenPokemon/src/components/constants/Pokemon.ts [5697, 24]: elements are not aligned, C:/Users/valmac/FullScreenPokemon/src/components/constants/Pokemon.ts [5709, 24]: elements are not aligned, C:/Users/valmac/FullScreenPokemon/src/components/constants/Pokemon.ts [5712, 24]: elements are not aligned, C:/Users/valmac/FullScreenPokemon/src/components/constants/Pokemon.ts [5715, 24]: elements are not aligned, C:/Users/valmac/FullScreenPokemon/src/components/constants/Pokemon.ts [5718, 24]: elements are not aligned, C:/Users/valmac/FullScreenPokemon/src/components/constants/Pokemon.ts [5721, 24]: elements are not aligned, C:/Users/valmac/FullScreenPokemon/src/components/constants/Pokemon.ts [5724, 24]: elements are not aligned, C:/Users/valmac/FullScreenPokemon/src/components/constants/Pokemon.ts [5727, 24]: elements are not aligned, C:/Users/valmac/FullScreenPokemon/src/components/constants/Pokemon.ts [5730, 24]: elements are not aligned, C:/Users/valmac/FullScreenPokemon/src/components/constants/Pokemon.ts [5733, 24]: elements are not aligned, C:/Users/valmac/FullScreenPokemon/src/components/constants/Pokemon.ts [5736, 24]: elements are not aligned, C:/Users/valmac/FullScreenPokemon/src/components/constants/Pokemon.ts [5739, 24]: elements are not aligned, C:/Users/valmac/FullScreenPokemon/src/components/constants/Pokemon.ts [5742, 24]: elements are not aligned, C:/Users/valmac/FullScreenPokemon/src/components/constants/Pokemon.ts [5745, 24]: elements are not aligned, C:/Users/valmac/FullScreenPokemon/src/components/constants/Pokemon.ts [5748, 24]: elements are not aligned, C:/Users/valmac/FullScreenPokemon/src/components/constants/Pokemon.ts [5751, 24]: elements are not aligned, C:/Users/valmac/FullScreenPokemon/src/components/constants/Pokemon.ts [5754, 24]: elements are not aligned, C:/Users/valmac/FullScreenPokemon/src/components/constants/Pokemon.ts [5757, 24]: elements are not aligned, C:/Users/valmac/FullScreenPokemon/src/components/constants/Pokemon.ts [5783, 24]: elements are not aligned, C:/Users/valmac/FullScreenPokemon/src/components/constants/Pokemon.ts [5786, 24]: elements are not aligned, C:/Users/valmac/FullScreenPokemon/src/components/constants/Pokemon.ts [5789, 24]: elements are not aligned, C:/Users/valmac/FullScreenPokemon/src/components/constants/Pokemon.ts [5792, 24]: elements are not aligned, C:/Users/valmac/FullScreenPokemon/src/components/constants/Pokemon.ts [5795, 24]: elements are not aligned, C:/Users/valmac/FullScreenPokemon/src/components/constants/Pokemon.ts [5798, 24]: elements are not aligned, C:/Users/valmac/FullScreenPokemon/src/components/constants/Pokemon.ts [5807, 24]: elements are not aligned, C:/Users/valmac/FullScreenPokemon/src/components/constants/Pokemon.ts [5810, 24]: elements are not aligned, C:/Users/valmac/FullScreenPokemon/src/components/constants/Pokemon.ts [5813, 24]: elements are not aligned, C:/Users/valmac/FullScreenPokemon/src/components/constants/Pokemon.ts [5816, 24]: elements are not aligned, C:/Users/valmac/FullScreenPokemon/src/components/constants/Pokemon.ts [5819, 24]: elements are not aligned, C:/Users/valmac/FullScreenPokemon/src/components/constants/Pokemon.ts [5822, 24]: elements are not aligned, C:/Users/valmac/FullScreenPokemon/src/components/constants/Pokemon.ts [5825, 24]: elements are not aligned, C:/Users/valmac/FullScreenPokemon/src/components/constants/Pokemon.ts [5828, 24]: elements are not aligned, C:/Users/valmac/FullScreenPokemon/src/components/constants/Pokemon.ts [5831, 24]: elements are not aligned, C:/Users/valmac/FullScreenPokemon/src/components/constants/Pokemon.ts [5834, 24]: elements are not aligned, C:/Users/valmac/FullScreenPokemon/src/components/constants/Pokemon.ts [5837, 24]: elements are not aligned, C:/Users/valmac/FullScreenPokemon/src/components/constants/Pokemon.ts [5840, 24]: elements are not aligned, C:/Users/valmac/FullScreenPokemon/src/components/constants/Pokemon.ts [5843, 24]: elements are not aligned, C:/Users/valmac/FullScreenPokemon/src/components/constants/Pokemon.ts [5846, 24]: elements are not aligned, C:/Users/valmac/FullScreenPokemon/src/components/constants/Pokemon.ts [5849, 24]: elements are not aligned, C:/Users/valmac/FullScreenPokemon/src/components/constants/Pokemon.ts [5852, 24]: elements are not aligned, C:/Users/valmac/FullScreenPokemon/src/components/constants/Pokemon.ts [5855, 24]: elements are not aligned, C:/Users/valmac/FullScreenPokemon/src/components/constants/Pokemon.ts [5890, 24]: elements are not aligned, C:/Users/valmac/FullScreenPokemon/src/components/constants/Pokemon.ts [5893, 24]: elements are not aligned, C:/Users/valmac/FullScreenPokemon/src/components/constants/Pokemon.ts [5896, 24]: elements are not aligned, C:/Users/valmac/FullScreenPokemon/src/components/constants/Pokemon.ts [5899, 24]: elements are not aligned, C:/Users/valmac/FullScreenPokemon/src/components/constants/Pokemon.ts [5902, 24]: elements are not aligned, C:/Users/valmac/FullScreenPokemon/src/components/constants/Pokemon.ts [5914, 24]: elements are not aligned, C:/Users/valmac/FullScreenPokemon/src/components/constants/Pokemon.ts [5917, 24]: elements are not aligned, C:/Users/valmac/FullScreenPokemon/src/components/constants/Pokemon.ts [5920, 24]: elements are not aligned, C:/Users/valmac/FullScreenPokemon/src/components/constants/Pokemon.ts [5923, 24]: elements are not aligned, C:/Users/valmac/FullScreenPokemon/src/components/constants/Pokemon.ts [5926, 24]: elements are not aligned, C:/Users/valmac/FullScreenPokemon/src/components/constants/Pokemon.ts [5929, 24]: elements are not aligned, C:/Users/valmac/FullScreenPokemon/src/components/constants/Pokemon.ts [5932, 24]: elements are not aligned, C:/Users/valmac/FullScreenPokemon/src/components/constants/Pokemon.ts [5935, 24]: elements are not aligned, C:/Users/valmac/FullScreenPokemon/src/components/constants/Pokemon.ts [5938, 24]: elements are not aligned, C:/Users/valmac/FullScreenPokemon/src/components/constants/Pokemon.ts [5941, 24]: elements are not aligned, C:/Users/valmac/FullScreenPokemon/src/components/constants/Pokemon.ts [5944, 24]: elements are not aligned, C:/Users/valmac/FullScreenPokemon/src/components/constants/Pokemon.ts [5947, 24]: elements are not aligned, C:/Users/valmac/FullScreenPokemon/src/components/constants/Pokemon.ts [5950, 24]: elements are not aligned, C:/Users/valmac/FullScreenPokemon/src/components/constants/Pokemon.ts [5953, 24]: elements are not aligned, C:/Users/valmac/FullScreenPokemon/src/components/constants/Pokemon.ts [5979, 24]: elements are not aligned, C:/Users/valmac/FullScreenPokemon/src/components/constants/Pokemon.ts [5982, 24]: elements are not aligned, C:/Users/valmac/FullScreenPokemon/src/components/constants/Pokemon.ts [5985, 24]: elements are not aligned, C:/Users/valmac/FullScreenPokemon/src/components/constants/Pokemon.ts [5988, 24]: elements are not aligned, C:/Users/valmac/FullScreenPokemon/src/components/constants/Pokemon.ts [5991, 24]: elements are not aligned, C:/Users/valmac/FullScreenPokemon/src/components/constants/Pokemon.ts [5994, 24]: elements are not aligned, C:/Users/valmac/FullScreenPokemon/src/components/constants/Pokemon.ts [5997, 24]: elements are not aligned, C:/Users/valmac/FullScreenPokemon/src/components/constants/Pokemon.ts [6000, 24]: elements are not aligned, C:/Users/valmac/FullScreenPokemon/src/components/constants/Pokemon.ts [6003, 24]: elements are not aligned, C:/Users/valmac/FullScreenPokemon/src/components/constants/Pokemon.ts [6012, 24]: elements are not aligned, C:/Users/valmac/FullScreenPokemon/src/components/constants/Pokemon.ts [6015, 24]: elements are not aligned, C:/Users/valmac/FullScreenPokemon/src/components/constants/Pokemon.ts [6018, 24]: elements are not aligned, C:/Users/valmac/FullScreenPokemon/src/components/constants/Pokemon.ts [6021, 24]: elements are not aligned, C:/Users/valmac/FullScreenPokemon/src/components/constants/Pokemon.ts [6024, 24]: elements are not aligned, C:/Users/valmac/FullScreenPokemon/src/components/constants/Pokemon.ts [6027, 24]: elements are not aligned, C:/Users/valmac/FullScreenPokemon/src/components/constants/Pokemon.ts [6030, 24]: elements are not aligned, C:/Users/valmac/FullScreenPokemon/src/components/constants/Pokemon.ts [6033, 24]: elements are not aligned, C:/Users/valmac/FullScreenPokemon/src/components/constants/Pokemon.ts [6036, 24]: elements are not aligned, C:/Users/valmac/FullScreenPokemon/src/components/constants/Pokemon.ts [6039, 24]: elements are not aligned, C:/Users/valmac/FullScreenPokemon/src/components/constants/Pokemon.ts [6042, 24]: elements are not aligned, C:/Users/valmac/FullScreenPokemon/src/components/constants/Pokemon.ts [6045, 24]: elements are not aligned, C:/Users/valmac/FullScreenPokemon/src/components/constants/Pokemon.ts [6048, 24]: elements are not aligned, C:/Users/valmac/FullScreenPokemon/src/components/constants/Pokemon.ts [6051, 24]: elements are not aligned, C:/Users/valmac/FullScreenPokemon/src/components/constants/Pokemon.ts [6054, 24]: elements are not aligned, C:/Users/valmac/FullScreenPokemon/src/components/constants/Pokemon.ts [6057, 24]: elements are not aligned, C:/Users/valmac/FullScreenPokemon/src/components/constants/Pokemon.ts [6060, 24]: elements are not aligned, C:/Users/valmac/FullScreenPokemon/src/components/constants/Pokemon.ts [6063, 24]: elements are not aligned, C:/Users/valmac/FullScreenPokemon/src/components/constants/Pokemon.ts [6066, 24]: elements are not aligned, C:/Users/valmac/FullScreenPokemon/src/components/constants/Pokemon.ts [6069, 24]: elements are not aligned, C:/Users/valmac/FullScreenPokemon/src/components/constants/Pokemon.ts [6072, 24]: elements are not aligned, C:/Users/valmac/FullScreenPokemon/src/components/constants/Pokemon.ts [6075, 24]: elements are not aligned, C:/Users/valmac/FullScreenPokemon/src/components/constants/Pokemon.ts [6078, 24]: elements are not aligned, C:/Users/valmac/FullScreenPokemon/src/components/constants/Pokemon.ts [6081, 24]: elements are not aligned, C:/Users/valmac/FullScreenPokemon/src/components/constants/Pokemon.ts [6116, 24]: elements are not aligned, C:/Users/valmac/FullScreenPokemon/src/components/constants/Pokemon.ts [6119, 24]: elements are not aligned, C:/Users/valmac/FullScreenPokemon/src/components/constants/Pokemon.ts [6122, 24]: elements are not aligned, C:/Users/valmac/FullScreenPokemon/src/components/constants/Pokemon.ts [6125, 24]: elements are not aligned, C:/Users/valmac/FullScreenPokemon/src/components/constants/Pokemon.ts [6128, 24]: elements are not aligned, C:/Users/valmac/FullScreenPokemon/src/components/constants/Pokemon.ts [6131, 24]: elements are not aligned, C:/Users/valmac/FullScreenPokemon/src/components/constants/Pokemon.ts [6134, 24]: elements are not aligned, C:/Users/valmac/FullScreenPokemon/src/components/constants/Pokemon.ts [6137, 24]: elements are not aligned, C:/Users/valmac/FullScreenPokemon/src/components/constants/Pokemon.ts [6140, 24]: elements are not aligned, C:/Users/valmac/FullScreenPokemon/src/components/constants/Pokemon.ts [6152, 24]: elements are not aligned, C:/Users/valmac/FullScreenPokemon/src/components/constants/Pokemon.ts [6155, 24]: elements are not aligned, C:/Users/valmac/FullScreenPokemon/src/components/constants/Pokemon.ts [6158, 24]: elements are not aligned, C:/Users/valmac/FullScreenPokemon/src/components/constants/Pokemon.ts [6161, 24]: elements are not aligned, C:/Users/valmac/FullScreenPokemon/src/components/constants/Pokemon.ts [6164, 24]: elements are not aligned, C:/Users/valmac/FullScreenPokemon/src/components/constants/Pokemon.ts [6167, 24]: elements are not aligned, C:/Users/valmac/FullScreenPokemon/src/components/constants/Pokemon.ts [6170, 24]: elements are not aligned, C:/Users/valmac/FullScreenPokemon/src/components/constants/Pokemon.ts [6173, 24]: elements are not aligned, C:/Users/valmac/FullScreenPokemon/src/components/constants/Pokemon.ts [6176, 24]: elements are not aligned, C:/Users/valmac/FullScreenPokemon/src/components/constants/Pokemon.ts [6179, 24]: elements are not aligned, C:/Users/valmac/FullScreenPokemon/src/components/constants/Pokemon.ts [6182, 24]: elements are not aligned, C:/Users/valmac/FullScreenPokemon/src/components/constants/Pokemon.ts [6185, 24]: elements are not aligned, C:/Users/valmac/FullScreenPokemon/src/components/constants/Pokemon.ts [6188, 24]: elements are not aligned, C:/Users/valmac/FullScreenPokemon/src/components/constants/Pokemon.ts [6223, 24]: elements are not aligned, C:/Users/valmac/FullScreenPokemon/src/components/constants/Pokemon.ts [6226, 24]: elements are not aligned, C:/Users/valmac/FullScreenPokemon/src/components/constants/Pokemon.ts [6229, 24]: elements are not aligned, C:/Users/valmac/FullScreenPokemon/src/components/constants/Pokemon.ts [6232, 24]: elements are not aligned, C:/Users/valmac/FullScreenPokemon/src/components/constants/Pokemon.ts [6235, 24]: elements are not aligned, C:/Users/valmac/FullScreenPokemon/src/components/constants/Pokemon.ts [6238, 24]: elements are not aligned, C:/Users/valmac/FullScreenPokemon/src/components/constants/Pokemon.ts [6241, 24]: elements are not aligned, C:/Users/valmac/FullScreenPokemon/src/components/constants/Pokemon.ts [6249, 24]: elements are not aligned, C:/Users/valmac/FullScreenPokemon/src/components/constants/Pokemon.ts [6257, 24]: elements are not aligned, C:/Users/valmac/FullScreenPokemon/src/components/constants/Pokemon.ts [6260, 24]: elements are not aligned, C:/Users/valmac/FullScreenPokemon/src/components/constants/Pokemon.ts [6263, 24]: elements are not aligned, C:/Users/valmac/FullScreenPokemon/src/components/constants/Pokemon.ts [6266, 24]: elements are not aligned, C:/Users/valmac/FullScreenPokemon/src/components/constants/Pokemon.ts [6269, 24]: elements are not aligned, C:/Users/valmac/FullScreenPokemon/src/components/constants/Pokemon.ts [6272, 24]: elements are not aligned, C:/Users/valmac/FullScreenPokemon/src/components/constants/Pokemon.ts [6275, 24]: elements are not aligned, C:/Users/valmac/FullScreenPokemon/src/components/constants/Pokemon.ts [6278, 24]: elements are not aligned, C:/Users/valmac/FullScreenPokemon/src/components/constants/Pokemon.ts [6281, 24]: elements are not aligned, C:/Users/valmac/FullScreenPokemon/src/components/constants/Pokemon.ts [6284, 24]: elements are not aligned, C:/Users/valmac/FullScreenPokemon/src/components/constants/Pokemon.ts [6287, 24]: elements are not aligned, C:/Users/valmac/FullScreenPokemon/src/components/constants/Pokemon.ts [6290, 24]: elements are not aligned, C:/Users/valmac/FullScreenPokemon/src/components/constants/Pokemon.ts [6293, 24]: elements are not aligned, C:/Users/valmac/FullScreenPokemon/src/components/constants/Pokemon.ts [6296, 24]: elements are not aligned, C:/Users/valmac/FullScreenPokemon/src/components/constants/Pokemon.ts [6299, 24]: elements are not aligned, C:/Users/valmac/FullScreenPokemon/src/components/constants/Pokemon.ts [6302, 24]: elements are not aligned, C:/Users/valmac/FullScreenPokemon/src/components/constants/Pokemon.ts [6305, 24]: elements are not aligned, C:/Users/valmac/FullScreenPokemon/src/components/constants/Pokemon.ts [6308, 24]: elements are not aligned, C:/Users/valmac/FullScreenPokemon/src/components/constants/Pokemon.ts [6311, 24]: elements are not aligned, C:/Users/valmac/FullScreenPokemon/src/components/constants/Pokemon.ts [6314, 24]: elements are not aligned, C:/Users/valmac/FullScreenPokemon/src/components/constants/Pokemon.ts [6317, 24]: elements are not aligned, C:/Users/valmac/FullScreenPokemon/src/components/constants/Pokemon.ts [6320, 24]: elements are not aligned, C:/Users/valmac/FullScreenPokemon/src/components/constants/Pokemon.ts [6323, 24]: elements are not aligned, C:/Users/valmac/FullScreenPokemon/src/components/constants/Pokemon.ts [6326, 24]: elements are not aligned, C:/Users/valmac/FullScreenPokemon/src/components/constants/Pokemon.ts [6329, 24]: elements are not aligned, C:/Users/valmac/FullScreenPokemon/src/components/constants/Pokemon.ts [6332, 24]: elements are not aligned, C:/Users/valmac/FullScreenPokemon/src/components/constants/Pokemon.ts [6335, 24]: elements are not aligned, C:/Users/valmac/FullScreenPokemon/src/components/constants/Pokemon.ts [6338, 24]: elements are not aligned, C:/Users/valmac/FullScreenPokemon/src/components/constants/Pokemon.ts [6341, 24]: elements are not aligned, C:/Users/valmac/FullScreenPokemon/src/components/constants/Pokemon.ts [6367, 24]: elements are not aligned, C:/Users/valmac/FullScreenPokemon/src/components/constants/Pokemon.ts [6370, 24]: elements are not aligned, C:/Users/valmac/FullScreenPokemon/src/components/constants/Pokemon.ts [6373, 24]: elements are not aligned, C:/Users/valmac/FullScreenPokemon/src/components/constants/Pokemon.ts [6376, 24]: elements are not aligned, C:/Users/valmac/FullScreenPokemon/src/components/constants/Pokemon.ts [6379, 24]: elements are not aligned, C:/Users/valmac/FullScreenPokemon/src/components/constants/Pokemon.ts [6382, 24]: elements are not aligned, C:/Users/valmac/FullScreenPokemon/src/components/constants/Pokemon.ts [6385, 24]: elements are not aligned, C:/Users/valmac/FullScreenPokemon/src/components/constants/Pokemon.ts [6388, 24]: elements are not aligned, C:/Users/valmac/FullScreenPokemon/src/components/constants/Pokemon.ts [6391, 24]: elements are not aligned, C:/Users/valmac/FullScreenPokemon/src/components/constants/Pokemon.ts [6394, 24]: elements are not aligned, C:/Users/valmac/FullScreenPokemon/src/components/constants/Pokemon.ts [6397, 24]: elements are not aligned, C:/Users/valmac/FullScreenPokemon/src/components/constants/Pokemon.ts [6428, 24]: elements are not aligned, C:/Users/valmac/FullScreenPokemon/src/components/constants/Pokemon.ts [6431, 24]: elements are not aligned, C:/Users/valmac/FullScreenPokemon/src/components/constants/Pokemon.ts [6434, 24]: elements are not aligned, C:/Users/valmac/FullScreenPokemon/src/components/constants/Pokemon.ts [6437, 24]: elements are not aligned, C:/Users/valmac/FullScreenPokemon/src/components/constants/Pokemon.ts [6440, 24]: elements are not aligned, C:/Users/valmac/FullScreenPokemon/src/components/constants/Pokemon.ts [6443, 24]: elements are not aligned, C:/Users/valmac/FullScreenPokemon/src/components/constants/Pokemon.ts [6446, 24]: elements are not aligned, C:/Users/valmac/FullScreenPokemon/src/components/constants/Pokemon.ts [6454, 24]: elements are not aligned, C:/Users/valmac/FullScreenPokemon/src/components/constants/Pokemon.ts [6457, 24]: elements are not aligned, C:/Users/valmac/FullScreenPokemon/src/components/constants/Pokemon.ts [6460, 24]: elements are not aligned, C:/Users/valmac/FullScreenPokemon/src/components/constants/Pokemon.ts [6463, 24]: elements are not aligned, C:/Users/valmac/FullScreenPokemon/src/components/constants/Pokemon.ts [6466, 24]: elements are not aligned, C:/Users/valmac/FullScreenPokemon/src/components/constants/Pokemon.ts [6469, 24]: elements are not aligned, C:/Users/valmac/FullScreenPokemon/src/components/constants/Pokemon.ts [6472, 24]: elements are not aligned, C:/Users/valmac/FullScreenPokemon/src/components/constants/Pokemon.ts [6475, 24]: elements are not aligned, C:/Users/valmac/FullScreenPokemon/src/components/constants/Pokemon.ts [6478, 24]: elements are not aligned, C:/Users/valmac/FullScreenPokemon/src/components/constants/Pokemon.ts [6481, 24]: elements are not aligned, C:/Users/valmac/FullScreenPokemon/src/components/constants/Pokemon.ts [6484, 24]: elements are not aligned, C:/Users/valmac/FullScreenPokemon/src/components/constants/Pokemon.ts [6487, 24]: elements are not aligned, C:/Users/valmac/FullScreenPokemon/src/components/constants/Pokemon.ts [6490, 24]: elements are not aligned, C:/Users/valmac/FullScreenPokemon/src/components/constants/Pokemon.ts [6493, 24]: elements are not aligned, C:/Users/valmac/FullScreenPokemon/src/components/constants/Pokemon.ts [6496, 24]: elements are not aligned, C:/Users/valmac/FullScreenPokemon/src/components/constants/Pokemon.ts [6499, 24]: elements are not aligned, C:/Users/valmac/FullScreenPokemon/src/components/constants/Pokemon.ts [6502, 24]: elements are not aligned, C:/Users/valmac/FullScreenPokemon/src/components/constants/Pokemon.ts [6505, 24]: elements are not aligned, C:/Users/valmac/FullScreenPokemon/src/components/constants/Pokemon.ts [6508, 24]: elements are not aligned, C:/Users/valmac/FullScreenPokemon/src/components/constants/Pokemon.ts [6511, 24]: elements are not aligned, C:/Users/valmac/FullScreenPokemon/src/components/constants/Pokemon.ts [6514, 24]: elements are not aligned, C:/Users/valmac/FullScreenPokemon/src/components/constants/Pokemon.ts [6517, 24]: elements are not aligned, C:/Users/valmac/FullScreenPokemon/src/components/constants/Pokemon.ts [6520, 24]: elements are not aligned, C:/Users/valmac/FullScreenPokemon/src/components/constants/Pokemon.ts [6523, 24]: elements are not aligned, C:/Users/valmac/FullScreenPokemon/src/components/constants/Pokemon.ts [6526, 24]: elements are not aligned, C:/Users/valmac/FullScreenPokemon/src/components/constants/Pokemon.ts [6534, 24]: elements are not aligned, C:/Users/valmac/FullScreenPokemon/src/components/constants/Pokemon.ts [6537, 24]: elements are not aligned, C:/Users/valmac/FullScreenPokemon/src/components/constants/Pokemon.ts [6540, 24]: elements are not aligned, C:/Users/valmac/FullScreenPokemon/src/components/constants/Pokemon.ts [6543, 24]: elements are not aligned, C:/Users/valmac/FullScreenPokemon/src/components/constants/Pokemon.ts [6546, 24]: elements are not aligned, C:/Users/valmac/FullScreenPokemon/src/components/constants/Pokemon.ts [6549, 24]: elements are not aligned, C:/Users/valmac/FullScreenPokemon/src/components/constants/Pokemon.ts [6552, 24]: elements are not aligned, C:/Users/valmac/FullScreenPokemon/src/components/constants/Pokemon.ts [6587, 24]: elements are not aligned, C:/Users/valmac/FullScreenPokemon/src/components/constants/Pokemon.ts [6590, 24]: elements are not aligned, C:/Users/valmac/FullScreenPokemon/src/components/constants/Pokemon.ts [6593, 24]: elements are not aligned, C:/Users/valmac/FullScreenPokemon/src/components/constants/Pokemon.ts [6596, 24]: elements are not aligned, C:/Users/valmac/FullScreenPokemon/src/components/constants/Pokemon.ts [6599, 24]: elements are not aligned, C:/Users/valmac/FullScreenPokemon/src/components/constants/Pokemon.ts [6611, 24]: elements are not aligned, C:/Users/valmac/FullScreenPokemon/src/components/constants/Pokemon.ts [6614, 24]: elements are not aligned, C:/Users/valmac/FullScreenPokemon/src/components/constants/Pokemon.ts [6617, 24]: elements are not aligned, C:/Users/valmac/FullScreenPokemon/src/components/constants/Pokemon.ts [6620, 24]: elements are not aligned, C:/Users/valmac/FullScreenPokemon/src/components/constants/Pokemon.ts [6623, 24]: elements are not aligned, C:/Users/valmac/FullScreenPokemon/src/components/constants/Pokemon.ts [6626, 24]: elements are not aligned, C:/Users/valmac/FullScreenPokemon/src/components/constants/Pokemon.ts [6629, 24]: elements are not aligned, C:/Users/valmac/FullScreenPokemon/src/components/constants/Pokemon.ts [6632, 24]: elements are not aligned, C:/Users/valmac/FullScreenPokemon/src/components/constants/Pokemon.ts [6635, 24]: elements are not aligned, C:/Users/valmac/FullScreenPokemon/src/components/constants/Pokemon.ts [6638, 24]: elements are not aligned, C:/Users/valmac/FullScreenPokemon/src/components/constants/Pokemon.ts [6641, 24]: elements are not aligned, C:/Users/valmac/FullScreenPokemon/src/components/constants/Pokemon.ts [6644, 24]: elements are not aligned, C:/Users/valmac/FullScreenPokemon/src/components/constants/Pokemon.ts [6647, 24]: elements are not aligned, C:/Users/valmac/FullScreenPokemon/src/components/constants/Pokemon.ts [6650, 24]: elements are not aligned, C:/Users/valmac/FullScreenPokemon/src/components/constants/Pokemon.ts [6676, 24]: elements are not aligned, C:/Users/valmac/FullScreenPokemon/src/components/constants/Pokemon.ts [6679, 24]: elements are not aligned, C:/Users/valmac/FullScreenPokemon/src/components/constants/Pokemon.ts [6682, 24]: elements are not aligned, C:/Users/valmac/FullScreenPokemon/src/components/constants/Pokemon.ts [6685, 24]: elements are not aligned, C:/Users/valmac/FullScreenPokemon/src/components/constants/Pokemon.ts [6688, 24]: elements are not aligned, C:/Users/valmac/FullScreenPokemon/src/components/constants/Pokemon.ts [6691, 24]: elements are not aligned, C:/Users/valmac/FullScreenPokemon/src/components/constants/Pokemon.ts [6700, 24]: elements are not aligned, C:/Users/valmac/FullScreenPokemon/src/components/constants/Pokemon.ts [6703, 24]: elements are not aligned, C:/Users/valmac/FullScreenPokemon/src/components/constants/Pokemon.ts [6706, 24]: elements are not aligned, C:/Users/valmac/FullScreenPokemon/src/components/constants/Pokemon.ts [6709, 24]: elements are not aligned, C:/Users/valmac/FullScreenPokemon/src/components/constants/Pokemon.ts [6712, 24]: elements are not aligned, C:/Users/valmac/FullScreenPokemon/src/components/constants/Pokemon.ts [6715, 24]: elements are not aligned, C:/Users/valmac/FullScreenPokemon/src/components/constants/Pokemon.ts [6718, 24]: elements are not aligned, C:/Users/valmac/FullScreenPokemon/src/components/constants/Pokemon.ts [6721, 24]: elements are not aligned, C:/Users/valmac/FullScreenPokemon/src/components/constants/Pokemon.ts [6724, 24]: elements are not aligned, C:/Users/valmac/FullScreenPokemon/src/components/constants/Pokemon.ts [6727, 24]: elements are not aligned, C:/Users/valmac/FullScreenPokemon/src/components/constants/Pokemon.ts [6730, 24]: elements are not aligned, C:/Users/valmac/FullScreenPokemon/src/components/constants/Pokemon.ts [6733, 24]: elements are not aligned, C:/Users/valmac/FullScreenPokemon/src/components/constants/Pokemon.ts [6736, 24]: elements are not aligned, C:/Users/valmac/FullScreenPokemon/src/components/constants/Pokemon.ts [6739, 24]: elements are not aligned, C:/Users/valmac/FullScreenPokemon/src/components/constants/Pokemon.ts [6742, 24]: elements are not aligned, C:/Users/valmac/FullScreenPokemon/src/components/constants/Pokemon.ts [6745, 24]: elements are not aligned, C:/Users/valmac/FullScreenPokemon/src/components/constants/Pokemon.ts [6748, 24]: elements are not aligned, C:/Users/valmac/FullScreenPokemon/src/components/constants/Pokemon.ts [6751, 24]: elements are not aligned, C:/Users/valmac/FullScreenPokemon/src/components/constants/Pokemon.ts [6754, 24]: elements are not aligned, C:/Users/valmac/FullScreenPokemon/src/components/constants/Pokemon.ts [6757, 24]: elements are not aligned, C:/Users/valmac/FullScreenPokemon/src/components/constants/Pokemon.ts [6760, 24]: elements are not aligned, C:/Users/valmac/FullScreenPokemon/src/components/constants/Pokemon.ts [6794, 24]: elements are not aligned, C:/Users/valmac/FullScreenPokemon/src/components/constants/Pokemon.ts [6797, 24]: elements are not aligned, C:/Users/valmac/FullScreenPokemon/src/components/constants/Pokemon.ts [6800, 24]: elements are not aligned, C:/Users/valmac/FullScreenPokemon/src/components/constants/Pokemon.ts [6803, 24]: elements are not aligned, C:/Users/valmac/FullScreenPokemon/src/components/constants/Pokemon.ts [6806, 24]: elements are not aligned, C:/Users/valmac/FullScreenPokemon/src/components/constants/Pokemon.ts [6809, 24]: elements are not aligned, C:/Users/valmac/FullScreenPokemon/src/components/constants/Pokemon.ts [6812, 24]: elements are not aligned, C:/Users/valmac/FullScreenPokemon/src/components/constants/Pokemon.ts [6815, 24]: elements are not aligned, C:/Users/valmac/FullScreenPokemon/src/components/constants/Pokemon.ts [6827, 24]: elements are not aligned, C:/Users/valmac/FullScreenPokemon/src/components/constants/Pokemon.ts [6830, 24]: elements are not aligned, C:/Users/valmac/FullScreenPokemon/src/components/constants/Pokemon.ts [6833, 24]: elements are not aligned, C:/Users/valmac/FullScreenPokemon/src/components/constants/Pokemon.ts [6836, 24]: elements are not aligned, C:/Users/valmac/FullScreenPokemon/src/components/constants/Pokemon.ts [6839, 24]: elements are not aligned, C:/Users/valmac/FullScreenPokemon/src/components/constants/Pokemon.ts [6842, 24]: elements are not aligned, C:/Users/valmac/FullScreenPokemon/src/components/constants/Pokemon.ts [6845, 24]: elements are not aligned, C:/Users/valmac/FullScreenPokemon/src/components/constants/Pokemon.ts [6848, 24]: elements are not aligned, C:/Users/valmac/FullScreenPokemon/src/components/constants/Pokemon.ts [6851, 24]: elements are not aligned, C:/Users/valmac/FullScreenPokemon/src/components/constants/Pokemon.ts [6854, 24]: elements are not aligned, C:/Users/valmac/FullScreenPokemon/src/components/constants/Pokemon.ts [6857, 24]: elements are not aligned, C:/Users/valmac/FullScreenPokemon/src/components/constants/Pokemon.ts [6860, 24]: elements are not aligned, C:/Users/valmac/FullScreenPokemon/src/components/constants/Pokemon.ts [6863, 24]: elements are not aligned, C:/Users/valmac/FullScreenPokemon/src/components/constants/Pokemon.ts [6866, 24]: elements are not aligned, C:/Users/valmac/FullScreenPokemon/src/components/constants/Pokemon.ts [6869, 24]: elements are not aligned, C:/Users/valmac/FullScreenPokemon/src/components/constants/Pokemon.ts [6872, 24]: elements are not aligned, C:/Users/valmac/FullScreenPokemon/src/components/constants/Pokemon.ts [6875, 24]: elements are not aligned, C:/Users/valmac/FullScreenPokemon/src/components/constants/Pokemon.ts [6878, 24]: elements are not aligned, C:/Users/valmac/FullScreenPokemon/src/components/constants/Pokemon.ts [6881, 24]: elements are not aligned, C:/Users/valmac/FullScreenPokemon/src/components/constants/Pokemon.ts [6884, 24]: elements are not aligned, C:/Users/valmac/FullScreenPokemon/src/components/constants/Pokemon.ts [6887, 24]: elements are not aligned, C:/Users/valmac/FullScreenPokemon/src/components/constants/Pokemon.ts [6890, 24]: elements are not aligned, C:/Users/valmac/FullScreenPokemon/src/components/constants/Pokemon.ts [6893, 24]: elements are not aligned, C:/Users/valmac/FullScreenPokemon/src/components/constants/Pokemon.ts [6955, 24]: elements are not aligned, C:/Users/valmac/FullScreenPokemon/src/components/constants/Pokemon.ts [6958, 24]: elements are not aligned, C:/Users/valmac/FullScreenPokemon/src/components/constants/Pokemon.ts [6961, 24]: elements are not aligned, C:/Users/valmac/FullScreenPokemon/src/components/constants/Pokemon.ts [6964, 24]: elements are not aligned, C:/Users/valmac/FullScreenPokemon/src/components/constants/Pokemon.ts [6967, 24]: elements are not aligned, C:/Users/valmac/FullScreenPokemon/src/components/constants/Pokemon.ts [6970, 24]: elements are not aligned, C:/Users/valmac/FullScreenPokemon/src/components/constants/Pokemon.ts [6979, 24]: elements are not aligned, C:/Users/valmac/FullScreenPokemon/src/components/constants/Pokemon.ts [6982, 24]: elements are not aligned, C:/Users/valmac/FullScreenPokemon/src/components/constants/Pokemon.ts [6985, 24]: elements are not aligned, C:/Users/valmac/FullScreenPokemon/src/components/constants/Pokemon.ts [6988, 24]: elements are not aligned, C:/Users/valmac/FullScreenPokemon/src/components/constants/Pokemon.ts [6991, 24]: elements are not aligned, C:/Users/valmac/FullScreenPokemon/src/components/constants/Pokemon.ts [6994, 24]: elements are not aligned, C:/Users/valmac/FullScreenPokemon/src/components/constants/Pokemon.ts [6997, 24]: elements are not aligned, C:/Users/valmac/FullScreenPokemon/src/components/constants/Pokemon.ts [7000, 24]: elements are not aligned, C:/Users/valmac/FullScreenPokemon/src/components/constants/Pokemon.ts [7003, 24]: elements are not aligned, C:/Users/valmac/FullScreenPokemon/src/components/constants/Pokemon.ts [7006, 24]: elements are not aligned, C:/Users/valmac/FullScreenPokemon/src/components/constants/Pokemon.ts [7009, 24]: elements are not aligned, C:/Users/valmac/FullScreenPokemon/src/components/constants/Pokemon.ts [7012, 24]: elements are not aligned, C:/Users/valmac/FullScreenPokemon/src/components/constants/Pokemon.ts [7015, 24]: elements are not aligned, C:/Users/valmac/FullScreenPokemon/src/components/constants/Pokemon.ts [7018, 24]: elements are not aligned, C:/Users/valmac/FullScreenPokemon/src/components/constants/Pokemon.ts [7021, 24]: elements are not aligned, C:/Users/valmac/FullScreenPokemon/src/components/constants/Pokemon.ts [7024, 24]: elements are not aligned, C:/Users/valmac/FullScreenPokemon/src/components/constants/Pokemon.ts [7027, 24]: elements are not aligned, C:/Users/valmac/FullScreenPokemon/src/components/constants/Pokemon.ts [7030, 24]: elements are not aligned, C:/Users/valmac/FullScreenPokemon/src/components/constants/Pokemon.ts [7033, 24]: elements are not aligned, C:/Users/valmac/FullScreenPokemon/src/components/constants/Pokemon.ts [7036, 24]: elements are not aligned, C:/Users/valmac/FullScreenPokemon/src/components/constants/Pokemon.ts [7039, 24]: elements are not aligned, C:/Users/valmac/FullScreenPokemon/src/components/constants/Pokemon.ts [7042, 24]: elements are not aligned, C:/Users/valmac/FullScreenPokemon/src/components/constants/Pokemon.ts [7045, 24]: elements are not aligned, C:/Users/valmac/FullScreenPokemon/src/components/constants/Pokemon.ts [7048, 24]: elements are not aligned, C:/Users/valmac/FullScreenPokemon/src/components/constants/Pokemon.ts [7051, 24]: elements are not aligned, C:/Users/valmac/FullScreenPokemon/src/components/constants/Pokemon.ts [7054, 24]: elements are not aligned, C:/Users/valmac/FullScreenPokemon/src/components/constants/Pokemon.ts [7080, 24]: elements are not aligned, C:/Users/valmac/FullScreenPokemon/src/components/constants/Pokemon.ts [7083, 24]: elements are not aligned, C:/Users/valmac/FullScreenPokemon/src/components/constants/Pokemon.ts [7086, 24]: elements are not aligned, C:/Users/valmac/FullScreenPokemon/src/components/constants/Pokemon.ts [7089, 24]: elements are not aligned, C:/Users/valmac/FullScreenPokemon/src/components/constants/Pokemon.ts [7092, 24]: elements are not aligned, C:/Users/valmac/FullScreenPokemon/src/components/constants/Pokemon.ts [7095, 24]: elements are not aligned, C:/Users/valmac/FullScreenPokemon/src/components/constants/Pokemon.ts [7098, 24]: elements are not aligned, C:/Users/valmac/FullScreenPokemon/src/components/constants/Pokemon.ts [7106, 24]: elements are not aligned, C:/Users/valmac/FullScreenPokemon/src/components/constants/Pokemon.ts [7109, 24]: elements are not aligned, C:/Users/valmac/FullScreenPokemon/src/components/constants/Pokemon.ts [7117, 24]: elements are not aligned, C:/Users/valmac/FullScreenPokemon/src/components/constants/Pokemon.ts [7120, 24]: elements are not aligned, C:/Users/valmac/FullScreenPokemon/src/components/constants/Pokemon.ts [7123, 24]: elements are not aligned, C:/Users/valmac/FullScreenPokemon/src/components/constants/Pokemon.ts [7126, 24]: elements are not aligned, C:/Users/valmac/FullScreenPokemon/src/components/constants/Pokemon.ts [7129, 24]: elements are not aligned, C:/Users/valmac/FullScreenPokemon/src/components/constants/Pokemon.ts [7132, 24]: elements are not aligned, C:/Users/valmac/FullScreenPokemon/src/components/constants/Pokemon.ts [7135, 24]: elements are not aligned, C:/Users/valmac/FullScreenPokemon/src/components/constants/Pokemon.ts [7138, 24]: elements are not aligned, C:/Users/valmac/FullScreenPokemon/src/components/constants/Pokemon.ts [7141, 24]: elements are not aligned, C:/Users/valmac/FullScreenPokemon/src/components/constants/Pokemon.ts [7144, 24]: elements are not aligned, C:/Users/valmac/FullScreenPokemon/src/components/constants/Pokemon.ts [7147, 24]: elements are not aligned, C:/Users/valmac/FullScreenPokemon/src/components/constants/Pokemon.ts [7150, 24]: elements are not aligned, C:/Users/valmac/FullScreenPokemon/src/components/constants/Pokemon.ts [7153, 24]: elements are not aligned, C:/Users/valmac/FullScreenPokemon/src/components/constants/Pokemon.ts [7156, 24]: elements are not aligned, C:/Users/valmac/FullScreenPokemon/src/components/constants/Pokemon.ts [7159, 24]: elements are not aligned, C:/Users/valmac/FullScreenPokemon/src/components/constants/Pokemon.ts [7194, 24]: elements are not aligned, C:/Users/valmac/FullScreenPokemon/src/components/constants/Pokemon.ts [7197, 24]: elements are not aligned, C:/Users/valmac/FullScreenPokemon/src/components/constants/Pokemon.ts [7200, 24]: elements are not aligned, C:/Users/valmac/FullScreenPokemon/src/components/constants/Pokemon.ts [7203, 24]: elements are not aligned, C:/Users/valmac/FullScreenPokemon/src/components/constants/Pokemon.ts [7206, 24]: elements are not aligned, C:/Users/valmac/FullScreenPokemon/src/components/constants/Pokemon.ts [7209, 24]: elements are not aligned, C:/Users/valmac/FullScreenPokemon/src/components/constants/Pokemon.ts [7217, 24]: elements are not aligned, C:/Users/valmac/FullScreenPokemon/src/components/constants/Pokemon.ts [7220, 24]: elements are not aligned, C:/Users/valmac/FullScreenPokemon/src/components/constants/Pokemon.ts [7223, 24]: elements are not aligned, C:/Users/valmac/FullScreenPokemon/src/components/constants/Pokemon.ts [7226, 24]: elements are not aligned, C:/Users/valmac/FullScreenPokemon/src/components/constants/Pokemon.ts [7229, 24]: elements are not aligned, C:/Users/valmac/FullScreenPokemon/src/components/constants/Pokemon.ts [7232, 24]: elements are not aligned, C:/Users/valmac/FullScreenPokemon/src/components/constants/Pokemon.ts [7235, 24]: elements are not aligned, C:/Users/valmac/FullScreenPokemon/src/components/constants/Pokemon.ts [7238, 24]: elements are not aligned, C:/Users/valmac/FullScreenPokemon/src/components/constants/Pokemon.ts [7241, 24]: elements are not aligned, C:/Users/valmac/FullScreenPokemon/src/components/constants/Pokemon.ts [7244, 24]: elements are not aligned, C:/Users/valmac/FullScreenPokemon/src/components/constants/Pokemon.ts [7247, 24]: elements are not aligned, C:/Users/valmac/FullScreenPokemon/src/components/constants/Pokemon.ts [7255, 24]: elements are not aligned, C:/Users/valmac/FullScreenPokemon/src/components/constants/Pokemon.ts [7258, 24]: elements are not aligned, C:/Users/valmac/FullScreenPokemon/src/components/constants/Pokemon.ts [7261, 24]: elements are not aligned, C:/Users/valmac/FullScreenPokemon/src/components/constants/Pokemon.ts [7264, 24]: elements are not aligned, C:/Users/valmac/FullScreenPokemon/src/components/constants/Pokemon.ts [7267, 24]: elements are not aligned, C:/Users/valmac/FullScreenPokemon/src/components/constants/Pokemon.ts [7270, 24]: elements are not aligned, C:/Users/valmac/FullScreenPokemon/src/components/constants/Pokemon.ts [7305, 24]: elements are not aligned, C:/Users/valmac/FullScreenPokemon/src/components/constants/Pokemon.ts [7308, 24]: elements are not aligned, C:/Users/valmac/FullScreenPokemon/src/components/constants/Pokemon.ts [7311, 24]: elements are not aligned, C:/Users/valmac/FullScreenPokemon/src/components/constants/Pokemon.ts [7314, 24]: elements are not aligned, C:/Users/valmac/FullScreenPokemon/src/components/constants/Pokemon.ts [7317, 24]: elements are not aligned, C:/Users/valmac/FullScreenPokemon/src/components/constants/Pokemon.ts [7320, 24]: elements are not aligned, C:/Users/valmac/FullScreenPokemon/src/components/constants/Pokemon.ts [7329, 24]: elements are not aligned, C:/Users/valmac/FullScreenPokemon/src/components/constants/Pokemon.ts [7332, 24]: elements are not aligned, C:/Users/valmac/FullScreenPokemon/src/components/constants/Pokemon.ts [7335, 24]: elements are not aligned, C:/Users/valmac/FullScreenPokemon/src/components/constants/Pokemon.ts [7338, 24]: elements are not aligned, C:/Users/valmac/FullScreenPokemon/src/components/constants/Pokemon.ts [7341, 24]: elements are not aligned, C:/Users/valmac/FullScreenPokemon/src/components/constants/Pokemon.ts [7344, 24]: elements are not aligned, C:/Users/valmac/FullScreenPokemon/src/components/constants/Pokemon.ts [7347, 24]: elements are not aligned, C:/Users/valmac/FullScreenPokemon/src/components/constants/Pokemon.ts [7350, 24]: elements are not aligned, C:/Users/valmac/FullScreenPokemon/src/components/constants/Pokemon.ts [7353, 24]: elements are not aligned, C:/Users/valmac/FullScreenPokemon/src/components/constants/Pokemon.ts [7356, 24]: elements are not aligned, C:/Users/valmac/FullScreenPokemon/src/components/constants/Pokemon.ts [7359, 24]: elements are not aligned, C:/Users/valmac/FullScreenPokemon/src/components/constants/Pokemon.ts [7362, 24]: elements are not aligned, C:/Users/valmac/FullScreenPokemon/src/components/constants/Pokemon.ts [7365, 24]: elements are not aligned, C:/Users/valmac/FullScreenPokemon/src/components/constants/Pokemon.ts [7368, 24]: elements are not aligned, C:/Users/valmac/FullScreenPokemon/src/components/constants/Pokemon.ts [7394, 24]: elements are not aligned, C:/Users/valmac/FullScreenPokemon/src/components/constants/Pokemon.ts [7397, 24]: elements are not aligned, C:/Users/valmac/FullScreenPokemon/src/components/constants/Pokemon.ts [7400, 24]: elements are not aligned, C:/Users/valmac/FullScreenPokemon/src/components/constants/Pokemon.ts [7403, 24]: elements are not aligned, C:/Users/valmac/FullScreenPokemon/src/components/constants/Pokemon.ts [7406, 24]: elements are not aligned, C:/Users/valmac/FullScreenPokemon/src/components/constants/Pokemon.ts [7409, 24]: elements are not aligned, C:/Users/valmac/FullScreenPokemon/src/components/constants/Pokemon.ts [7412, 24]: elements are not aligned, C:/Users/valmac/FullScreenPokemon/src/components/constants/Pokemon.ts [7420, 24]: elements are not aligned, C:/Users/valmac/FullScreenPokemon/src/components/constants/Pokemon.ts [7428, 24]: elements are not aligned, C:/Users/valmac/FullScreenPokemon/src/components/constants/Pokemon.ts [7431, 24]: elements are not aligned, C:/Users/valmac/FullScreenPokemon/src/components/constants/Pokemon.ts [7434, 24]: elements are not aligned, C:/Users/valmac/FullScreenPokemon/src/components/constants/Pokemon.ts [7437, 24]: elements are not aligned, C:/Users/valmac/FullScreenPokemon/src/components/constants/Pokemon.ts [7440, 24]: elements are not aligned, C:/Users/valmac/FullScreenPokemon/src/components/constants/Pokemon.ts [7443, 24]: elements are not aligned, C:/Users/valmac/FullScreenPokemon/src/components/constants/Pokemon.ts [7446, 24]: elements are not aligned, C:/Users/valmac/FullScreenPokemon/src/components/constants/Pokemon.ts [7449, 24]: elements are not aligned, C:/Users/valmac/FullScreenPokemon/src/components/constants/Pokemon.ts [7452, 24]: elements are not aligned, C:/Users/valmac/FullScreenPokemon/src/components/constants/Pokemon.ts [7455, 24]: elements are not aligned, C:/Users/valmac/FullScreenPokemon/src/components/constants/Pokemon.ts [7458, 24]: elements are not aligned, C:/Users/valmac/FullScreenPokemon/src/components/constants/Pokemon.ts [7461, 24]: elements are not aligned, C:/Users/valmac/FullScreenPokemon/src/components/constants/Pokemon.ts [7464, 24]: elements are not aligned, C:/Users/valmac/FullScreenPokemon/src/components/constants/Pokemon.ts [7467, 24]: elements are not aligned, C:/Users/valmac/FullScreenPokemon/src/components/constants/Pokemon.ts [7470, 24]: elements are not aligned, C:/Users/valmac/FullScreenPokemon/src/components/constants/Pokemon.ts [7473, 24]: elements are not aligned, C:/Users/valmac/FullScreenPokemon/src/components/constants/Pokemon.ts [7476, 24]: elements are not aligned, C:/Users/valmac/FullScreenPokemon/src/components/constants/Pokemon.ts [7479, 24]: elements are not aligned, C:/Users/valmac/FullScreenPokemon/src/components/constants/Pokemon.ts [7482, 24]: elements are not aligned, C:/Users/valmac/FullScreenPokemon/src/components/constants/Pokemon.ts [7485, 24]: elements are not aligned, C:/Users/valmac/FullScreenPokemon/src/components/constants/Pokemon.ts [7488, 24]: elements are not aligned, C:/Users/valmac/FullScreenPokemon/src/components/constants/Pokemon.ts [7491, 24]: elements are not aligned, C:/Users/valmac/FullScreenPokemon/src/components/constants/Pokemon.ts [7494, 24]: elements are not aligned, C:/Users/valmac/FullScreenPokemon/src/components/constants/Pokemon.ts [7520, 24]: elements are not aligned, C:/Users/valmac/FullScreenPokemon/src/components/constants/Pokemon.ts [7523, 24]: elements are not aligned, C:/Users/valmac/FullScreenPokemon/src/components/constants/Pokemon.ts [7526, 24]: elements are not aligned, C:/Users/valmac/FullScreenPokemon/src/components/constants/Pokemon.ts [7529, 24]: elements are not aligned, C:/Users/valmac/FullScreenPokemon/src/components/constants/Pokemon.ts [7532, 24]: elements are not aligned, C:/Users/valmac/FullScreenPokemon/src/components/constants/Pokemon.ts [7535, 24]: elements are not aligned, C:/Users/valmac/FullScreenPokemon/src/components/constants/Pokemon.ts [7544, 24]: elements are not aligned, C:/Users/valmac/FullScreenPokemon/src/components/constants/Pokemon.ts [7547, 24]: elements are not aligned, C:/Users/valmac/FullScreenPokemon/src/components/constants/Pokemon.ts [7550, 24]: elements are not aligned, C:/Users/valmac/FullScreenPokemon/src/components/constants/Pokemon.ts [7553, 24]: elements are not aligned, C:/Users/valmac/FullScreenPokemon/src/components/constants/Pokemon.ts [7556, 24]: elements are not aligned, C:/Users/valmac/FullScreenPokemon/src/components/constants/Pokemon.ts [7559, 24]: elements are not aligned, C:/Users/valmac/FullScreenPokemon/src/components/constants/Pokemon.ts [7562, 24]: elements are not aligned, C:/Users/valmac/FullScreenPokemon/src/components/constants/Pokemon.ts [7565, 24]: elements are not aligned, C:/Users/valmac/FullScreenPokemon/src/components/constants/Pokemon.ts [7568, 24]: elements are not aligned, C:/Users/valmac/FullScreenPokemon/src/components/constants/Pokemon.ts [7571, 24]: elements are not aligned, C:/Users/valmac/FullScreenPokemon/src/components/constants/Pokemon.ts [7574, 24]: elements are not aligned, C:/Users/valmac/FullScreenPokemon/src/components/constants/Pokemon.ts [7577, 24]: elements are not aligned, C:/Users/valmac/FullScreenPokemon/src/components/constants/Pokemon.ts [7580, 24]: elements are not aligned, C:/Users/valmac/FullScreenPokemon/src/components/constants/Pokemon.ts [7583, 24]: elements are not aligned, C:/Users/valmac/FullScreenPokemon/src/components/constants/Pokemon.ts [7586, 24]: elements are not aligned, C:/Users/valmac/FullScreenPokemon/src/components/constants/Pokemon.ts [7589, 24]: elements are not aligned, C:/Users/valmac/FullScreenPokemon/src/components/constants/Pokemon.ts [7592, 24]: elements are not aligned, C:/Users/valmac/FullScreenPokemon/src/components/constants/Pokemon.ts [7595, 24]: elements are not aligned, C:/Users/valmac/FullScreenPokemon/src/components/constants/Pokemon.ts [7598, 24]: elements are not aligned, C:/Users/valmac/FullScreenPokemon/src/components/constants/Pokemon.ts [7601, 24]: elements are not aligned, C:/Users/valmac/FullScreenPokemon/src/components/constants/Pokemon.ts [7604, 24]: elements are not aligned, C:/Users/valmac/FullScreenPokemon/src/components/constants/Pokemon.ts [7607, 24]: elements are not aligned, C:/Users/valmac/FullScreenPokemon/src/components/constants/Pokemon.ts [7610, 24]: elements are not aligned, C:/Users/valmac/FullScreenPokemon/src/components/constants/Pokemon.ts [7613, 24]: elements are not aligned, C:/Users/valmac/FullScreenPokemon/src/components/constants/Pokemon.ts [7616, 24]: elements are not aligned, C:/Users/valmac/FullScreenPokemon/src/components/constants/Pokemon.ts [7619, 24]: elements are not aligned, C:/Users/valmac/FullScreenPokemon/src/components/constants/Pokemon.ts [7645, 24]: elements are not aligned, C:/Users/valmac/FullScreenPokemon/src/components/constants/Pokemon.ts [7648, 24]: elements are not aligned, C:/Users/valmac/FullScreenPokemon/src/components/constants/Pokemon.ts [7651, 24]: elements are not aligned, C:/Users/valmac/FullScreenPokemon/src/components/constants/Pokemon.ts [7654, 24]: elements are not aligned, C:/Users/valmac/FullScreenPokemon/src/components/constants/Pokemon.ts [7657, 24]: elements are not aligned, C:/Users/valmac/FullScreenPokemon/src/components/constants/Pokemon.ts [7660, 24]: elements are not aligned, C:/Users/valmac/FullScreenPokemon/src/components/constants/Pokemon.ts [7663, 24]: elements are not aligned, C:/Users/valmac/FullScreenPokemon/src/components/constants/Pokemon.ts [7675, 24]: elements are not aligned, C:/Users/valmac/FullScreenPokemon/src/components/constants/Pokemon.ts [7678, 24]: elements are not aligned, C:/Users/valmac/FullScreenPokemon/src/components/constants/Pokemon.ts [7681, 24]: elements are not aligned, C:/Users/valmac/FullScreenPokemon/src/components/constants/Pokemon.ts [7684, 24]: elements are not aligned, C:/Users/valmac/FullScreenPokemon/src/components/constants/Pokemon.ts [7687, 24]: elements are not aligned, C:/Users/valmac/FullScreenPokemon/src/components/constants/Pokemon.ts [7690, 24]: elements are not aligned, C:/Users/valmac/FullScreenPokemon/src/components/constants/Pokemon.ts [7693, 24]: elements are not aligned, C:/Users/valmac/FullScreenPokemon/src/components/constants/Pokemon.ts [7696, 24]: elements are not aligned, C:/Users/valmac/FullScreenPokemon/src/components/constants/Pokemon.ts [7699, 24]: elements are not aligned, C:/Users/valmac/FullScreenPokemon/src/components/constants/Pokemon.ts [7702, 24]: elements are not aligned, C:/Users/valmac/FullScreenPokemon/src/components/constants/Pokemon.ts [7705, 24]: elements are not aligned, C:/Users/valmac/FullScreenPokemon/src/components/constants/Pokemon.ts [7708, 24]: elements are not aligned, C:/Users/valmac/FullScreenPokemon/src/components/constants/Pokemon.ts [7711, 24]: elements are not aligned, C:/Users/valmac/FullScreenPokemon/src/components/constants/Pokemon.ts [7714, 24]: elements are not aligned, C:/Users/valmac/FullScreenPokemon/src/components/constants/Pokemon.ts [7717, 24]: elements are not aligned, C:/Users/valmac/FullScreenPokemon/src/components/constants/Pokemon.ts [7720, 24]: elements are not aligned, C:/Users/valmac/FullScreenPokemon/src/components/constants/Pokemon.ts [7723, 24]: elements are not aligned, C:/Users/valmac/FullScreenPokemon/src/components/constants/Pokemon.ts [7726, 24]: elements are not aligned, C:/Users/valmac/FullScreenPokemon/src/components/constants/Pokemon.ts [7729, 24]: elements are not aligned, C:/Users/valmac/FullScreenPokemon/src/components/constants/Pokemon.ts [7732, 24]: elements are not aligned, C:/Users/valmac/FullScreenPokemon/src/components/constants/Pokemon.ts [7735, 24]: elements are not aligned, C:/Users/valmac/FullScreenPokemon/src/components/constants/Pokemon.ts [7738, 24]: elements are not aligned, C:/Users/valmac/FullScreenPokemon/src/components/constants/Pokemon.ts [7772, 24]: elements are not aligned, C:/Users/valmac/FullScreenPokemon/src/components/constants/Pokemon.ts [7775, 24]: elements are not aligned, C:/Users/valmac/FullScreenPokemon/src/components/constants/Pokemon.ts [7778, 24]: elements are not aligned, C:/Users/valmac/FullScreenPokemon/src/components/constants/Pokemon.ts [7781, 24]: elements are not aligned, C:/Users/valmac/FullScreenPokemon/src/components/constants/Pokemon.ts [7784, 24]: elements are not aligned, C:/Users/valmac/FullScreenPokemon/src/components/constants/Pokemon.ts [7787, 24]: elements are not aligned, C:/Users/valmac/FullScreenPokemon/src/components/constants/Pokemon.ts [7790, 24]: elements are not aligned, C:/Users/valmac/FullScreenPokemon/src/components/constants/Pokemon.ts [7799, 24]: elements are not aligned, C:/Users/valmac/FullScreenPokemon/src/components/constants/Pokemon.ts [7802, 24]: elements are not aligned, C:/Users/valmac/FullScreenPokemon/src/components/constants/Pokemon.ts [7805, 24]: elements are not aligned, C:/Users/valmac/FullScreenPokemon/src/components/constants/Pokemon.ts [7808, 24]: elements are not aligned, C:/Users/valmac/FullScreenPokemon/src/components/constants/Pokemon.ts [7811, 24]: elements are not aligned, C:/Users/valmac/FullScreenPokemon/src/components/constants/Pokemon.ts [7814, 24]: elements are not aligned, C:/Users/valmac/FullScreenPokemon/src/components/constants/Pokemon.ts [7817, 24]: elements are not aligned, C:/Users/valmac/FullScreenPokemon/src/components/constants/Pokemon.ts [7820, 24]: elements are not aligned, C:/Users/valmac/FullScreenPokemon/src/components/constants/Pokemon.ts [7823, 24]: elements are not aligned, C:/Users/valmac/FullScreenPokemon/src/components/constants/Pokemon.ts [7826, 24]: elements are not aligned, C:/Users/valmac/FullScreenPokemon/src/components/constants/Pokemon.ts [7829, 24]: elements are not aligned, C:/Users/valmac/FullScreenPokemon/src/components/constants/Pokemon.ts [7832, 24]: elements are not aligned, C:/Users/valmac/FullScreenPokemon/src/components/constants/Pokemon.ts [7835, 24]: elements are not aligned, C:/Users/valmac/FullScreenPokemon/src/components/constants/Pokemon.ts [7838, 24]: elements are not aligned, C:/Users/valmac/FullScreenPokemon/src/components/constants/Pokemon.ts [7841, 24]: elements are not aligned, C:/Users/valmac/FullScreenPokemon/src/components/constants/Pokemon.ts [7844, 24]: elements are not aligned, C:/Users/valmac/FullScreenPokemon/src/components/constants/Pokemon.ts [7847, 24]: elements are not aligned, C:/Users/valmac/FullScreenPokemon/src/components/constants/Pokemon.ts [7850, 24]: elements are not aligned, C:/Users/valmac/FullScreenPokemon/src/components/constants/Pokemon.ts [7853, 24]: elements are not aligned, C:/Users/valmac/FullScreenPokemon/src/components/constants/Pokemon.ts [7856, 24]: elements are not aligned, C:/Users/valmac/FullScreenPokemon/src/components/constants/Pokemon.ts [7859, 24]: elements are not aligned, C:/Users/valmac/FullScreenPokemon/src/components/constants/Pokemon.ts [7894, 24]: elements are not aligned, C:/Users/valmac/FullScreenPokemon/src/components/constants/Pokemon.ts [7897, 24]: elements are not aligned, C:/Users/valmac/FullScreenPokemon/src/components/constants/Pokemon.ts [7900, 24]: elements are not aligned, C:/Users/valmac/FullScreenPokemon/src/components/constants/Pokemon.ts [7903, 24]: elements are not aligned, C:/Users/valmac/FullScreenPokemon/src/components/constants/Pokemon.ts [7906, 24]: elements are not aligned, C:/Users/valmac/FullScreenPokemon/src/components/constants/Pokemon.ts [7918, 24]: elements are not aligned, C:/Users/valmac/FullScreenPokemon/src/components/constants/Pokemon.ts [7921, 24]: elements are not aligned, C:/Users/valmac/FullScreenPokemon/src/components/constants/Pokemon.ts [7924, 24]: elements are not aligned, C:/Users/valmac/FullScreenPokemon/src/components/constants/Pokemon.ts [7927, 24]: elements are not aligned, C:/Users/valmac/FullScreenPokemon/src/components/constants/Pokemon.ts [7930, 24]: elements are not aligned, C:/Users/valmac/FullScreenPokemon/src/components/constants/Pokemon.ts [7933, 24]: elements are not aligned, C:/Users/valmac/FullScreenPokemon/src/components/constants/Pokemon.ts [7936, 24]: elements are not aligned, C:/Users/valmac/FullScreenPokemon/src/components/constants/Pokemon.ts [7939, 24]: elements are not aligned, C:/Users/valmac/FullScreenPokemon/src/components/constants/Pokemon.ts [7942, 24]: elements are not aligned, C:/Users/valmac/FullScreenPokemon/src/components/constants/Pokemon.ts [7945, 24]: elements are not aligned, C:/Users/valmac/FullScreenPokemon/src/components/constants/Pokemon.ts [7948, 24]: elements are not aligned, C:/Users/valmac/FullScreenPokemon/src/components/constants/Pokemon.ts [7951, 24]: elements are not aligned, C:/Users/valmac/FullScreenPokemon/src/components/constants/Pokemon.ts [7954, 24]: elements are not aligned, C:/Users/valmac/FullScreenPokemon/src/components/constants/Pokemon.ts [7957, 24]: elements are not aligned, C:/Users/valmac/FullScreenPokemon/src/components/constants/Pokemon.ts [7960, 24]: elements are not aligned, C:/Users/valmac/FullScreenPokemon/src/components/constants/Pokemon.ts [7963, 24]: elements are not aligned, C:/Users/valmac/FullScreenPokemon/src/components/constants/Pokemon.ts [7966, 24]: elements are not aligned, C:/Users/valmac/FullScreenPokemon/src/components/constants/Pokemon.ts [7969, 24]: elements are not aligned, C:/Users/valmac/FullScreenPokemon/src/components/constants/Pokemon.ts [7972, 24]: elements are not aligned, C:/Users/valmac/FullScreenPokemon/src/components/constants/Pokemon.ts [7975, 24]: elements are not aligned, C:/Users/valmac/FullScreenPokemon/src/components/constants/Pokemon.ts [7978, 24]: elements are not aligned, C:/Users/valmac/FullScreenPokemon/src/components/constants/Pokemon.ts [8013, 24]: elements are not aligned, C:/Users/valmac/FullScreenPokemon/src/components/constants/Pokemon.ts [8041, 24]: elements are not aligned, C:/Users/valmac/FullScreenPokemon/src/components/constants/Pokemon.ts [8044, 24]: elements are not aligned, C:/Users/valmac/FullScreenPokemon/src/components/constants/Pokemon.ts [8047, 24]: elements are not aligned, C:/Users/valmac/FullScreenPokemon/src/components/constants/Pokemon.ts [8050, 24]: elements are not aligned, C:/Users/valmac/FullScreenPokemon/src/components/constants/Pokemon.ts [8053, 24]: elements are not aligned, C:/Users/valmac/FullScreenPokemon/src/components/constants/Pokemon.ts [8056, 24]: elements are not aligned, C:/Users/valmac/FullScreenPokemon/src/components/constants/Pokemon.ts [8065, 24]: elements are not aligned, C:/Users/valmac/FullScreenPokemon/src/components/constants/Pokemon.ts [8068, 24]: elements are not aligned, C:/Users/valmac/FullScreenPokemon/src/components/constants/Pokemon.ts [8071, 24]: elements are not aligned, C:/Users/valmac/FullScreenPokemon/src/components/constants/Pokemon.ts [8074, 24]: elements are not aligned, C:/Users/valmac/FullScreenPokemon/src/components/constants/Pokemon.ts [8077, 24]: elements are not aligned, C:/Users/valmac/FullScreenPokemon/src/components/constants/Pokemon.ts [8080, 24]: elements are not aligned, C:/Users/valmac/FullScreenPokemon/src/components/constants/Pokemon.ts [8083, 24]: elements are not aligned, C:/Users/valmac/FullScreenPokemon/src/components/constants/Pokemon.ts [8086, 24]: elements are not aligned, C:/Users/valmac/FullScreenPokemon/src/components/constants/Pokemon.ts [8089, 24]: elements are not aligned, C:/Users/valmac/FullScreenPokemon/src/components/constants/Pokemon.ts [8092, 24]: elements are not aligned, C:/Users/valmac/FullScreenPokemon/src/components/constants/Pokemon.ts [8095, 24]: elements are not aligned, C:/Users/valmac/FullScreenPokemon/src/components/constants/Pokemon.ts [8098, 24]: elements are not aligned, C:/Users/valmac/FullScreenPokemon/src/components/constants/Pokemon.ts [8101, 24]: elements are not aligned, C:/Users/valmac/FullScreenPokemon/src/components/constants/Pokemon.ts [8104, 24]: elements are not aligned, C:/Users/valmac/FullScreenPokemon/src/components/constants/Pokemon.ts [8107, 24]: elements are not aligned, C:/Users/valmac/FullScreenPokemon/src/components/constants/Pokemon.ts [8110, 24]: elements are not aligned, C:/Users/valmac/FullScreenPokemon/src/components/constants/Pokemon.ts [8113, 24]: elements are not aligned, C:/Users/valmac/FullScreenPokemon/src/components/constants/Pokemon.ts [8116, 24]: elements are not aligned, C:/Users/valmac/FullScreenPokemon/src/components/constants/Pokemon.ts [8119, 24]: elements are not aligned, C:/Users/valmac/FullScreenPokemon/src/components/constants/Pokemon.ts [8122, 24]: elements are not aligned, C:/Users/valmac/FullScreenPokemon/src/components/constants/Pokemon.ts [8125, 24]: elements are not aligned, C:/Users/valmac/FullScreenPokemon/src/components/constants/Pokemon.ts [8160, 24]: elements are not aligned, C:/Users/valmac/FullScreenPokemon/src/components/constants/Pokemon.ts [8163, 24]: elements are not aligned, C:/Users/valmac/FullScreenPokemon/src/components/constants/Pokemon.ts [8166, 24]: elements are not aligned, C:/Users/valmac/FullScreenPokemon/src/components/constants/Pokemon.ts [8169, 24]: elements are not aligned, C:/Users/valmac/FullScreenPokemon/src/components/constants/Pokemon.ts [8172, 24]: elements are not aligned, C:/Users/valmac/FullScreenPokemon/src/components/constants/Pokemon.ts [8175, 24]: elements are not aligned, C:/Users/valmac/FullScreenPokemon/src/components/constants/Pokemon.ts [8187, 24]: elements are not aligned, C:/Users/valmac/FullScreenPokemon/src/components/constants/Pokemon.ts [8190, 24]: elements are not aligned, C:/Users/valmac/FullScreenPokemon/src/components/constants/Pokemon.ts [8193, 24]: elements are not aligned, C:/Users/valmac/FullScreenPokemon/src/components/constants/Pokemon.ts [8196, 24]: elements are not aligned, C:/Users/valmac/FullScreenPokemon/src/components/constants/Pokemon.ts [8199, 24]: elements are not aligned, C:/Users/valmac/FullScreenPokemon/src/components/constants/Pokemon.ts [8202, 24]: elements are not aligned, C:/Users/valmac/FullScreenPokemon/src/components/constants/Pokemon.ts [8205, 24]: elements are not aligned, C:/Users/valmac/FullScreenPokemon/src/components/constants/Pokemon.ts [8208, 24]: elements are not aligned, C:/Users/valmac/FullScreenPokemon/src/components/constants/Pokemon.ts [8211, 24]: elements are not aligned, C:/Users/valmac/FullScreenPokemon/src/components/constants/Pokemon.ts [8214, 24]: elements are not aligned, C:/Users/valmac/FullScreenPokemon/src/components/constants/Pokemon.ts [8217, 24]: elements are not aligned, C:/Users/valmac/FullScreenPokemon/src/components/constants/Pokemon.ts [8220, 24]: elements are not aligned, C:/Users/valmac/FullScreenPokemon/src/components/constants/Pokemon.ts [8223, 24]: elements are not aligned, C:/Users/valmac/FullScreenPokemon/src/components/constants/Pokemon.ts [8226, 24]: elements are not aligned, C:/Users/valmac/FullScreenPokemon/src/components/constants/Pokemon.ts [8252, 24]: elements are not aligned, C:/Users/valmac/FullScreenPokemon/src/components/constants/Pokemon.ts [8255, 24]: elements are not aligned, C:/Users/valmac/FullScreenPokemon/src/components/constants/Pokemon.ts [8258, 24]: elements are not aligned, C:/Users/valmac/FullScreenPokemon/src/components/constants/Pokemon.ts [8261, 24]: elements are not aligned, C:/Users/valmac/FullScreenPokemon/src/components/constants/Pokemon.ts [8264, 24]: elements are not aligned, C:/Users/valmac/FullScreenPokemon/src/components/constants/Pokemon.ts [8267, 24]: elements are not aligned, C:/Users/valmac/FullScreenPokemon/src/components/constants/Pokemon.ts [8270, 24]: elements are not aligned, C:/Users/valmac/FullScreenPokemon/src/components/constants/Pokemon.ts [8273, 24]: elements are not aligned, C:/Users/valmac/FullScreenPokemon/src/components/constants/Pokemon.ts [8282, 24]: elements are not aligned, C:/Users/valmac/FullScreenPokemon/src/components/constants/Pokemon.ts [8285, 24]: elements are not aligned, C:/Users/valmac/FullScreenPokemon/src/components/constants/Pokemon.ts [8288, 24]: elements are not aligned, C:/Users/valmac/FullScreenPokemon/src/components/constants/Pokemon.ts [8291, 24]: elements are not aligned, C:/Users/valmac/FullScreenPokemon/src/components/constants/Pokemon.ts [8294, 24]: elements are not aligned, C:/Users/valmac/FullScreenPokemon/src/components/constants/Pokemon.ts [8297, 24]: elements are not aligned, C:/Users/valmac/FullScreenPokemon/src/components/constants/Pokemon.ts [8300, 24]: elements are not aligned, C:/Users/valmac/FullScreenPokemon/src/components/constants/Pokemon.ts [8303, 24]: elements are not aligned, C:/Users/valmac/FullScreenPokemon/src/components/constants/Pokemon.ts [8306, 24]: elements are not aligned, C:/Users/valmac/FullScreenPokemon/src/components/constants/Pokemon.ts [8309, 24]: elements are not aligned, C:/Users/valmac/FullScreenPokemon/src/components/constants/Pokemon.ts [8312, 24]: elements are not aligned, C:/Users/valmac/FullScreenPokemon/src/components/constants/Pokemon.ts [8315, 24]: elements are not aligned, C:/Users/valmac/FullScreenPokemon/src/components/constants/Pokemon.ts [8318, 24]: elements are not aligned, C:/Users/valmac/FullScreenPokemon/src/components/constants/Pokemon.ts [8321, 24]: elements are not aligned, C:/Users/valmac/FullScreenPokemon/src/components/constants/Pokemon.ts [8324, 24]: elements are not aligned, C:/Users/valmac/FullScreenPokemon/src/components/constants/Pokemon.ts [8359, 24]: elements are not aligned, C:/Users/valmac/FullScreenPokemon/src/components/constants/Pokemon.ts [8362, 24]: elements are not aligned, C:/Users/valmac/FullScreenPokemon/src/components/constants/Pokemon.ts [8365, 24]: elements are not aligned, C:/Users/valmac/FullScreenPokemon/src/components/constants/Pokemon.ts [8368, 24]: elements are not aligned, C:/Users/valmac/FullScreenPokemon/src/components/constants/Pokemon.ts [8371, 24]: elements are not aligned, C:/Users/valmac/FullScreenPokemon/src/components/constants/Pokemon.ts [8374, 24]: elements are not aligned, C:/Users/valmac/FullScreenPokemon/src/components/constants/Pokemon.ts [8386, 24]: elements are not aligned, C:/Users/valmac/FullScreenPokemon/src/components/constants/Pokemon.ts [8389, 24]: elements are not aligned, C:/Users/valmac/FullScreenPokemon/src/components/constants/Pokemon.ts [8392, 24]: elements are not aligned, C:/Users/valmac/FullScreenPokemon/src/components/constants/Pokemon.ts [8395, 24]: elements are not aligned, C:/Users/valmac/FullScreenPokemon/src/components/constants/Pokemon.ts [8398, 24]: elements are not aligned, C:/Users/valmac/FullScreenPokemon/src/components/constants/Pokemon.ts [8401, 24]: elements are not aligned, C:/Users/valmac/FullScreenPokemon/src/components/constants/Pokemon.ts [8404, 24]: elements are not aligned, C:/Users/valmac/FullScreenPokemon/src/components/constants/Pokemon.ts [8407, 24]: elements are not aligned, C:/Users/valmac/FullScreenPokemon/src/components/constants/Pokemon.ts [8410, 24]: elements are not aligned, C:/Users/valmac/FullScreenPokemon/src/components/constants/Pokemon.ts [8413, 24]: elements are not aligned, C:/Users/valmac/FullScreenPokemon/src/components/constants/Pokemon.ts [8416, 24]: elements are not aligned, C:/Users/valmac/FullScreenPokemon/src/components/constants/Pokemon.ts [8419, 24]: elements are not aligned, C:/Users/valmac/FullScreenPokemon/src/components/constants/Pokemon.ts [8422, 24]: elements are not aligned, C:/Users/valmac/FullScreenPokemon/src/components/constants/Pokemon.ts [8425, 24]: elements are not aligned, C:/Users/valmac/FullScreenPokemon/src/components/constants/Pokemon.ts [8428, 24]: elements are not aligned, C:/Users/valmac/FullScreenPokemon/src/components/constants/Pokemon.ts [8431, 24]: elements are not aligned, C:/Users/valmac/FullScreenPokemon/src/components/constants/Pokemon.ts [8434, 24]: elements are not aligned, C:/Users/valmac/FullScreenPokemon/src/components/constants/Pokemon.ts [8437, 24]: elements are not aligned, C:/Users/valmac/FullScreenPokemon/src/components/constants/Pokemon.ts [8440, 24]: elements are not aligned, C:/Users/valmac/FullScreenPokemon/src/components/constants/Pokemon.ts [8443, 24]: elements are not aligned, C:/Users/valmac/FullScreenPokemon/src/components/constants/Pokemon.ts [8446, 24]: elements are not aligned, C:/Users/valmac/FullScreenPokemon/src/components/constants/Pokemon.ts [8449, 24]: elements are not aligned, C:/Users/valmac/FullScreenPokemon/src/components/constants/Pokemon.ts [8475, 24]: elements are not aligned, C:/Users/valmac/FullScreenPokemon/src/components/constants/Pokemon.ts [8478, 24]: elements are not aligned, C:/Users/valmac/FullScreenPokemon/src/components/constants/Pokemon.ts [8481, 24]: elements are not aligned, C:/Users/valmac/FullScreenPokemon/src/components/constants/Pokemon.ts [8484, 24]: elements are not aligned, C:/Users/valmac/FullScreenPokemon/src/components/constants/Pokemon.ts [8487, 24]: elements are not aligned, C:/Users/valmac/FullScreenPokemon/src/components/constants/Pokemon.ts [8490, 24]: elements are not aligned, C:/Users/valmac/FullScreenPokemon/src/components/constants/Pokemon.ts [8493, 24]: elements are not aligned, C:/Users/valmac/FullScreenPokemon/src/components/constants/Pokemon.ts [8496, 24]: elements are not aligned, C:/Users/valmac/FullScreenPokemon/src/components/constants/Pokemon.ts [8508, 24]: elements are not aligned, C:/Users/valmac/FullScreenPokemon/src/components/constants/Pokemon.ts [8511, 24]: elements are not aligned, C:/Users/valmac/FullScreenPokemon/src/components/constants/Pokemon.ts [8514, 24]: elements are not aligned, C:/Users/valmac/FullScreenPokemon/src/components/constants/Pokemon.ts [8517, 24]: elements are not aligned, C:/Users/valmac/FullScreenPokemon/src/components/constants/Pokemon.ts [8520, 24]: elements are not aligned, C:/Users/valmac/FullScreenPokemon/src/components/constants/Pokemon.ts [8523, 24]: elements are not aligned, C:/Users/valmac/FullScreenPokemon/src/components/constants/Pokemon.ts [8526, 24]: elements are not aligned, C:/Users/valmac/FullScreenPokemon/src/components/constants/Pokemon.ts [8529, 24]: elements are not aligned, C:/Users/valmac/FullScreenPokemon/src/components/constants/Pokemon.ts [8532, 24]: elements are not aligned, C:/Users/valmac/FullScreenPokemon/src/components/constants/Pokemon.ts [8535, 24]: elements are not aligned, C:/Users/valmac/FullScreenPokemon/src/components/constants/Pokemon.ts [8538, 24]: elements are not aligned, C:/Users/valmac/FullScreenPokemon/src/components/constants/Pokemon.ts [8541, 24]: elements are not aligned, C:/Users/valmac/FullScreenPokemon/src/components/constants/Pokemon.ts [8544, 24]: elements are not aligned, C:/Users/valmac/FullScreenPokemon/src/components/constants/Pokemon.ts [8547, 24]: elements are not aligned, C:/Users/valmac/FullScreenPokemon/src/components/constants/Pokemon.ts [8550, 24]: elements are not aligned, C:/Users/valmac/FullScreenPokemon/src/components/constants/Pokemon.ts [8553, 24]: elements are not aligned, C:/Users/valmac/FullScreenPokemon/src/components/constants/Pokemon.ts [8556, 24]: elements are not aligned, C:/Users/valmac/FullScreenPokemon/src/components/constants/Pokemon.ts [8559, 24]: elements are not aligned, C:/Users/valmac/FullScreenPokemon/src/components/constants/Pokemon.ts [8562, 24]: elements are not aligned, C:/Users/valmac/FullScreenPokemon/src/components/constants/Pokemon.ts [8565, 24]: elements are not aligned, C:/Users/valmac/FullScreenPokemon/src/components/constants/Pokemon.ts [8568, 24]: elements are not aligned, C:/Users/valmac/FullScreenPokemon/src/components/constants/Pokemon.ts [8571, 24]: elements are not aligned, C:/Users/valmac/FullScreenPokemon/src/components/constants/Pokemon.ts [8574, 24]: elements are not aligned, C:/Users/valmac/FullScreenPokemon/src/components/constants/Pokemon.ts [8577, 24]: elements are not aligned, C:/Users/valmac/FullScreenPokemon/src/components/constants/Pokemon.ts [8612, 24]: elements are not aligned, C:/Users/valmac/FullScreenPokemon/src/components/constants/Pokemon.ts [8615, 24]: elements are not aligned, C:/Users/valmac/FullScreenPokemon/src/components/constants/Pokemon.ts [8618, 24]: elements are not aligned, C:/Users/valmac/FullScreenPokemon/src/components/constants/Pokemon.ts [8621, 24]: elements are not aligned, C:/Users/valmac/FullScreenPokemon/src/components/constants/Pokemon.ts [8624, 24]: elements are not aligned, C:/Users/valmac/FullScreenPokemon/src/components/constants/Pokemon.ts [8627, 24]: elements are not aligned, C:/Users/valmac/FullScreenPokemon/src/components/constants/Pokemon.ts [8636, 24]: elements are not aligned, C:/Users/valmac/FullScreenPokemon/src/components/constants/Pokemon.ts [8639, 24]: elements are not aligned, C:/Users/valmac/FullScreenPokemon/src/components/constants/Pokemon.ts [8642, 24]: elements are not aligned, C:/Users/valmac/FullScreenPokemon/src/components/constants/Pokemon.ts [8645, 24]: elements are not aligned, C:/Users/valmac/FullScreenPokemon/src/components/constants/Pokemon.ts [8648, 24]: elements are not aligned, C:/Users/valmac/FullScreenPokemon/src/components/constants/Pokemon.ts [8651, 24]: elements are not aligned, C:/Users/valmac/FullScreenPokemon/src/components/constants/Pokemon.ts [8691, 24]: elements are not aligned, C:/Users/valmac/FullScreenPokemon/src/components/constants/Pokemon.ts [8717, 24]: elements are not aligned, C:/Users/valmac/FullScreenPokemon/src/components/constants/Pokemon.ts [8720, 24]: elements are not aligned, C:/Users/valmac/FullScreenPokemon/src/components/constants/Pokemon.ts [8723, 24]: elements are not aligned, C:/Users/valmac/FullScreenPokemon/src/components/constants/Pokemon.ts [8726, 24]: elements are not aligned, C:/Users/valmac/FullScreenPokemon/src/components/constants/Pokemon.ts [8734, 24]: elements are not aligned, C:/Users/valmac/FullScreenPokemon/src/components/constants/Pokemon.ts [8737, 24]: elements are not aligned, C:/Users/valmac/FullScreenPokemon/src/components/constants/Pokemon.ts [8740, 24]: elements are not aligned, C:/Users/valmac/FullScreenPokemon/src/components/constants/Pokemon.ts [8743, 24]: elements are not aligned, C:/Users/valmac/FullScreenPokemon/src/components/constants/Pokemon.ts [8751, 24]: elements are not aligned, C:/Users/valmac/FullScreenPokemon/src/components/constants/Pokemon.ts [8754, 24]: elements are not aligned, C:/Users/valmac/FullScreenPokemon/src/components/constants/Pokemon.ts [8757, 24]: elements are not aligned, C:/Users/valmac/FullScreenPokemon/src/components/constants/Pokemon.ts [8760, 24]: elements are not aligned, C:/Users/valmac/FullScreenPokemon/src/components/constants/Pokemon.ts [8763, 24]: elements are not aligned, C:/Users/valmac/FullScreenPokemon/src/components/constants/Pokemon.ts [8766, 24]: elements are not aligned, C:/Users/valmac/FullScreenPokemon/src/components/constants/Pokemon.ts [8769, 24]: elements are not aligned, C:/Users/valmac/FullScreenPokemon/src/components/constants/Pokemon.ts [8772, 24]: elements are not aligned, C:/Users/valmac/FullScreenPokemon/src/components/constants/Pokemon.ts [8775, 24]: elements are not aligned, C:/Users/valmac/FullScreenPokemon/src/components/constants/Pokemon.ts [8778, 24]: elements are not aligned, C:/Users/valmac/FullScreenPokemon/src/components/constants/Pokemon.ts [8781, 24]: elements are not aligned, C:/Users/valmac/FullScreenPokemon/src/components/constants/Pokemon.ts [8784, 24]: elements are not aligned, C:/Users/valmac/FullScreenPokemon/src/components/constants/Pokemon.ts [8787, 24]: elements are not aligned, C:/Users/valmac/FullScreenPokemon/src/components/constants/Pokemon.ts [8790, 24]: elements are not aligned, C:/Users/valmac/FullScreenPokemon/src/components/constants/Pokemon.ts [8793, 24]: elements are not aligned, C:/Users/valmac/FullScreenPokemon/src/components/constants/Pokemon.ts [8796, 24]: elements are not aligned, C:/Users/valmac/FullScreenPokemon/src/components/constants/Pokemon.ts [8799, 24]: elements are not aligned, C:/Users/valmac/FullScreenPokemon/src/components/constants/Pokemon.ts [8802, 24]: elements are not aligned, C:/Users/valmac/FullScreenPokemon/src/components/constants/Pokemon.ts [8805, 24]: elements are not aligned, C:/Users/valmac/FullScreenPokemon/src/components/constants/Pokemon.ts [8808, 24]: elements are not aligned, C:/Users/valmac/FullScreenPokemon/src/components/constants/Pokemon.ts [8811, 24]: elements are not aligned, C:/Users/valmac/FullScreenPokemon/src/components/constants/Pokemon.ts [8814, 24]: elements are not aligned, C:/Users/valmac/FullScreenPokemon/src/components/constants/Pokemon.ts [8817, 24]: elements are not aligned, C:/Users/valmac/FullScreenPokemon/src/components/constants/Pokemon.ts [8820, 24]: elements are not aligned, C:/Users/valmac/FullScreenPokemon/src/components/constants/Pokemon.ts [8823, 24]: elements are not aligned, C:/Users/valmac/FullScreenPokemon/src/components/constants/Pokemon.ts [8826, 24]: elements are not aligned, C:/Users/valmac/FullScreenPokemon/src/components/constants/Pokemon.ts [8829, 24]: elements are not aligned, C:/Users/valmac/FullScreenPokemon/src/components/constants/Pokemon.ts [8832, 24]: elements are not aligned, C:/Users/valmac/FullScreenPokemon/src/components/constants/Pokemon.ts [8835, 24]: elements are not aligned, C:/Users/valmac/FullScreenPokemon/src/components/constants/Pokemon.ts [8838, 24]: elements are not aligned, C:/Users/valmac/FullScreenPokemon/src/components/constants/Pokemon.ts [8841, 24]: elements are not aligned, C:/Users/valmac/FullScreenPokemon/src/components/constants/Pokemon.ts [8844, 24]: elements are not aligned, C:/Users/valmac/FullScreenPokemon/src/components/constants/Pokemon.ts [8847, 24]: elements are not aligned, C:/Users/valmac/FullScreenPokemon/src/components/constants/Pokemon.ts [8850, 24]: elements are not aligned, C:/Users/valmac/FullScreenPokemon/src/components/constants/Pokemon.ts [8853, 24]: elements are not aligned, C:/Users/valmac/FullScreenPokemon/src/components/constants/Pokemon.ts [8856, 24]: elements are not aligned, C:/Users/valmac/FullScreenPokemon/src/components/constants/Pokemon.ts [8859, 24]: elements are not aligned, C:/Users/valmac/FullScreenPokemon/src/components/constants/Pokemon.ts [8862, 24]: elements are not aligned, C:/Users/valmac/FullScreenPokemon/src/components/constants/Pokemon.ts [8865, 24]: elements are not aligned, C:/Users/valmac/FullScreenPokemon/src/components/constants/Pokemon.ts [8868, 24]: elements are not aligned, C:/Users/valmac/FullScreenPokemon/src/components/constants/Pokemon.ts [8871, 24]: elements are not aligned, C:/Users/valmac/FullScreenPokemon/src/components/constants/Pokemon.ts [8874, 24]: elements are not aligned, C:/Users/valmac/FullScreenPokemon/src/components/constants/Pokemon.ts [8877, 24]: elements are not aligned, C:/Users/valmac/FullScreenPokemon/src/components/constants/Pokemon.ts [8880, 24]: elements are not aligned, C:/Users/valmac/FullScreenPokemon/src/components/constants/Pokemon.ts [8883, 24]: elements are not aligned, C:/Users/valmac/FullScreenPokemon/src/components/constants/Pokemon.ts [8886, 24]: elements are not aligned, C:/Users/valmac/FullScreenPokemon/src/components/constants/Pokemon.ts [8889, 24]: elements are not aligned, C:/Users/valmac/FullScreenPokemon/src/components/constants/Pokemon.ts [8892, 24]: elements are not aligned, C:/Users/valmac/FullScreenPokemon/src/components/constants/Pokemon.ts [8895, 24]: elements are not aligned, C:/Users/valmac/FullScreenPokemon/src/components/constants/Pokemon.ts [8921, 24]: elements are not aligned, C:/Users/valmac/FullScreenPokemon/src/components/constants/Pokemon.ts [8924, 24]: elements are not aligned, C:/Users/valmac/FullScreenPokemon/src/components/constants/Pokemon.ts [8927, 24]: elements are not aligned, C:/Users/valmac/FullScreenPokemon/src/components/constants/Pokemon.ts [8930, 24]: elements are not aligned, C:/Users/valmac/FullScreenPokemon/src/components/constants/Pokemon.ts [8933, 24]: elements are not aligned, C:/Users/valmac/FullScreenPokemon/src/components/constants/Pokemon.ts [8936, 24]: elements are not aligned, C:/Users/valmac/FullScreenPokemon/src/components/constants/Pokemon.ts [8939, 24]: elements are not aligned, C:/Users/valmac/FullScreenPokemon/src/components/constants/Pokemon.ts [8942, 24]: elements are not aligned, C:/Users/valmac/FullScreenPokemon/src/components/constants/Pokemon.ts [8950, 24]: elements are not aligned, C:/Users/valmac/FullScreenPokemon/src/components/constants/Pokemon.ts [8958, 24]: elements are not aligned, C:/Users/valmac/FullScreenPokemon/src/components/constants/Pokemon.ts [8961, 24]: elements are not aligned, C:/Users/valmac/FullScreenPokemon/src/components/constants/Pokemon.ts [8964, 24]: elements are not aligned, C:/Users/valmac/FullScreenPokemon/src/components/constants/Pokemon.ts [8967, 24]: elements are not aligned, C:/Users/valmac/FullScreenPokemon/src/components/constants/Pokemon.ts [8970, 24]: elements are not aligned, C:/Users/valmac/FullScreenPokemon/src/components/constants/Pokemon.ts [8973, 24]: elements are not aligned, C:/Users/valmac/FullScreenPokemon/src/components/constants/Pokemon.ts [8976, 24]: elements are not aligned, C:/Users/valmac/FullScreenPokemon/src/components/constants/Pokemon.ts [8979, 24]: elements are not aligned, C:/Users/valmac/FullScreenPokemon/src/components/constants/Pokemon.ts [8982, 24]: elements are not aligned, C:/Users/valmac/FullScreenPokemon/src/components/constants/Pokemon.ts [8985, 24]: elements are not aligned, C:/Users/valmac/FullScreenPokemon/src/components/constants/Pokemon.ts [8988, 24]: elements are not aligned, C:/Users/valmac/FullScreenPokemon/src/components/constants/Pokemon.ts [8991, 24]: elements are not aligned, C:/Users/valmac/FullScreenPokemon/src/components/constants/Pokemon.ts [8994, 24]: elements are not aligned, C:/Users/valmac/FullScreenPokemon/src/components/constants/Pokemon.ts [8997, 24]: elements are not aligned, C:/Users/valmac/FullScreenPokemon/src/components/constants/Pokemon.ts [9000, 24]: elements are not aligned, C:/Users/valmac/FullScreenPokemon/src/components/constants/Pokemon.ts [9003, 24]: elements are not aligned, C:/Users/valmac/FullScreenPokemon/src/components/constants/Pokemon.ts [9006, 24]: elements are not aligned, C:/Users/valmac/FullScreenPokemon/src/components/constants/Pokemon.ts [9009, 24]: elements are not aligned, C:/Users/valmac/FullScreenPokemon/src/components/constants/Pokemon.ts [9012, 24]: elements are not aligned, C:/Users/valmac/FullScreenPokemon/src/components/constants/Pokemon.ts [9015, 24]: elements are not aligned, C:/Users/valmac/FullScreenPokemon/src/components/constants/Pokemon.ts [9018, 24]: elements are not aligned, C:/Users/valmac/FullScreenPokemon/src/components/constants/Pokemon.ts [9021, 24]: elements are not aligned, C:/Users/valmac/FullScreenPokemon/src/components/constants/Pokemon.ts [9024, 24]: elements are not aligned, C:/Users/valmac/FullScreenPokemon/src/components/constants/Pokemon.ts [9027, 24]: elements are not aligned, C:/Users/valmac/FullScreenPokemon/src/components/constants/Pokemon.ts [9030, 24]: elements are not aligned, C:/Users/valmac/FullScreenPokemon/src/components/constants/Pokemon.ts [9033, 24]: elements are not aligned, C:/Users/valmac/FullScreenPokemon/src/components/constants/Pokemon.ts [9036, 24]: elements are not aligned, C:/Users/valmac/FullScreenPokemon/src/components/constants/Pokemon.ts [9039, 24]: elements are not aligned, C:/Users/valmac/FullScreenPokemon/src/components/constants/Pokemon.ts [9042, 24]: elements are not aligned, C:/Users/valmac/FullScreenPokemon/src/components/constants/Pokemon.ts [9045, 24]: elements are not aligned, C:/Users/valmac/FullScreenPokemon/src/components/constants/Pokemon.ts [9048, 24]: elements are not aligned, C:/Users/valmac/FullScreenPokemon/src/components/constants/Pokemon.ts [9051, 24]: elements are not aligned, C:/Users/valmac/FullScreenPokemon/src/components/constants/Pokemon.ts [9054, 24]: elements are not aligned, C:/Users/valmac/FullScreenPokemon/src/components/constants/Pokemon.ts [9080, 24]: elements are not aligned, C:/Users/valmac/FullScreenPokemon/src/components/constants/Pokemon.ts [9083, 24]: elements are not aligned, C:/Users/valmac/FullScreenPokemon/src/components/constants/Pokemon.ts [9086, 24]: elements are not aligned, C:/Users/valmac/FullScreenPokemon/src/components/constants/Pokemon.ts [9089, 24]: elements are not aligned, C:/Users/valmac/FullScreenPokemon/src/components/constants/Pokemon.ts [9098, 24]: elements are not aligned, C:/Users/valmac/FullScreenPokemon/src/components/constants/Pokemon.ts [9101, 24]: elements are not aligned, C:/Users/valmac/FullScreenPokemon/src/components/constants/Pokemon.ts [9104, 24]: elements are not aligned, C:/Users/valmac/FullScreenPokemon/src/components/constants/Pokemon.ts [9107, 24]: elements are not aligned, C:/Users/valmac/FullScreenPokemon/src/components/constants/Pokemon.ts [9110, 24]: elements are not aligned, C:/Users/valmac/FullScreenPokemon/src/components/constants/Pokemon.ts [9113, 24]: elements are not aligned, C:/Users/valmac/FullScreenPokemon/src/components/constants/Pokemon.ts [9116, 24]: elements are not aligned, C:/Users/valmac/FullScreenPokemon/src/components/constants/Pokemon.ts [9119, 24]: elements are not aligned, C:/Users/valmac/FullScreenPokemon/src/components/constants/Pokemon.ts [9122, 24]: elements are not aligned, C:/Users/valmac/FullScreenPokemon/src/components/constants/Pokemon.ts [9125, 24]: elements are not aligned, C:/Users/valmac/FullScreenPokemon/src/components/constants/Pokemon.ts [9128, 24]: elements are not aligned, C:/Users/valmac/FullScreenPokemon/src/components/constants/Pokemon.ts [9131, 24]: elements are not aligned, C:/Users/valmac/FullScreenPokemon/src/components/constants/Pokemon.ts [9134, 24]: elements are not aligned, C:/Users/valmac/FullScreenPokemon/src/components/constants/Pokemon.ts [9137, 24]: elements are not aligned, C:/Users/valmac/FullScreenPokemon/src/components/constants/Pokemon.ts [9140, 24]: elements are not aligned, C:/Users/valmac/FullScreenPokemon/src/components/constants/Pokemon.ts [9166, 24]: elements are not aligned, C:/Users/valmac/FullScreenPokemon/src/components/constants/Pokemon.ts [9169, 24]: elements are not aligned, C:/Users/valmac/FullScreenPokemon/src/components/constants/Pokemon.ts [9172, 24]: elements are not aligned, C:/Users/valmac/FullScreenPokemon/src/components/constants/Pokemon.ts [9175, 24]: elements are not aligned, C:/Users/valmac/FullScreenPokemon/src/components/constants/Pokemon.ts [9178, 24]: elements are not aligned, C:/Users/valmac/FullScreenPokemon/src/components/constants/Pokemon.ts [9181, 24]: elements are not aligned, C:/Users/valmac/FullScreenPokemon/src/components/constants/Pokemon.ts [9193, 24]: elements are not aligned, C:/Users/valmac/FullScreenPokemon/src/components/constants/Pokemon.ts [9196, 24]: elements are not aligned, C:/Users/valmac/FullScreenPokemon/src/components/constants/Pokemon.ts [9199, 24]: elements are not aligned, C:/Users/valmac/FullScreenPokemon/src/components/constants/Pokemon.ts [9202, 24]: elements are not aligned, C:/Users/valmac/FullScreenPokemon/src/components/constants/Pokemon.ts [9205, 24]: elements are not aligned, C:/Users/valmac/FullScreenPokemon/src/components/constants/Pokemon.ts [9208, 24]: elements are not aligned, C:/Users/valmac/FullScreenPokemon/src/components/constants/Pokemon.ts [9211, 24]: elements are not aligned, C:/Users/valmac/FullScreenPokemon/src/components/constants/Pokemon.ts [9214, 24]: elements are not aligned, C:/Users/valmac/FullScreenPokemon/src/components/constants/Pokemon.ts [9217, 24]: elements are not aligned, C:/Users/valmac/FullScreenPokemon/src/components/constants/Pokemon.ts [9220, 24]: elements are not aligned, C:/Users/valmac/FullScreenPokemon/src/components/constants/Pokemon.ts [9223, 24]: elements are not aligned, C:/Users/valmac/FullScreenPokemon/src/components/constants/Pokemon.ts [9226, 24]: elements are not aligned, C:/Users/valmac/FullScreenPokemon/src/components/constants/Pokemon.ts [9229, 24]: elements are not aligned, C:/Users/valmac/FullScreenPokemon/src/components/constants/Pokemon.ts [9232, 24]: elements are not aligned, C:/Users/valmac/FullScreenPokemon/src/components/constants/Pokemon.ts [9235, 24]: elements are not aligned, C:/Users/valmac/FullScreenPokemon/src/components/constants/Pokemon.ts [9238, 24]: elements are not aligned, C:/Users/valmac/FullScreenPokemon/src/components/constants/Pokemon.ts [9241, 24]: elements are not aligned, C:/Users/valmac/FullScreenPokemon/src/components/constants/Pokemon.ts [9244, 24]: elements are not aligned, C:/Users/valmac/FullScreenPokemon/src/components/constants/Pokemon.ts [9247, 24]: elements are not aligned, C:/Users/valmac/FullScreenPokemon/src/components/constants/Pokemon.ts [9250, 24]: elements are not aligned, C:/Users/valmac/FullScreenPokemon/src/components/constants/Pokemon.ts [9253, 24]: elements are not aligned, C:/Users/valmac/FullScreenPokemon/src/components/constants/Pokemon.ts [9256, 24]: elements are not aligned, C:/Users/valmac/FullScreenPokemon/src/components/constants/Pokemon.ts [9259, 24]: elements are not aligned, C:/Users/valmac/FullScreenPokemon/src/components/constants/Pokemon.ts [9262, 24]: elements are not aligned, C:/Users/valmac/FullScreenPokemon/src/components/constants/Pokemon.ts [9265, 24]: elements are not aligned, C:/Users/valmac/FullScreenPokemon/src/components/constants/Pokemon.ts [9291, 24]: elements are not aligned, C:/Users/valmac/FullScreenPokemon/src/components/constants/Pokemon.ts [9294, 24]: elements are not aligned, C:/Users/valmac/FullScreenPokemon/src/components/constants/Pokemon.ts [9297, 24]: elements are not aligned, C:/Users/valmac/FullScreenPokemon/src/components/constants/Pokemon.ts [9300, 24]: elements are not aligned, C:/Users/valmac/FullScreenPokemon/src/components/constants/Pokemon.ts [9303, 24]: elements are not aligned, C:/Users/valmac/FullScreenPokemon/src/components/constants/Pokemon.ts [9306, 24]: elements are not aligned, C:/Users/valmac/FullScreenPokemon/src/components/constants/Pokemon.ts [9309, 24]: elements are not aligned, C:/Users/valmac/FullScreenPokemon/src/components/constants/Pokemon.ts [9312, 24]: elements are not aligned, C:/Users/valmac/FullScreenPokemon/src/components/constants/Pokemon.ts [9321, 24]: elements are not aligned, C:/Users/valmac/FullScreenPokemon/src/components/constants/Pokemon.ts [9324, 24]: elements are not aligned, C:/Users/valmac/FullScreenPokemon/src/components/constants/Pokemon.ts [9327, 24]: elements are not aligned, C:/Users/valmac/FullScreenPokemon/src/components/constants/Pokemon.ts [9330, 24]: elements are not aligned, C:/Users/valmac/FullScreenPokemon/src/components/constants/Pokemon.ts [9333, 24]: elements are not aligned, C:/Users/valmac/FullScreenPokemon/src/components/constants/Pokemon.ts [9336, 24]: elements are not aligned, C:/Users/valmac/FullScreenPokemon/src/components/constants/Pokemon.ts [9339, 24]: elements are not aligned, C:/Users/valmac/FullScreenPokemon/src/components/constants/Pokemon.ts [9342, 24]: elements are not aligned, C:/Users/valmac/FullScreenPokemon/src/components/constants/Pokemon.ts [9368, 24]: elements are not aligned, C:/Users/valmac/FullScreenPokemon/src/components/constants/Pokemon.ts [9371, 24]: elements are not aligned, C:/Users/valmac/FullScreenPokemon/src/components/constants/Pokemon.ts [9374, 24]: elements are not aligned, C:/Users/valmac/FullScreenPokemon/src/components/constants/Pokemon.ts [9377, 24]: elements are not aligned, C:/Users/valmac/FullScreenPokemon/src/components/constants/Pokemon.ts [9380, 24]: elements are not aligned, C:/Users/valmac/FullScreenPokemon/src/components/constants/Pokemon.ts [9383, 24]: elements are not aligned, C:/Users/valmac/FullScreenPokemon/src/components/constants/Pokemon.ts [9391, 24]: elements are not aligned, C:/Users/valmac/FullScreenPokemon/src/components/constants/Pokemon.ts [9399, 24]: elements are not aligned, C:/Users/valmac/FullScreenPokemon/src/components/constants/Pokemon.ts [9425, 24]: elements are not aligned, C:/Users/valmac/FullScreenPokemon/src/components/constants/Pokemon.ts [9428, 24]: elements are not aligned, C:/Users/valmac/FullScreenPokemon/src/components/constants/Pokemon.ts [9431, 24]: elements are not aligned, C:/Users/valmac/FullScreenPokemon/src/components/constants/Pokemon.ts [9434, 24]: elements are not aligned, C:/Users/valmac/FullScreenPokemon/src/components/constants/Pokemon.ts [9437, 24]: elements are not aligned, C:/Users/valmac/FullScreenPokemon/src/components/constants/Pokemon.ts [9440, 24]: elements are not aligned, C:/Users/valmac/FullScreenPokemon/src/components/constants/Pokemon.ts [9448, 24]: elements are not aligned, C:/Users/valmac/FullScreenPokemon/src/components/constants/Pokemon.ts [9456, 24]: elements are not aligned, C:/Users/valmac/FullScreenPokemon/src/components/constants/Pokemon.ts [9525, 24]: elements are not aligned, C:/Users/valmac/FullScreenPokemon/src/components/constants/Pokemon.ts [9528, 24]: elements are not aligned, C:/Users/valmac/FullScreenPokemon/src/components/constants/Pokemon.ts [9531, 24]: elements are not aligned, C:/Users/valmac/FullScreenPokemon/src/components/constants/Pokemon.ts [9534, 24]: elements are not aligned, C:/Users/valmac/FullScreenPokemon/src/components/constants/Pokemon.ts [9537, 24]: elements are not aligned, C:/Users/valmac/FullScreenPokemon/src/components/constants/Pokemon.ts [9540, 24]: elements are not aligned, C:/Users/valmac/FullScreenPokemon/src/components/constants/Pokemon.ts [9543, 24]: elements are not aligned, C:/Users/valmac/FullScreenPokemon/src/components/constants/Pokemon.ts [9546, 24]: elements are not aligned, C:/Users/valmac/FullScreenPokemon/src/components/constants/Pokemon.ts [9549, 24]: elements are not aligned, C:/Users/valmac/FullScreenPokemon/src/components/constants/Pokemon.ts [9552, 24]: elements are not aligned, C:/Users/valmac/FullScreenPokemon/src/components/constants/Pokemon.ts [9555, 24]: elements are not aligned, C:/Users/valmac/FullScreenPokemon/src/components/constants/Pokemon.ts [9558, 24]: elements are not aligned, C:/Users/valmac/FullScreenPokemon/src/components/constants/Pokemon.ts [9561, 24]: elements are not aligned, C:/Users/valmac/FullScreenPokemon/src/components/constants/Pokemon.ts [9564, 24]: elements are not aligned, C:/Users/valmac/FullScreenPokemon/src/components/constants/Pokemon.ts [9572, 24]: elements are not aligned, C:/Users/valmac/FullScreenPokemon/src/components/constants/Pokemon.ts [9575, 24]: elements are not aligned, C:/Users/valmac/FullScreenPokemon/src/components/constants/Pokemon.ts [9578, 24]: elements are not aligned, C:/Users/valmac/FullScreenPokemon/src/components/constants/Pokemon.ts [9581, 24]: elements are not aligned, C:/Users/valmac/FullScreenPokemon/src/components/constants/Pokemon.ts [9584, 24]: elements are not aligned, C:/Users/valmac/FullScreenPokemon/src/components/constants/Pokemon.ts [9587, 24]: elements are not aligned, C:/Users/valmac/FullScreenPokemon/src/components/constants/Pokemon.ts [9590, 24]: elements are not aligned, C:/Users/valmac/FullScreenPokemon/src/components/constants/Pokemon.ts [9593, 24]: elements are not aligned, C:/Users/valmac/FullScreenPokemon/src/components/constants/Pokemon.ts [9596, 24]: elements are not aligned, C:/Users/valmac/FullScreenPokemon/src/components/constants/Pokemon.ts [9599, 24]: elements are not aligned, C:/Users/valmac/FullScreenPokemon/src/components/constants/Pokemon.ts [9602, 24]: elements are not aligned, C:/Users/valmac/FullScreenPokemon/src/components/constants/Pokemon.ts [9605, 24]: elements are not aligned, C:/Users/valmac/FullScreenPokemon/src/components/constants/Pokemon.ts [9608, 24]: elements are not aligned, C:/Users/valmac/FullScreenPokemon/src/components/constants/Pokemon.ts [9611, 24]: elements are not aligned, C:/Users/valmac/FullScreenPokemon/src/components/constants/Pokemon.ts [9646, 24]: elements are not aligned, C:/Users/valmac/FullScreenPokemon/src/components/constants/Pokemon.ts [9649, 24]: elements are not aligned, C:/Users/valmac/FullScreenPokemon/src/components/constants/Pokemon.ts [9652, 24]: elements are not aligned, C:/Users/valmac/FullScreenPokemon/src/components/constants/Pokemon.ts [9655, 24]: elements are not aligned, C:/Users/valmac/FullScreenPokemon/src/components/constants/Pokemon.ts [9658, 24]: elements are not aligned, C:/Users/valmac/FullScreenPokemon/src/components/constants/Pokemon.ts [9661, 24]: elements are not aligned, C:/Users/valmac/FullScreenPokemon/src/components/constants/Pokemon.ts [9664, 24]: elements are not aligned, C:/Users/valmac/FullScreenPokemon/src/components/constants/Pokemon.ts [9667, 24]: elements are not aligned, C:/Users/valmac/FullScreenPokemon/src/components/constants/Pokemon.ts [9670, 24]: elements are not aligned, C:/Users/valmac/FullScreenPokemon/src/components/constants/Pokemon.ts [9673, 24]: elements are not aligned, C:/Users/valmac/FullScreenPokemon/src/components/constants/Pokemon.ts [9676, 24]: elements are not aligned, C:/Users/valmac/FullScreenPokemon/src/components/constants/Pokemon.ts [9679, 24]: elements are not aligned, C:/Users/valmac/FullScreenPokemon/src/components/constants/Pokemon.ts [9682, 24]: elements are not aligned, C:/Users/valmac/FullScreenPokemon/src/components/constants/Pokemon.ts [9685, 24]: elements are not aligned, C:/Users/valmac/FullScreenPokemon/src/components/constants/Pokemon.ts [9688, 24]: elements are not aligned, C:/Users/valmac/FullScreenPokemon/src/components/constants/Pokemon.ts [9696, 24]: elements are not aligned, C:/Users/valmac/FullScreenPokemon/src/components/constants/Pokemon.ts [9699, 24]: elements are not aligned, C:/Users/valmac/FullScreenPokemon/src/components/constants/Pokemon.ts [9702, 24]: elements are not aligned, C:/Users/valmac/FullScreenPokemon/src/components/constants/Pokemon.ts [9705, 24]: elements are not aligned, C:/Users/valmac/FullScreenPokemon/src/components/constants/Pokemon.ts [9708, 24]: elements are not aligned, C:/Users/valmac/FullScreenPokemon/src/components/constants/Pokemon.ts [9711, 24]: elements are not aligned, C:/Users/valmac/FullScreenPokemon/src/components/constants/Pokemon.ts [9714, 24]: elements are not aligned, C:/Users/valmac/FullScreenPokemon/src/components/constants/Pokemon.ts [9717, 24]: elements are not aligned, C:/Users/valmac/FullScreenPokemon/src/components/constants/Pokemon.ts [9720, 24]: elements are not aligned, C:/Users/valmac/FullScreenPokemon/src/components/constants/Pokemon.ts [9723, 24]: elements are not aligned, C:/Users/valmac/FullScreenPokemon/src/components/constants/Pokemon.ts [9726, 24]: elements are not aligned, C:/Users/valmac/FullScreenPokemon/src/components/constants/Pokemon.ts [9729, 24]: elements are not aligned, C:/Users/valmac/FullScreenPokemon/src/components/constants/Pokemon.ts [9732, 24]: elements are not aligned, C:/Users/valmac/FullScreenPokemon/src/components/constants/Pokemon.ts [9735, 24]: elements are not aligned, C:/Users/valmac/FullScreenPokemon/src/components/constants/Pokemon.ts [9738, 24]: elements are not aligned, C:/Users/valmac/FullScreenPokemon/src/components/constants/Pokemon.ts [9746, 24]: elements are not aligned, C:/Users/valmac/FullScreenPokemon/src/components/constants/Pokemon.ts [9749, 24]: elements are not aligned, C:/Users/valmac/FullScreenPokemon/src/components/constants/Pokemon.ts [9752, 24]: elements are not aligned, C:/Users/valmac/FullScreenPokemon/src/components/constants/Pokemon.ts [9755, 24]: elements are not aligned, C:/Users/valmac/FullScreenPokemon/src/components/constants/Pokemon.ts [9758, 24]: elements are not aligned, C:/Users/valmac/FullScreenPokemon/src/components/constants/Pokemon.ts [9761, 24]: elements are not aligned, C:/Users/valmac/FullScreenPokemon/src/components/constants/Pokemon.ts [9764, 24]: elements are not aligned, C:/Users/valmac/FullScreenPokemon/src/components/constants/Pokemon.ts [9767, 24]: elements are not aligned, C:/Users/valmac/FullScreenPokemon/src/components/constants/Pokemon.ts [9770, 24]: elements are not aligned, C:/Users/valmac/FullScreenPokemon/src/components/constants/Pokemon.ts [9773, 24]: elements are not aligned, C:/Users/valmac/FullScreenPokemon/src/components/constants/Pokemon.ts [9776, 24]: elements are not aligned, C:/Users/valmac/FullScreenPokemon/src/components/constants/Pokemon.ts [9779, 24]: elements are not aligned, C:/Users/valmac/FullScreenPokemon/src/components/constants/Pokemon.ts [9782, 24]: elements are not aligned, C:/Users/valmac/FullScreenPokemon/src/components/constants/Pokemon.ts [9785, 24]: elements are not aligned, C:/Users/valmac/FullScreenPokemon/src/components/constants/Pokemon.ts [9788, 24]: elements are not aligned, C:/Users/valmac/FullScreenPokemon/src/components/constants/Pokemon.ts [9823, 24]: elements are not aligned, C:/Users/valmac/FullScreenPokemon/src/components/constants/Pokemon.ts [9826, 24]: elements are not aligned, C:/Users/valmac/FullScreenPokemon/src/components/constants/Pokemon.ts [9829, 24]: elements are not aligned, C:/Users/valmac/FullScreenPokemon/src/components/constants/Pokemon.ts [9832, 24]: elements are not aligned, C:/Users/valmac/FullScreenPokemon/src/components/constants/Pokemon.ts [9835, 24]: elements are not aligned, C:/Users/valmac/FullScreenPokemon/src/components/constants/Pokemon.ts [9838, 24]: elements are not aligned, C:/Users/valmac/FullScreenPokemon/src/components/constants/Pokemon.ts [9841, 24]: elements are not aligned, C:/Users/valmac/FullScreenPokemon/src/components/constants/Pokemon.ts [9844, 24]: elements are not aligned, C:/Users/valmac/FullScreenPokemon/src/components/constants/Pokemon.ts [9853, 24]: elements are not aligned, C:/Users/valmac/FullScreenPokemon/src/components/constants/Pokemon.ts [9856, 24]: elements are not aligned, C:/Users/valmac/FullScreenPokemon/src/components/constants/Pokemon.ts [9859, 24]: elements are not aligned, C:/Users/valmac/FullScreenPokemon/src/components/constants/Pokemon.ts [9862, 24]: elements are not aligned, C:/Users/valmac/FullScreenPokemon/src/components/constants/Pokemon.ts [9865, 24]: elements are not aligned, C:/Users/valmac/FullScreenPokemon/src/components/constants/Pokemon.ts [9868, 24]: elements are not aligned, C:/Users/valmac/FullScreenPokemon/src/components/constants/Pokemon.ts [9871, 24]: elements are not aligned, C:/Users/valmac/FullScreenPokemon/src/components/constants/Pokemon.ts [9874, 24]: elements are not aligned, C:/Users/valmac/FullScreenPokemon/src/components/constants/Pokemon.ts [9909, 24]: elements are not aligned, C:/Users/valmac/FullScreenPokemon/src/components/constants/Pokemon.ts [9912, 24]: elements are not aligned, C:/Users/valmac/FullScreenPokemon/src/components/constants/Pokemon.ts [9915, 24]: elements are not aligned, C:/Users/valmac/FullScreenPokemon/src/components/constants/Pokemon.ts [9918, 24]: elements are not aligned, C:/Users/valmac/FullScreenPokemon/src/components/constants/Pokemon.ts [9921, 24]: elements are not aligned, C:/Users/valmac/FullScreenPokemon/src/components/constants/Pokemon.ts [9924, 24]: elements are not aligned, C:/Users/valmac/FullScreenPokemon/src/components/constants/Pokemon.ts [9927, 24]: elements are not aligned, C:/Users/valmac/FullScreenPokemon/src/components/constants/Pokemon.ts [9930, 24]: elements are not aligned, C:/Users/valmac/FullScreenPokemon/src/components/constants/Pokemon.ts [9939, 24]: elements are not aligned, C:/Users/valmac/FullScreenPokemon/src/components/constants/Pokemon.ts [9942, 24]: elements are not aligned, C:/Users/valmac/FullScreenPokemon/src/components/constants/Pokemon.ts [9945, 24]: elements are not aligned, C:/Users/valmac/FullScreenPokemon/src/components/constants/Pokemon.ts [9948, 24]: elements are not aligned, C:/Users/valmac/FullScreenPokemon/src/components/constants/Pokemon.ts [9951, 24]: elements are not aligned, C:/Users/valmac/FullScreenPokemon/src/components/constants/Pokemon.ts [9954, 24]: elements are not aligned, C:/Users/valmac/FullScreenPokemon/src/components/constants/Pokemon.ts [9957, 24]: elements are not aligned, C:/Users/valmac/FullScreenPokemon/src/components/constants/Pokemon.ts [9960, 24]: elements are not aligned, C:/Users/valmac/FullScreenPokemon/src/components/constants/Pokemon.ts [9986, 24]: elements are not aligned, C:/Users/valmac/FullScreenPokemon/src/components/constants/Pokemon.ts [9989, 24]: elements are not aligned, C:/Users/valmac/FullScreenPokemon/src/components/constants/Pokemon.ts [9992, 24]: elements are not aligned, C:/Users/valmac/FullScreenPokemon/src/components/constants/Pokemon.ts [10000, 24]: elements are not aligned, C:/Users/valmac/FullScreenPokemon/src/components/constants/Pokemon.ts [10003, 24]: elements are not aligned, C:/Users/valmac/FullScreenPokemon/src/components/constants/Pokemon.ts [10006, 24]: elements are not aligned, C:/Users/valmac/FullScreenPokemon/src/components/constants/Pokemon.ts [10009, 24]: elements are not aligned, C:/Users/valmac/FullScreenPokemon/src/components/constants/Pokemon.ts [10012, 24]: elements are not aligned, C:/Users/valmac/FullScreenPokemon/src/components/constants/Pokemon.ts [10015, 24]: elements are not aligned, C:/Users/valmac/FullScreenPokemon/src/components/constants/Pokemon.ts [10018, 24]: elements are not aligned, C:/Users/valmac/FullScreenPokemon/src/components/constants/Pokemon.ts [10021, 24]: elements are not aligned, C:/Users/valmac/FullScreenPokemon/src/components/constants/Pokemon.ts [10024, 24]: elements are not aligned, C:/Users/valmac/FullScreenPokemon/src/components/constants/Pokemon.ts [10027, 24]: elements are not aligned, C:/Users/valmac/FullScreenPokemon/src/components/constants/Pokemon.ts [10030, 24]: elements are not aligned, C:/Users/valmac/FullScreenPokemon/src/components/constants/Pokemon.ts [10033, 24]: elements are not aligned, C:/Users/valmac/FullScreenPokemon/src/components/constants/Pokemon.ts [10036, 24]: elements are not aligned, C:/Users/valmac/FullScreenPokemon/src/components/constants/Pokemon.ts [10039, 24]: elements are not aligned, C:/Users/valmac/FullScreenPokemon/src/components/constants/Pokemon.ts [10042, 24]: elements are not aligned, C:/Users/valmac/FullScreenPokemon/src/components/constants/Pokemon.ts [10050, 24]: elements are not aligned, C:/Users/valmac/FullScreenPokemon/src/components/constants/Pokemon.ts [10053, 24]: elements are not aligned, C:/Users/valmac/FullScreenPokemon/src/components/constants/Pokemon.ts [10056, 24]: elements are not aligned, C:/Users/valmac/FullScreenPokemon/src/components/constants/Pokemon.ts [10059, 24]: elements are not aligned, C:/Users/valmac/FullScreenPokemon/src/components/constants/Pokemon.ts [10062, 24]: elements are not aligned, C:/Users/valmac/FullScreenPokemon/src/components/constants/Pokemon.ts [10065, 24]: elements are not aligned, C:/Users/valmac/FullScreenPokemon/src/components/constants/Pokemon.ts [10068, 24]: elements are not aligned, C:/Users/valmac/FullScreenPokemon/src/components/constants/Pokemon.ts [10071, 24]: elements are not aligned, C:/Users/valmac/FullScreenPokemon/src/components/constants/Pokemon.ts [10074, 24]: elements are not aligned, C:/Users/valmac/FullScreenPokemon/src/components/constants/Pokemon.ts [10077, 24]: elements are not aligned, C:/Users/valmac/FullScreenPokemon/src/components/constants/Pokemon.ts [10080, 24]: elements are not aligned, C:/Users/valmac/FullScreenPokemon/src/components/constants/Pokemon.ts [10083, 24]: elements are not aligned, C:/Users/valmac/FullScreenPokemon/src/components/constants/Pokemon.ts [10086, 24]: elements are not aligned, C:/Users/valmac/FullScreenPokemon/src/components/constants/Pokemon.ts [10089, 24]: elements are not aligned, C:/Users/valmac/FullScreenPokemon/src/components/constants/Pokemon.ts [10092, 24]: elements are not aligned, C:/Users/valmac/FullScreenPokemon/src/components/constants/Pokemon.ts [10127, 24]: elements are not aligned, C:/Users/valmac/FullScreenPokemon/src/components/constants/Pokemon.ts [10130, 24]: elements are not aligned, C:/Users/valmac/FullScreenPokemon/src/components/constants/Pokemon.ts [10133, 24]: elements are not aligned, C:/Users/valmac/FullScreenPokemon/src/components/constants/Pokemon.ts [10136, 24]: elements are not aligned, C:/Users/valmac/FullScreenPokemon/src/components/constants/Pokemon.ts [10139, 24]: elements are not aligned, C:/Users/valmac/FullScreenPokemon/src/components/constants/Pokemon.ts [10142, 24]: elements are not aligned, C:/Users/valmac/FullScreenPokemon/src/components/constants/Pokemon.ts [10151, 24]: elements are not aligned, C:/Users/valmac/FullScreenPokemon/src/components/constants/Pokemon.ts [10154, 24]: elements are not aligned, C:/Users/valmac/FullScreenPokemon/src/components/constants/Pokemon.ts [10157, 24]: elements are not aligned, C:/Users/valmac/FullScreenPokemon/src/components/constants/Pokemon.ts [10160, 24]: elements are not aligned, C:/Users/valmac/FullScreenPokemon/src/components/constants/Pokemon.ts [10163, 24]: elements are not aligned, C:/Users/valmac/FullScreenPokemon/src/components/constants/Pokemon.ts [10166, 24]: elements are not aligned, C:/Users/valmac/FullScreenPokemon/src/components/constants/Pokemon.ts [10169, 24]: elements are not aligned, C:/Users/valmac/FullScreenPokemon/src/components/constants/Pokemon.ts [10172, 24]: elements are not aligned, C:/Users/valmac/FullScreenPokemon/src/components/constants/Pokemon.ts [10175, 24]: elements are not aligned, C:/Users/valmac/FullScreenPokemon/src/components/constants/Pokemon.ts [10178, 24]: elements are not aligned, C:/Users/valmac/FullScreenPokemon/src/components/constants/Pokemon.ts [10181, 24]: elements are not aligned, C:/Users/valmac/FullScreenPokemon/src/components/constants/Pokemon.ts [10184, 24]: elements are not aligned, C:/Users/valmac/FullScreenPokemon/src/components/constants/Pokemon.ts [10219, 24]: elements are not aligned, C:/Users/valmac/FullScreenPokemon/src/components/constants/Pokemon.ts [10222, 24]: elements are not aligned, C:/Users/valmac/FullScreenPokemon/src/components/constants/Pokemon.ts [10225, 24]: elements are not aligned, C:/Users/valmac/FullScreenPokemon/src/components/constants/Pokemon.ts [10228, 24]: elements are not aligned, C:/Users/valmac/FullScreenPokemon/src/components/constants/Pokemon.ts [10231, 24]: elements are not aligned, C:/Users/valmac/FullScreenPokemon/src/components/constants/Pokemon.ts [10240, 24]: elements are not aligned, C:/Users/valmac/FullScreenPokemon/src/components/constants/Pokemon.ts [10243, 24]: elements are not aligned, C:/Users/valmac/FullScreenPokemon/src/components/constants/Pokemon.ts [10246, 24]: elements are not aligned, C:/Users/valmac/FullScreenPokemon/src/components/constants/Pokemon.ts [10249, 24]: elements are not aligned, C:/Users/valmac/FullScreenPokemon/src/components/constants/Pokemon.ts [10252, 24]: elements are not aligned, C:/Users/valmac/FullScreenPokemon/src/components/constants/Pokemon.ts [10255, 24]: elements are not aligned, C:/Users/valmac/FullScreenPokemon/src/components/constants/Pokemon.ts [10258, 24]: elements are not aligned, C:/Users/valmac/FullScreenPokemon/src/components/constants/Pokemon.ts [10261, 24]: elements are not aligned, C:/Users/valmac/FullScreenPokemon/src/components/constants/Pokemon.ts [10264, 24]: elements are not aligned, C:/Users/valmac/FullScreenPokemon/src/components/constants/Pokemon.ts [10267, 24]: elements are not aligned, C:/Users/valmac/FullScreenPokemon/src/components/constants/Pokemon.ts [10270, 24]: elements are not aligned, C:/Users/valmac/FullScreenPokemon/src/components/constants/Pokemon.ts [10273, 24]: elements are not aligned, C:/Users/valmac/FullScreenPokemon/src/components/constants/Pokemon.ts [10276, 24]: elements are not aligned, C:/Users/valmac/FullScreenPokemon/src/components/constants/Pokemon.ts [10279, 24]: elements are not aligned, C:/Users/valmac/FullScreenPokemon/src/components/constants/Pokemon.ts [10305, 24]: elements are not aligned, C:/Users/valmac/FullScreenPokemon/src/components/constants/Pokemon.ts [10308, 24]: elements are not aligned, C:/Users/valmac/FullScreenPokemon/src/components/constants/Pokemon.ts [10311, 24]: elements are not aligned, C:/Users/valmac/FullScreenPokemon/src/components/constants/Pokemon.ts [10314, 24]: elements are not aligned, C:/Users/valmac/FullScreenPokemon/src/components/constants/Pokemon.ts [10317, 24]: elements are not aligned, C:/Users/valmac/FullScreenPokemon/src/components/constants/Pokemon.ts [10320, 24]: elements are not aligned, C:/Users/valmac/FullScreenPokemon/src/components/constants/Pokemon.ts [10332, 24]: elements are not aligned, C:/Users/valmac/FullScreenPokemon/src/components/constants/Pokemon.ts [10335, 24]: elements are not aligned, C:/Users/valmac/FullScreenPokemon/src/components/constants/Pokemon.ts [10338, 24]: elements are not aligned, C:/Users/valmac/FullScreenPokemon/src/components/constants/Pokemon.ts [10341, 24]: elements are not aligned, C:/Users/valmac/FullScreenPokemon/src/components/constants/Pokemon.ts [10344, 24]: elements are not aligned, C:/Users/valmac/FullScreenPokemon/src/components/constants/Pokemon.ts [10347, 24]: elements are not aligned, C:/Users/valmac/FullScreenPokemon/src/components/constants/Pokemon.ts [10350, 24]: elements are not aligned, C:/Users/valmac/FullScreenPokemon/src/components/constants/Pokemon.ts [10353, 24]: elements are not aligned, C:/Users/valmac/FullScreenPokemon/src/components/constants/Pokemon.ts [10356, 24]: elements are not aligned, C:/Users/valmac/FullScreenPokemon/src/components/constants/Pokemon.ts [10359, 24]: elements are not aligned, C:/Users/valmac/FullScreenPokemon/src/components/constants/Pokemon.ts [10362, 24]: elements are not aligned, C:/Users/valmac/FullScreenPokemon/src/components/constants/Pokemon.ts [10365, 24]: elements are not aligned, C:/Users/valmac/FullScreenPokemon/src/components/constants/Pokemon.ts [10368, 24]: elements are not aligned, C:/Users/valmac/FullScreenPokemon/src/components/constants/Pokemon.ts [10371, 24]: elements are not aligned, C:/Users/valmac/FullScreenPokemon/src/components/constants/Pokemon.ts [10374, 24]: elements are not aligned, C:/Users/valmac/FullScreenPokemon/src/components/constants/Pokemon.ts [10377, 24]: elements are not aligned, C:/Users/valmac/FullScreenPokemon/src/components/constants/Pokemon.ts [10380, 24]: elements are not aligned, C:/Users/valmac/FullScreenPokemon/src/components/constants/Pokemon.ts [10383, 24]: elements are not aligned, C:/Users/valmac/FullScreenPokemon/src/components/constants/Pokemon.ts [10386, 24]: elements are not aligned, C:/Users/valmac/FullScreenPokemon/src/components/constants/Pokemon.ts [10412, 24]: elements are not aligned, C:/Users/valmac/FullScreenPokemon/src/components/constants/Pokemon.ts [10415, 24]: elements are not aligned, C:/Users/valmac/FullScreenPokemon/src/components/constants/Pokemon.ts [10418, 24]: elements are not aligned, C:/Users/valmac/FullScreenPokemon/src/components/constants/Pokemon.ts [10421, 24]: elements are not aligned, C:/Users/valmac/FullScreenPokemon/src/components/constants/Pokemon.ts [10424, 24]: elements are not aligned, C:/Users/valmac/FullScreenPokemon/src/components/constants/Pokemon.ts [10427, 24]: elements are not aligned, C:/Users/valmac/FullScreenPokemon/src/components/constants/Pokemon.ts [10436, 24]: elements are not aligned, C:/Users/valmac/FullScreenPokemon/src/components/constants/Pokemon.ts [10439, 24]: elements are not aligned, C:/Users/valmac/FullScreenPokemon/src/components/constants/Pokemon.ts [10442, 24]: elements are not aligned, C:/Users/valmac/FullScreenPokemon/src/components/constants/Pokemon.ts [10445, 24]: elements are not aligned, C:/Users/valmac/FullScreenPokemon/src/components/constants/Pokemon.ts [10448, 24]: elements are not aligned, C:/Users/valmac/FullScreenPokemon/src/components/constants/Pokemon.ts [10451, 24]: elements are not aligned, C:/Users/valmac/FullScreenPokemon/src/components/constants/Pokemon.ts [10454, 24]: elements are not aligned, C:/Users/valmac/FullScreenPokemon/src/components/constants/Pokemon.ts [10457, 24]: elements are not aligned, C:/Users/valmac/FullScreenPokemon/src/components/constants/Pokemon.ts [10460, 24]: elements are not aligned, C:/Users/valmac/FullScreenPokemon/src/components/constants/Pokemon.ts [10463, 24]: elements are not aligned, C:/Users/valmac/FullScreenPokemon/src/components/constants/Pokemon.ts [10466, 24]: elements are not aligned, C:/Users/valmac/FullScreenPokemon/src/components/constants/Pokemon.ts [10469, 24]: elements are not aligned, C:/Users/valmac/FullScreenPokemon/src/components/constants/Pokemon.ts [10472, 24]: elements are not aligned, C:/Users/valmac/FullScreenPokemon/src/components/constants/Pokemon.ts [10475, 24]: elements are not aligned, C:/Users/valmac/FullScreenPokemon/src/components/constants/Pokemon.ts [10478, 24]: elements are not aligned, C:/Users/valmac/FullScreenPokemon/src/components/constants/Pokemon.ts [10481, 24]: elements are not aligned, C:/Users/valmac/FullScreenPokemon/src/components/constants/Pokemon.ts [10516, 24]: elements are not aligned, C:/Users/valmac/FullScreenPokemon/src/components/constants/Pokemon.ts [10519, 24]: elements are not aligned, C:/Users/valmac/FullScreenPokemon/src/components/constants/Pokemon.ts [10522, 24]: elements are not aligned, C:/Users/valmac/FullScreenPokemon/src/components/constants/Pokemon.ts [10525, 24]: elements are not aligned, C:/Users/valmac/FullScreenPokemon/src/components/constants/Pokemon.ts [10528, 24]: elements are not aligned, C:/Users/valmac/FullScreenPokemon/src/components/constants/Pokemon.ts [10540, 24]: elements are not aligned, C:/Users/valmac/FullScreenPokemon/src/components/constants/Pokemon.ts [10543, 24]: elements are not aligned, C:/Users/valmac/FullScreenPokemon/src/components/constants/Pokemon.ts [10546, 24]: elements are not aligned, C:/Users/valmac/FullScreenPokemon/src/components/constants/Pokemon.ts [10549, 24]: elements are not aligned, C:/Users/valmac/FullScreenPokemon/src/components/constants/Pokemon.ts [10552, 24]: elements are not aligned, C:/Users/valmac/FullScreenPokemon/src/components/constants/Pokemon.ts [10555, 24]: elements are not aligned, C:/Users/valmac/FullScreenPokemon/src/components/constants/Pokemon.ts [10558, 24]: elements are not aligned, C:/Users/valmac/FullScreenPokemon/src/components/constants/Pokemon.ts [10561, 24]: elements are not aligned, C:/Users/valmac/FullScreenPokemon/src/components/constants/Pokemon.ts [10564, 24]: elements are not aligned, C:/Users/valmac/FullScreenPokemon/src/components/constants/Pokemon.ts [10567, 24]: elements are not aligned, C:/Users/valmac/FullScreenPokemon/src/components/constants/Pokemon.ts [10570, 24]: elements are not aligned, C:/Users/valmac/FullScreenPokemon/src/components/constants/Pokemon.ts [10573, 24]: elements are not aligned, C:/Users/valmac/FullScreenPokemon/src/components/constants/Pokemon.ts [10576, 24]: elements are not aligned, C:/Users/valmac/FullScreenPokemon/src/components/constants/Pokemon.ts [10579, 24]: elements are not aligned, C:/Users/valmac/FullScreenPokemon/src/components/constants/Pokemon.ts [10582, 24]: elements are not aligned, C:/Users/valmac/FullScreenPokemon/src/components/constants/Pokemon.ts [10608, 24]: elements are not aligned, C:/Users/valmac/FullScreenPokemon/src/components/constants/Pokemon.ts [10611, 24]: elements are not aligned, C:/Users/valmac/FullScreenPokemon/src/components/constants/Pokemon.ts [10614, 24]: elements are not aligned, C:/Users/valmac/FullScreenPokemon/src/components/constants/Pokemon.ts [10617, 24]: elements are not aligned, C:/Users/valmac/FullScreenPokemon/src/components/constants/Pokemon.ts [10620, 24]: elements are not aligned, C:/Users/valmac/FullScreenPokemon/src/components/constants/Pokemon.ts [10623, 24]: elements are not aligned, C:/Users/valmac/FullScreenPokemon/src/components/constants/Pokemon.ts [10626, 24]: elements are not aligned, C:/Users/valmac/FullScreenPokemon/src/components/constants/Pokemon.ts [10635, 24]: elements are not aligned, C:/Users/valmac/FullScreenPokemon/src/components/constants/Pokemon.ts [10638, 24]: elements are not aligned, C:/Users/valmac/FullScreenPokemon/src/components/constants/Pokemon.ts [10641, 24]: elements are not aligned, C:/Users/valmac/FullScreenPokemon/src/components/constants/Pokemon.ts [10644, 24]: elements are not aligned, C:/Users/valmac/FullScreenPokemon/src/components/constants/Pokemon.ts [10647, 24]: elements are not aligned, C:/Users/valmac/FullScreenPokemon/src/components/constants/Pokemon.ts [10650, 24]: elements are not aligned, C:/Users/valmac/FullScreenPokemon/src/components/constants/Pokemon.ts [10653, 24]: elements are not aligned, C:/Users/valmac/FullScreenPokemon/src/components/constants/Pokemon.ts [10656, 24]: elements are not aligned, C:/Users/valmac/FullScreenPokemon/src/components/constants/Pokemon.ts [10659, 24]: elements are not aligned, C:/Users/valmac/FullScreenPokemon/src/components/constants/Pokemon.ts [10662, 24]: elements are not aligned, C:/Users/valmac/FullScreenPokemon/src/components/constants/Pokemon.ts [10665, 24]: elements are not aligned, C:/Users/valmac/FullScreenPokemon/src/components/constants/Pokemon.ts [10668, 24]: elements are not aligned, C:/Users/valmac/FullScreenPokemon/src/components/constants/Pokemon.ts [10671, 24]: elements are not aligned, C:/Users/valmac/FullScreenPokemon/src/components/constants/Pokemon.ts [10674, 24]: elements are not aligned, C:/Users/valmac/FullScreenPokemon/src/components/constants/Pokemon.ts [10677, 24]: elements are not aligned, C:/Users/valmac/FullScreenPokemon/src/components/constants/Pokemon.ts [10680, 24]: elements are not aligned, C:/Users/valmac/FullScreenPokemon/src/components/constants/Pokemon.ts [10706, 24]: elements are not aligned, C:/Users/valmac/FullScreenPokemon/src/components/constants/Pokemon.ts [10709, 24]: elements are not aligned, C:/Users/valmac/FullScreenPokemon/src/components/constants/Pokemon.ts [10712, 24]: elements are not aligned, C:/Users/valmac/FullScreenPokemon/src/components/constants/Pokemon.ts [10715, 24]: elements are not aligned, C:/Users/valmac/FullScreenPokemon/src/components/constants/Pokemon.ts [10718, 24]: elements are not aligned, C:/Users/valmac/FullScreenPokemon/src/components/constants/Pokemon.ts [10721, 24]: elements are not aligned, C:/Users/valmac/FullScreenPokemon/src/components/constants/Pokemon.ts [10724, 24]: elements are not aligned, C:/Users/valmac/FullScreenPokemon/src/components/constants/Pokemon.ts [10727, 24]: elements are not aligned, C:/Users/valmac/FullScreenPokemon/src/components/constants/Pokemon.ts [10735, 24]: elements are not aligned, C:/Users/valmac/FullScreenPokemon/src/components/constants/Pokemon.ts [10738, 24]: elements are not aligned, C:/Users/valmac/FullScreenPokemon/src/components/constants/Pokemon.ts [10741, 24]: elements are not aligned, C:/Users/valmac/FullScreenPokemon/src/components/constants/Pokemon.ts [10744, 24]: elements are not aligned, C:/Users/valmac/FullScreenPokemon/src/components/constants/Pokemon.ts [10747, 24]: elements are not aligned, C:/Users/valmac/FullScreenPokemon/src/components/constants/Pokemon.ts [10750, 24]: elements are not aligned, C:/Users/valmac/FullScreenPokemon/src/components/constants/Pokemon.ts [10753, 24]: elements are not aligned, C:/Users/valmac/FullScreenPokemon/src/components/constants/Pokemon.ts [10756, 24]: elements are not aligned, C:/Users/valmac/FullScreenPokemon/src/components/constants/Pokemon.ts [10759, 24]: elements are not aligned, C:/Users/valmac/FullScreenPokemon/src/components/constants/Pokemon.ts [10762, 24]: elements are not aligned, C:/Users/valmac/FullScreenPokemon/src/components/constants/Pokemon.ts [10765, 24]: elements are not aligned, C:/Users/valmac/FullScreenPokemon/src/components/constants/Pokemon.ts [10768, 24]: elements are not aligned, C:/Users/valmac/FullScreenPokemon/src/components/constants/Pokemon.ts [10771, 24]: elements are not aligned, C:/Users/valmac/FullScreenPokemon/src/components/constants/Pokemon.ts [10774, 24]: elements are not aligned, C:/Users/valmac/FullScreenPokemon/src/components/constants/Pokemon.ts [10777, 24]: elements are not aligned, C:/Users/valmac/FullScreenPokemon/src/components/constants/Pokemon.ts [10780, 24]: elements are not aligned, C:/Users/valmac/FullScreenPokemon/src/components/constants/Pokemon.ts [10783, 24]: elements are not aligned, C:/Users/valmac/FullScreenPokemon/src/components/constants/Pokemon.ts [10791, 24]: elements are not aligned, C:/Users/valmac/FullScreenPokemon/src/components/constants/Pokemon.ts [10794, 24]: elements are not aligned, C:/Users/valmac/FullScreenPokemon/src/components/constants/Pokemon.ts [10797, 24]: elements are not aligned, C:/Users/valmac/FullScreenPokemon/src/components/constants/Pokemon.ts [10800, 24]: elements are not aligned, C:/Users/valmac/FullScreenPokemon/src/components/constants/Pokemon.ts [10803, 24]: elements are not aligned, C:/Users/valmac/FullScreenPokemon/src/components/constants/Pokemon.ts [10806, 24]: elements are not aligned, C:/Users/valmac/FullScreenPokemon/src/components/constants/Pokemon.ts [10809, 24]: elements are not aligned, C:/Users/valmac/FullScreenPokemon/src/components/constants/Pokemon.ts [10812, 24]: elements are not aligned, C:/Users/valmac/FullScreenPokemon/src/components/constants/Pokemon.ts [10838, 24]: elements are not aligned, C:/Users/valmac/FullScreenPokemon/src/components/constants/Pokemon.ts [10841, 24]: elements are not aligned, C:/Users/valmac/FullScreenPokemon/src/components/constants/Pokemon.ts [10844, 24]: elements are not aligned, C:/Users/valmac/FullScreenPokemon/src/components/constants/Pokemon.ts [10847, 24]: elements are not aligned, C:/Users/valmac/FullScreenPokemon/src/components/constants/Pokemon.ts [10850, 24]: elements are not aligned, C:/Users/valmac/FullScreenPokemon/src/components/constants/Pokemon.ts [10853, 24]: elements are not aligned, C:/Users/valmac/FullScreenPokemon/src/components/constants/Pokemon.ts [10856, 24]: elements are not aligned, C:/Users/valmac/FullScreenPokemon/src/components/constants/Pokemon.ts [10859, 24]: elements are not aligned, C:/Users/valmac/FullScreenPokemon/src/components/constants/Pokemon.ts [10868, 24]: elements are not aligned, C:/Users/valmac/FullScreenPokemon/src/components/constants/Pokemon.ts [10871, 24]: elements are not aligned, C:/Users/valmac/FullScreenPokemon/src/components/constants/Pokemon.ts [10874, 24]: elements are not aligned, C:/Users/valmac/FullScreenPokemon/src/components/constants/Pokemon.ts [10877, 24]: elements are not aligned, C:/Users/valmac/FullScreenPokemon/src/components/constants/Pokemon.ts [10880, 24]: elements are not aligned, C:/Users/valmac/FullScreenPokemon/src/components/constants/Pokemon.ts [10883, 24]: elements are not aligned, C:/Users/valmac/FullScreenPokemon/src/components/constants/Pokemon.ts [10886, 24]: elements are not aligned, C:/Users/valmac/FullScreenPokemon/src/components/constants/Pokemon.ts [10889, 24]: elements are not aligned, C:/Users/valmac/FullScreenPokemon/src/components/constants/Pokemon.ts [10892, 24]: elements are not aligned, C:/Users/valmac/FullScreenPokemon/src/components/constants/Pokemon.ts [10895, 24]: elements are not aligned, C:/Users/valmac/FullScreenPokemon/src/components/constants/Pokemon.ts [10898, 24]: elements are not aligned, C:/Users/valmac/FullScreenPokemon/src/components/constants/Pokemon.ts [10901, 24]: elements are not aligned, C:/Users/valmac/FullScreenPokemon/src/components/constants/Pokemon.ts [10904, 24]: elements are not aligned, C:/Users/valmac/FullScreenPokemon/src/components/constants/Pokemon.ts [10907, 24]: elements are not aligned, C:/Users/valmac/FullScreenPokemon/src/components/constants/Pokemon.ts [10942, 24]: elements are not aligned, C:/Users/valmac/FullScreenPokemon/src/components/constants/Pokemon.ts [10945, 24]: elements are not aligned, C:/Users/valmac/FullScreenPokemon/src/components/constants/Pokemon.ts [10948, 24]: elements are not aligned, C:/Users/valmac/FullScreenPokemon/src/components/constants/Pokemon.ts [10951, 24]: elements are not aligned, C:/Users/valmac/FullScreenPokemon/src/components/constants/Pokemon.ts [10954, 24]: elements are not aligned, C:/Users/valmac/FullScreenPokemon/src/components/constants/Pokemon.ts [10957, 24]: elements are not aligned, C:/Users/valmac/FullScreenPokemon/src/components/constants/Pokemon.ts [10960, 24]: elements are not aligned, C:/Users/valmac/FullScreenPokemon/src/components/constants/Pokemon.ts [10972, 24]: elements are not aligned, C:/Users/valmac/FullScreenPokemon/src/components/constants/Pokemon.ts [10975, 24]: elements are not aligned, C:/Users/valmac/FullScreenPokemon/src/components/constants/Pokemon.ts [10978, 24]: elements are not aligned, C:/Users/valmac/FullScreenPokemon/src/components/constants/Pokemon.ts [10981, 24]: elements are not aligned, C:/Users/valmac/FullScreenPokemon/src/components/constants/Pokemon.ts [10984, 24]: elements are not aligned, C:/Users/valmac/FullScreenPokemon/src/components/constants/Pokemon.ts [10987, 24]: elements are not aligned, C:/Users/valmac/FullScreenPokemon/src/components/constants/Pokemon.ts [10990, 24]: elements are not aligned, C:/Users/valmac/FullScreenPokemon/src/components/constants/Pokemon.ts [10993, 24]: elements are not aligned, C:/Users/valmac/FullScreenPokemon/src/components/constants/Pokemon.ts [10996, 24]: elements are not aligned, C:/Users/valmac/FullScreenPokemon/src/components/constants/Pokemon.ts [10999, 24]: elements are not aligned, C:/Users/valmac/FullScreenPokemon/src/components/constants/Pokemon.ts [11002, 24]: elements are not aligned, C:/Users/valmac/FullScreenPokemon/src/components/constants/Pokemon.ts [11005, 24]: elements are not aligned, C:/Users/valmac/FullScreenPokemon/src/components/constants/Pokemon.ts [11008, 24]: elements are not aligned, C:/Users/valmac/FullScreenPokemon/src/components/constants/Pokemon.ts [11043, 24]: elements are not aligned, C:/Users/valmac/FullScreenPokemon/src/components/constants/Pokemon.ts [11046, 24]: elements are not aligned, C:/Users/valmac/FullScreenPokemon/src/components/constants/Pokemon.ts [11049, 24]: elements are not aligned, C:/Users/valmac/FullScreenPokemon/src/components/constants/Pokemon.ts [11052, 24]: elements are not aligned, C:/Users/valmac/FullScreenPokemon/src/components/constants/Pokemon.ts [11055, 24]: elements are not aligned, C:/Users/valmac/FullScreenPokemon/src/components/constants/Pokemon.ts [11058, 24]: elements are not aligned, C:/Users/valmac/FullScreenPokemon/src/components/constants/Pokemon.ts [11070, 24]: elements are not aligned, C:/Users/valmac/FullScreenPokemon/src/components/constants/Pokemon.ts [11073, 24]: elements are not aligned, C:/Users/valmac/FullScreenPokemon/src/components/constants/Pokemon.ts [11076, 24]: elements are not aligned, C:/Users/valmac/FullScreenPokemon/src/components/constants/Pokemon.ts [11079, 24]: elements are not aligned, C:/Users/valmac/FullScreenPokemon/src/components/constants/Pokemon.ts [11082, 24]: elements are not aligned, C:/Users/valmac/FullScreenPokemon/src/components/constants/Pokemon.ts [11085, 24]: elements are not aligned, C:/Users/valmac/FullScreenPokemon/src/components/constants/Pokemon.ts [11088, 24]: elements are not aligned, C:/Users/valmac/FullScreenPokemon/src/components/constants/Pokemon.ts [11091, 24]: elements are not aligned, C:/Users/valmac/FullScreenPokemon/src/components/constants/Pokemon.ts [11094, 24]: elements are not aligned, C:/Users/valmac/FullScreenPokemon/src/components/constants/Pokemon.ts [11097, 24]: elements are not aligned, C:/Users/valmac/FullScreenPokemon/src/components/constants/Pokemon.ts [11100, 24]: elements are not aligned, C:/Users/valmac/FullScreenPokemon/src/components/constants/Pokemon.ts [11103, 24]: elements are not aligned, C:/Users/valmac/FullScreenPokemon/src/components/constants/Pokemon.ts [11106, 24]: elements are not aligned, C:/Users/valmac/FullScreenPokemon/src/components/constants/Pokemon.ts [11141, 24]: elements are not aligned, C:/Users/valmac/FullScreenPokemon/src/components/constants/Pokemon.ts [11144, 24]: elements are not aligned, C:/Users/valmac/FullScreenPokemon/src/components/constants/Pokemon.ts [11147, 24]: elements are not aligned, C:/Users/valmac/FullScreenPokemon/src/components/constants/Pokemon.ts [11150, 24]: elements are not aligned, C:/Users/valmac/FullScreenPokemon/src/components/constants/Pokemon.ts [11153, 24]: elements are not aligned, C:/Users/valmac/FullScreenPokemon/src/components/constants/Pokemon.ts [11156, 24]: elements are not aligned, C:/Users/valmac/FullScreenPokemon/src/components/constants/Pokemon.ts [11165, 24]: elements are not aligned, C:/Users/valmac/FullScreenPokemon/src/components/constants/Pokemon.ts [11168, 24]: elements are not aligned, C:/Users/valmac/FullScreenPokemon/src/components/constants/Pokemon.ts [11171, 24]: elements are not aligned, C:/Users/valmac/FullScreenPokemon/src/components/constants/Pokemon.ts [11174, 24]: elements are not aligned, C:/Users/valmac/FullScreenPokemon/src/components/constants/Pokemon.ts [11177, 24]: elements are not aligned, C:/Users/valmac/FullScreenPokemon/src/components/constants/Pokemon.ts [11180, 24]: elements are not aligned, C:/Users/valmac/FullScreenPokemon/src/components/constants/Pokemon.ts [11183, 24]: elements are not aligned, C:/Users/valmac/FullScreenPokemon/src/components/constants/Pokemon.ts [11186, 24]: elements are not aligned, C:/Users/valmac/FullScreenPokemon/src/components/constants/Pokemon.ts [11189, 24]: elements are not aligned, C:/Users/valmac/FullScreenPokemon/src/components/constants/Pokemon.ts [11192, 24]: elements are not aligned, C:/Users/valmac/FullScreenPokemon/src/components/constants/Pokemon.ts [11195, 24]: elements are not aligned, C:/Users/valmac/FullScreenPokemon/src/components/constants/Pokemon.ts [11198, 24]: elements are not aligned, C:/Users/valmac/FullScreenPokemon/src/components/constants/Pokemon.ts [11201, 24]: elements are not aligned, C:/Users/valmac/FullScreenPokemon/src/components/constants/Pokemon.ts [11204, 24]: elements are not aligned, C:/Users/valmac/FullScreenPokemon/src/components/constants/Pokemon.ts [11207, 24]: elements are not aligned, C:/Users/valmac/FullScreenPokemon/src/components/constants/Pokemon.ts [11210, 24]: elements are not aligned, C:/Users/valmac/FullScreenPokemon/src/components/constants/Pokemon.ts [11213, 24]: elements are not aligned, C:/Users/valmac/FullScreenPokemon/src/components/constants/Pokemon.ts [11216, 24]: elements are not aligned, C:/Users/valmac/FullScreenPokemon/src/components/constants/Pokemon.ts [11219, 24]: elements are not aligned, C:/Users/valmac/FullScreenPokemon/src/components/constants/Pokemon.ts [11222, 24]: elements are not aligned, C:/Users/valmac/FullScreenPokemon/src/components/constants/Pokemon.ts [11248, 24]: elements are not aligned, C:/Users/valmac/FullScreenPokemon/src/components/constants/Pokemon.ts [11251, 24]: elements are not aligned, C:/Users/valmac/FullScreenPokemon/src/components/constants/Pokemon.ts [11254, 24]: elements are not aligned, C:/Users/valmac/FullScreenPokemon/src/components/constants/Pokemon.ts [11257, 24]: elements are not aligned, C:/Users/valmac/FullScreenPokemon/src/components/constants/Pokemon.ts [11260, 24]: elements are not aligned, C:/Users/valmac/FullScreenPokemon/src/components/constants/Pokemon.ts [11263, 24]: elements are not aligned, C:/Users/valmac/FullScreenPokemon/src/components/constants/Pokemon.ts [11271, 24]: elements are not aligned, C:/Users/valmac/FullScreenPokemon/src/components/constants/Pokemon.ts [11279, 24]: elements are not aligned, C:/Users/valmac/FullScreenPokemon/src/components/constants/Pokemon.ts [11282, 24]: elements are not aligned, C:/Users/valmac/FullScreenPokemon/src/components/constants/Pokemon.ts [11285, 24]: elements are not aligned, C:/Users/valmac/FullScreenPokemon/src/components/constants/Pokemon.ts [11288, 24]: elements are not aligned, C:/Users/valmac/FullScreenPokemon/src/components/constants/Pokemon.ts [11291, 24]: elements are not aligned, C:/Users/valmac/FullScreenPokemon/src/components/constants/Pokemon.ts [11294, 24]: elements are not aligned, C:/Users/valmac/FullScreenPokemon/src/components/constants/Pokemon.ts [11297, 24]: elements are not aligned, C:/Users/valmac/FullScreenPokemon/src/components/constants/Pokemon.ts [11300, 24]: elements are not aligned, C:/Users/valmac/FullScreenPokemon/src/components/constants/Pokemon.ts [11303, 24]: elements are not aligned, C:/Users/valmac/FullScreenPokemon/src/components/constants/Pokemon.ts [11306, 24]: elements are not aligned, C:/Users/valmac/FullScreenPokemon/src/components/constants/Pokemon.ts [11309, 24]: elements are not aligned, C:/Users/valmac/FullScreenPokemon/src/components/constants/Pokemon.ts [11312, 24]: elements are not aligned, C:/Users/valmac/FullScreenPokemon/src/components/constants/Pokemon.ts [11315, 24]: elements are not aligned, C:/Users/valmac/FullScreenPokemon/src/components/constants/Pokemon.ts [11350, 24]: elements are not aligned, C:/Users/valmac/FullScreenPokemon/src/components/constants/Pokemon.ts [11353, 24]: elements are not aligned, C:/Users/valmac/FullScreenPokemon/src/components/constants/Pokemon.ts [11356, 24]: elements are not aligned, C:/Users/valmac/FullScreenPokemon/src/components/constants/Pokemon.ts [11359, 24]: elements are not aligned, C:/Users/valmac/FullScreenPokemon/src/components/constants/Pokemon.ts [11362, 24]: elements are not aligned, C:/Users/valmac/FullScreenPokemon/src/components/constants/Pokemon.ts [11365, 24]: elements are not aligned, C:/Users/valmac/FullScreenPokemon/src/components/constants/Pokemon.ts [11374, 24]: elements are not aligned, C:/Users/valmac/FullScreenPokemon/src/components/constants/Pokemon.ts [11377, 24]: elements are not aligned, C:/Users/valmac/FullScreenPokemon/src/components/constants/Pokemon.ts [11380, 24]: elements are not aligned, C:/Users/valmac/FullScreenPokemon/src/components/constants/Pokemon.ts [11383, 24]: elements are not aligned, C:/Users/valmac/FullScreenPokemon/src/components/constants/Pokemon.ts [11386, 24]: elements are not aligned, C:/Users/valmac/FullScreenPokemon/src/components/constants/Pokemon.ts [11389, 24]: elements are not aligned, C:/Users/valmac/FullScreenPokemon/src/components/constants/Pokemon.ts [11392, 24]: elements are not aligned, C:/Users/valmac/FullScreenPokemon/src/components/constants/Pokemon.ts [11395, 24]: elements are not aligned, C:/Users/valmac/FullScreenPokemon/src/components/constants/Pokemon.ts [11398, 24]: elements are not aligned, C:/Users/valmac/FullScreenPokemon/src/components/constants/Pokemon.ts [11401, 24]: elements are not aligned, C:/Users/valmac/FullScreenPokemon/src/components/constants/Pokemon.ts [11404, 24]: elements are not aligned, C:/Users/valmac/FullScreenPokemon/src/components/constants/Pokemon.ts [11407, 24]: elements are not aligned, C:/Users/valmac/FullScreenPokemon/src/components/constants/Pokemon.ts [11410, 24]: elements are not aligned, C:/Users/valmac/FullScreenPokemon/src/components/constants/Pokemon.ts [11413, 24]: elements are not aligned, C:/Users/valmac/FullScreenPokemon/src/components/constants/Pokemon.ts [11416, 24]: elements are not aligned, C:/Users/valmac/FullScreenPokemon/src/components/constants/Pokemon.ts [11419, 24]: elements are not aligned, C:/Users/valmac/FullScreenPokemon/src/components/constants/Pokemon.ts [11454, 24]: elements are not aligned, C:/Users/valmac/FullScreenPokemon/src/components/constants/Pokemon.ts [11457, 24]: elements are not aligned, C:/Users/valmac/FullScreenPokemon/src/components/constants/Pokemon.ts [11460, 24]: elements are not aligned, C:/Users/valmac/FullScreenPokemon/src/components/constants/Pokemon.ts [11463, 24]: elements are not aligned, C:/Users/valmac/FullScreenPokemon/src/components/constants/Pokemon.ts [11466, 24]: elements are not aligned, C:/Users/valmac/FullScreenPokemon/src/components/constants/Pokemon.ts [11469, 24]: elements are not aligned, C:/Users/valmac/FullScreenPokemon/src/components/constants/Pokemon.ts [11472, 24]: elements are not aligned, C:/Users/valmac/FullScreenPokemon/src/components/constants/Pokemon.ts [11475, 24]: elements are not aligned, C:/Users/valmac/FullScreenPokemon/src/components/constants/Pokemon.ts [11483, 24]: elements are not aligned, C:/Users/valmac/FullScreenPokemon/src/components/constants/Pokemon.ts [11491, 24]: elements are not aligned, C:/Users/valmac/FullScreenPokemon/src/components/constants/Pokemon.ts [11494, 24]: elements are not aligned, C:/Users/valmac/FullScreenPokemon/src/components/constants/Pokemon.ts [11497, 24]: elements are not aligned, C:/Users/valmac/FullScreenPokemon/src/components/constants/Pokemon.ts [11500, 24]: elements are not aligned, C:/Users/valmac/FullScreenPokemon/src/components/constants/Pokemon.ts [11503, 24]: elements are not aligned, C:/Users/valmac/FullScreenPokemon/src/components/constants/Pokemon.ts [11506, 24]: elements are not aligned, C:/Users/valmac/FullScreenPokemon/src/components/constants/Pokemon.ts [11509, 24]: elements are not aligned, C:/Users/valmac/FullScreenPokemon/src/components/constants/Pokemon.ts [11512, 24]: elements are not aligned, C:/Users/valmac/FullScreenPokemon/src/components/constants/Pokemon.ts [11515, 24]: elements are not aligned, C:/Users/valmac/FullScreenPokemon/src/components/constants/Pokemon.ts [11518, 24]: elements are not aligned, C:/Users/valmac/FullScreenPokemon/src/components/constants/Pokemon.ts [11521, 24]: elements are not aligned, C:/Users/valmac/FullScreenPokemon/src/components/constants/Pokemon.ts [11524, 24]: elements are not aligned, C:/Users/valmac/FullScreenPokemon/src/components/constants/Pokemon.ts [11527, 24]: elements are not aligned, C:/Users/valmac/FullScreenPokemon/src/components/constants/Pokemon.ts [11530, 24]: elements are not aligned, C:/Users/valmac/FullScreenPokemon/src/components/constants/Pokemon.ts [11533, 24]: elements are not aligned, C:/Users/valmac/FullScreenPokemon/src/components/constants/Pokemon.ts [11536, 24]: elements are not aligned, C:/Users/valmac/FullScreenPokemon/src/components/constants/Pokemon.ts [11539, 24]: elements are not aligned, C:/Users/valmac/FullScreenPokemon/src/components/constants/Pokemon.ts [11542, 24]: elements are not aligned, C:/Users/valmac/FullScreenPokemon/src/components/constants/Pokemon.ts [11545, 24]: elements are not aligned, C:/Users/valmac/FullScreenPokemon/src/components/constants/Pokemon.ts [11548, 24]: elements are not aligned, C:/Users/valmac/FullScreenPokemon/src/components/constants/Pokemon.ts [11551, 24]: elements are not aligned, C:/Users/valmac/FullScreenPokemon/src/components/constants/Pokemon.ts [11554, 24]: elements are not aligned, C:/Users/valmac/FullScreenPokemon/src/components/constants/Pokemon.ts [11557, 24]: elements are not aligned, C:/Users/valmac/FullScreenPokemon/src/components/constants/Pokemon.ts [11560, 24]: elements are not aligned, C:/Users/valmac/FullScreenPokemon/src/components/constants/Pokemon.ts [11586, 24]: elements are not aligned, C:/Users/valmac/FullScreenPokemon/src/components/constants/Pokemon.ts [11589, 24]: elements are not aligned, C:/Users/valmac/FullScreenPokemon/src/components/constants/Pokemon.ts [11592, 24]: elements are not aligned, C:/Users/valmac/FullScreenPokemon/src/components/constants/Pokemon.ts [11595, 24]: elements are not aligned, C:/Users/valmac/FullScreenPokemon/src/components/constants/Pokemon.ts [11598, 24]: elements are not aligned, C:/Users/valmac/FullScreenPokemon/src/components/constants/Pokemon.ts [11607, 24]: elements are not aligned, C:/Users/valmac/FullScreenPokemon/src/components/constants/Pokemon.ts [11642, 24]: elements are not aligned, C:/Users/valmac/FullScreenPokemon/src/components/constants/Pokemon.ts [11645, 24]: elements are not aligned, C:/Users/valmac/FullScreenPokemon/src/components/constants/Pokemon.ts [11648, 24]: elements are not aligned, C:/Users/valmac/FullScreenPokemon/src/components/constants/Pokemon.ts [11651, 24]: elements are not aligned, C:/Users/valmac/FullScreenPokemon/src/components/constants/Pokemon.ts [11654, 24]: elements are not aligned, C:/Users/valmac/FullScreenPokemon/src/components/constants/Pokemon.ts [11657, 24]: elements are not aligned, C:/Users/valmac/FullScreenPokemon/src/components/constants/Pokemon.ts [11665, 24]: elements are not aligned, C:/Users/valmac/FullScreenPokemon/src/components/constants/Pokemon.ts [11668, 24]: elements are not aligned, C:/Users/valmac/FullScreenPokemon/src/components/constants/Pokemon.ts [11671, 24]: elements are not aligned, C:/Users/valmac/FullScreenPokemon/src/components/constants/Pokemon.ts [11674, 24]: elements are not aligned, C:/Users/valmac/FullScreenPokemon/src/components/constants/Pokemon.ts [11677, 24]: elements are not aligned, C:/Users/valmac/FullScreenPokemon/src/components/constants/Pokemon.ts [11680, 24]: elements are not aligned, C:/Users/valmac/FullScreenPokemon/src/components/constants/Pokemon.ts [11683, 24]: elements are not aligned, C:/Users/valmac/FullScreenPokemon/src/components/constants/Pokemon.ts [11686, 24]: elements are not aligned, C:/Users/valmac/FullScreenPokemon/src/components/constants/Pokemon.ts [11689, 24]: elements are not aligned, C:/Users/valmac/FullScreenPokemon/src/components/constants/Pokemon.ts [11692, 24]: elements are not aligned, C:/Users/valmac/FullScreenPokemon/src/components/constants/Pokemon.ts [11695, 24]: elements are not aligned, C:/Users/valmac/FullScreenPokemon/src/components/constants/Pokemon.ts [11698, 24]: elements are not aligned, C:/Users/valmac/FullScreenPokemon/src/components/constants/Pokemon.ts [11701, 24]: elements are not aligned, C:/Users/valmac/FullScreenPokemon/src/components/constants/Pokemon.ts [11704, 24]: elements are not aligned, C:/Users/valmac/FullScreenPokemon/src/components/constants/Pokemon.ts [11712, 24]: elements are not aligned, C:/Users/valmac/FullScreenPokemon/src/components/constants/Pokemon.ts [11715, 24]: elements are not aligned, C:/Users/valmac/FullScreenPokemon/src/components/constants/Pokemon.ts [11718, 24]: elements are not aligned, C:/Users/valmac/FullScreenPokemon/src/components/constants/Pokemon.ts [11721, 24]: elements are not aligned, C:/Users/valmac/FullScreenPokemon/src/components/constants/Pokemon.ts [11724, 24]: elements are not aligned, C:/Users/valmac/FullScreenPokemon/src/components/constants/Pokemon.ts [11727, 24]: elements are not aligned, C:/Users/valmac/FullScreenPokemon/src/components/constants/Pokemon.ts [11753, 24]: elements are not aligned, C:/Users/valmac/FullScreenPokemon/src/components/constants/Pokemon.ts [11756, 24]: elements are not aligned, C:/Users/valmac/FullScreenPokemon/src/components/constants/Pokemon.ts [11759, 24]: elements are not aligned, C:/Users/valmac/FullScreenPokemon/src/components/constants/Pokemon.ts [11762, 24]: elements are not aligned, C:/Users/valmac/FullScreenPokemon/src/components/constants/Pokemon.ts [11765, 24]: elements are not aligned, C:/Users/valmac/FullScreenPokemon/src/components/constants/Pokemon.ts [11768, 24]: elements are not aligned, C:/Users/valmac/FullScreenPokemon/src/components/constants/Pokemon.ts [11777, 24]: elements are not aligned, C:/Users/valmac/FullScreenPokemon/src/components/constants/Pokemon.ts [11780, 24]: elements are not aligned, C:/Users/valmac/FullScreenPokemon/src/components/constants/Pokemon.ts [11783, 24]: elements are not aligned, C:/Users/valmac/FullScreenPokemon/src/components/constants/Pokemon.ts [11786, 24]: elements are not aligned, C:/Users/valmac/FullScreenPokemon/src/components/constants/Pokemon.ts [11789, 24]: elements are not aligned, C:/Users/valmac/FullScreenPokemon/src/components/constants/Pokemon.ts [11792, 24]: elements are not aligned, C:/Users/valmac/FullScreenPokemon/src/components/constants/Pokemon.ts [11795, 24]: elements are not aligned, C:/Users/valmac/FullScreenPokemon/src/components/constants/Pokemon.ts [11798, 24]: elements are not aligned, C:/Users/valmac/FullScreenPokemon/src/components/constants/Pokemon.ts [11801, 24]: elements are not aligned, C:/Users/valmac/FullScreenPokemon/src/components/constants/Pokemon.ts [11804, 24]: elements are not aligned, C:/Users/valmac/FullScreenPokemon/src/components/constants/Pokemon.ts [11807, 24]: elements are not aligned, C:/Users/valmac/FullScreenPokemon/src/components/constants/Pokemon.ts [11810, 24]: elements are not aligned, C:/Users/valmac/FullScreenPokemon/src/components/constants/Pokemon.ts [11813, 24]: elements are not aligned, C:/Users/valmac/FullScreenPokemon/src/components/constants/Pokemon.ts [11816, 24]: elements are not aligned, C:/Users/valmac/FullScreenPokemon/src/components/constants/Pokemon.ts [11819, 24]: elements are not aligned, C:/Users/valmac/FullScreenPokemon/src/components/constants/Pokemon.ts [11822, 24]: elements are not aligned, C:/Users/valmac/FullScreenPokemon/src/components/constants/Pokemon.ts [11825, 24]: elements are not aligned, C:/Users/valmac/FullScreenPokemon/src/components/constants/Pokemon.ts [11828, 24]: elements are not aligned, C:/Users/valmac/FullScreenPokemon/src/components/constants/Pokemon.ts [11831, 24]: elements are not aligned, C:/Users/valmac/FullScreenPokemon/src/components/constants/Pokemon.ts [11834, 24]: elements are not aligned, C:/Users/valmac/FullScreenPokemon/src/components/constants/Pokemon.ts [11837, 24]: elements are not aligned, C:/Users/valmac/FullScreenPokemon/src/components/constants/Pokemon.ts [11863, 24]: elements are not aligned, C:/Users/valmac/FullScreenPokemon/src/components/constants/Pokemon.ts [11866, 24]: elements are not aligned, C:/Users/valmac/FullScreenPokemon/src/components/constants/Pokemon.ts [11869, 24]: elements are not aligned, C:/Users/valmac/FullScreenPokemon/src/components/constants/Pokemon.ts [11872, 24]: elements are not aligned, C:/Users/valmac/FullScreenPokemon/src/components/constants/Pokemon.ts [11875, 24]: elements are not aligned, C:/Users/valmac/FullScreenPokemon/src/components/constants/Pokemon.ts [11878, 24]: elements are not aligned, C:/Users/valmac/FullScreenPokemon/src/components/constants/Pokemon.ts [11881, 24]: elements are not aligned, C:/Users/valmac/FullScreenPokemon/src/components/constants/Pokemon.ts [11884, 24]: elements are not aligned, C:/Users/valmac/FullScreenPokemon/src/components/constants/Pokemon.ts [11896, 24]: elements are not aligned, C:/Users/valmac/FullScreenPokemon/src/components/constants/Pokemon.ts [11899, 24]: elements are not aligned, C:/Users/valmac/FullScreenPokemon/src/components/constants/Pokemon.ts [11902, 24]: elements are not aligned, C:/Users/valmac/FullScreenPokemon/src/components/constants/Pokemon.ts [11905, 24]: elements are not aligned, C:/Users/valmac/FullScreenPokemon/src/components/constants/Pokemon.ts [11908, 24]: elements are not aligned, C:/Users/valmac/FullScreenPokemon/src/components/constants/Pokemon.ts [11911, 24]: elements are not aligned, C:/Users/valmac/FullScreenPokemon/src/components/constants/Pokemon.ts [11914, 24]: elements are not aligned, C:/Users/valmac/FullScreenPokemon/src/components/constants/Pokemon.ts [11917, 24]: elements are not aligned, C:/Users/valmac/FullScreenPokemon/src/components/constants/Pokemon.ts [11920, 24]: elements are not aligned, C:/Users/valmac/FullScreenPokemon/src/components/constants/Pokemon.ts [11923, 24]: elements are not aligned, C:/Users/valmac/FullScreenPokemon/src/components/constants/Pokemon.ts [11926, 24]: elements are not aligned, C:/Users/valmac/FullScreenPokemon/src/components/constants/Pokemon.ts [11929, 24]: elements are not aligned, C:/Users/valmac/FullScreenPokemon/src/components/constants/Pokemon.ts [11932, 24]: elements are not aligned, C:/Users/valmac/FullScreenPokemon/src/components/constants/Pokemon.ts [11935, 24]: elements are not aligned, C:/Users/valmac/FullScreenPokemon/src/components/constants/Pokemon.ts [11938, 24]: elements are not aligned, C:/Users/valmac/FullScreenPokemon/src/components/constants/Pokemon.ts [11941, 24]: elements are not aligned, C:/Users/valmac/FullScreenPokemon/src/components/constants/Pokemon.ts [11944, 24]: elements are not aligned, C:/Users/valmac/FullScreenPokemon/src/components/constants/Pokemon.ts [11947, 24]: elements are not aligned, C:/Users/valmac/FullScreenPokemon/src/components/constants/Pokemon.ts [11950, 24]: elements are not aligned, C:/Users/valmac/FullScreenPokemon/src/components/constants/Pokemon.ts [11953, 24]: elements are not aligned, C:/Users/valmac/FullScreenPokemon/src/components/constants/Pokemon.ts [11956, 24]: elements are not aligned, C:/Users/valmac/FullScreenPokemon/src/components/constants/Pokemon.ts [11959, 24]: elements are not aligned, C:/Users/valmac/FullScreenPokemon/src/components/constants/Pokemon.ts [11962, 24]: elements are not aligned, C:/Users/valmac/FullScreenPokemon/src/components/constants/Pokemon.ts [11997, 24]: elements are not aligned, C:/Users/valmac/FullScreenPokemon/src/components/constants/Pokemon.ts [12000, 24]: elements are not aligned, C:/Users/valmac/FullScreenPokemon/src/components/constants/Pokemon.ts [12003, 24]: elements are not aligned, C:/Users/valmac/FullScreenPokemon/src/components/constants/Pokemon.ts [12006, 24]: elements are not aligned, C:/Users/valmac/FullScreenPokemon/src/components/constants/Pokemon.ts [12009, 24]: elements are not aligned, C:/Users/valmac/FullScreenPokemon/src/components/constants/Pokemon.ts [12018, 24]: elements are not aligned, C:/Users/valmac/FullScreenPokemon/src/components/constants/Pokemon.ts [12021, 24]: elements are not aligned, C:/Users/valmac/FullScreenPokemon/src/components/constants/Pokemon.ts [12024, 24]: elements are not aligned, C:/Users/valmac/FullScreenPokemon/src/components/constants/Pokemon.ts [12027, 24]: elements are not aligned, C:/Users/valmac/FullScreenPokemon/src/components/constants/Pokemon.ts [12030, 24]: elements are not aligned, C:/Users/valmac/FullScreenPokemon/src/components/constants/Pokemon.ts [12033, 24]: elements are not aligned, C:/Users/valmac/FullScreenPokemon/src/components/constants/Pokemon.ts [12036, 24]: elements are not aligned, C:/Users/valmac/FullScreenPokemon/src/components/constants/Pokemon.ts [12039, 24]: elements are not aligned, C:/Users/valmac/FullScreenPokemon/src/components/constants/Pokemon.ts [12042, 24]: elements are not aligned, C:/Users/valmac/FullScreenPokemon/src/components/constants/Pokemon.ts [12045, 24]: elements are not aligned, C:/Users/valmac/FullScreenPokemon/src/components/constants/Pokemon.ts [12048, 24]: elements are not aligned, C:/Users/valmac/FullScreenPokemon/src/components/constants/Pokemon.ts [12051, 24]: elements are not aligned, C:/Users/valmac/FullScreenPokemon/src/components/constants/Pokemon.ts [12054, 24]: elements are not aligned, C:/Users/valmac/FullScreenPokemon/src/components/constants/Pokemon.ts [12057, 24]: elements are not aligned, C:/Users/valmac/FullScreenPokemon/src/components/constants/Pokemon.ts [12060, 24]: elements are not aligned, C:/Users/valmac/FullScreenPokemon/src/components/constants/Pokemon.ts [12063, 24]: elements are not aligned, C:/Users/valmac/FullScreenPokemon/src/components/constants/Pokemon.ts [12066, 24]: elements are not aligned, C:/Users/valmac/FullScreenPokemon/src/components/constants/Pokemon.ts [12069, 24]: elements are not aligned, C:/Users/valmac/FullScreenPokemon/src/components/constants/Pokemon.ts [12072, 24]: elements are not aligned, C:/Users/valmac/FullScreenPokemon/src/components/constants/Pokemon.ts [12075, 24]: elements are not aligned, C:/Users/valmac/FullScreenPokemon/src/components/constants/Pokemon.ts [12078, 24]: elements are not aligned, C:/Users/valmac/FullScreenPokemon/src/components/constants/Pokemon.ts [12081, 24]: elements are not aligned, C:/Users/valmac/FullScreenPokemon/src/components/constants/Pokemon.ts [12107, 24]: elements are not aligned, C:/Users/valmac/FullScreenPokemon/src/components/constants/Pokemon.ts [12110, 24]: elements are not aligned, C:/Users/valmac/FullScreenPokemon/src/components/constants/Pokemon.ts [12144, 24]: elements are not aligned, C:/Users/valmac/FullScreenPokemon/src/components/constants/Pokemon.ts [12147, 24]: elements are not aligned, C:/Users/valmac/FullScreenPokemon/src/components/constants/Pokemon.ts [12150, 24]: elements are not aligned, C:/Users/valmac/FullScreenPokemon/src/components/constants/Pokemon.ts [12153, 24]: elements are not aligned, C:/Users/valmac/FullScreenPokemon/src/components/constants/Pokemon.ts [12156, 24]: elements are not aligned, C:/Users/valmac/FullScreenPokemon/src/components/constants/Pokemon.ts [12159, 24]: elements are not aligned, C:/Users/valmac/FullScreenPokemon/src/components/constants/Pokemon.ts [12162, 24]: elements are not aligned, C:/Users/valmac/FullScreenPokemon/src/components/constants/Pokemon.ts [12165, 24]: elements are not aligned, C:/Users/valmac/FullScreenPokemon/src/components/constants/Pokemon.ts [12168, 24]: elements are not aligned, C:/Users/valmac/FullScreenPokemon/src/components/constants/Pokemon.ts [12177, 24]: elements are not aligned, C:/Users/valmac/FullScreenPokemon/src/components/constants/Pokemon.ts [12180, 24]: elements are not aligned, C:/Users/valmac/FullScreenPokemon/src/components/constants/Pokemon.ts [12183, 24]: elements are not aligned, C:/Users/valmac/FullScreenPokemon/src/components/constants/Pokemon.ts [12186, 24]: elements are not aligned, C:/Users/valmac/FullScreenPokemon/src/components/constants/Pokemon.ts [12189, 24]: elements are not aligned, C:/Users/valmac/FullScreenPokemon/src/components/constants/Pokemon.ts [12192, 24]: elements are not aligned, C:/Users/valmac/FullScreenPokemon/src/components/constants/Pokemon.ts [12195, 24]: elements are not aligned, C:/Users/valmac/FullScreenPokemon/src/components/constants/Pokemon.ts [12198, 24]: elements are not aligned, C:/Users/valmac/FullScreenPokemon/src/components/constants/Pokemon.ts [12201, 24]: elements are not aligned, C:/Users/valmac/FullScreenPokemon/src/components/constants/Pokemon.ts [12227, 24]: elements are not aligned, C:/Users/valmac/FullScreenPokemon/src/components/constants/Pokemon.ts [12230, 24]: elements are not aligned, C:/Users/valmac/FullScreenPokemon/src/components/constants/Pokemon.ts [12233, 24]: elements are not aligned, C:/Users/valmac/FullScreenPokemon/src/components/constants/Pokemon.ts [12236, 24]: elements are not aligned, C:/Users/valmac/FullScreenPokemon/src/components/constants/Pokemon.ts [12239, 24]: elements are not aligned, C:/Users/valmac/FullScreenPokemon/src/components/constants/Pokemon.ts [12242, 24]: elements are not aligned, C:/Users/valmac/FullScreenPokemon/src/components/constants/Pokemon.ts [12250, 24]: elements are not aligned, C:/Users/valmac/FullScreenPokemon/src/components/constants/Pokemon.ts [12253, 24]: elements are not aligned, C:/Users/valmac/FullScreenPokemon/src/components/constants/Pokemon.ts [12256, 24]: elements are not aligned, C:/Users/valmac/FullScreenPokemon/src/components/constants/Pokemon.ts [12259, 24]: elements are not aligned, C:/Users/valmac/FullScreenPokemon/src/components/constants/Pokemon.ts [12262, 24]: elements are not aligned, C:/Users/valmac/FullScreenPokemon/src/components/constants/Pokemon.ts [12265, 24]: elements are not aligned, C:/Users/valmac/FullScreenPokemon/src/components/constants/Pokemon.ts [12268, 24]: elements are not aligned, C:/Users/valmac/FullScreenPokemon/src/components/constants/Pokemon.ts [12271, 24]: elements are not aligned, C:/Users/valmac/FullScreenPokemon/src/components/constants/Pokemon.ts [12274, 24]: elements are not aligned, C:/Users/valmac/FullScreenPokemon/src/components/constants/Pokemon.ts [12277, 24]: elements are not aligned, C:/Users/valmac/FullScreenPokemon/src/components/constants/Pokemon.ts [12280, 24]: elements are not aligned, C:/Users/valmac/FullScreenPokemon/src/components/constants/Pokemon.ts [12283, 24]: elements are not aligned, C:/Users/valmac/FullScreenPokemon/src/components/constants/Pokemon.ts [12286, 24]: elements are not aligned, C:/Users/valmac/FullScreenPokemon/src/components/constants/Pokemon.ts [12289, 24]: elements are not aligned, C:/Users/valmac/FullScreenPokemon/src/components/constants/Pokemon.ts [12292, 24]: elements are not aligned, C:/Users/valmac/FullScreenPokemon/src/components/constants/Pokemon.ts [12295, 24]: elements are not aligned, C:/Users/valmac/FullScreenPokemon/src/components/constants/Pokemon.ts [12298, 24]: elements are not aligned, C:/Users/valmac/FullScreenPokemon/src/components/constants/Pokemon.ts [12301, 24]: elements are not aligned, C:/Users/valmac/FullScreenPokemon/src/components/constants/Pokemon.ts [12304, 24]: elements are not aligned, C:/Users/valmac/FullScreenPokemon/src/components/constants/Pokemon.ts [12312, 24]: elements are not aligned, C:/Users/valmac/FullScreenPokemon/src/components/constants/Pokemon.ts [12315, 24]: elements are not aligned, C:/Users/valmac/FullScreenPokemon/src/components/constants/Pokemon.ts [12318, 24]: elements are not aligned, C:/Users/valmac/FullScreenPokemon/src/components/constants/Pokemon.ts [12321, 24]: elements are not aligned, C:/Users/valmac/FullScreenPokemon/src/components/constants/Pokemon.ts [12324, 24]: elements are not aligned, C:/Users/valmac/FullScreenPokemon/src/components/constants/Pokemon.ts [12327, 24]: elements are not aligned, C:/Users/valmac/FullScreenPokemon/src/components/constants/Pokemon.ts [12362, 24]: elements are not aligned, C:/Users/valmac/FullScreenPokemon/src/components/constants/Pokemon.ts [12365, 24]: elements are not aligned, C:/Users/valmac/FullScreenPokemon/src/components/constants/Pokemon.ts [12368, 24]: elements are not aligned, C:/Users/valmac/FullScreenPokemon/src/components/constants/Pokemon.ts [12371, 24]: elements are not aligned, C:/Users/valmac/FullScreenPokemon/src/components/constants/Pokemon.ts [12374, 24]: elements are not aligned, C:/Users/valmac/FullScreenPokemon/src/components/constants/Pokemon.ts [12383, 24]: elements are not aligned, C:/Users/valmac/FullScreenPokemon/src/components/constants/Pokemon.ts [12386, 24]: elements are not aligned, C:/Users/valmac/FullScreenPokemon/src/components/constants/Pokemon.ts [12389, 24]: elements are not aligned, C:/Users/valmac/FullScreenPokemon/src/components/constants/Pokemon.ts [12392, 24]: elements are not aligned, C:/Users/valmac/FullScreenPokemon/src/components/constants/Pokemon.ts [12395, 24]: elements are not aligned, C:/Users/valmac/FullScreenPokemon/src/components/constants/Pokemon.ts [12421, 24]: elements are not aligned, C:/Users/valmac/FullScreenPokemon/src/components/constants/Pokemon.ts [12424, 24]: elements are not aligned, C:/Users/valmac/FullScreenPokemon/src/components/constants/Pokemon.ts [12427, 24]: elements are not aligned, C:/Users/valmac/FullScreenPokemon/src/components/constants/Pokemon.ts [12430, 24]: elements are not aligned, C:/Users/valmac/FullScreenPokemon/src/components/constants/Pokemon.ts [12433, 24]: elements are not aligned, C:/Users/valmac/FullScreenPokemon/src/components/constants/Pokemon.ts [12436, 24]: elements are not aligned, C:/Users/valmac/FullScreenPokemon/src/components/constants/Pokemon.ts [12439, 24]: elements are not aligned, C:/Users/valmac/FullScreenPokemon/src/components/constants/Pokemon.ts [12442, 24]: elements are not aligned, C:/Users/valmac/FullScreenPokemon/src/components/constants/Pokemon.ts [12445, 24]: elements are not aligned, C:/Users/valmac/FullScreenPokemon/src/components/constants/Pokemon.ts [12453, 24]: elements are not aligned, C:/Users/valmac/FullScreenPokemon/src/components/constants/Pokemon.ts [12461, 24]: elements are not aligned, C:/Users/valmac/FullScreenPokemon/src/components/constants/Pokemon.ts [12464, 24]: elements are not aligned, C:/Users/valmac/FullScreenPokemon/src/components/constants/Pokemon.ts [12467, 24]: elements are not aligned, C:/Users/valmac/FullScreenPokemon/src/components/constants/Pokemon.ts [12470, 24]: elements are not aligned, C:/Users/valmac/FullScreenPokemon/src/components/constants/Pokemon.ts [12473, 24]: elements are not aligned, C:/Users/valmac/FullScreenPokemon/src/components/constants/Pokemon.ts [12476, 24]: elements are not aligned, C:/Users/valmac/FullScreenPokemon/src/components/constants/Pokemon.ts [12479, 24]: elements are not aligned, C:/Users/valmac/FullScreenPokemon/src/components/constants/Pokemon.ts [12482, 24]: elements are not aligned, C:/Users/valmac/FullScreenPokemon/src/components/constants/Pokemon.ts [12485, 24]: elements are not aligned, C:/Users/valmac/FullScreenPokemon/src/components/constants/Pokemon.ts [12488, 24]: elements are not aligned, C:/Users/valmac/FullScreenPokemon/src/components/constants/Pokemon.ts [12491, 24]: elements are not aligned, C:/Users/valmac/FullScreenPokemon/src/components/constants/Pokemon.ts [12494, 24]: elements are not aligned, C:/Users/valmac/FullScreenPokemon/src/components/constants/Pokemon.ts [12497, 24]: elements are not aligned, C:/Users/valmac/FullScreenPokemon/src/components/constants/Pokemon.ts [12500, 24]: elements are not aligned, C:/Users/valmac/FullScreenPokemon/src/components/constants/Pokemon.ts [12503, 24]: elements are not aligned, C:/Users/valmac/FullScreenPokemon/src/components/constants/Pokemon.ts [12506, 24]: elements are not aligned, C:/Users/valmac/FullScreenPokemon/src/components/constants/Pokemon.ts [12509, 24]: elements are not aligned, C:/Users/valmac/FullScreenPokemon/src/components/constants/Pokemon.ts [12512, 24]: elements are not aligned, C:/Users/valmac/FullScreenPokemon/src/components/constants/Pokemon.ts [12515, 24]: elements are not aligned, C:/Users/valmac/FullScreenPokemon/src/components/constants/Pokemon.ts [12518, 24]: elements are not aligned, C:/Users/valmac/FullScreenPokemon/src/components/constants/Pokemon.ts [12521, 24]: elements are not aligned, C:/Users/valmac/FullScreenPokemon/src/components/constants/Pokemon.ts [12524, 24]: elements are not aligned, C:/Users/valmac/FullScreenPokemon/src/components/constants/Pokemon.ts [12527, 24]: elements are not aligned, C:/Users/valmac/FullScreenPokemon/src/components/constants/Pokemon.ts [12530, 24]: elements are not aligned, C:/Users/valmac/FullScreenPokemon/src/components/constants/Pokemon.ts [12533, 24]: elements are not aligned, C:/Users/valmac/FullScreenPokemon/src/components/constants/Pokemon.ts [12536, 24]: elements are not aligned, C:/Users/valmac/FullScreenPokemon/src/components/constants/Pokemon.ts [12539, 24]: elements are not aligned, C:/Users/valmac/FullScreenPokemon/src/components/constants/Pokemon.ts [12542, 24]: elements are not aligned, C:/Users/valmac/FullScreenPokemon/src/components/constants/Pokemon.ts [12545, 24]: elements are not aligned, C:/Users/valmac/FullScreenPokemon/src/components/constants/Pokemon.ts [12580, 24]: elements are not aligned, C:/Users/valmac/FullScreenPokemon/src/components/constants/Pokemon.ts [12583, 24]: elements are not aligned, C:/Users/valmac/FullScreenPokemon/src/components/constants/Pokemon.ts [12586, 24]: elements are not aligned, C:/Users/valmac/FullScreenPokemon/src/components/constants/Pokemon.ts [12589, 24]: elements are not aligned, C:/Users/valmac/FullScreenPokemon/src/components/constants/Pokemon.ts [12592, 24]: elements are not aligned, C:/Users/valmac/FullScreenPokemon/src/components/constants/Pokemon.ts [12595, 24]: elements are not aligned, C:/Users/valmac/FullScreenPokemon/src/components/constants/Pokemon.ts [12607, 24]: elements are not aligned, C:/Users/valmac/FullScreenPokemon/src/components/constants/Pokemon.ts [12610, 24]: elements are not aligned, C:/Users/valmac/FullScreenPokemon/src/components/constants/Pokemon.ts [12613, 24]: elements are not aligned, C:/Users/valmac/FullScreenPokemon/src/components/constants/Pokemon.ts [12616, 24]: elements are not aligned, C:/Users/valmac/FullScreenPokemon/src/components/constants/Pokemon.ts [12619, 24]: elements are not aligned, C:/Users/valmac/FullScreenPokemon/src/components/constants/Pokemon.ts [12622, 24]: elements are not aligned, C:/Users/valmac/FullScreenPokemon/src/components/constants/Pokemon.ts [12625, 24]: elements are not aligned, C:/Users/valmac/FullScreenPokemon/src/components/constants/Pokemon.ts [12628, 24]: elements are not aligned, C:/Users/valmac/FullScreenPokemon/src/components/constants/Pokemon.ts [12631, 24]: elements are not aligned, C:/Users/valmac/FullScreenPokemon/src/components/constants/Pokemon.ts [12634, 24]: elements are not aligned, C:/Users/valmac/FullScreenPokemon/src/components/constants/Pokemon.ts [12637, 24]: elements are not aligned, C:/Users/valmac/FullScreenPokemon/src/components/constants/Pokemon.ts [12640, 24]: elements are not aligned, C:/Users/valmac/FullScreenPokemon/src/components/constants/Pokemon.ts [12643, 24]: elements are not aligned, C:/Users/valmac/FullScreenPokemon/src/components/constants/Pokemon.ts [12646, 24]: elements are not aligned, C:/Users/valmac/FullScreenPokemon/src/components/constants/Pokemon.ts [12649, 24]: elements are not aligned, C:/Users/valmac/FullScreenPokemon/src/components/constants/Pokemon.ts [12652, 24]: elements are not aligned, C:/Users/valmac/FullScreenPokemon/src/components/constants/Pokemon.ts [12655, 24]: elements are not aligned, C:/Users/valmac/FullScreenPokemon/src/components/constants/Pokemon.ts [12658, 24]: elements are not aligned, C:/Users/valmac/FullScreenPokemon/src/components/constants/Pokemon.ts [12693, 24]: elements are not aligned, C:/Users/valmac/FullScreenPokemon/src/components/constants/Pokemon.ts [12696, 24]: elements are not aligned, C:/Users/valmac/FullScreenPokemon/src/components/constants/Pokemon.ts [12699, 24]: elements are not aligned, C:/Users/valmac/FullScreenPokemon/src/components/constants/Pokemon.ts [12702, 24]: elements are not aligned, C:/Users/valmac/FullScreenPokemon/src/components/constants/Pokemon.ts [12705, 24]: elements are not aligned, C:/Users/valmac/FullScreenPokemon/src/components/constants/Pokemon.ts [12713, 24]: elements are not aligned, C:/Users/valmac/FullScreenPokemon/src/components/constants/Pokemon.ts [12721, 24]: elements are not aligned, C:/Users/valmac/FullScreenPokemon/src/components/constants/Pokemon.ts [12724, 24]: elements are not aligned, C:/Users/valmac/FullScreenPokemon/src/components/constants/Pokemon.ts [12727, 24]: elements are not aligned, C:/Users/valmac/FullScreenPokemon/src/components/constants/Pokemon.ts [12730, 24]: elements are not aligned, C:/Users/valmac/FullScreenPokemon/src/components/constants/Pokemon.ts [12733, 24]: elements are not aligned, C:/Users/valmac/FullScreenPokemon/src/components/constants/Pokemon.ts [12736, 24]: elements are not aligned, C:/Users/valmac/FullScreenPokemon/src/components/constants/Pokemon.ts [12739, 24]: elements are not aligned, C:/Users/valmac/FullScreenPokemon/src/components/constants/Pokemon.ts [12742, 24]: elements are not aligned, C:/Users/valmac/FullScreenPokemon/src/components/constants/Pokemon.ts [12745, 24]: elements are not aligned, C:/Users/valmac/FullScreenPokemon/src/components/constants/Pokemon.ts [12748, 24]: elements are not aligned, C:/Users/valmac/FullScreenPokemon/src/components/constants/Pokemon.ts [12751, 24]: elements are not aligned, C:/Users/valmac/FullScreenPokemon/src/components/constants/Pokemon.ts [12754, 24]: elements are not aligned, C:/Users/valmac/FullScreenPokemon/src/components/constants/Pokemon.ts [12757, 24]: elements are not aligned, C:/Users/valmac/FullScreenPokemon/src/components/constants/Pokemon.ts [12760, 24]: elements are not aligned, C:/Users/valmac/FullScreenPokemon/src/components/constants/Pokemon.ts [12763, 24]: elements are not aligned, C:/Users/valmac/FullScreenPokemon/src/components/constants/Pokemon.ts [12766, 24]: elements are not aligned, C:/Users/valmac/FullScreenPokemon/src/components/constants/Pokemon.ts [12769, 24]: elements are not aligned, C:/Users/valmac/FullScreenPokemon/src/components/constants/Pokemon.ts [12772, 24]: elements are not aligned, C:/Users/valmac/FullScreenPokemon/src/components/constants/Pokemon.ts [12798, 24]: elements are not aligned, C:/Users/valmac/FullScreenPokemon/src/components/constants/Pokemon.ts [12801, 24]: elements are not aligned, C:/Users/valmac/FullScreenPokemon/src/components/constants/Pokemon.ts [12804, 24]: elements are not aligned, C:/Users/valmac/FullScreenPokemon/src/components/constants/Pokemon.ts [12807, 24]: elements are not aligned, C:/Users/valmac/FullScreenPokemon/src/components/constants/Pokemon.ts [12810, 24]: elements are not aligned, C:/Users/valmac/FullScreenPokemon/src/components/constants/Pokemon.ts [12813, 24]: elements are not aligned, C:/Users/valmac/FullScreenPokemon/src/components/constants/Pokemon.ts [12821, 24]: elements are not aligned, C:/Users/valmac/FullScreenPokemon/src/components/constants/Pokemon.ts [12829, 24]: elements are not aligned, C:/Users/valmac/FullScreenPokemon/src/components/constants/Pokemon.ts [12832, 24]: elements are not aligned, C:/Users/valmac/FullScreenPokemon/src/components/constants/Pokemon.ts [12835, 24]: elements are not aligned, C:/Users/valmac/FullScreenPokemon/src/components/constants/Pokemon.ts [12838, 24]: elements are not aligned, C:/Users/valmac/FullScreenPokemon/src/components/constants/Pokemon.ts [12841, 24]: elements are not aligned, C:/Users/valmac/FullScreenPokemon/src/components/constants/Pokemon.ts [12844, 24]: elements are not aligned, C:/Users/valmac/FullScreenPokemon/src/components/constants/Pokemon.ts [12847, 24]: elements are not aligned, C:/Users/valmac/FullScreenPokemon/src/components/constants/Pokemon.ts [12850, 24]: elements are not aligned, C:/Users/valmac/FullScreenPokemon/src/components/constants/Pokemon.ts [12853, 24]: elements are not aligned, C:/Users/valmac/FullScreenPokemon/src/components/constants/Pokemon.ts [12856, 24]: elements are not aligned, C:/Users/valmac/FullScreenPokemon/src/components/constants/Pokemon.ts [12859, 24]: elements are not aligned, C:/Users/valmac/FullScreenPokemon/src/components/constants/Pokemon.ts [12862, 24]: elements are not aligned, C:/Users/valmac/FullScreenPokemon/src/components/constants/Pokemon.ts [12865, 24]: elements are not aligned, C:/Users/valmac/FullScreenPokemon/src/components/constants/Pokemon.ts [12868, 24]: elements are not aligned, C:/Users/valmac/FullScreenPokemon/src/components/constants/Pokemon.ts [12871, 24]: elements are not aligned, C:/Users/valmac/FullScreenPokemon/src/components/constants/Pokemon.ts [12874, 24]: elements are not aligned, C:/Users/valmac/FullScreenPokemon/src/components/constants/Pokemon.ts [12877, 24]: elements are not aligned, C:/Users/valmac/FullScreenPokemon/src/components/constants/Pokemon.ts [12880, 24]: elements are not aligned, C:/Users/valmac/FullScreenPokemon/src/components/constants/Pokemon.ts [12883, 24]: elements are not aligned, C:/Users/valmac/FullScreenPokemon/src/components/constants/Pokemon.ts [12909, 24]: elements are not aligned, C:/Users/valmac/FullScreenPokemon/src/components/constants/Pokemon.ts [12912, 24]: elements are not aligned, C:/Users/valmac/FullScreenPokemon/src/components/constants/Pokemon.ts [12915, 24]: elements are not aligned, C:/Users/valmac/FullScreenPokemon/src/components/constants/Pokemon.ts [12918, 24]: elements are not aligned, C:/Users/valmac/FullScreenPokemon/src/components/constants/Pokemon.ts [12921, 24]: elements are not aligned, C:/Users/valmac/FullScreenPokemon/src/components/constants/Pokemon.ts [12924, 24]: elements are not aligned, C:/Users/valmac/FullScreenPokemon/src/components/constants/Pokemon.ts [12933, 24]: elements are not aligned, C:/Users/valmac/FullScreenPokemon/src/components/constants/Pokemon.ts [12936, 24]: elements are not aligned, C:/Users/valmac/FullScreenPokemon/src/components/constants/Pokemon.ts [12939, 24]: elements are not aligned, C:/Users/valmac/FullScreenPokemon/src/components/constants/Pokemon.ts [12942, 24]: elements are not aligned, C:/Users/valmac/FullScreenPokemon/src/components/constants/Pokemon.ts [12945, 24]: elements are not aligned, C:/Users/valmac/FullScreenPokemon/src/components/constants/Pokemon.ts [12948, 24]: elements are not aligned, C:/Users/valmac/FullScreenPokemon/src/components/constants/Pokemon.ts [12951, 24]: elements are not aligned, C:/Users/valmac/FullScreenPokemon/src/components/constants/Pokemon.ts [12954, 24]: elements are not aligned, C:/Users/valmac/FullScreenPokemon/src/components/constants/Pokemon.ts [12957, 24]: elements are not aligned, C:/Users/valmac/FullScreenPokemon/src/components/constants/Pokemon.ts [12960, 24]: elements are not aligned, C:/Users/valmac/FullScreenPokemon/src/components/constants/Pokemon.ts [12963, 24]: elements are not aligned, C:/Users/valmac/FullScreenPokemon/src/components/constants/Pokemon.ts [12966, 24]: elements are not aligned, C:/Users/valmac/FullScreenPokemon/src/components/constants/Pokemon.ts [12992, 24]: elements are not aligned, C:/Users/valmac/FullScreenPokemon/src/components/constants/Pokemon.ts [12995, 24]: elements are not aligned, C:/Users/valmac/FullScreenPokemon/src/components/constants/Pokemon.ts [12998, 24]: elements are not aligned, C:/Users/valmac/FullScreenPokemon/src/components/constants/Pokemon.ts [13001, 24]: elements are not aligned, C:/Users/valmac/FullScreenPokemon/src/components/constants/Pokemon.ts [13004, 24]: elements are not aligned, C:/Users/valmac/FullScreenPokemon/src/components/constants/Pokemon.ts [13007, 24]: elements are not aligned, C:/Users/valmac/FullScreenPokemon/src/components/constants/Pokemon.ts [13016, 24]: elements are not aligned, C:/Users/valmac/FullScreenPokemon/src/components/constants/Pokemon.ts [13019, 24]: elements are not aligned, C:/Users/valmac/FullScreenPokemon/src/components/constants/Pokemon.ts [13022, 24]: elements are not aligned, C:/Users/valmac/FullScreenPokemon/src/components/constants/Pokemon.ts [13025, 24]: elements are not aligned, C:/Users/valmac/FullScreenPokemon/src/components/constants/Pokemon.ts [13028, 24]: elements are not aligned, C:/Users/valmac/FullScreenPokemon/src/components/constants/Pokemon.ts [13031, 24]: elements are not aligned, C:/Users/valmac/FullScreenPokemon/src/components/constants/Pokemon.ts [13034, 24]: elements are not aligned, C:/Users/valmac/FullScreenPokemon/src/components/constants/Pokemon.ts [13037, 24]: elements are not aligned, C:/Users/valmac/FullScreenPokemon/src/components/constants/Pokemon.ts [13040, 24]: elements are not aligned, C:/Users/valmac/FullScreenPokemon/src/components/constants/Pokemon.ts [13043, 24]: elements are not aligned, C:/Users/valmac/FullScreenPokemon/src/components/constants/Pokemon.ts [13046, 24]: elements are not aligned, C:/Users/valmac/FullScreenPokemon/src/components/constants/Pokemon.ts [13049, 24]: elements are not aligned, C:/Users/valmac/FullScreenPokemon/src/components/constants/Pokemon.ts [13052, 24]: elements are not aligned, C:/Users/valmac/FullScreenPokemon/src/components/constants/Pokemon.ts [13055, 24]: elements are not aligned, C:/Users/valmac/FullScreenPokemon/src/components/constants/Pokemon.ts [13058, 24]: elements are not aligned, C:/Users/valmac/FullScreenPokemon/src/components/constants/Pokemon.ts [13084, 24]: elements are not aligned, C:/Users/valmac/FullScreenPokemon/src/components/constants/Pokemon.ts [13087, 24]: elements are not aligned, C:/Users/valmac/FullScreenPokemon/src/components/constants/Pokemon.ts [13090, 24]: elements are not aligned, C:/Users/valmac/FullScreenPokemon/src/components/constants/Pokemon.ts [13093, 24]: elements are not aligned, C:/Users/valmac/FullScreenPokemon/src/components/constants/Pokemon.ts [13096, 24]: elements are not aligned, C:/Users/valmac/FullScreenPokemon/src/components/constants/Pokemon.ts [13099, 24]: elements are not aligned, C:/Users/valmac/FullScreenPokemon/src/components/constants/Pokemon.ts [13102, 24]: elements are not aligned, C:/Users/valmac/FullScreenPokemon/src/components/constants/Pokemon.ts [13105, 24]: elements are not aligned, C:/Users/valmac/FullScreenPokemon/src/components/constants/Pokemon.ts [13117, 24]: elements are not aligned, C:/Users/valmac/FullScreenPokemon/src/components/constants/Pokemon.ts [13120, 24]: elements are not aligned, C:/Users/valmac/FullScreenPokemon/src/components/constants/Pokemon.ts [13123, 24]: elements are not aligned, C:/Users/valmac/FullScreenPokemon/src/components/constants/Pokemon.ts [13126, 24]: elements are not aligned, C:/Users/valmac/FullScreenPokemon/src/components/constants/Pokemon.ts [13129, 24]: elements are not aligned, C:/Users/valmac/FullScreenPokemon/src/components/constants/Pokemon.ts [13132, 24]: elements are not aligned, C:/Users/valmac/FullScreenPokemon/src/components/constants/Pokemon.ts [13135, 24]: elements are not aligned, C:/Users/valmac/FullScreenPokemon/src/components/constants/Pokemon.ts [13138, 24]: elements are not aligned, C:/Users/valmac/FullScreenPokemon/src/components/constants/Pokemon.ts [13141, 24]: elements are not aligned, C:/Users/valmac/FullScreenPokemon/src/components/constants/Pokemon.ts [13144, 24]: elements are not aligned, C:/Users/valmac/FullScreenPokemon/src/components/constants/Pokemon.ts [13147, 24]: elements are not aligned, C:/Users/valmac/FullScreenPokemon/src/components/constants/Pokemon.ts [13150, 24]: elements are not aligned, C:/Users/valmac/FullScreenPokemon/src/components/constants/Pokemon.ts [13153, 24]: elements are not aligned, C:/Users/valmac/FullScreenPokemon/src/components/constants/Pokemon.ts [13156, 24]: elements are not aligned, C:/Users/valmac/FullScreenPokemon/src/components/constants/Pokemon.ts [13159, 24]: elements are not aligned, C:/Users/valmac/FullScreenPokemon/src/components/constants/Pokemon.ts [13162, 24]: elements are not aligned, C:/Users/valmac/FullScreenPokemon/src/components/constants/Pokemon.ts [13197, 24]: elements are not aligned, C:/Users/valmac/FullScreenPokemon/src/components/constants/Pokemon.ts [13200, 24]: elements are not aligned, C:/Users/valmac/FullScreenPokemon/src/components/constants/Pokemon.ts [13203, 24]: elements are not aligned, C:/Users/valmac/FullScreenPokemon/src/components/constants/Pokemon.ts [13206, 24]: elements are not aligned, C:/Users/valmac/FullScreenPokemon/src/components/constants/Pokemon.ts [13209, 24]: elements are not aligned, C:/Users/valmac/FullScreenPokemon/src/components/constants/Pokemon.ts [13218, 24]: elements are not aligned, C:/Users/valmac/FullScreenPokemon/src/components/constants/Pokemon.ts [13221, 24]: elements are not aligned, C:/Users/valmac/FullScreenPokemon/src/components/constants/Pokemon.ts [13224, 24]: elements are not aligned, C:/Users/valmac/FullScreenPokemon/src/components/constants/Pokemon.ts [13227, 24]: elements are not aligned, C:/Users/valmac/FullScreenPokemon/src/components/constants/Pokemon.ts [13230, 24]: elements are not aligned, C:/Users/valmac/FullScreenPokemon/src/components/constants/Pokemon.ts [13233, 24]: elements are not aligned, C:/Users/valmac/FullScreenPokemon/src/components/constants/Pokemon.ts [13236, 24]: elements are not aligned, C:/Users/valmac/FullScreenPokemon/src/components/constants/Pokemon.ts [13239, 24]: elements are not aligned, C:/Users/valmac/FullScreenPokemon/src/components/constants/Pokemon.ts [13242, 24]: elements are not aligned, C:/Users/valmac/FullScreenPokemon/src/components/constants/Pokemon.ts [13245, 24]: elements are not aligned, C:/Users/valmac/FullScreenPokemon/src/components/constants/Pokemon.ts [13248, 24]: elements are not aligned, C:/Users/valmac/FullScreenPokemon/src/components/constants/Pokemon.ts [13251, 24]: elements are not aligned, C:/Users/valmac/FullScreenPokemon/src/components/constants/Pokemon.ts [13254, 24]: elements are not aligned, C:/Users/valmac/FullScreenPokemon/src/components/constants/Pokemon.ts [13257, 24]: elements are not aligned, C:/Users/valmac/FullScreenPokemon/src/components/constants/Pokemon.ts [13260, 24]: elements are not aligned, C:/Users/valmac/FullScreenPokemon/src/components/constants/Pokemon.ts [13263, 24]: elements are not aligned, C:/Users/valmac/FullScreenPokemon/src/components/constants/Pokemon.ts [13298, 24]: elements are not aligned, C:/Users/valmac/FullScreenPokemon/src/components/constants/Pokemon.ts [13301, 24]: elements are not aligned, C:/Users/valmac/FullScreenPokemon/src/components/constants/Pokemon.ts [13304, 24]: elements are not aligned, C:/Users/valmac/FullScreenPokemon/src/components/constants/Pokemon.ts [13307, 24]: elements are not aligned, C:/Users/valmac/FullScreenPokemon/src/components/constants/Pokemon.ts [13310, 24]: elements are not aligned, C:/Users/valmac/FullScreenPokemon/src/components/constants/Pokemon.ts [13313, 24]: elements are not aligned, C:/Users/valmac/FullScreenPokemon/src/components/constants/Pokemon.ts [13325, 24]: elements are not aligned, C:/Users/valmac/FullScreenPokemon/src/components/constants/Pokemon.ts [13328, 24]: elements are not aligned, C:/Users/valmac/FullScreenPokemon/src/components/constants/Pokemon.ts [13331, 24]: elements are not aligned, C:/Users/valmac/FullScreenPokemon/src/components/constants/Pokemon.ts [13334, 24]: elements are not aligned, C:/Users/valmac/FullScreenPokemon/src/components/constants/Pokemon.ts [13337, 24]: elements are not aligned, C:/Users/valmac/FullScreenPokemon/src/components/constants/Pokemon.ts [13340, 24]: elements are not aligned, C:/Users/valmac/FullScreenPokemon/src/components/constants/Pokemon.ts [13343, 24]: elements are not aligned, C:/Users/valmac/FullScreenPokemon/src/components/constants/Pokemon.ts [13346, 24]: elements are not aligned, C:/Users/valmac/FullScreenPokemon/src/components/constants/Pokemon.ts [13349, 24]: elements are not aligned, C:/Users/valmac/FullScreenPokemon/src/components/constants/Pokemon.ts [13352, 24]: elements are not aligned, C:/Users/valmac/FullScreenPokemon/src/components/constants/Pokemon.ts [13355, 24]: elements are not aligned, C:/Users/valmac/FullScreenPokemon/src/components/constants/Pokemon.ts [13358, 24]: elements are not aligned, C:/Users/valmac/FullScreenPokemon/src/components/constants/Pokemon.ts [13361, 24]: elements are not aligned, C:/Users/valmac/FullScreenPokemon/src/components/constants/Pokemon.ts [13364, 24]: elements are not aligned, C:/Users/valmac/FullScreenPokemon/src/components/constants/Pokemon.ts [13367, 24]: elements are not aligned, C:/Users/valmac/FullScreenPokemon/src/components/constants/Pokemon.ts [13370, 24]: elements are not aligned, C:/Users/valmac/FullScreenPokemon/src/components/constants/Pokemon.ts [13373, 24]: elements are not aligned, C:/Users/valmac/FullScreenPokemon/src/components/constants/Pokemon.ts [13376, 24]: elements are not aligned, C:/Users/valmac/FullScreenPokemon/src/components/constants/Pokemon.ts [13402, 24]: elements are not aligned, C:/Users/valmac/FullScreenPokemon/src/components/constants/Pokemon.ts [13405, 24]: elements are not aligned, C:/Users/valmac/FullScreenPokemon/src/components/constants/Pokemon.ts [13408, 24]: elements are not aligned, C:/Users/valmac/FullScreenPokemon/src/components/constants/Pokemon.ts [13411, 24]: elements are not aligned, C:/Users/valmac/FullScreenPokemon/src/components/constants/Pokemon.ts [13414, 24]: elements are not aligned, C:/Users/valmac/FullScreenPokemon/src/components/constants/Pokemon.ts [13417, 24]: elements are not aligned, C:/Users/valmac/FullScreenPokemon/src/components/constants/Pokemon.ts [13420, 24]: elements are not aligned, C:/Users/valmac/FullScreenPokemon/src/components/constants/Pokemon.ts [13423, 24]: elements are not aligned, C:/Users/valmac/FullScreenPokemon/src/components/constants/Pokemon.ts [13426, 24]: elements are not aligned, C:/Users/valmac/FullScreenPokemon/src/components/constants/Pokemon.ts [13435, 24]: elements are not aligned, C:/Users/valmac/FullScreenPokemon/src/components/constants/Pokemon.ts [13438, 24]: elements are not aligned, C:/Users/valmac/FullScreenPokemon/src/components/constants/Pokemon.ts [13441, 24]: elements are not aligned, C:/Users/valmac/FullScreenPokemon/src/components/constants/Pokemon.ts [13444, 24]: elements are not aligned, C:/Users/valmac/FullScreenPokemon/src/components/constants/Pokemon.ts [13447, 24]: elements are not aligned, C:/Users/valmac/FullScreenPokemon/src/components/constants/Pokemon.ts [13450, 24]: elements are not aligned, C:/Users/valmac/FullScreenPokemon/src/components/constants/Pokemon.ts [13453, 24]: elements are not aligned, C:/Users/valmac/FullScreenPokemon/src/components/constants/Pokemon.ts [13456, 24]: elements are not aligned, C:/Users/valmac/FullScreenPokemon/src/components/constants/Pokemon.ts [13459, 24]: elements are not aligned, C:/Users/valmac/FullScreenPokemon/src/components/constants/Pokemon.ts [13462, 24]: elements are not aligned, C:/Users/valmac/FullScreenPokemon/src/components/constants/Pokemon.ts [13465, 24]: elements are not aligned, C:/Users/valmac/FullScreenPokemon/src/components/constants/Pokemon.ts [13468, 24]: elements are not aligned, C:/Users/valmac/FullScreenPokemon/src/components/constants/Pokemon.ts [13471, 24]: elements are not aligned, C:/Users/valmac/FullScreenPokemon/src/components/constants/Pokemon.ts [13474, 24]: elements are not aligned, C:/Users/valmac/FullScreenPokemon/src/components/constants/Pokemon.ts [13477, 24]: elements are not aligned, C:/Users/valmac/FullScreenPokemon/src/components/constants/Pokemon.ts [13480, 24]: elements are not aligned, C:/Users/valmac/FullScreenPokemon/src/components/constants/Pokemon.ts [13483, 24]: elements are not aligned, C:/Users/valmac/FullScreenPokemon/src/components/constants/Pokemon.ts [13486, 24]: elements are not aligned, C:/Users/valmac/FullScreenPokemon/src/components/constants/Pokemon.ts [13489, 24]: elements are not aligned, C:/Users/valmac/FullScreenPokemon/src/components/constants/Pokemon.ts [13492, 24]: elements are not aligned, C:/Users/valmac/FullScreenPokemon/src/components/constants/Pokemon.ts [13495, 24]: elements are not aligned, C:/Users/valmac/FullScreenPokemon/src/components/constants/Pokemon.ts [13498, 24]: elements are not aligned, C:/Users/valmac/FullScreenPokemon/src/components/constants/Pokemon.ts [13501, 24]: elements are not aligned, C:/Users/valmac/FullScreenPokemon/src/components/constants/Pokemon.ts [13504, 24]: elements are not aligned, C:/Users/valmac/FullScreenPokemon/src/components/constants/Pokemon.ts [13507, 24]: elements are not aligned, C:/Users/valmac/FullScreenPokemon/src/components/constants/Pokemon.ts [13510, 24]: elements are not aligned, C:/Users/valmac/FullScreenPokemon/src/components/constants/Pokemon.ts [13513, 24]: elements are not aligned, C:/Users/valmac/FullScreenPokemon/src/components/constants/Pokemon.ts [13516, 24]: elements are not aligned, C:/Users/valmac/FullScreenPokemon/src/components/constants/Pokemon.ts [13519, 24]: elements are not aligned, C:/Users/valmac/FullScreenPokemon/src/components/constants/Pokemon.ts [13522, 24]: elements are not aligned, C:/Users/valmac/FullScreenPokemon/src/components/constants/Pokemon.ts [13525, 24]: elements are not aligned, C:/Users/valmac/FullScreenPokemon/src/components/constants/Pokemon.ts [13528, 24]: elements are not aligned, C:/Users/valmac/FullScreenPokemon/src/components/constants/Pokemon.ts [13563, 24]: elements are not aligned, C:/Users/valmac/FullScreenPokemon/src/components/constants/Pokemon.ts [13566, 24]: elements are not aligned, C:/Users/valmac/FullScreenPokemon/src/components/constants/Pokemon.ts [13569, 24]: elements are not aligned, C:/Users/valmac/FullScreenPokemon/src/components/constants/Pokemon.ts [13572, 24]: elements are not aligned, C:/Users/valmac/FullScreenPokemon/src/components/constants/Pokemon.ts [13575, 24]: elements are not aligned, C:/Users/valmac/FullScreenPokemon/src/components/constants/Pokemon.ts [13578, 24]: elements are not aligned, C:/Users/valmac/FullScreenPokemon/src/components/constants/Pokemon.ts [13586, 24]: elements are not aligned, C:/Users/valmac/FullScreenPokemon/src/components/constants/Pokemon.ts [13589, 24]: elements are not aligned, C:/Users/valmac/FullScreenPokemon/src/components/constants/Pokemon.ts [13597, 24]: elements are not aligned, C:/Users/valmac/FullScreenPokemon/src/components/constants/Pokemon.ts [13600, 24]: elements are not aligned, C:/Users/valmac/FullScreenPokemon/src/components/constants/Pokemon.ts [13603, 24]: elements are not aligned, C:/Users/valmac/FullScreenPokemon/src/components/constants/Pokemon.ts [13606, 24]: elements are not aligned, C:/Users/valmac/FullScreenPokemon/src/components/constants/Pokemon.ts [13609, 24]: elements are not aligned, C:/Users/valmac/FullScreenPokemon/src/components/constants/Pokemon.ts [13612, 24]: elements are not aligned, C:/Users/valmac/FullScreenPokemon/src/components/constants/Pokemon.ts [13615, 24]: elements are not aligned, C:/Users/valmac/FullScreenPokemon/src/components/constants/Pokemon.ts [13618, 24]: elements are not aligned, C:/Users/valmac/FullScreenPokemon/src/components/constants/Pokemon.ts [13621, 24]: elements are not aligned, C:/Users/valmac/FullScreenPokemon/src/components/constants/Pokemon.ts [13624, 24]: elements are not aligned, C:/Users/valmac/FullScreenPokemon/src/components/constants/Pokemon.ts [13627, 24]: elements are not aligned, C:/Users/valmac/FullScreenPokemon/src/components/constants/Pokemon.ts [13630, 24]: elements are not aligned, C:/Users/valmac/FullScreenPokemon/src/components/constants/Pokemon.ts [13633, 24]: elements are not aligned, C:/Users/valmac/FullScreenPokemon/src/components/constants/Pokemon.ts [13636, 24]: elements are not aligned, C:/Users/valmac/FullScreenPokemon/src/components/constants/Pokemon.ts [13639, 24]: elements are not aligned, C:/Users/valmac/FullScreenPokemon/src/components/constants/Pokemon.ts [13642, 24]: elements are not aligned, C:/Users/valmac/FullScreenPokemon/src/components/constants/Pokemon.ts [13645, 24]: elements are not aligned, C:/Users/valmac/FullScreenPokemon/src/components/constants/Pokemon.ts [13648, 24]: elements are not aligned, C:/Users/valmac/FullScreenPokemon/src/components/constants/Pokemon.ts [13651, 24]: elements are not aligned, C:/Users/valmac/FullScreenPokemon/src/components/constants/Pokemon.ts [13654, 24]: elements are not aligned, C:/Users/valmac/FullScreenPokemon/src/components/constants/Pokemon.ts [13657, 24]: elements are not aligned, C:/Users/valmac/FullScreenPokemon/src/components/constants/Pokemon.ts [13660, 24]: elements are not aligned, C:/Users/valmac/FullScreenPokemon/src/components/constants/Pokemon.ts [13663, 24]: elements are not aligned, C:/Users/valmac/FullScreenPokemon/src/components/constants/Pokemon.ts [13666, 24]: elements are not aligned, C:/Users/valmac/FullScreenPokemon/src/components/constants/Pokemon.ts [13669, 24]: elements are not aligned, C:/Users/valmac/FullScreenPokemon/src/components/constants/Pokemon.ts [13672, 24]: elements are not aligned, C:/Users/valmac/FullScreenPokemon/src/components/constants/Pokemon.ts [13698, 24]: elements are not aligned, C:/Users/valmac/FullScreenPokemon/src/components/constants/Pokemon.ts [13701, 24]: elements are not aligned, C:/Users/valmac/FullScreenPokemon/src/components/constants/Pokemon.ts [13704, 24]: elements are not aligned, C:/Users/valmac/FullScreenPokemon/src/components/constants/Pokemon.ts [13707, 24]: elements are not aligned, C:/Users/valmac/FullScreenPokemon/src/components/constants/Pokemon.ts [13710, 24]: elements are not aligned, C:/Users/valmac/FullScreenPokemon/src/components/constants/Pokemon.ts [13713, 24]: elements are not aligned, C:/Users/valmac/FullScreenPokemon/src/components/constants/Pokemon.ts [13721, 24]: elements are not aligned, C:/Users/valmac/FullScreenPokemon/src/components/constants/Pokemon.ts [13729, 24]: elements are not aligned, C:/Users/valmac/FullScreenPokemon/src/components/constants/Pokemon.ts [13732, 24]: elements are not aligned, C:/Users/valmac/FullScreenPokemon/src/components/constants/Pokemon.ts [13735, 24]: elements are not aligned, C:/Users/valmac/FullScreenPokemon/src/components/constants/Pokemon.ts [13738, 24]: elements are not aligned, C:/Users/valmac/FullScreenPokemon/src/components/constants/Pokemon.ts [13741, 24]: elements are not aligned, C:/Users/valmac/FullScreenPokemon/src/components/constants/Pokemon.ts [13744, 24]: elements are not aligned, C:/Users/valmac/FullScreenPokemon/src/components/constants/Pokemon.ts [13747, 24]: elements are not aligned, C:/Users/valmac/FullScreenPokemon/src/components/constants/Pokemon.ts [13750, 24]: elements are not aligned, C:/Users/valmac/FullScreenPokemon/src/components/constants/Pokemon.ts [13753, 24]: elements are not aligned, C:/Users/valmac/FullScreenPokemon/src/components/constants/Pokemon.ts [13756, 24]: elements are not aligned, C:/Users/valmac/FullScreenPokemon/src/components/constants/Pokemon.ts [13759, 24]: elements are not aligned, C:/Users/valmac/FullScreenPokemon/src/components/constants/Pokemon.ts [13762, 24]: elements are not aligned, C:/Users/valmac/FullScreenPokemon/src/components/constants/Pokemon.ts [13765, 24]: elements are not aligned, C:/Users/valmac/FullScreenPokemon/src/components/constants/Pokemon.ts [13768, 24]: elements are not aligned, C:/Users/valmac/FullScreenPokemon/src/components/constants/Pokemon.ts [13771, 24]: elements are not aligned, C:/Users/valmac/FullScreenPokemon/src/components/constants/Pokemon.ts [13774, 24]: elements are not aligned, C:/Users/valmac/FullScreenPokemon/src/components/constants/Pokemon.ts [13777, 24]: elements are not aligned, C:/Users/valmac/FullScreenPokemon/src/components/constants/Pokemon.ts [13780, 24]: elements are not aligned, C:/Users/valmac/FullScreenPokemon/src/components/constants/Pokemon.ts [13783, 24]: elements are not aligned, C:/Users/valmac/FullScreenPokemon/src/components/constants/Pokemon.ts [13786, 24]: elements are not aligned, C:/Users/valmac/FullScreenPokemon/src/components/constants/Pokemon.ts [13789, 24]: elements are not aligned, C:/Users/valmac/FullScreenPokemon/src/components/constants/Pokemon.ts [13792, 24]: elements are not aligned, C:/Users/valmac/FullScreenPokemon/src/components/constants/Pokemon.ts [13795, 24]: elements are not aligned, C:/Users/valmac/FullScreenPokemon/src/components/constants/Pokemon.ts [13798, 24]: elements are not aligned, C:/Users/valmac/FullScreenPokemon/src/components/constants/Pokemon.ts [13801, 24]: elements are not aligned, C:/Users/valmac/FullScreenPokemon/src/components/constants/Pokemon.ts [13804, 24]: elements are not aligned, C:/Users/valmac/FullScreenPokemon/src/components/constants/Pokemon.ts [13807, 24]: elements are not aligned, C:/Users/valmac/FullScreenPokemon/src/components/constants/Pokemon.ts [13810, 24]: elements are not aligned, C:/Users/valmac/FullScreenPokemon/src/components/constants/Pokemon.ts [13813, 24]: elements are not aligned, C:/Users/valmac/FullScreenPokemon/src/components/constants/Pokemon.ts [13816, 24]: elements are not aligned, C:/Users/valmac/FullScreenPokemon/src/components/constants/Pokemon.ts [13819, 24]: elements are not aligned, C:/Users/valmac/FullScreenPokemon/src/components/constants/Pokemon.ts [13822, 24]: elements are not aligned, C:/Users/valmac/FullScreenPokemon/src/components/constants/Pokemon.ts [13825, 24]: elements are not aligned, C:/Users/valmac/FullScreenPokemon/src/components/constants/Pokemon.ts [13860, 24]: elements are not aligned, C:/Users/valmac/FullScreenPokemon/src/components/constants/Pokemon.ts [13863, 24]: elements are not aligned, C:/Users/valmac/FullScreenPokemon/src/components/constants/Pokemon.ts [13866, 24]: elements are not aligned, C:/Users/valmac/FullScreenPokemon/src/components/constants/Pokemon.ts [13869, 24]: elements are not aligned, C:/Users/valmac/FullScreenPokemon/src/components/constants/Pokemon.ts [13872, 24]: elements are not aligned, C:/Users/valmac/FullScreenPokemon/src/components/constants/Pokemon.ts [13875, 24]: elements are not aligned, C:/Users/valmac/FullScreenPokemon/src/components/constants/Pokemon.ts [13884, 24]: elements are not aligned, C:/Users/valmac/FullScreenPokemon/src/components/constants/Pokemon.ts [13887, 24]: elements are not aligned, C:/Users/valmac/FullScreenPokemon/src/components/constants/Pokemon.ts [13890, 24]: elements are not aligned, C:/Users/valmac/FullScreenPokemon/src/components/constants/Pokemon.ts [13893, 24]: elements are not aligned, C:/Users/valmac/FullScreenPokemon/src/components/constants/Pokemon.ts [13896, 24]: elements are not aligned, C:/Users/valmac/FullScreenPokemon/src/components/constants/Pokemon.ts [13899, 24]: elements are not aligned, C:/Users/valmac/FullScreenPokemon/src/components/constants/Pokemon.ts [13902, 24]: elements are not aligned, C:/Users/valmac/FullScreenPokemon/src/components/constants/Pokemon.ts [13905, 24]: elements are not aligned, C:/Users/valmac/FullScreenPokemon/src/components/constants/Pokemon.ts [13908, 24]: elements are not aligned, C:/Users/valmac/FullScreenPokemon/src/components/constants/Pokemon.ts [13911, 24]: elements are not aligned, C:/Users/valmac/FullScreenPokemon/src/components/constants/Pokemon.ts [13914, 24]: elements are not aligned, C:/Users/valmac/FullScreenPokemon/src/components/constants/Pokemon.ts [13917, 24]: elements are not aligned, C:/Users/valmac/FullScreenPokemon/src/components/constants/Pokemon.ts [13953, 24]: elements are not aligned, C:/Users/valmac/FullScreenPokemon/src/components/constants/Pokemon.ts [13956, 24]: elements are not aligned, C:/Users/valmac/FullScreenPokemon/src/components/constants/Pokemon.ts [13959, 24]: elements are not aligned, C:/Users/valmac/FullScreenPokemon/src/components/constants/Pokemon.ts [13962, 24]: elements are not aligned, C:/Users/valmac/FullScreenPokemon/src/components/constants/Pokemon.ts [13965, 24]: elements are not aligned, C:/Users/valmac/FullScreenPokemon/src/components/constants/Pokemon.ts [13968, 24]: elements are not aligned, C:/Users/valmac/FullScreenPokemon/src/components/constants/Pokemon.ts [13971, 24]: elements are not aligned, C:/Users/valmac/FullScreenPokemon/src/components/constants/Pokemon.ts [13980, 24]: elements are not aligned, C:/Users/valmac/FullScreenPokemon/src/components/constants/Pokemon.ts [13983, 24]: elements are not aligned, C:/Users/valmac/FullScreenPokemon/src/components/constants/Pokemon.ts [13986, 24]: elements are not aligned, C:/Users/valmac/FullScreenPokemon/src/components/constants/Pokemon.ts [13989, 24]: elements are not aligned, C:/Users/valmac/FullScreenPokemon/src/components/constants/Pokemon.ts [13992, 24]: elements are not aligned, C:/Users/valmac/FullScreenPokemon/src/components/constants/Pokemon.ts [13995, 24]: elements are not aligned, C:/Users/valmac/FullScreenPokemon/src/components/constants/Pokemon.ts [13998, 24]: elements are not aligned, C:/Users/valmac/FullScreenPokemon/src/components/constants/Pokemon.ts [14001, 24]: elements are not aligned, C:/Users/valmac/FullScreenPokemon/src/components/constants/Pokemon.ts [14004, 24]: elements are not aligned, C:/Users/valmac/FullScreenPokemon/src/components/constants/Pokemon.ts [14007, 24]: elements are not aligned, C:/Users/valmac/FullScreenPokemon/src/components/constants/Pokemon.ts [14010, 24]: elements are not aligned, C:/Users/valmac/FullScreenPokemon/src/components/constants/Pokemon.ts [14013, 24]: elements are not aligned, C:/Users/valmac/FullScreenPokemon/src/components/constants/Pokemon.ts [14016, 24]: elements are not aligned, C:/Users/valmac/FullScreenPokemon/src/components/constants/Pokemon.ts [14019, 24]: elements are not aligned, C:/Users/valmac/FullScreenPokemon/src/components/constants/Pokemon.ts [14022, 24]: elements are not aligned, C:/Users/valmac/FullScreenPokemon/src/components/constants/Pokemon.ts [14025, 24]: elements are not aligned, C:/Users/valmac/FullScreenPokemon/src/components/constants/Pokemon.ts [14028, 24]: elements are not aligned, C:/Users/valmac/FullScreenPokemon/src/components/constants/Pokemon.ts [14031, 24]: elements are not aligned, C:/Users/valmac/FullScreenPokemon/src/components/constants/Pokemon.ts [14034, 24]: elements are not aligned, C:/Users/valmac/FullScreenPokemon/src/components/constants/Pokemon.ts [14037, 24]: elements are not aligned, C:/Users/valmac/FullScreenPokemon/src/components/constants/Pokemon.ts [14040, 24]: elements are not aligned, C:/Users/valmac/FullScreenPokemon/src/components/constants/Pokemon.ts [14066, 24]: elements are not aligned, C:/Users/valmac/FullScreenPokemon/src/components/constants/Pokemon.ts [14069, 24]: elements are not aligned, C:/Users/valmac/FullScreenPokemon/src/components/constants/Pokemon.ts [14077, 24]: elements are not aligned, C:/Users/valmac/FullScreenPokemon/src/components/constants/Pokemon.ts [14085, 24]: elements are not aligned, C:/Users/valmac/FullScreenPokemon/src/components/constants/Pokemon.ts [14120, 24]: elements are not aligned, C:/Users/valmac/FullScreenPokemon/src/components/constants/Pokemon.ts [14123, 24]: elements are not aligned, C:/Users/valmac/FullScreenPokemon/src/components/constants/Pokemon.ts [14126, 24]: elements are not aligned, C:/Users/valmac/FullScreenPokemon/src/components/constants/Pokemon.ts [14129, 24]: elements are not aligned, C:/Users/valmac/FullScreenPokemon/src/components/constants/Pokemon.ts [14132, 24]: elements are not aligned, C:/Users/valmac/FullScreenPokemon/src/components/constants/Pokemon.ts [14135, 24]: elements are not aligned, C:/Users/valmac/FullScreenPokemon/src/components/constants/Pokemon.ts [14138, 24]: elements are not aligned, C:/Users/valmac/FullScreenPokemon/src/components/constants/Pokemon.ts [14147, 24]: elements are not aligned, C:/Users/valmac/FullScreenPokemon/src/components/constants/Pokemon.ts [14150, 24]: elements are not aligned, C:/Users/valmac/FullScreenPokemon/src/components/constants/Pokemon.ts [14153, 24]: elements are not aligned, C:/Users/valmac/FullScreenPokemon/src/components/constants/Pokemon.ts [14156, 24]: elements are not aligned, C:/Users/valmac/FullScreenPokemon/src/components/constants/Pokemon.ts [14159, 24]: elements are not aligned, C:/Users/valmac/FullScreenPokemon/src/components/constants/Pokemon.ts [14162, 24]: elements are not aligned, C:/Users/valmac/FullScreenPokemon/src/components/constants/Pokemon.ts [14165, 24]: elements are not aligned, C:/Users/valmac/FullScreenPokemon/src/components/constants/Pokemon.ts [14168, 24]: elements are not aligned, C:/Users/valmac/FullScreenPokemon/src/components/constants/Pokemon.ts [14171, 24]: elements are not aligned, C:/Users/valmac/FullScreenPokemon/src/components/constants/Pokemon.ts [14174, 24]: elements are not aligned, C:/Users/valmac/FullScreenPokemon/src/components/constants/Pokemon.ts [14177, 24]: elements are not aligned, C:/Users/valmac/FullScreenPokemon/src/components/constants/Pokemon.ts [14180, 24]: elements are not aligned, C:/Users/valmac/FullScreenPokemon/src/components/constants/Pokemon.ts [14183, 24]: elements are not aligned, C:/Users/valmac/FullScreenPokemon/src/components/constants/Pokemon.ts [14186, 24]: elements are not aligned, C:/Users/valmac/FullScreenPokemon/src/components/constants/Pokemon.ts [14189, 24]: elements are not aligned, C:/Users/valmac/FullScreenPokemon/src/components/constants/Pokemon.ts [14192, 24]: elements are not aligned, C:/Users/valmac/FullScreenPokemon/src/components/constants/Pokemon.ts [14195, 24]: elements are not aligned, C:/Users/valmac/FullScreenPokemon/src/components/constants/Pokemon.ts [14198, 24]: elements are not aligned, C:/Users/valmac/FullScreenPokemon/src/components/constants/Pokemon.ts [14201, 24]: elements are not aligned, C:/Users/valmac/FullScreenPokemon/src/components/constants/Pokemon.ts [14204, 24]: elements are not aligned, C:/Users/valmac/FullScreenPokemon/src/components/constants/Pokemon.ts [14207, 24]: elements are not aligned, C:/Users/valmac/FullScreenPokemon/src/components/constants/Pokemon.ts [14210, 24]: elements are not aligned, C:/Users/valmac/FullScreenPokemon/src/components/constants/Pokemon.ts [14236, 24]: elements are not aligned, C:/Users/valmac/FullScreenPokemon/src/components/constants/Pokemon.ts [14239, 24]: elements are not aligned, C:/Users/valmac/FullScreenPokemon/src/components/constants/Pokemon.ts [14242, 24]: elements are not aligned, C:/Users/valmac/FullScreenPokemon/src/components/constants/Pokemon.ts [14245, 24]: elements are not aligned, C:/Users/valmac/FullScreenPokemon/src/components/constants/Pokemon.ts [14248, 24]: elements are not aligned, C:/Users/valmac/FullScreenPokemon/src/components/constants/Pokemon.ts [14251, 24]: elements are not aligned, C:/Users/valmac/FullScreenPokemon/src/components/constants/Pokemon.ts [14254, 24]: elements are not aligned, C:/Users/valmac/FullScreenPokemon/src/components/constants/Pokemon.ts [14266, 24]: elements are not aligned, C:/Users/valmac/FullScreenPokemon/src/components/constants/Pokemon.ts [14269, 24]: elements are not aligned, C:/Users/valmac/FullScreenPokemon/src/components/constants/Pokemon.ts [14272, 24]: elements are not aligned, C:/Users/valmac/FullScreenPokemon/src/components/constants/Pokemon.ts [14275, 24]: elements are not aligned, C:/Users/valmac/FullScreenPokemon/src/components/constants/Pokemon.ts [14278, 24]: elements are not aligned, C:/Users/valmac/FullScreenPokemon/src/components/constants/Pokemon.ts [14281, 24]: elements are not aligned, C:/Users/valmac/FullScreenPokemon/src/components/constants/Pokemon.ts [14284, 24]: elements are not aligned, C:/Users/valmac/FullScreenPokemon/src/components/constants/Pokemon.ts [14287, 24]: elements are not aligned, C:/Users/valmac/FullScreenPokemon/src/components/constants/Pokemon.ts [14290, 24]: elements are not aligned, C:/Users/valmac/FullScreenPokemon/src/components/constants/Pokemon.ts [14293, 24]: elements are not aligned, C:/Users/valmac/FullScreenPokemon/src/components/constants/Pokemon.ts [14296, 24]: elements are not aligned, C:/Users/valmac/FullScreenPokemon/src/components/constants/Pokemon.ts [14299, 24]: elements are not aligned, C:/Users/valmac/FullScreenPokemon/src/components/constants/Pokemon.ts [14302, 24]: elements are not aligned, C:/Users/valmac/FullScreenPokemon/src/components/constants/Pokemon.ts [14305, 24]: elements are not aligned, C:/Users/valmac/FullScreenPokemon/src/components/constants/Pokemon.ts [14331, 24]: elements are not aligned, C:/Users/valmac/FullScreenPokemon/src/components/constants/Pokemon.ts [14334, 24]: elements are not aligned, C:/Users/valmac/FullScreenPokemon/src/components/constants/Pokemon.ts [14337, 24]: elements are not aligned, C:/Users/valmac/FullScreenPokemon/src/components/constants/Pokemon.ts [14340, 24]: elements are not aligned, C:/Users/valmac/FullScreenPokemon/src/components/constants/Pokemon.ts [14343, 24]: elements are not aligned, C:/Users/valmac/FullScreenPokemon/src/components/constants/Pokemon.ts [14352, 24]: elements are not aligned, C:/Users/valmac/FullScreenPokemon/src/components/constants/Pokemon.ts [14355, 24]: elements are not aligned, C:/Users/valmac/FullScreenPokemon/src/components/constants/Pokemon.ts [14358, 24]: elements are not aligned, C:/Users/valmac/FullScreenPokemon/src/components/constants/Pokemon.ts [14361, 24]: elements are not aligned, C:/Users/valmac/FullScreenPokemon/src/components/constants/Pokemon.ts [14364, 24]: elements are not aligned, C:/Users/valmac/FullScreenPokemon/src/components/constants/Pokemon.ts [14367, 24]: elements are not aligned, C:/Users/valmac/FullScreenPokemon/src/components/constants/Pokemon.ts [14370, 24]: elements are not aligned, C:/Users/valmac/FullScreenPokemon/src/components/constants/Pokemon.ts [14373, 24]: elements are not aligned, C:/Users/valmac/FullScreenPokemon/src/components/constants/Pokemon.ts [14376, 24]: elements are not aligned, C:/Users/valmac/FullScreenPokemon/src/components/constants/Pokemon.ts [14379, 24]: elements are not aligned, C:/Users/valmac/FullScreenPokemon/src/components/constants/Pokemon.ts [14382, 24]: elements are not aligned, C:/Users/valmac/FullScreenPokemon/src/components/constants/Pokemon.ts [14385, 24]: elements are not aligned, C:/Users/valmac/FullScreenPokemon/src/components/constants/Pokemon.ts [14388, 24]: elements are not aligned, C:/Users/valmac/FullScreenPokemon/src/components/constants/Pokemon.ts [14391, 24]: elements are not aligned, C:/Users/valmac/FullScreenPokemon/src/components/constants/Pokemon.ts [14394, 24]: elements are not aligned, C:/Users/valmac/FullScreenPokemon/src/components/constants/Pokemon.ts [14397, 24]: elements are not aligned, C:/Users/valmac/FullScreenPokemon/src/components/constants/Pokemon.ts [14400, 24]: elements are not aligned, C:/Users/valmac/FullScreenPokemon/src/components/constants/Pokemon.ts [14403, 24]: elements are not aligned, C:/Users/valmac/FullScreenPokemon/src/components/constants/Pokemon.ts [14406, 24]: elements are not aligned, C:/Users/valmac/FullScreenPokemon/src/components/constants/Pokemon.ts [14441, 24]: elements are not aligned, C:/Users/valmac/FullScreenPokemon/src/components/constants/Pokemon.ts [14444, 24]: elements are not aligned, C:/Users/valmac/FullScreenPokemon/src/components/constants/Pokemon.ts [14447, 24]: elements are not aligned, C:/Users/valmac/FullScreenPokemon/src/components/constants/Pokemon.ts [14450, 24]: elements are not aligned, C:/Users/valmac/FullScreenPokemon/src/components/constants/Pokemon.ts [14453, 24]: elements are not aligned, C:/Users/valmac/FullScreenPokemon/src/components/constants/Pokemon.ts [14456, 24]: elements are not aligned, C:/Users/valmac/FullScreenPokemon/src/components/constants/Pokemon.ts [14459, 24]: elements are not aligned, C:/Users/valmac/FullScreenPokemon/src/components/constants/Pokemon.ts [14462, 24]: elements are not aligned, C:/Users/valmac/FullScreenPokemon/src/components/constants/Pokemon.ts [14470, 24]: elements are not aligned, C:/Users/valmac/FullScreenPokemon/src/components/constants/Pokemon.ts [14478, 24]: elements are not aligned, C:/Users/valmac/FullScreenPokemon/src/components/constants/Pokemon.ts [14481, 24]: elements are not aligned, C:/Users/valmac/FullScreenPokemon/src/components/constants/Pokemon.ts [14484, 24]: elements are not aligned, C:/Users/valmac/FullScreenPokemon/src/components/constants/Pokemon.ts [14487, 24]: elements are not aligned, C:/Users/valmac/FullScreenPokemon/src/components/constants/Pokemon.ts [14490, 24]: elements are not aligned, C:/Users/valmac/FullScreenPokemon/src/components/constants/Pokemon.ts [14493, 24]: elements are not aligned, C:/Users/valmac/FullScreenPokemon/src/components/constants/Pokemon.ts [14496, 24]: elements are not aligned, C:/Users/valmac/FullScreenPokemon/src/components/constants/Pokemon.ts [14499, 24]: elements are not aligned, C:/Users/valmac/FullScreenPokemon/src/components/constants/Pokemon.ts [14502, 24]: elements are not aligned, C:/Users/valmac/FullScreenPokemon/src/components/constants/Pokemon.ts [14505, 24]: elements are not aligned, C:/Users/valmac/FullScreenPokemon/src/components/constants/Pokemon.ts [14508, 24]: elements are not aligned, C:/Users/valmac/FullScreenPokemon/src/components/constants/Pokemon.ts [14511, 24]: elements are not aligned, C:/Users/valmac/FullScreenPokemon/src/components/constants/Pokemon.ts [14514, 24]: elements are not aligned, C:/Users/valmac/FullScreenPokemon/src/components/constants/Pokemon.ts [14517, 24]: elements are not aligned, C:/Users/valmac/FullScreenPokemon/src/components/constants/Pokemon.ts [14520, 24]: elements are not aligned, C:/Users/valmac/FullScreenPokemon/src/components/constants/Pokemon.ts [14523, 24]: elements are not aligned, C:/Users/valmac/FullScreenPokemon/src/components/constants/Pokemon.ts [14549, 24]: elements are not aligned, C:/Users/valmac/FullScreenPokemon/src/components/constants/Pokemon.ts [14552, 24]: elements are not aligned, C:/Users/valmac/FullScreenPokemon/src/components/constants/Pokemon.ts [14555, 24]: elements are not aligned, C:/Users/valmac/FullScreenPokemon/src/components/constants/Pokemon.ts [14558, 24]: elements are not aligned, C:/Users/valmac/FullScreenPokemon/src/components/constants/Pokemon.ts [14561, 24]: elements are not aligned, C:/Users/valmac/FullScreenPokemon/src/components/constants/Pokemon.ts [14564, 24]: elements are not aligned, C:/Users/valmac/FullScreenPokemon/src/components/constants/Pokemon.ts [14567, 24]: elements are not aligned, C:/Users/valmac/FullScreenPokemon/src/components/constants/Pokemon.ts [14570, 24]: elements are not aligned, C:/Users/valmac/FullScreenPokemon/src/components/constants/Pokemon.ts [14573, 24]: elements are not aligned, C:/Users/valmac/FullScreenPokemon/src/components/constants/Pokemon.ts [14576, 24]: elements are not aligned, C:/Users/valmac/FullScreenPokemon/src/components/constants/Pokemon.ts [14584, 24]: elements are not aligned, C:/Users/valmac/FullScreenPokemon/src/components/constants/Pokemon.ts [14592, 24]: elements are not aligned, C:/Users/valmac/FullScreenPokemon/src/components/constants/Pokemon.ts [14595, 24]: elements are not aligned, C:/Users/valmac/FullScreenPokemon/src/components/constants/Pokemon.ts [14598, 24]: elements are not aligned, C:/Users/valmac/FullScreenPokemon/src/components/constants/Pokemon.ts [14601, 24]: elements are not aligned, C:/Users/valmac/FullScreenPokemon/src/components/constants/Pokemon.ts [14604, 24]: elements are not aligned, C:/Users/valmac/FullScreenPokemon/src/components/constants/Pokemon.ts [14607, 24]: elements are not aligned, C:/Users/valmac/FullScreenPokemon/src/components/constants/Pokemon.ts [14610, 24]: elements are not aligned, C:/Users/valmac/FullScreenPokemon/src/components/constants/Pokemon.ts [14613, 24]: elements are not aligned, C:/Users/valmac/FullScreenPokemon/src/components/constants/Pokemon.ts [14616, 24]: elements are not aligned, C:/Users/valmac/FullScreenPokemon/src/components/constants/Pokemon.ts [14619, 24]: elements are not aligned, C:/Users/valmac/FullScreenPokemon/src/components/constants/Pokemon.ts [14622, 24]: elements are not aligned, C:/Users/valmac/FullScreenPokemon/src/components/constants/Pokemon.ts [14625, 24]: elements are not aligned, C:/Users/valmac/FullScreenPokemon/src/components/constants/Pokemon.ts [14628, 24]: elements are not aligned, C:/Users/valmac/FullScreenPokemon/src/components/constants/Pokemon.ts [14631, 24]: elements are not aligned, C:/Users/valmac/FullScreenPokemon/src/components/constants/Pokemon.ts [14634, 24]: elements are not aligned, C:/Users/valmac/FullScreenPokemon/src/components/constants/Pokemon.ts [14637, 24]: elements are not aligned, C:/Users/valmac/FullScreenPokemon/src/components/constants/Pokemon.ts [14640, 24]: elements are not aligned, C:/Users/valmac/FullScreenPokemon/src/components/constants/Pokemon.ts [14666, 24]: elements are not aligned, C:/Users/valmac/FullScreenPokemon/src/components/constants/Pokemon.ts [14669, 24]: elements are not aligned, C:/Users/valmac/FullScreenPokemon/src/components/constants/Pokemon.ts [14672, 24]: elements are not aligned, C:/Users/valmac/FullScreenPokemon/src/components/constants/Pokemon.ts [14675, 24]: elements are not aligned, C:/Users/valmac/FullScreenPokemon/src/components/constants/Pokemon.ts [14678, 24]: elements are not aligned, C:/Users/valmac/FullScreenPokemon/src/components/constants/Pokemon.ts [14681, 24]: elements are not aligned, C:/Users/valmac/FullScreenPokemon/src/components/constants/Pokemon.ts [14684, 24]: elements are not aligned, C:/Users/valmac/FullScreenPokemon/src/components/constants/Pokemon.ts [14687, 24]: elements are not aligned, C:/Users/valmac/FullScreenPokemon/src/components/constants/Pokemon.ts [14690, 24]: elements are not aligned, C:/Users/valmac/FullScreenPokemon/src/components/constants/Pokemon.ts [14693, 24]: elements are not aligned, C:/Users/valmac/FullScreenPokemon/src/components/constants/Pokemon.ts [14696, 24]: elements are not aligned, C:/Users/valmac/FullScreenPokemon/src/components/constants/Pokemon.ts [14730, 24]: elements are not aligned, C:/Users/valmac/FullScreenPokemon/src/components/constants/Pokemon.ts [14733, 24]: elements are not aligned, C:/Users/valmac/FullScreenPokemon/src/components/constants/Pokemon.ts [14736, 24]: elements are not aligned, C:/Users/valmac/FullScreenPokemon/src/components/constants/Pokemon.ts [14739, 24]: elements are not aligned, C:/Users/valmac/FullScreenPokemon/src/components/constants/Pokemon.ts [14742, 24]: elements are not aligned, C:/Users/valmac/FullScreenPokemon/src/components/constants/Pokemon.ts [14745, 24]: elements are not aligned, C:/Users/valmac/FullScreenPokemon/src/components/constants/Pokemon.ts [14748, 24]: elements are not aligned, C:/Users/valmac/FullScreenPokemon/src/components/constants/Pokemon.ts [14751, 24]: elements are not aligned, C:/Users/valmac/FullScreenPokemon/src/components/constants/Pokemon.ts [14754, 24]: elements are not aligned, C:/Users/valmac/FullScreenPokemon/src/components/constants/Pokemon.ts [14763, 24]: elements are not aligned, C:/Users/valmac/FullScreenPokemon/src/components/constants/Pokemon.ts [14766, 24]: elements are not aligned, C:/Users/valmac/FullScreenPokemon/src/components/constants/Pokemon.ts [14769, 24]: elements are not aligned, C:/Users/valmac/FullScreenPokemon/src/components/constants/Pokemon.ts [14772, 24]: elements are not aligned, C:/Users/valmac/FullScreenPokemon/src/components/constants/Pokemon.ts [14775, 24]: elements are not aligned, C:/Users/valmac/FullScreenPokemon/src/components/constants/Pokemon.ts [14778, 24]: elements are not aligned, C:/Users/valmac/FullScreenPokemon/src/components/constants/Pokemon.ts [14781, 24]: elements are not aligned, C:/Users/valmac/FullScreenPokemon/src/components/constants/Pokemon.ts [14784, 24]: elements are not aligned, C:/Users/valmac/FullScreenPokemon/src/components/constants/Pokemon.ts [14787, 24]: elements are not aligned, C:/Users/valmac/FullScreenPokemon/src/components/constants/Pokemon.ts [14822, 24]: elements are not aligned, C:/Users/valmac/FullScreenPokemon/src/components/constants/Pokemon.ts [14825, 24]: elements are not aligned, C:/Users/valmac/FullScreenPokemon/src/components/constants/Pokemon.ts [14828, 24]: elements are not aligned, C:/Users/valmac/FullScreenPokemon/src/components/constants/Pokemon.ts [14831, 24]: elements are not aligned, C:/Users/valmac/FullScreenPokemon/src/components/constants/Pokemon.ts [14834, 24]: elements are not aligned, C:/Users/valmac/FullScreenPokemon/src/components/constants/Pokemon.ts [14837, 24]: elements are not aligned, C:/Users/valmac/FullScreenPokemon/src/components/constants/Pokemon.ts [14840, 24]: elements are not aligned, C:/Users/valmac/FullScreenPokemon/src/components/constants/Pokemon.ts [14848, 24]: elements are not aligned, C:/Users/valmac/FullScreenPokemon/src/components/constants/Pokemon.ts [14851, 24]: elements are not aligned, C:/Users/valmac/FullScreenPokemon/src/components/constants/Pokemon.ts [14854, 24]: elements are not aligned, C:/Users/valmac/FullScreenPokemon/src/components/constants/Pokemon.ts [14857, 24]: elements are not aligned, C:/Users/valmac/FullScreenPokemon/src/components/constants/Pokemon.ts [14860, 24]: elements are not aligned, C:/Users/valmac/FullScreenPokemon/src/components/constants/Pokemon.ts [14863, 24]: elements are not aligned, C:/Users/valmac/FullScreenPokemon/src/components/constants/Pokemon.ts [14866, 24]: elements are not aligned, C:/Users/valmac/FullScreenPokemon/src/components/constants/Pokemon.ts [14869, 24]: elements are not aligned, C:/Users/valmac/FullScreenPokemon/src/components/constants/Pokemon.ts [14872, 24]: elements are not aligned, C:/Users/valmac/FullScreenPokemon/src/components/constants/Pokemon.ts [14875, 24]: elements are not aligned, C:/Users/valmac/FullScreenPokemon/src/components/constants/Pokemon.ts [14878, 24]: elements are not aligned, C:/Users/valmac/FullScreenPokemon/src/components/constants/Pokemon.ts [14881, 24]: elements are not aligned, C:/Users/valmac/FullScreenPokemon/src/components/constants/Pokemon.ts [14884, 24]: elements are not aligned, C:/Users/valmac/FullScreenPokemon/src/components/constants/Pokemon.ts [14892, 24]: elements are not aligned, C:/Users/valmac/FullScreenPokemon/src/components/constants/Pokemon.ts [14895, 24]: elements are not aligned, C:/Users/valmac/FullScreenPokemon/src/components/constants/Pokemon.ts [14898, 24]: elements are not aligned, C:/Users/valmac/FullScreenPokemon/src/components/constants/Pokemon.ts [14901, 24]: elements are not aligned, C:/Users/valmac/FullScreenPokemon/src/components/constants/Pokemon.ts [14904, 24]: elements are not aligned, C:/Users/valmac/FullScreenPokemon/src/components/constants/Pokemon.ts [14907, 24]: elements are not aligned, C:/Users/valmac/FullScreenPokemon/src/components/constants/Pokemon.ts [14910, 24]: elements are not aligned, C:/Users/valmac/FullScreenPokemon/src/components/constants/Pokemon.ts [14913, 24]: elements are not aligned, C:/Users/valmac/FullScreenPokemon/src/components/constants/Pokemon.ts [14916, 24]: elements are not aligned, C:/Users/valmac/FullScreenPokemon/src/components/constants/Pokemon.ts [14942, 24]: elements are not aligned, C:/Users/valmac/FullScreenPokemon/src/components/constants/Pokemon.ts [14945, 24]: elements are not aligned, C:/Users/valmac/FullScreenPokemon/src/components/constants/Pokemon.ts [14948, 24]: elements are not aligned, C:/Users/valmac/FullScreenPokemon/src/components/constants/Pokemon.ts [14951, 24]: elements are not aligned, C:/Users/valmac/FullScreenPokemon/src/components/constants/Pokemon.ts [14954, 24]: elements are not aligned, C:/Users/valmac/FullScreenPokemon/src/components/constants/Pokemon.ts [14957, 24]: elements are not aligned, C:/Users/valmac/FullScreenPokemon/src/components/constants/Pokemon.ts [14960, 24]: elements are not aligned, C:/Users/valmac/FullScreenPokemon/src/components/constants/Pokemon.ts [14963, 24]: elements are not aligned, C:/Users/valmac/FullScreenPokemon/src/components/constants/Pokemon.ts [14966, 24]: elements are not aligned, C:/Users/valmac/FullScreenPokemon/src/components/constants/Pokemon.ts [14969, 24]: elements are not aligned, C:/Users/valmac/FullScreenPokemon/src/components/constants/Pokemon.ts [14978, 24]: elements are not aligned, C:/Users/valmac/FullScreenPokemon/src/components/constants/Pokemon.ts [14981, 24]: elements are not aligned, C:/Users/valmac/FullScreenPokemon/src/components/constants/Pokemon.ts [14984, 24]: elements are not aligned, C:/Users/valmac/FullScreenPokemon/src/components/constants/Pokemon.ts [14987, 24]: elements are not aligned, C:/Users/valmac/FullScreenPokemon/src/components/constants/Pokemon.ts [14990, 24]: elements are not aligned, C:/Users/valmac/FullScreenPokemon/src/components/constants/Pokemon.ts [14993, 24]: elements are not aligned, C:/Users/valmac/FullScreenPokemon/src/components/constants/Pokemon.ts [14996, 24]: elements are not aligned, C:/Users/valmac/FullScreenPokemon/src/components/constants/Pokemon.ts [14999, 24]: elements are not aligned, C:/Users/valmac/FullScreenPokemon/src/components/constants/Pokemon.ts [15002, 24]: elements are not aligned, C:/Users/valmac/FullScreenPokemon/src/components/constants/Pokemon.ts [15005, 24]: elements are not aligned, C:/Users/valmac/FullScreenPokemon/src/components/constants/Pokemon.ts [15008, 24]: elements are not aligned, C:/Users/valmac/FullScreenPokemon/src/components/constants/Pokemon.ts [15011, 24]: elements are not aligned, C:/Users/valmac/FullScreenPokemon/src/components/constants/Pokemon.ts [15014, 24]: elements are not aligned, C:/Users/valmac/FullScreenPokemon/src/components/constants/Pokemon.ts [15017, 24]: elements are not aligned, C:/Users/valmac/FullScreenPokemon/src/components/constants/Pokemon.ts [15043, 24]: elements are not aligned, C:/Users/valmac/FullScreenPokemon/src/components/constants/Pokemon.ts [15046, 24]: elements are not aligned, C:/Users/valmac/FullScreenPokemon/src/components/constants/Pokemon.ts [15049, 24]: elements are not aligned, C:/Users/valmac/FullScreenPokemon/src/components/constants/Pokemon.ts [15052, 24]: elements are not aligned, C:/Users/valmac/FullScreenPokemon/src/components/constants/Pokemon.ts [15055, 24]: elements are not aligned, C:/Users/valmac/FullScreenPokemon/src/components/constants/Pokemon.ts [15058, 24]: elements are not aligned, C:/Users/valmac/FullScreenPokemon/src/components/constants/Pokemon.ts [15092, 24]: elements are not aligned, C:/Users/valmac/FullScreenPokemon/src/components/constants/Pokemon.ts [15095, 24]: elements are not aligned, C:/Users/valmac/FullScreenPokemon/src/components/constants/Pokemon.ts [15098, 24]: elements are not aligned, C:/Users/valmac/FullScreenPokemon/src/components/constants/Pokemon.ts [15101, 24]: elements are not aligned, C:/Users/valmac/FullScreenPokemon/src/components/constants/Pokemon.ts [15104, 24]: elements are not aligned, C:/Users/valmac/FullScreenPokemon/src/components/constants/Pokemon.ts [15107, 24]: elements are not aligned, C:/Users/valmac/FullScreenPokemon/src/components/constants/Pokemon.ts [15147, 24]: elements are not aligned, C:/Users/valmac/FullScreenPokemon/src/components/constants/Pokemon.ts [15150, 24]: elements are not aligned, C:/Users/valmac/FullScreenPokemon/src/components/constants/Pokemon.ts [15153, 24]: elements are not aligned, C:/Users/valmac/FullScreenPokemon/src/components/constants/Pokemon.ts [15156, 24]: elements are not aligned, C:/Users/valmac/FullScreenPokemon/src/components/constants/Pokemon.ts [15159, 24]: elements are not aligned, C:/Users/valmac/FullScreenPokemon/src/components/constants/Pokemon.ts [15162, 24]: elements are not aligned, C:/Users/valmac/FullScreenPokemon/src/components/constants/Pokemon.ts [15171, 24]: elements are not aligned, C:/Users/valmac/FullScreenPokemon/src/components/constants/Pokemon.ts [15174, 24]: elements are not aligned, C:/Users/valmac/FullScreenPokemon/src/components/constants/Pokemon.ts [15177, 24]: elements are not aligned, C:/Users/valmac/FullScreenPokemon/src/components/constants/Pokemon.ts [15180, 24]: elements are not aligned, C:/Users/valmac/FullScreenPokemon/src/components/constants/Pokemon.ts [15183, 24]: elements are not aligned, C:/Users/valmac/FullScreenPokemon/src/components/constants/Pokemon.ts [15186, 24]: elements are not aligned, C:/Users/valmac/FullScreenPokemon/src/components/constants/Pokemon.ts [15189, 24]: elements are not aligned, C:/Users/valmac/FullScreenPokemon/src/components/constants/Pokemon.ts [15192, 24]: elements are not aligned, C:/Users/valmac/FullScreenPokemon/src/components/constants/Pokemon.ts [15195, 24]: elements are not aligned, C:/Users/valmac/FullScreenPokemon/src/components/constants/Pokemon.ts [15198, 24]: elements are not aligned, C:/Users/valmac/FullScreenPokemon/src/components/constants/Pokemon.ts [15201, 24]: elements are not aligned, C:/Users/valmac/FullScreenPokemon/src/components/constants/Pokemon.ts [15204, 24]: elements are not aligned, C:/Users/valmac/FullScreenPokemon/src/components/constants/Pokemon.ts [15207, 24]: elements are not aligned, C:/Users/valmac/FullScreenPokemon/src/components/constants/Pokemon.ts [15210, 24]: elements are not aligned, C:/Users/valmac/FullScreenPokemon/src/components/constants/Pokemon.ts [15213, 24]: elements are not aligned, C:/Users/valmac/FullScreenPokemon/src/components/constants/Pokemon.ts [15248, 24]: elements are not aligned, C:/Users/valmac/FullScreenPokemon/src/components/constants/Pokemon.ts [15251, 24]: elements are not aligned, C:/Users/valmac/FullScreenPokemon/src/components/constants/Pokemon.ts [15254, 24]: elements are not aligned, C:/Users/valmac/FullScreenPokemon/src/components/constants/Pokemon.ts [15257, 24]: elements are not aligned, C:/Users/valmac/FullScreenPokemon/src/components/constants/Pokemon.ts [15260, 24]: elements are not aligned, C:/Users/valmac/FullScreenPokemon/src/components/constants/Pokemon.ts [15263, 24]: elements are not aligned, C:/Users/valmac/FullScreenPokemon/src/components/constants/Pokemon.ts [15271, 24]: elements are not aligned, C:/Users/valmac/FullScreenPokemon/src/components/constants/Pokemon.ts [15274, 24]: elements are not aligned, C:/Users/valmac/FullScreenPokemon/src/components/constants/Pokemon.ts [15277, 24]: elements are not aligned, C:/Users/valmac/FullScreenPokemon/src/components/constants/Pokemon.ts [15280, 24]: elements are not aligned, C:/Users/valmac/FullScreenPokemon/src/components/constants/Pokemon.ts [15283, 24]: elements are not aligned, C:/Users/valmac/FullScreenPokemon/src/components/constants/Pokemon.ts [15286, 24]: elements are not aligned, C:/Users/valmac/FullScreenPokemon/src/components/constants/Pokemon.ts [15289, 24]: elements are not aligned, C:/Users/valmac/FullScreenPokemon/src/components/constants/Pokemon.ts [15292, 24]: elements are not aligned, C:/Users/valmac/FullScreenPokemon/src/components/constants/Pokemon.ts [15295, 24]: elements are not aligned, C:/Users/valmac/FullScreenPokemon/src/components/constants/Pokemon.ts [15298, 24]: elements are not aligned, C:/Users/valmac/FullScreenPokemon/src/components/constants/Pokemon.ts [15301, 24]: elements are not aligned, C:/Users/valmac/FullScreenPokemon/src/components/constants/Pokemon.ts [15304, 24]: elements are not aligned, C:/Users/valmac/FullScreenPokemon/src/components/constants/Pokemon.ts [15307, 24]: elements are not aligned, C:/Users/valmac/FullScreenPokemon/src/components/constants/Pokemon.ts [15310, 24]: elements are not aligned, C:/Users/valmac/FullScreenPokemon/src/components/constants/Pokemon.ts [15318, 24]: elements are not aligned, C:/Users/valmac/FullScreenPokemon/src/components/constants/Pokemon.ts [15321, 24]: elements are not aligned, C:/Users/valmac/FullScreenPokemon/src/components/constants/Pokemon.ts [15324, 24]: elements are not aligned, C:/Users/valmac/FullScreenPokemon/src/components/constants/Pokemon.ts [15327, 24]: elements are not aligned, C:/Users/valmac/FullScreenPokemon/src/components/constants/Pokemon.ts [15330, 24]: elements are not aligned, C:/Users/valmac/FullScreenPokemon/src/components/constants/Pokemon.ts [15333, 24]: elements are not aligned, C:/Users/valmac/FullScreenPokemon/src/components/constants/Pokemon.ts [15368, 24]: elements are not aligned, C:/Users/valmac/FullScreenPokemon/src/components/constants/Pokemon.ts [15371, 24]: elements are not aligned, C:/Users/valmac/FullScreenPokemon/src/components/constants/Pokemon.ts [15374, 24]: elements are not aligned, C:/Users/valmac/FullScreenPokemon/src/components/constants/Pokemon.ts [15377, 24]: elements are not aligned, C:/Users/valmac/FullScreenPokemon/src/components/constants/Pokemon.ts [15380, 24]: elements are not aligned, C:/Users/valmac/FullScreenPokemon/src/components/constants/Pokemon.ts [15383, 24]: elements are not aligned, C:/Users/valmac/FullScreenPokemon/src/components/constants/Pokemon.ts [15386, 24]: elements are not aligned, C:/Users/valmac/FullScreenPokemon/src/components/constants/Pokemon.ts [15389, 24]: elements are not aligned, C:/Users/valmac/FullScreenPokemon/src/components/constants/Pokemon.ts [15398, 24]: elements are not aligned, C:/Users/valmac/FullScreenPokemon/src/components/constants/Pokemon.ts [15401, 24]: elements are not aligned, C:/Users/valmac/FullScreenPokemon/src/components/constants/Pokemon.ts [15404, 24]: elements are not aligned, C:/Users/valmac/FullScreenPokemon/src/components/constants/Pokemon.ts [15407, 24]: elements are not aligned, C:/Users/valmac/FullScreenPokemon/src/components/constants/Pokemon.ts [15410, 24]: elements are not aligned, C:/Users/valmac/FullScreenPokemon/src/components/constants/Pokemon.ts [15413, 24]: elements are not aligned, C:/Users/valmac/FullScreenPokemon/src/components/constants/Pokemon.ts [15416, 24]: elements are not aligned, C:/Users/valmac/FullScreenPokemon/src/components/constants/Pokemon.ts [15419, 24]: elements are not aligned, C:/Users/valmac/FullScreenPokemon/src/components/constants/Pokemon.ts [15422, 24]: elements are not aligned, C:/Users/valmac/FullScreenPokemon/src/components/constants/Pokemon.ts [15425, 24]: elements are not aligned, C:/Users/valmac/FullScreenPokemon/src/components/constants/Pokemon.ts [15428, 24]: elements are not aligned, C:/Users/valmac/FullScreenPokemon/src/components/constants/Pokemon.ts [15431, 24]: elements are not aligned, C:/Users/valmac/FullScreenPokemon/src/components/constants/Pokemon.ts [15434, 24]: elements are not aligned, C:/Users/valmac/FullScreenPokemon/src/components/constants/Pokemon.ts [15437, 24]: elements are not aligned, C:/Users/valmac/FullScreenPokemon/src/components/constants/Pokemon.ts [15440, 24]: elements are not aligned, C:/Users/valmac/FullScreenPokemon/src/components/constants/Pokemon.ts [15443, 24]: elements are not aligned, C:/Users/valmac/FullScreenPokemon/src/components/constants/Pokemon.ts [15446, 24]: elements are not aligned, C:/Users/valmac/FullScreenPokemon/src/components/constants/Pokemon.ts [15449, 24]: elements are not aligned, C:/Users/valmac/FullScreenPokemon/src/components/constants/Pokemon.ts [15452, 24]: elements are not aligned, C:/Users/valmac/FullScreenPokemon/src/components/constants/Pokemon.ts [15455, 24]: elements are not aligned, C:/Users/valmac/FullScreenPokemon/src/components/constants/Pokemon.ts [15458, 24]: elements are not aligned, C:/Users/valmac/FullScreenPokemon/src/components/constants/Pokemon.ts [15493, 24]: elements are not aligned, C:/Users/valmac/FullScreenPokemon/src/components/constants/Pokemon.ts [15530, 24]: elements are not aligned, C:/Users/valmac/FullScreenPokemon/src/components/constants/Pokemon.ts [15533, 24]: elements are not aligned, C:/Users/valmac/FullScreenPokemon/src/components/constants/Pokemon.ts [15536, 24]: elements are not aligned, C:/Users/valmac/FullScreenPokemon/src/components/constants/Pokemon.ts [15539, 24]: elements are not aligned, C:/Users/valmac/FullScreenPokemon/src/components/constants/Pokemon.ts [15542, 24]: elements are not aligned, C:/Users/valmac/FullScreenPokemon/src/components/constants/Pokemon.ts [15545, 24]: elements are not aligned, C:/Users/valmac/FullScreenPokemon/src/components/constants/Pokemon.ts [15548, 24]: elements are not aligned, C:/Users/valmac/FullScreenPokemon/src/components/constants/Pokemon.ts [15551, 24]: elements are not aligned, C:/Users/valmac/FullScreenPokemon/src/components/constants/Pokemon.ts [15554, 24]: elements are not aligned, C:/Users/valmac/FullScreenPokemon/src/components/constants/Pokemon.ts [15563, 24]: elements are not aligned, C:/Users/valmac/FullScreenPokemon/src/components/constants/Pokemon.ts [15566, 24]: elements are not aligned, C:/Users/valmac/FullScreenPokemon/src/components/constants/Pokemon.ts [15569, 24]: elements are not aligned, C:/Users/valmac/FullScreenPokemon/src/components/constants/Pokemon.ts [15572, 24]: elements are not aligned, C:/Users/valmac/FullScreenPokemon/src/components/constants/Pokemon.ts [15575, 24]: elements are not aligned, C:/Users/valmac/FullScreenPokemon/src/components/constants/Pokemon.ts [15578, 24]: elements are not aligned, C:/Users/valmac/FullScreenPokemon/src/components/constants/Pokemon.ts [15581, 24]: elements are not aligned, C:/Users/valmac/FullScreenPokemon/src/components/constants/Pokemon.ts [15584, 24]: elements are not aligned, C:/Users/valmac/FullScreenPokemon/src/components/constants/Pokemon.ts [15587, 24]: elements are not aligned, C:/Users/valmac/FullScreenPokemon/src/components/constants/Pokemon.ts [15590, 24]: elements are not aligned, C:/Users/valmac/FullScreenPokemon/src/components/constants/Pokemon.ts [15593, 24]: elements are not aligned, C:/Users/valmac/FullScreenPokemon/src/components/constants/Pokemon.ts [15596, 24]: elements are not aligned, C:/Users/valmac/FullScreenPokemon/src/components/constants/Pokemon.ts [15622, 24]: elements are not aligned, C:/Users/valmac/FullScreenPokemon/src/components/constants/Pokemon.ts [15625, 24]: elements are not aligned, C:/Users/valmac/FullScreenPokemon/src/components/constants/Pokemon.ts [15628, 24]: elements are not aligned, C:/Users/valmac/FullScreenPokemon/src/components/constants/Pokemon.ts [15631, 24]: elements are not aligned, C:/Users/valmac/FullScreenPokemon/src/components/constants/Pokemon.ts [15634, 24]: elements are not aligned, C:/Users/valmac/FullScreenPokemon/src/components/constants/Pokemon.ts [15637, 24]: elements are not aligned, C:/Users/valmac/FullScreenPokemon/src/components/constants/Pokemon.ts [15640, 24]: elements are not aligned, C:/Users/valmac/FullScreenPokemon/src/components/constants/Pokemon.ts [15648, 24]: elements are not aligned, C:/Users/valmac/FullScreenPokemon/src/components/constants/Pokemon.ts [15651, 24]: elements are not aligned, C:/Users/valmac/FullScreenPokemon/src/components/constants/Pokemon.ts [15654, 24]: elements are not aligned, C:/Users/valmac/FullScreenPokemon/src/components/constants/Pokemon.ts [15657, 24]: elements are not aligned, C:/Users/valmac/FullScreenPokemon/src/components/constants/Pokemon.ts [15660, 24]: elements are not aligned, C:/Users/valmac/FullScreenPokemon/src/components/constants/Pokemon.ts [15663, 24]: elements are not aligned, C:/Users/valmac/FullScreenPokemon/src/components/constants/Pokemon.ts [15666, 24]: elements are not aligned, C:/Users/valmac/FullScreenPokemon/src/components/constants/Pokemon.ts [15669, 24]: elements are not aligned, C:/Users/valmac/FullScreenPokemon/src/components/constants/Pokemon.ts [15672, 24]: elements are not aligned, C:/Users/valmac/FullScreenPokemon/src/components/constants/Pokemon.ts [15675, 24]: elements are not aligned, C:/Users/valmac/FullScreenPokemon/src/components/constants/Pokemon.ts [15678, 24]: elements are not aligned, C:/Users/valmac/FullScreenPokemon/src/components/constants/Pokemon.ts [15681, 24]: elements are not aligned, C:/Users/valmac/FullScreenPokemon/src/components/constants/Pokemon.ts [15689, 24]: elements are not aligned, C:/Users/valmac/FullScreenPokemon/src/components/constants/Pokemon.ts [15692, 24]: elements are not aligned, C:/Users/valmac/FullScreenPokemon/src/components/constants/Pokemon.ts [15695, 24]: elements are not aligned, C:/Users/valmac/FullScreenPokemon/src/components/constants/Pokemon.ts [15698, 24]: elements are not aligned, C:/Users/valmac/FullScreenPokemon/src/components/constants/Pokemon.ts [15701, 24]: elements are not aligned, C:/Users/valmac/FullScreenPokemon/src/components/constants/Pokemon.ts [15704, 24]: elements are not aligned, C:/Users/valmac/FullScreenPokemon/src/components/constants/Pokemon.ts [15707, 24]: elements are not aligned, C:/Users/valmac/FullScreenPokemon/src/components/constants/Pokemon.ts [15733, 24]: elements are not aligned, C:/Users/valmac/FullScreenPokemon/src/components/constants/Pokemon.ts [15736, 24]: elements are not aligned, C:/Users/valmac/FullScreenPokemon/src/components/constants/Pokemon.ts [15739, 24]: elements are not aligned, C:/Users/valmac/FullScreenPokemon/src/components/constants/Pokemon.ts [15748, 24]: elements are not aligned, C:/Users/valmac/FullScreenPokemon/src/components/constants/Pokemon.ts [15774, 24]: elements are not aligned, C:/Users/valmac/FullScreenPokemon/src/components/constants/Pokemon.ts [15777, 24]: elements are not aligned, C:/Users/valmac/FullScreenPokemon/src/components/constants/Pokemon.ts [15780, 24]: elements are not aligned, C:/Users/valmac/FullScreenPokemon/src/components/constants/Pokemon.ts [15783, 24]: elements are not aligned, C:/Users/valmac/FullScreenPokemon/src/components/constants/Pokemon.ts [15791, 24]: elements are not aligned, C:/Users/valmac/FullScreenPokemon/src/components/constants/Pokemon.ts [15799, 24]: elements are not aligned, C:/Users/valmac/FullScreenPokemon/src/components/constants/Pokemon.ts [15802, 24]: elements are not aligned, C:/Users/valmac/FullScreenPokemon/src/components/constants/Pokemon.ts [15805, 24]: elements are not aligned, C:/Users/valmac/FullScreenPokemon/src/components/constants/Pokemon.ts [15808, 24]: elements are not aligned, C:/Users/valmac/FullScreenPokemon/src/components/constants/Pokemon.ts [15811, 24]: elements are not aligned, C:/Users/valmac/FullScreenPokemon/src/components/constants/Pokemon.ts [15814, 24]: elements are not aligned, C:/Users/valmac/FullScreenPokemon/src/components/constants/Pokemon.ts [15817, 24]: elements are not aligned, C:/Users/valmac/FullScreenPokemon/src/components/constants/Pokemon.ts [15820, 24]: elements are not aligned, C:/Users/valmac/FullScreenPokemon/src/components/constants/Pokemon.ts [15823, 24]: elements are not aligned, C:/Users/valmac/FullScreenPokemon/src/components/constants/Pokemon.ts [15826, 24]: elements are not aligned, C:/Users/valmac/FullScreenPokemon/src/components/constants/Pokemon.ts [15829, 24]: elements are not aligned, C:/Users/valmac/FullScreenPokemon/src/components/constants/Pokemon.ts [15832, 24]: elements are not aligned, C:/Users/valmac/FullScreenPokemon/src/components/constants/Pokemon.ts [15835, 24]: elements are not aligned, C:/Users/valmac/FullScreenPokemon/src/components/constants/Pokemon.ts [15838, 24]: elements are not aligned, C:/Users/valmac/FullScreenPokemon/src/components/constants/Pokemon.ts [15841, 24]: elements are not aligned, C:/Users/valmac/FullScreenPokemon/src/components/constants/Pokemon.ts [15844, 24]: elements are not aligned, C:/Users/valmac/FullScreenPokemon/src/components/constants/Pokemon.ts [15847, 24]: elements are not aligned, C:/Users/valmac/FullScreenPokemon/src/components/constants/Pokemon.ts [15882, 24]: elements are not aligned, C:/Users/valmac/FullScreenPokemon/src/components/constants/Pokemon.ts [15885, 24]: elements are not aligned, C:/Users/valmac/FullScreenPokemon/src/components/constants/Pokemon.ts [15888, 24]: elements are not aligned, C:/Users/valmac/FullScreenPokemon/src/components/constants/Pokemon.ts [15891, 24]: elements are not aligned, C:/Users/valmac/FullScreenPokemon/src/components/constants/Pokemon.ts [15894, 24]: elements are not aligned, C:/Users/valmac/FullScreenPokemon/src/components/constants/Pokemon.ts [15903, 24]: elements are not aligned, C:/Users/valmac/FullScreenPokemon/src/components/constants/Pokemon.ts [15906, 24]: elements are not aligned, C:/Users/valmac/FullScreenPokemon/src/components/constants/Pokemon.ts [15909, 24]: elements are not aligned, C:/Users/valmac/FullScreenPokemon/src/components/constants/Pokemon.ts [15912, 24]: elements are not aligned, C:/Users/valmac/FullScreenPokemon/src/components/constants/Pokemon.ts [15915, 24]: elements are not aligned, C:/Users/valmac/FullScreenPokemon/src/components/cutscenes/IntroCutscene.ts [205, 20]: elements are not aligned, C:/Users/valmac/FullScreenPokemon/src/components/cutscenes/IntroCutscene.ts [208, 20]: elements are not aligned, C:/Users/valmac/FullScreenPokemon/src/components/cutscenes/IntroCutscene.ts [211, 20]: elements are not aligned, C:/Users/valmac/FullScreenPokemon/src/components/cutscenes/IntroCutscene.ts [376, 20]: elements are not aligned, C:/Users/valmac/FullScreenPokemon/src/components/cutscenes/IntroCutscene.ts [379, 20]: elements are not aligned, C:/Users/valmac/FullScreenPokemon/src/components/cutscenes/IntroCutscene.ts [382, 20]: elements are not aligned, C:/Users/valmac/FullScreenPokemon/src/components/cutscenes/OakIntroPokemonChoiceCutscene.ts [78, 28]: elements are not aligned, C:/Users/valmac/FullScreenPokemon/src/components/cutscenes/OakIntroPokemonChoiceCutscene.ts [154, 20]: elements are not aligned, C:/Users/valmac/FullScreenPokemon/src/components/cutscenes/PokeMartCutscene.ts [42, 16]: elements are not aligned, C:/Users/valmac/FullScreenPokemon/src/components/cutscenes/PokeMartCutscene.ts [45, 20]: elements are not aligned, C:/Users/valmac/FullScreenPokemon/src/components/cutscenes/PokeMartCutscene.ts [206, 28]: elements are not aligned, C:/Users/valmac/FullScreenPokemon/src/components/menus/Items.ts [83, 24]: elements are not aligned, C:/Users/valmac/FullScreenPokemon/src/components/menus/Items.ts [123, 16]: elements are not aligned, C:/Users/valmac/FullScreenPokemon/src/settings/mapsLibrary/PalletTown.ts [62, 20]: elements are not aligned, C:/Users/valmac/FullScreenPokemon/src/settings/mapsLibrary/PalletTown.ts [77, 24]: elements are not aligned, C:/Users/valmac/FullScreenPokemon/src/settings/mapsLibrary/PalletTown.ts [86, 24]: elements are not aligned, C:/Users/valmac/FullScreenPokemon/src/settings/mapsLibrary/PewterCity.ts [243, 24]: elements are not aligned, C:/Users/valmac/FullScreenPokemon/src/settings/mapsLibrary/PewterCity.ts [261, 24]: elements are not aligned, C:/Users/valmac/FullScreenPokemon/src/settings/mapsLibrary/Route1.ts [30, 20]: elements are not aligned, C:/Users/valmac/FullScreenPokemon/src/settings/mapsLibrary/Route21.ts [29, 24]: elements are not aligned, C:/Users/valmac/FullScreenPokemon/src/settings/mapsLibrary/Route21.ts [38, 24]: elements are not aligned, C:/Users/valmac/FullScreenPokemon/src/settings/mapsLibrary/Route21.ts [42, 24]: elements are not aligned, C:/Users/valmac/FullScreenPokemon/src/settings/mapsLibrary/Route21.ts [46, 24]: elements are not aligned, C:/Users/valmac/FullScreenPokemon/src/settings/mapsLibrary/Route22.ts [24, 20]: elements are not aligned, C:/Users/valmac/FullScreenPokemon/src/settings/mapsLibrary/Route22.ts [28, 20]: elements are not aligned, C:/Users/valmac/FullScreenPokemon/src/settings/mapsLibrary/Route22.ts [32, 20]: elements are not aligned, C:/Users/valmac/FullScreenPokemon/src/settings/mapsLibrary/Route22.ts [47, 24]: elements are not aligned, C:/Users/valmac/FullScreenPokemon/src/settings/mapsLibrary/Route22.ts [56, 24]: elements are not aligned, C:/Users/valmac/FullScreenPokemon/src/settings/mapsLibrary/ViridianCity.ts [59, 24]: elements are not aligned, C:/Users/valmac/FullScreenPokemon/src/settings/mapsLibrary/ViridianCity.ts [68, 24]: elements are not aligned, C:/Users/valmac/FullScreenPokemon/src/settings/mapsLibrary/ViridianForest.ts [75, 20]: elements are not aligned, C:/Users/valmac/FullScreenPokemon/src/settings/mapsLibrary/ViridianForest.ts [79, 20]: elements are not aligned, C:/Users/valmac/FullScreenPokemon/src/settings/mapsLibrary/ViridianForest.ts [83, 20]: elements are not aligned, C:/Users/valmac/FullScreenPokemon/src/settings/mapsLibrary/ViridianForest.ts [87, 20]: elements are not aligned, C:/Users/valmac/FullScreenPokemon/src/settings/mapsLibrary/ViridianForest.ts [136, 24]: elements are not aligned, C:/Users/valmac/FullScreenPokemon/src/settings/mapsLibrary/ViridianForest.ts [139, 24]: elements are not aligned, C:/Users/valmac/FullScreenPokemon/src/settings/mapsLibrary/ViridianForest.ts [189, 24]: elements are not aligned.
[08:27:43] 'default' errored after 11 s
[08:27:43] Error in plugin 'run-sequence(src:tslint)'
Error
    at finish (C:\Users\valmac\FullScreenPokemon\node_modules\run-sequence\index.js:56:13)
    at Gulp.onError (C:\Users\valmac\FullScreenPokemon\node_modules\run-sequence\index.js:67:4)
    at emitOne (events.js:101:20)
    at Gulp.emit (events.js:189:7)
    at Gulp.Orchestrator._emitTaskDone (C:\Users\valmac\FullScreenPokemon\node_modules\orchestrator\index.js:264:8)
    at C:\Users\valmac\FullScreenPokemon\node_modules\orchestrator\index.js:275:23
    at finish (C:\Users\valmac\FullScreenPokemon\node_modules\orchestrator\lib\runTask.js:21:8)
    at Stream.<anonymous> (C:\Users\valmac\FullScreenPokemon\node_modules\orchestrator\lib\runTask.js:52:4)
    at Stream.f (C:\Users\valmac\FullScreenPokemon\node_modules\once\once.js:17:25)
    at emitOne (events.js:101:20)
[08:27:43] 'src' errored after 11 s
[08:27:43] Error in plugin 'run-sequence(default)'
Error
    at finish (C:\Users\valmac\FullScreenPokemon\node_modules\run-sequence\index.js:56:13)
    at Gulp.onError (C:\Users\valmac\FullScreenPokemon\node_modules\run-sequence\index.js:67:4)
    at emitOne (events.js:101:20)
    at Gulp.emit (events.js:189:7)
    at Gulp.Orchestrator._emitTaskDone (C:\Users\valmac\FullScreenPokemon\node_modules\orchestrator\index.js:264:8)
    at C:\Users\valmac\FullScreenPokemon\node_modules\orchestrator\index.js:275:23
    at finish (C:\Users\valmac\FullScreenPokemon\node_modules\orchestrator\lib\runTask.js:21:8)
    at cb (C:\Users\valmac\FullScreenPokemon\node_modules\orchestrator\lib\runTask.js:29:3)
    at finish (C:\Users\valmac\FullScreenPokemon\node_modules\run-sequence\index.js:60:5)
    at Gulp.onError (C:\Users\valmac\FullScreenPokemon\node_modules\run-sequence\index.js:67:4)
[08:27:43] 'src' errored after 11 s
[08:27:43] Error in plugin 'run-sequence(src:tslint)'
Error
    at finish (C:\Users\valmac\FullScreenPokemon\node_modules\run-sequence\index.js:56:13)
    at Gulp.onError (C:\Users\valmac\FullScreenPokemon\node_modules\run-sequence\index.js:67:4)
    at emitOne (events.js:101:20)
    at Gulp.emit (events.js:189:7)
    at Gulp.Orchestrator._emitTaskDone (C:\Users\valmac\FullScreenPokemon\node_modules\orchestrator\index.js:264:8)
    at C:\Users\valmac\FullScreenPokemon\node_modules\orchestrator\index.js:275:23
    at finish (C:\Users\valmac\FullScreenPokemon\node_modules\orchestrator\lib\runTask.js:21:8)
    at Stream.<anonymous> (C:\Users\valmac\FullScreenPokemon\node_modules\orchestrator\lib\runTask.js:52:4)
    at Stream.f (C:\Users\valmac\FullScreenPokemon\node_modules\once\once.js:17:25)
    at emitOne (events.js:101:20)
[08:27:49] Finished 'src:tsc' after 17 s
[08:29:02] Using gulpfile ~\FullScreenPokemon\gulpfile.js
[08:29:03] Starting 'default'...
[08:29:03] Starting 'src'...
[08:29:03] Starting 'src:tsc'...
[08:29:03] Starting 'src:tslint'...
[08:29:05] Starting 'src:scss'...
[08:29:05] Starting 'src:scssLint'...
[08:29:05] Finished 'src:scssLint' after 490 ms
ERROR: (align) C:/Users/valmac/FullScreenPokemon/src/components/Actions.ts[692, 20]: elements are not aligned

[08:29:07] Finished 'src:scss' after 2.31 s
ERROR: (align) C:/Users/valmac/FullScreenPokemon/src/components/Battles.ts[355, 17]: members are not aligned
ERROR: (align) C:/Users/valmac/FullScreenPokemon/src/components/Battles.ts[359, 17]: members are not aligned

ERROR: (align) C:/Users/valmac/FullScreenPokemon/src/components/Collisions.ts[338, 28]: elements are not aligned

ERROR: (align) C:/Users/valmac/FullScreenPokemon/src/components/Gameplay.ts[37, 16]: elements are not aligned

ERROR: (align) C:/Users/valmac/FullScreenPokemon/src/components/Macros.ts[223, 16]: elements are not aligned
ERROR: (align) C:/Users/valmac/FullScreenPokemon/src/components/Macros.ts[228, 16]: elements are not aligned
ERROR: (align) C:/Users/valmac/FullScreenPokemon/src/components/Macros.ts[353, 16]: elements are not aligned
ERROR: (align) C:/Users/valmac/FullScreenPokemon/src/components/Macros.ts[378, 16]: elements are not aligned
ERROR: (align) C:/Users/valmac/FullScreenPokemon/src/components/Macros.ts[383, 16]: elements are not aligned
ERROR: (align) C:/Users/valmac/FullScreenPokemon/src/components/Macros.ts[737, 16]: elements are not aligned
ERROR: (align) C:/Users/valmac/FullScreenPokemon/src/components/Macros.ts[742, 16]: elements are not aligned
ERROR: (align) C:/Users/valmac/FullScreenPokemon/src/components/Macros.ts[747, 16]: elements are not aligned
ERROR: (align) C:/Users/valmac/FullScreenPokemon/src/components/Macros.ts[752, 16]: elements are not aligned
ERROR: (align) C:/Users/valmac/FullScreenPokemon/src/components/Macros.ts[756, 16]: elements are not aligned
ERROR: (align) C:/Users/valmac/FullScreenPokemon/src/components/Macros.ts[761, 16]: elements are not aligned
ERROR: (align) C:/Users/valmac/FullScreenPokemon/src/components/Macros.ts[766, 16]: elements are not aligned
ERROR: (align) C:/Users/valmac/FullScreenPokemon/src/components/Macros.ts[770, 16]: elements are not aligned
ERROR: (align) C:/Users/valmac/FullScreenPokemon/src/components/Macros.ts[774, 16]: elements are not aligned
ERROR: (align) C:/Users/valmac/FullScreenPokemon/src/components/Macros.ts[778, 16]: elements are not aligned
ERROR: (align) C:/Users/valmac/FullScreenPokemon/src/components/Macros.ts[782, 16]: elements are not aligned
ERROR: (align) C:/Users/valmac/FullScreenPokemon/src/components/Macros.ts[787, 16]: elements are not aligned
ERROR: (align) C:/Users/valmac/FullScreenPokemon/src/components/Macros.ts[791, 16]: elements are not aligned
ERROR: (align) C:/Users/valmac/FullScreenPokemon/src/components/Macros.ts[795, 16]: elements are not aligned
ERROR: (align) C:/Users/valmac/FullScreenPokemon/src/components/Macros.ts[800, 16]: elements are not aligned
ERROR: (align) C:/Users/valmac/FullScreenPokemon/src/components/Macros.ts[806, 16]: elements are not aligned
ERROR: (align) C:/Users/valmac/FullScreenPokemon/src/components/Macros.ts[810, 16]: elements are not aligned
ERROR: (align) C:/Users/valmac/FullScreenPokemon/src/components/Macros.ts[815, 16]: elements are not aligned
ERROR: (align) C:/Users/valmac/FullScreenPokemon/src/components/Macros.ts[819, 16]: elements are not aligned
ERROR: (align) C:/Users/valmac/FullScreenPokemon/src/components/Macros.ts[827, 16]: elements are not aligned
ERROR: (align) C:/Users/valmac/FullScreenPokemon/src/components/Macros.ts[831, 16]: elements are not aligned
ERROR: (align) C:/Users/valmac/FullScreenPokemon/src/components/Macros.ts[835, 16]: elements are not aligned
ERROR: (align) C:/Users/valmac/FullScreenPokemon/src/components/Macros.ts[839, 16]: elements are not aligned
ERROR: (align) C:/Users/valmac/FullScreenPokemon/src/components/Macros.ts[843, 16]: elements are not aligned
ERROR: (align) C:/Users/valmac/FullScreenPokemon/src/components/Macros.ts[847, 16]: elements are not aligned
ERROR: (align) C:/Users/valmac/FullScreenPokemon/src/components/Macros.ts[852, 16]: elements are not aligned
ERROR: (align) C:/Users/valmac/FullScreenPokemon/src/components/Macros.ts[857, 16]: elements are not aligned
ERROR: (align) C:/Users/valmac/FullScreenPokemon/src/components/Macros.ts[862, 16]: elements are not aligned
ERROR: (align) C:/Users/valmac/FullScreenPokemon/src/components/Macros.ts[919, 16]: elements are not aligned
ERROR: (align) C:/Users/valmac/FullScreenPokemon/src/components/Macros.ts[925, 16]: elements are not aligned
ERROR: (align) C:/Users/valmac/FullScreenPokemon/src/components/Macros.ts[930, 16]: elements are not aligned
ERROR: (align) C:/Users/valmac/FullScreenPokemon/src/components/Macros.ts[935, 16]: elements are not aligned
ERROR: (align) C:/Users/valmac/FullScreenPokemon/src/components/Macros.ts[941, 16]: elements are not aligned
ERROR: (align) C:/Users/valmac/FullScreenPokemon/src/components/Macros.ts[946, 16]: elements are not aligned
ERROR: (align) C:/Users/valmac/FullScreenPokemon/src/components/Macros.ts[951, 16]: elements are not aligned
ERROR: (align) C:/Users/valmac/FullScreenPokemon/src/components/Macros.ts[956, 16]: elements are not aligned
ERROR: (align) C:/Users/valmac/FullScreenPokemon/src/components/Macros.ts[961, 16]: elements are not aligned
ERROR: (align) C:/Users/valmac/FullScreenPokemon/src/components/Macros.ts[965, 16]: elements are not aligned
ERROR: (align) C:/Users/valmac/FullScreenPokemon/src/components/Macros.ts[970, 16]: elements are not aligned
ERROR: (align) C:/Users/valmac/FullScreenPokemon/src/components/Macros.ts[975, 16]: elements are not aligned
ERROR: (align) C:/Users/valmac/FullScreenPokemon/src/components/Macros.ts[980, 16]: elements are not aligned
ERROR: (align) C:/Users/valmac/FullScreenPokemon/src/components/Macros.ts[985, 16]: elements are not aligned
ERROR: (align) C:/Users/valmac/FullScreenPokemon/src/components/Macros.ts[989, 16]: elements are not aligned
ERROR: (align) C:/Users/valmac/FullScreenPokemon/src/components/Macros.ts[999, 16]: elements are not aligned
ERROR: (align) C:/Users/valmac/FullScreenPokemon/src/components/Macros.ts[1003, 16]: elements are not aligned
ERROR: (align) C:/Users/valmac/FullScreenPokemon/src/components/Macros.ts[1008, 16]: elements are not aligned
ERROR: (align) C:/Users/valmac/FullScreenPokemon/src/components/Macros.ts[1012, 16]: elements are not aligned

ERROR: (align) C:/Users/valmac/FullScreenPokemon/src/components/Menus.ts[160, 16]: elements are not aligned
ERROR: (align) C:/Users/valmac/FullScreenPokemon/src/components/Menus.ts[163, 16]: elements are not aligned
ERROR: (align) C:/Users/valmac/FullScreenPokemon/src/components/Menus.ts[166, 16]: elements are not aligned
ERROR: (align) C:/Users/valmac/FullScreenPokemon/src/components/Menus.ts[169, 16]: elements are not aligned
ERROR: (align) C:/Users/valmac/FullScreenPokemon/src/components/Menus.ts[171, 16]: elements are not aligned
ERROR: (align) C:/Users/valmac/FullScreenPokemon/src/components/Menus.ts[287, 20]: elements are not aligned
ERROR: (align) C:/Users/valmac/FullScreenPokemon/src/components/Menus.ts[289, 20]: elements are not aligned
ERROR: (align) C:/Users/valmac/FullScreenPokemon/src/components/Menus.ts[297, 20]: elements are not aligned
ERROR: (align) C:/Users/valmac/FullScreenPokemon/src/components/Menus.ts[384, 20]: elements are not aligned

ERROR: (align) C:/Users/valmac/FullScreenPokemon/src/settings/Menus.ts[328, 56]: elements are not aligned
ERROR: (align) C:/Users/valmac/FullScreenPokemon/src/settings/Menus.ts[331, 56]: elements are not aligned
ERROR: (align) C:/Users/valmac/FullScreenPokemon/src/settings/Menus.ts[334, 56]: elements are not aligned
ERROR: (align) C:/Users/valmac/FullScreenPokemon/src/settings/Menus.ts[337, 56]: elements are not aligned
ERROR: (align) C:/Users/valmac/FullScreenPokemon/src/settings/Menus.ts[340, 56]: elements are not aligned
ERROR: (align) C:/Users/valmac/FullScreenPokemon/src/settings/Menus.ts[343, 56]: elements are not aligned
ERROR: (align) C:/Users/valmac/FullScreenPokemon/src/settings/Menus.ts[428, 56]: elements are not aligned
ERROR: (align) C:/Users/valmac/FullScreenPokemon/src/settings/Menus.ts[431, 56]: elements are not aligned
ERROR: (align) C:/Users/valmac/FullScreenPokemon/src/settings/Menus.ts[498, 24]: elements are not aligned
ERROR: (align) C:/Users/valmac/FullScreenPokemon/src/settings/Menus.ts[625, 56]: elements are not aligned
ERROR: (align) C:/Users/valmac/FullScreenPokemon/src/settings/Menus.ts[628, 56]: elements are not aligned
ERROR: (align) C:/Users/valmac/FullScreenPokemon/src/settings/Menus.ts[631, 56]: elements are not aligned
ERROR: (align) C:/Users/valmac/FullScreenPokemon/src/settings/Menus.ts[634, 56]: elements are not aligned
ERROR: (align) C:/Users/valmac/FullScreenPokemon/src/settings/Menus.ts[637, 56]: elements are not aligned
ERROR: (align) C:/Users/valmac/FullScreenPokemon/src/settings/Menus.ts[640, 56]: elements are not aligned
ERROR: (align) C:/Users/valmac/FullScreenPokemon/src/settings/Menus.ts[643, 56]: elements are not aligned
ERROR: (align) C:/Users/valmac/FullScreenPokemon/src/settings/Menus.ts[646, 56]: elements are not aligned
ERROR: (align) C:/Users/valmac/FullScreenPokemon/src/settings/Menus.ts[975, 56]: elements are not aligned
ERROR: (align) C:/Users/valmac/FullScreenPokemon/src/settings/Menus.ts[983, 56]: elements are not aligned
ERROR: (align) C:/Users/valmac/FullScreenPokemon/src/settings/Menus.ts[986, 56]: elements are not aligned
ERROR: (align) C:/Users/valmac/FullScreenPokemon/src/settings/Menus.ts[989, 56]: elements are not aligned
ERROR: (align) C:/Users/valmac/FullScreenPokemon/src/settings/Menus.ts[1103, 56]: elements are not aligned
ERROR: (align) C:/Users/valmac/FullScreenPokemon/src/settings/Menus.ts[1110, 56]: elements are not aligned
ERROR: (align) C:/Users/valmac/FullScreenPokemon/src/settings/Menus.ts[1119, 56]: elements are not aligned
ERROR: (align) C:/Users/valmac/FullScreenPokemon/src/settings/Menus.ts[1128, 56]: elements are not aligned
ERROR: (align) C:/Users/valmac/FullScreenPokemon/src/settings/Menus.ts[1137, 56]: elements are not aligned
ERROR: (align) C:/Users/valmac/FullScreenPokemon/src/settings/Menus.ts[1173, 56]: elements are not aligned
ERROR: (align) C:/Users/valmac/FullScreenPokemon/src/settings/Menus.ts[1213, 56]: elements are not aligned
ERROR: (align) C:/Users/valmac/FullScreenPokemon/src/settings/Menus.ts[1222, 56]: elements are not aligned
ERROR: (align) C:/Users/valmac/FullScreenPokemon/src/settings/Menus.ts[1231, 56]: elements are not aligned
ERROR: (align) C:/Users/valmac/FullScreenPokemon/src/settings/Menus.ts[1240, 56]: elements are not aligned
ERROR: (align) C:/Users/valmac/FullScreenPokemon/src/settings/Menus.ts[1249, 56]: elements are not aligned
ERROR: (align) C:/Users/valmac/FullScreenPokemon/src/settings/Menus.ts[1258, 56]: elements are not aligned
ERROR: (align) C:/Users/valmac/FullScreenPokemon/src/settings/Menus.ts[1267, 56]: elements are not aligned
ERROR: (align) C:/Users/valmac/FullScreenPokemon/src/settings/Menus.ts[1276, 56]: elements are not aligned
ERROR: (align) C:/Users/valmac/FullScreenPokemon/src/settings/Menus.ts[1465, 56]: elements are not aligned
ERROR: (align) C:/Users/valmac/FullScreenPokemon/src/settings/Menus.ts[1477, 56]: elements are not aligned
ERROR: (align) C:/Users/valmac/FullScreenPokemon/src/settings/Menus.ts[1620, 24]: elements are not aligned
ERROR: (align) C:/Users/valmac/FullScreenPokemon/src/settings/Menus.ts[1729, 24]: elements are not aligned
ERROR: (align) C:/Users/valmac/FullScreenPokemon/src/settings/Menus.ts[1795, 24]: elements are not aligned
ERROR: (align) C:/Users/valmac/FullScreenPokemon/src/settings/Menus.ts[1887, 24]: elements are not aligned
ERROR: (align) C:/Users/valmac/FullScreenPokemon/src/settings/Menus.ts[1972, 24]: elements are not aligned
ERROR: (align) C:/Users/valmac/FullScreenPokemon/src/settings/Menus.ts[1981, 24]: elements are not aligned
ERROR: (align) C:/Users/valmac/FullScreenPokemon/src/settings/Menus.ts[1990, 24]: elements are not aligned
ERROR: (align) C:/Users/valmac/FullScreenPokemon/src/settings/Menus.ts[1999, 24]: elements are not aligned
ERROR: (align) C:/Users/valmac/FullScreenPokemon/src/settings/Menus.ts[2011, 24]: elements are not aligned
ERROR: (align) C:/Users/valmac/FullScreenPokemon/src/settings/Menus.ts[2100, 56]: elements are not aligned
ERROR: (align) C:/Users/valmac/FullScreenPokemon/src/settings/Menus.ts[2103, 56]: elements are not aligned

ERROR: (align) C:/Users/valmac/FullScreenPokemon/src/components/constants/Pokemon.ts[351, 24]: elements are not aligned
ERROR: (align) C:/Users/valmac/FullScreenPokemon/src/components/constants/Pokemon.ts[354, 24]: elements are not aligned
ERROR: (align) C:/Users/valmac/FullScreenPokemon/src/components/constants/Pokemon.ts[357, 24]: elements are not aligned
ERROR: (align) C:/Users/valmac/FullScreenPokemon/src/components/constants/Pokemon.ts[360, 24]: elements are not aligned
ERROR: (align) C:/Users/valmac/FullScreenPokemon/src/components/constants/Pokemon.ts[363, 24]: elements are not aligned
ERROR: (align) C:/Users/valmac/FullScreenPokemon/src/components/constants/Pokemon.ts[366, 24]: elements are not aligned
ERROR: (align) C:/Users/valmac/FullScreenPokemon/src/components/constants/Pokemon.ts[369, 24]: elements are not aligned
ERROR: (align) C:/Users/valmac/FullScreenPokemon/src/components/constants/Pokemon.ts[372, 24]: elements are not aligned
ERROR: (align) C:/Users/valmac/FullScreenPokemon/src/components/constants/Pokemon.ts[375, 24]: elements are not aligned
ERROR: (align) C:/Users/valmac/FullScreenPokemon/src/components/constants/Pokemon.ts[378, 24]: elements are not aligned
ERROR: (align) C:/Users/valmac/FullScreenPokemon/src/components/constants/Pokemon.ts[381, 24]: elements are not aligned
ERROR: (align) C:/Users/valmac/FullScreenPokemon/src/components/constants/Pokemon.ts[384, 24]: elements are not aligned
ERROR: (align) C:/Users/valmac/FullScreenPokemon/src/components/constants/Pokemon.ts[387, 24]: elements are not aligned
ERROR: (align) C:/Users/valmac/FullScreenPokemon/src/components/constants/Pokemon.ts[390, 24]: elements are not aligned
ERROR: (align) C:/Users/valmac/FullScreenPokemon/src/components/constants/Pokemon.ts[393, 24]: elements are not aligned
ERROR: (align) C:/Users/valmac/FullScreenPokemon/src/components/constants/Pokemon.ts[396, 24]: elements are not aligned
ERROR: (align) C:/Users/valmac/FullScreenPokemon/src/components/constants/Pokemon.ts[399, 24]: elements are not aligned
ERROR: (align) C:/Users/valmac/FullScreenPokemon/src/components/constants/Pokemon.ts[402, 24]: elements are not aligned
ERROR: (align) C:/Users/valmac/FullScreenPokemon/src/components/constants/Pokemon.ts[405, 24]: elements are not aligned
ERROR: (align) C:/Users/valmac/FullScreenPokemon/src/components/constants/Pokemon.ts[408, 24]: elements are not aligned
ERROR: (align) C:/Users/valmac/FullScreenPokemon/src/components/constants/Pokemon.ts[411, 24]: elements are not aligned
ERROR: (align) C:/Users/valmac/FullScreenPokemon/src/components/constants/Pokemon.ts[414, 24]: elements are not aligned
ERROR: (align) C:/Users/valmac/FullScreenPokemon/src/components/constants/Pokemon.ts[439, 20]: elements are not aligned
ERROR: (align) C:/Users/valmac/FullScreenPokemon/src/components/constants/Pokemon.ts[442, 24]: elements are not aligned
ERROR: (align) C:/Users/valmac/FullScreenPokemon/src/components/constants/Pokemon.ts[445, 24]: elements are not aligned
ERROR: (align) C:/Users/valmac/FullScreenPokemon/src/components/constants/Pokemon.ts[448, 24]: elements are not aligned
ERROR: (align) C:/Users/valmac/FullScreenPokemon/src/components/constants/Pokemon.ts[451, 24]: elements are not aligned
ERROR: (align) C:/Users/valmac/FullScreenPokemon/src/components/constants/Pokemon.ts[462, 20]: elements are not aligned
ERROR: (align) C:/Users/valmac/FullScreenPokemon/src/components/constants/Pokemon.ts[533, 24]: elements are not aligned
ERROR: (align) C:/Users/valmac/FullScreenPokemon/src/components/constants/Pokemon.ts[536, 24]: elements are not aligned
ERROR: (align) C:/Users/valmac/FullScreenPokemon/src/components/constants/Pokemon.ts[539, 24]: elements are not aligned
ERROR: (align) C:/Users/valmac/FullScreenPokemon/src/components/constants/Pokemon.ts[542, 24]: elements are not aligned
ERROR: (align) C:/Users/valmac/FullScreenPokemon/src/components/constants/Pokemon.ts[545, 24]: elements are not aligned
ERROR: (align) C:/Users/valmac/FullScreenPokemon/src/components/constants/Pokemon.ts[548, 24]: elements are not aligned
ERROR: (align) C:/Users/valmac/FullScreenPokemon/src/components/constants/Pokemon.ts[551, 24]: elements are not aligned
ERROR: (align) C:/Users/valmac/FullScreenPokemon/src/components/constants/Pokemon.ts[554, 24]: elements are not aligned
ERROR: (align) C:/Users/valmac/FullScreenPokemon/src/components/constants/Pokemon.ts[566, 24]: elements are not aligned
ERROR: (align) C:/Users/valmac/FullScreenPokemon/src/components/constants/Pokemon.ts[569, 24]: elements are not aligned
ERROR: (align) C:/Users/valmac/FullScreenPokemon/src/components/constants/Pokemon.ts[572, 24]: elements are not aligned
ERROR: (align) C:/Users/valmac/FullScreenPokemon/src/components/constants/Pokemon.ts[575, 24]: elements are not aligned
ERROR: (align) C:/Users/valmac/FullScreenPokemon/src/components/constants/Pokemon.ts[578, 24]: elements are not aligned
ERROR: (align) C:/Users/valmac/FullScreenPokemon/src/components/constants/Pokemon.ts[581, 24]: elements are not aligned
ERROR: (align) C:/Users/valmac/FullScreenPokemon/src/components/constants/Pokemon.ts[584, 24]: elements are not aligned
ERROR: (align) C:/Users/valmac/FullScreenPokemon/src/components/constants/Pokemon.ts[587, 24]: elements are not aligned
ERROR: (align) C:/Users/valmac/FullScreenPokemon/src/components/constants/Pokemon.ts[590, 24]: elements are not aligned
ERROR: (align) C:/Users/valmac/FullScreenPokemon/src/components/constants/Pokemon.ts[593, 24]: elements are not aligned
ERROR: (align) C:/Users/valmac/FullScreenPokemon/src/components/constants/Pokemon.ts[596, 24]: elements are not aligned
ERROR: (align) C:/Users/valmac/FullScreenPokemon/src/components/constants/Pokemon.ts[599, 24]: elements are not aligned
ERROR: (align) C:/Users/valmac/FullScreenPokemon/src/components/constants/Pokemon.ts[602, 24]: elements are not aligned
ERROR: (align) C:/Users/valmac/FullScreenPokemon/src/components/constants/Pokemon.ts[605, 24]: elements are not aligned
ERROR: (align) C:/Users/valmac/FullScreenPokemon/src/components/constants/Pokemon.ts[608, 24]: elements are not aligned
ERROR: (align) C:/Users/valmac/FullScreenPokemon/src/components/constants/Pokemon.ts[611, 24]: elements are not aligned
ERROR: (align) C:/Users/valmac/FullScreenPokemon/src/components/constants/Pokemon.ts[614, 24]: elements are not aligned
ERROR: (align) C:/Users/valmac/FullScreenPokemon/src/components/constants/Pokemon.ts[617, 24]: elements are not aligned
ERROR: (align) C:/Users/valmac/FullScreenPokemon/src/components/constants/Pokemon.ts[620, 24]: elements are not aligned
ERROR: (align) C:/Users/valmac/FullScreenPokemon/src/components/constants/Pokemon.ts[623, 24]: elements are not aligned
ERROR: (align) C:/Users/valmac/FullScreenPokemon/src/components/constants/Pokemon.ts[626, 24]: elements are not aligned
ERROR: (align) C:/Users/valmac/FullScreenPokemon/src/components/constants/Pokemon.ts[629, 24]: elements are not aligned
ERROR: (align) C:/Users/valmac/FullScreenPokemon/src/components/constants/Pokemon.ts[632, 24]: elements are not aligned
ERROR: (align) C:/Users/valmac/FullScreenPokemon/src/components/constants/Pokemon.ts[635, 24]: elements are not aligned
ERROR: (align) C:/Users/valmac/FullScreenPokemon/src/components/constants/Pokemon.ts[661, 24]: elements are not aligned
ERROR: (align) C:/Users/valmac/FullScreenPokemon/src/components/constants/Pokemon.ts[664, 24]: elements are not aligned
ERROR: (align) C:/Users/valmac/FullScreenPokemon/src/components/constants/Pokemon.ts[667, 24]: elements are not aligned
ERROR: (align) C:/Users/valmac/FullScreenPokemon/src/components/constants/Pokemon.ts[670, 24]: elements are not aligned
ERROR: (align) C:/Users/valmac/FullScreenPokemon/src/components/constants/Pokemon.ts[673, 24]: elements are not aligned
ERROR: (align) C:/Users/valmac/FullScreenPokemon/src/components/constants/Pokemon.ts[676, 24]: elements are not aligned
ERROR: (align) C:/Users/valmac/FullScreenPokemon/src/components/constants/Pokemon.ts[679, 24]: elements are not aligned
ERROR: (align) C:/Users/valmac/FullScreenPokemon/src/components/constants/Pokemon.ts[691, 24]: elements are not aligned
ERROR: (align) C:/Users/valmac/FullScreenPokemon/src/components/constants/Pokemon.ts[694, 24]: elements are not aligned
ERROR: (align) C:/Users/valmac/FullScreenPokemon/src/components/constants/Pokemon.ts[697, 24]: elements are not aligned
ERROR: (align) C:/Users/valmac/FullScreenPokemon/src/components/constants/Pokemon.ts[700, 24]: elements are not aligned
ERROR: (align) C:/Users/valmac/FullScreenPokemon/src/components/constants/Pokemon.ts[703, 24]: elements are not aligned
ERROR: (align) C:/Users/valmac/FullScreenPokemon/src/components/constants/Pokemon.ts[706, 24]: elements are not aligned
ERROR: (align) C:/Users/valmac/FullScreenPokemon/src/components/constants/Pokemon.ts[709, 24]: elements are not aligned
ERROR: (align) C:/Users/valmac/FullScreenPokemon/src/components/constants/Pokemon.ts[712, 24]: elements are not aligned
ERROR: (align) C:/Users/valmac/FullScreenPokemon/src/components/constants/Pokemon.ts[715, 24]: elements are not aligned
ERROR: (align) C:/Users/valmac/FullScreenPokemon/src/components/constants/Pokemon.ts[718, 24]: elements are not aligned
ERROR: (align) C:/Users/valmac/FullScreenPokemon/src/components/constants/Pokemon.ts[721, 24]: elements are not aligned
ERROR: (align) C:/Users/valmac/FullScreenPokemon/src/components/constants/Pokemon.ts[724, 24]: elements are not aligned
ERROR: (align) C:/Users/valmac/FullScreenPokemon/src/components/constants/Pokemon.ts[727, 24]: elements are not aligned
ERROR: (align) C:/Users/valmac/FullScreenPokemon/src/components/constants/Pokemon.ts[730, 24]: elements are not aligned
ERROR: (align) C:/Users/valmac/FullScreenPokemon/src/components/constants/Pokemon.ts[733, 24]: elements are not aligned
ERROR: (align) C:/Users/valmac/FullScreenPokemon/src/components/constants/Pokemon.ts[736, 24]: elements are not aligned
ERROR: (align) C:/Users/valmac/FullScreenPokemon/src/components/constants/Pokemon.ts[762, 24]: elements are not aligned
ERROR: (align) C:/Users/valmac/FullScreenPokemon/src/components/constants/Pokemon.ts[765, 24]: elements are not aligned
ERROR: (align) C:/Users/valmac/FullScreenPokemon/src/components/constants/Pokemon.ts[768, 24]: elements are not aligned
ERROR: (align) C:/Users/valmac/FullScreenPokemon/src/components/constants/Pokemon.ts[776, 24]: elements are not aligned
ERROR: (align) C:/Users/valmac/FullScreenPokemon/src/components/constants/Pokemon.ts[779, 24]: elements are not aligned
ERROR: (align) C:/Users/valmac/FullScreenPokemon/src/components/constants/Pokemon.ts[782, 24]: elements are not aligned
ERROR: (align) C:/Users/valmac/FullScreenPokemon/src/components/constants/Pokemon.ts[785, 24]: elements are not aligned
ERROR: (align) C:/Users/valmac/FullScreenPokemon/src/components/constants/Pokemon.ts[788, 24]: elements are not aligned
ERROR: (align) C:/Users/valmac/FullScreenPokemon/src/components/constants/Pokemon.ts[791, 24]: elements are not aligned
ERROR: (align) C:/Users/valmac/FullScreenPokemon/src/components/constants/Pokemon.ts[794, 24]: elements are not aligned
ERROR: (align) C:/Users/valmac/FullScreenPokemon/src/components/constants/Pokemon.ts[797, 24]: elements are not aligned
ERROR: (align) C:/Users/valmac/FullScreenPokemon/src/components/constants/Pokemon.ts[800, 24]: elements are not aligned
ERROR: (align) C:/Users/valmac/FullScreenPokemon/src/components/constants/Pokemon.ts[803, 24]: elements are not aligned
ERROR: (align) C:/Users/valmac/FullScreenPokemon/src/components/constants/Pokemon.ts[806, 24]: elements are not aligned
ERROR: (align) C:/Users/valmac/FullScreenPokemon/src/components/constants/Pokemon.ts[809, 24]: elements are not aligned
ERROR: (align) C:/Users/valmac/FullScreenPokemon/src/components/constants/Pokemon.ts[812, 24]: elements are not aligned
ERROR: (align) C:/Users/valmac/FullScreenPokemon/src/components/constants/Pokemon.ts[815, 24]: elements are not aligned
ERROR: (align) C:/Users/valmac/FullScreenPokemon/src/components/constants/Pokemon.ts[818, 24]: elements are not aligned
ERROR: (align) C:/Users/valmac/FullScreenPokemon/src/components/constants/Pokemon.ts[821, 24]: elements are not aligned
ERROR: (align) C:/Users/valmac/FullScreenPokemon/src/components/constants/Pokemon.ts[824, 24]: elements are not aligned
ERROR: (align) C:/Users/valmac/FullScreenPokemon/src/components/constants/Pokemon.ts[832, 24]: elements are not aligned
ERROR: (align) C:/Users/valmac/FullScreenPokemon/src/components/constants/Pokemon.ts[835, 24]: elements are not aligned
ERROR: (align) C:/Users/valmac/FullScreenPokemon/src/components/constants/Pokemon.ts[838, 24]: elements are not aligned
ERROR: (align) C:/Users/valmac/FullScreenPokemon/src/components/constants/Pokemon.ts[841, 24]: elements are not aligned
ERROR: (align) C:/Users/valmac/FullScreenPokemon/src/components/constants/Pokemon.ts[844, 24]: elements are not aligned
ERROR: (align) C:/Users/valmac/FullScreenPokemon/src/components/constants/Pokemon.ts[847, 24]: elements are not aligned
ERROR: (align) C:/Users/valmac/FullScreenPokemon/src/components/constants/Pokemon.ts[850, 24]: elements are not aligned
ERROR: (align) C:/Users/valmac/FullScreenPokemon/src/components/constants/Pokemon.ts[853, 24]: elements are not aligned
ERROR: (align) C:/Users/valmac/FullScreenPokemon/src/components/constants/Pokemon.ts[856, 24]: elements are not aligned
ERROR: (align) C:/Users/valmac/FullScreenPokemon/src/components/constants/Pokemon.ts[859, 24]: elements are not aligned
ERROR: (align) C:/Users/valmac/FullScreenPokemon/src/components/constants/Pokemon.ts[862, 24]: elements are not aligned
ERROR: (align) C:/Users/valmac/FullScreenPokemon/src/components/constants/Pokemon.ts[865, 24]: elements are not aligned
ERROR: (align) C:/Users/valmac/FullScreenPokemon/src/components/constants/Pokemon.ts[868, 24]: elements are not aligned
ERROR: (align) C:/Users/valmac/FullScreenPokemon/src/components/constants/Pokemon.ts[871, 24]: elements are not aligned
ERROR: (align) C:/Users/valmac/FullScreenPokemon/src/components/constants/Pokemon.ts[874, 24]: elements are not aligned
ERROR: (align) C:/Users/valmac/FullScreenPokemon/src/components/constants/Pokemon.ts[877, 24]: elements are not aligned
ERROR: (align) C:/Users/valmac/FullScreenPokemon/src/components/constants/Pokemon.ts[880, 24]: elements are not aligned
ERROR: (align) C:/Users/valmac/FullScreenPokemon/src/components/constants/Pokemon.ts[906, 24]: elements are not aligned
ERROR: (align) C:/Users/valmac/FullScreenPokemon/src/components/constants/Pokemon.ts[909, 24]: elements are not aligned
ERROR: (align) C:/Users/valmac/FullScreenPokemon/src/components/constants/Pokemon.ts[912, 24]: elements are not aligned
ERROR: (align) C:/Users/valmac/FullScreenPokemon/src/components/constants/Pokemon.ts[915, 24]: elements are not aligned
ERROR: (align) C:/Users/valmac/FullScreenPokemon/src/components/constants/Pokemon.ts[927, 24]: elements are not aligned
ERROR: (align) C:/Users/valmac/FullScreenPokemon/src/components/constants/Pokemon.ts[930, 24]: elements are not aligned
ERROR: (align) C:/Users/valmac/FullScreenPokemon/src/components/constants/Pokemon.ts[933, 24]: elements are not aligned
ERROR: (align) C:/Users/valmac/FullScreenPokemon/src/components/constants/Pokemon.ts[936, 24]: elements are not aligned
ERROR: (align) C:/Users/valmac/FullScreenPokemon/src/components/constants/Pokemon.ts[939, 24]: elements are not aligned
ERROR: (align) C:/Users/valmac/FullScreenPokemon/src/components/constants/Pokemon.ts[942, 24]: elements are not aligned
ERROR: (align) C:/Users/valmac/FullScreenPokemon/src/components/constants/Pokemon.ts[945, 24]: elements are not aligned
ERROR: (align) C:/Users/valmac/FullScreenPokemon/src/components/constants/Pokemon.ts[948, 24]: elements are not aligned
ERROR: (align) C:/Users/valmac/FullScreenPokemon/src/components/constants/Pokemon.ts[951, 24]: elements are not aligned
ERROR: (align) C:/Users/valmac/FullScreenPokemon/src/components/constants/Pokemon.ts[954, 24]: elements are not aligned
ERROR: (align) C:/Users/valmac/FullScreenPokemon/src/components/constants/Pokemon.ts[957, 24]: elements are not aligned
ERROR: (align) C:/Users/valmac/FullScreenPokemon/src/components/constants/Pokemon.ts[960, 24]: elements are not aligned
ERROR: (align) C:/Users/valmac/FullScreenPokemon/src/components/constants/Pokemon.ts[963, 24]: elements are not aligned
ERROR: (align) C:/Users/valmac/FullScreenPokemon/src/components/constants/Pokemon.ts[966, 24]: elements are not aligned
ERROR: (align) C:/Users/valmac/FullScreenPokemon/src/components/constants/Pokemon.ts[969, 24]: elements are not aligned
ERROR: (align) C:/Users/valmac/FullScreenPokemon/src/components/constants/Pokemon.ts[972, 24]: elements are not aligned
ERROR: (align) C:/Users/valmac/FullScreenPokemon/src/components/constants/Pokemon.ts[975, 24]: elements are not aligned
ERROR: (align) C:/Users/valmac/FullScreenPokemon/src/components/constants/Pokemon.ts[978, 24]: elements are not aligned
ERROR: (align) C:/Users/valmac/FullScreenPokemon/src/components/constants/Pokemon.ts[1004, 24]: elements are not aligned
ERROR: (align) C:/Users/valmac/FullScreenPokemon/src/components/constants/Pokemon.ts[1007, 24]: elements are not aligned
ERROR: (align) C:/Users/valmac/FullScreenPokemon/src/components/constants/Pokemon.ts[1010, 24]: elements are not aligned
ERROR: (align) C:/Users/valmac/FullScreenPokemon/src/components/constants/Pokemon.ts[1013, 24]: elements are not aligned
ERROR: (align) C:/Users/valmac/FullScreenPokemon/src/components/constants/Pokemon.ts[1016, 24]: elements are not aligned
ERROR: (align) C:/Users/valmac/FullScreenPokemon/src/components/constants/Pokemon.ts[1019, 24]: elements are not aligned
ERROR: (align) C:/Users/valmac/FullScreenPokemon/src/components/constants/Pokemon.ts[1062, 24]: elements are not aligned
ERROR: (align) C:/Users/valmac/FullScreenPokemon/src/components/constants/Pokemon.ts[1065, 24]: elements are not aligned
ERROR: (align) C:/Users/valmac/FullScreenPokemon/src/components/constants/Pokemon.ts[1068, 24]: elements are not aligned
ERROR: (align) C:/Users/valmac/FullScreenPokemon/src/components/constants/Pokemon.ts[1071, 24]: elements are not aligned
ERROR: (align) C:/Users/valmac/FullScreenPokemon/src/components/constants/Pokemon.ts[1074, 24]: elements are not aligned
ERROR: (align) C:/Users/valmac/FullScreenPokemon/src/components/constants/Pokemon.ts[1077, 24]: elements are not aligned
ERROR: (align) C:/Users/valmac/FullScreenPokemon/src/components/constants/Pokemon.ts[1080, 24]: elements are not aligned
ERROR: (align) C:/Users/valmac/FullScreenPokemon/src/components/constants/Pokemon.ts[1083, 24]: elements are not aligned
ERROR: (align) C:/Users/valmac/FullScreenPokemon/src/components/constants/Pokemon.ts[1095, 24]: elements are not aligned
ERROR: (align) C:/Users/valmac/FullScreenPokemon/src/components/constants/Pokemon.ts[1098, 24]: elements are not aligned
ERROR: (align) C:/Users/valmac/FullScreenPokemon/src/components/constants/Pokemon.ts[1101, 24]: elements are not aligned
ERROR: (align) C:/Users/valmac/FullScreenPokemon/src/components/constants/Pokemon.ts[1104, 24]: elements are not aligned
ERROR: (align) C:/Users/valmac/FullScreenPokemon/src/components/constants/Pokemon.ts[1107, 24]: elements are not aligned
ERROR: (align) C:/Users/valmac/FullScreenPokemon/src/components/constants/Pokemon.ts[1110, 24]: elements are not aligned
ERROR: (align) C:/Users/valmac/FullScreenPokemon/src/components/constants/Pokemon.ts[1113, 24]: elements are not aligned
ERROR: (align) C:/Users/valmac/FullScreenPokemon/src/components/constants/Pokemon.ts[1116, 24]: elements are not aligned
ERROR: (align) C:/Users/valmac/FullScreenPokemon/src/components/constants/Pokemon.ts[1119, 24]: elements are not aligned
ERROR: (align) C:/Users/valmac/FullScreenPokemon/src/components/constants/Pokemon.ts[1122, 24]: elements are not aligned
ERROR: (align) C:/Users/valmac/FullScreenPokemon/src/components/constants/Pokemon.ts[1125, 24]: elements are not aligned
ERROR: (align) C:/Users/valmac/FullScreenPokemon/src/components/constants/Pokemon.ts[1128, 24]: elements are not aligned
ERROR: (align) C:/Users/valmac/FullScreenPokemon/src/components/constants/Pokemon.ts[1154, 24]: elements are not aligned
ERROR: (align) C:/Users/valmac/FullScreenPokemon/src/components/constants/Pokemon.ts[1157, 24]: elements are not aligned
ERROR: (align) C:/Users/valmac/FullScreenPokemon/src/components/constants/Pokemon.ts[1160, 24]: elements are not aligned
ERROR: (align) C:/Users/valmac/FullScreenPokemon/src/components/constants/Pokemon.ts[1163, 24]: elements are not aligned
ERROR: (align) C:/Users/valmac/FullScreenPokemon/src/components/constants/Pokemon.ts[1166, 24]: elements are not aligned
ERROR: (align) C:/Users/valmac/FullScreenPokemon/src/components/constants/Pokemon.ts[1169, 24]: elements are not aligned
ERROR: (align) C:/Users/valmac/FullScreenPokemon/src/components/constants/Pokemon.ts[1172, 24]: elements are not aligned
ERROR: (align) C:/Users/valmac/FullScreenPokemon/src/components/constants/Pokemon.ts[1175, 24]: elements are not aligned
ERROR: (align) C:/Users/valmac/FullScreenPokemon/src/components/constants/Pokemon.ts[1178, 24]: elements are not aligned
ERROR: (align) C:/Users/valmac/FullScreenPokemon/src/components/constants/Pokemon.ts[1186, 24]: elements are not aligned
ERROR: (align) C:/Users/valmac/FullScreenPokemon/src/components/constants/Pokemon.ts[1194, 24]: elements are not aligned
ERROR: (align) C:/Users/valmac/FullScreenPokemon/src/components/constants/Pokemon.ts[1197, 24]: elements are not aligned
ERROR: (align) C:/Users/valmac/FullScreenPokemon/src/components/constants/Pokemon.ts[1200, 24]: elements are not aligned
ERROR: (align) C:/Users/valmac/FullScreenPokemon/src/components/constants/Pokemon.ts[1203, 24]: elements are not aligned
ERROR: (align) C:/Users/valmac/FullScreenPokemon/src/components/constants/Pokemon.ts[1206, 24]: elements are not aligned
ERROR: (align) C:/Users/valmac/FullScreenPokemon/src/components/constants/Pokemon.ts[1209, 24]: elements are not aligned
ERROR: (align) C:/Users/valmac/FullScreenPokemon/src/components/constants/Pokemon.ts[1212, 24]: elements are not aligned
ERROR: (align) C:/Users/valmac/FullScreenPokemon/src/components/constants/Pokemon.ts[1215, 24]: elements are not aligned
ERROR: (align) C:/Users/valmac/FullScreenPokemon/src/components/constants/Pokemon.ts[1218, 24]: elements are not aligned
ERROR: (align) C:/Users/valmac/FullScreenPokemon/src/components/constants/Pokemon.ts[1221, 24]: elements are not aligned
ERROR: (align) C:/Users/valmac/FullScreenPokemon/src/components/constants/Pokemon.ts[1224, 24]: elements are not aligned
ERROR: (align) C:/Users/valmac/FullScreenPokemon/src/components/constants/Pokemon.ts[1227, 24]: elements are not aligned
ERROR: (align) C:/Users/valmac/FullScreenPokemon/src/components/constants/Pokemon.ts[1230, 24]: elements are not aligned
ERROR: (align) C:/Users/valmac/FullScreenPokemon/src/components/constants/Pokemon.ts[1233, 24]: elements are not aligned
ERROR: (align) C:/Users/valmac/FullScreenPokemon/src/components/constants/Pokemon.ts[1236, 24]: elements are not aligned
ERROR: (align) C:/Users/valmac/FullScreenPokemon/src/components/constants/Pokemon.ts[1239, 24]: elements are not aligned
ERROR: (align) C:/Users/valmac/FullScreenPokemon/src/components/constants/Pokemon.ts[1242, 24]: elements are not aligned
ERROR: (align) C:/Users/valmac/FullScreenPokemon/src/components/constants/Pokemon.ts[1245, 24]: elements are not aligned
ERROR: (align) C:/Users/valmac/FullScreenPokemon/src/components/constants/Pokemon.ts[1248, 24]: elements are not aligned
ERROR: (align) C:/Users/valmac/FullScreenPokemon/src/components/constants/Pokemon.ts[1251, 24]: elements are not aligned
ERROR: (align) C:/Users/valmac/FullScreenPokemon/src/components/constants/Pokemon.ts[1254, 24]: elements are not aligned
ERROR: (align) C:/Users/valmac/FullScreenPokemon/src/components/constants/Pokemon.ts[1257, 24]: elements are not aligned
ERROR: (align) C:/Users/valmac/FullScreenPokemon/src/components/constants/Pokemon.ts[1260, 24]: elements are not aligned
ERROR: (align) C:/Users/valmac/FullScreenPokemon/src/components/constants/Pokemon.ts[1263, 24]: elements are not aligned
ERROR: (align) C:/Users/valmac/FullScreenPokemon/src/components/constants/Pokemon.ts[1299, 24]: elements are not aligned
ERROR: (align) C:/Users/valmac/FullScreenPokemon/src/components/constants/Pokemon.ts[1302, 24]: elements are not aligned
ERROR: (align) C:/Users/valmac/FullScreenPokemon/src/components/constants/Pokemon.ts[1305, 24]: elements are not aligned
ERROR: (align) C:/Users/valmac/FullScreenPokemon/src/components/constants/Pokemon.ts[1308, 24]: elements are not aligned
ERROR: (align) C:/Users/valmac/FullScreenPokemon/src/components/constants/Pokemon.ts[1311, 24]: elements are not aligned
ERROR: (align) C:/Users/valmac/FullScreenPokemon/src/components/constants/Pokemon.ts[1314, 24]: elements are not aligned
ERROR: (align) C:/Users/valmac/FullScreenPokemon/src/components/constants/Pokemon.ts[1317, 24]: elements are not aligned
ERROR: (align) C:/Users/valmac/FullScreenPokemon/src/components/constants/Pokemon.ts[1320, 24]: elements are not aligned
ERROR: (align) C:/Users/valmac/FullScreenPokemon/src/components/constants/Pokemon.ts[1332, 24]: elements are not aligned
ERROR: (align) C:/Users/valmac/FullScreenPokemon/src/components/constants/Pokemon.ts[1335, 24]: elements are not aligned
ERROR: (align) C:/Users/valmac/FullScreenPokemon/src/components/constants/Pokemon.ts[1338, 24]: elements are not aligned
ERROR: (align) C:/Users/valmac/FullScreenPokemon/src/components/constants/Pokemon.ts[1341, 24]: elements are not aligned
ERROR: (align) C:/Users/valmac/FullScreenPokemon/src/components/constants/Pokemon.ts[1344, 24]: elements are not aligned
ERROR: (align) C:/Users/valmac/FullScreenPokemon/src/components/constants/Pokemon.ts[1347, 24]: elements are not aligned
ERROR: (align) C:/Users/valmac/FullScreenPokemon/src/components/constants/Pokemon.ts[1350, 24]: elements are not aligned
ERROR: (align) C:/Users/valmac/FullScreenPokemon/src/components/constants/Pokemon.ts[1353, 24]: elements are not aligned
ERROR: (align) C:/Users/valmac/FullScreenPokemon/src/components/constants/Pokemon.ts[1356, 24]: elements are not aligned
ERROR: (align) C:/Users/valmac/FullScreenPokemon/src/components/constants/Pokemon.ts[1359, 24]: elements are not aligned
ERROR: (align) C:/Users/valmac/FullScreenPokemon/src/components/constants/Pokemon.ts[1362, 24]: elements are not aligned
ERROR: (align) C:/Users/valmac/FullScreenPokemon/src/components/constants/Pokemon.ts[1365, 24]: elements are not aligned
ERROR: (align) C:/Users/valmac/FullScreenPokemon/src/components/constants/Pokemon.ts[1368, 24]: elements are not aligned
ERROR: (align) C:/Users/valmac/FullScreenPokemon/src/components/constants/Pokemon.ts[1394, 24]: elements are not aligned
ERROR: (align) C:/Users/valmac/FullScreenPokemon/src/components/constants/Pokemon.ts[1397, 24]: elements are not aligned
ERROR: (align) C:/Users/valmac/FullScreenPokemon/src/components/constants/Pokemon.ts[1400, 24]: elements are not aligned
ERROR: (align) C:/Users/valmac/FullScreenPokemon/src/components/constants/Pokemon.ts[1403, 24]: elements are not aligned
ERROR: (align) C:/Users/valmac/FullScreenPokemon/src/components/constants/Pokemon.ts[1406, 24]: elements are not aligned
ERROR: (align) C:/Users/valmac/FullScreenPokemon/src/components/constants/Pokemon.ts[1409, 24]: elements are not aligned
ERROR: (align) C:/Users/valmac/FullScreenPokemon/src/components/constants/Pokemon.ts[1412, 24]: elements are not aligned
ERROR: (align) C:/Users/valmac/FullScreenPokemon/src/components/constants/Pokemon.ts[1421, 24]: elements are not aligned
ERROR: (align) C:/Users/valmac/FullScreenPokemon/src/components/constants/Pokemon.ts[1424, 24]: elements are not aligned
ERROR: (align) C:/Users/valmac/FullScreenPokemon/src/components/constants/Pokemon.ts[1427, 24]: elements are not aligned
ERROR: (align) C:/Users/valmac/FullScreenPokemon/src/components/constants/Pokemon.ts[1430, 24]: elements are not aligned
ERROR: (align) C:/Users/valmac/FullScreenPokemon/src/components/constants/Pokemon.ts[1433, 24]: elements are not aligned
ERROR: (align) C:/Users/valmac/FullScreenPokemon/src/components/constants/Pokemon.ts[1436, 24]: elements are not aligned
ERROR: (align) C:/Users/valmac/FullScreenPokemon/src/components/constants/Pokemon.ts[1439, 24]: elements are not aligned
ERROR: (align) C:/Users/valmac/FullScreenPokemon/src/components/constants/Pokemon.ts[1442, 24]: elements are not aligned
ERROR: (align) C:/Users/valmac/FullScreenPokemon/src/components/constants/Pokemon.ts[1445, 24]: elements are not aligned
ERROR: (align) C:/Users/valmac/FullScreenPokemon/src/components/constants/Pokemon.ts[1448, 24]: elements are not aligned
ERROR: (align) C:/Users/valmac/FullScreenPokemon/src/components/constants/Pokemon.ts[1451, 24]: elements are not aligned
ERROR: (align) C:/Users/valmac/FullScreenPokemon/src/components/constants/Pokemon.ts[1454, 24]: elements are not aligned
ERROR: (align) C:/Users/valmac/FullScreenPokemon/src/components/constants/Pokemon.ts[1457, 24]: elements are not aligned
ERROR: (align) C:/Users/valmac/FullScreenPokemon/src/components/constants/Pokemon.ts[1460, 24]: elements are not aligned
ERROR: (align) C:/Users/valmac/FullScreenPokemon/src/components/constants/Pokemon.ts[1463, 24]: elements are not aligned
ERROR: (align) C:/Users/valmac/FullScreenPokemon/src/components/constants/Pokemon.ts[1466, 24]: elements are not aligned
ERROR: (align) C:/Users/valmac/FullScreenPokemon/src/components/constants/Pokemon.ts[1469, 24]: elements are not aligned
ERROR: (align) C:/Users/valmac/FullScreenPokemon/src/components/constants/Pokemon.ts[1472, 24]: elements are not aligned
ERROR: (align) C:/Users/valmac/FullScreenPokemon/src/components/constants/Pokemon.ts[1506, 20]: elements are not aligned
ERROR: (align) C:/Users/valmac/FullScreenPokemon/src/components/constants/Pokemon.ts[1534, 24]: elements are not aligned
ERROR: (align) C:/Users/valmac/FullScreenPokemon/src/components/constants/Pokemon.ts[1537, 24]: elements are not aligned
ERROR: (align) C:/Users/valmac/FullScreenPokemon/src/components/constants/Pokemon.ts[1540, 24]: elements are not aligned
ERROR: (align) C:/Users/valmac/FullScreenPokemon/src/components/constants/Pokemon.ts[1543, 24]: elements are not aligned
ERROR: (align) C:/Users/valmac/FullScreenPokemon/src/components/constants/Pokemon.ts[1546, 24]: elements are not aligned
ERROR: (align) C:/Users/valmac/FullScreenPokemon/src/components/constants/Pokemon.ts[1549, 24]: elements are not aligned
ERROR: (align) C:/Users/valmac/FullScreenPokemon/src/components/constants/Pokemon.ts[1552, 24]: elements are not aligned
ERROR: (align) C:/Users/valmac/FullScreenPokemon/src/components/constants/Pokemon.ts[1560, 24]: elements are not aligned
ERROR: (align) C:/Users/valmac/FullScreenPokemon/src/components/constants/Pokemon.ts[1568, 24]: elements are not aligned
ERROR: (align) C:/Users/valmac/FullScreenPokemon/src/components/constants/Pokemon.ts[1571, 24]: elements are not aligned
ERROR: (align) C:/Users/valmac/FullScreenPokemon/src/components/constants/Pokemon.ts[1574, 24]: elements are not aligned
ERROR: (align) C:/Users/valmac/FullScreenPokemon/src/components/constants/Pokemon.ts[1577, 24]: elements are not aligned
ERROR: (align) C:/Users/valmac/FullScreenPokemon/src/components/constants/Pokemon.ts[1580, 24]: elements are not aligned
ERROR: (align) C:/Users/valmac/FullScreenPokemon/src/components/constants/Pokemon.ts[1583, 24]: elements are not aligned
ERROR: (align) C:/Users/valmac/FullScreenPokemon/src/components/constants/Pokemon.ts[1586, 24]: elements are not aligned
ERROR: (align) C:/Users/valmac/FullScreenPokemon/src/components/constants/Pokemon.ts[1589, 24]: elements are not aligned
ERROR: (align) C:/Users/valmac/FullScreenPokemon/src/components/constants/Pokemon.ts[1592, 24]: elements are not aligned
ERROR: (align) C:/Users/valmac/FullScreenPokemon/src/components/constants/Pokemon.ts[1595, 24]: elements are not aligned
ERROR: (align) C:/Users/valmac/FullScreenPokemon/src/components/constants/Pokemon.ts[1598, 24]: elements are not aligned
ERROR: (align) C:/Users/valmac/FullScreenPokemon/src/components/constants/Pokemon.ts[1601, 24]: elements are not aligned
ERROR: (align) C:/Users/valmac/FullScreenPokemon/src/components/constants/Pokemon.ts[1604, 24]: elements are not aligned
ERROR: (align) C:/Users/valmac/FullScreenPokemon/src/components/constants/Pokemon.ts[1607, 24]: elements are not aligned
ERROR: (align) C:/Users/valmac/FullScreenPokemon/src/components/constants/Pokemon.ts[1610, 24]: elements are not aligned
ERROR: (align) C:/Users/valmac/FullScreenPokemon/src/components/constants/Pokemon.ts[1613, 24]: elements are not aligned
ERROR: (align) C:/Users/valmac/FullScreenPokemon/src/components/constants/Pokemon.ts[1616, 24]: elements are not aligned
ERROR: (align) C:/Users/valmac/FullScreenPokemon/src/components/constants/Pokemon.ts[1619, 24]: elements are not aligned
ERROR: (align) C:/Users/valmac/FullScreenPokemon/src/components/constants/Pokemon.ts[1622, 24]: elements are not aligned
ERROR: (align) C:/Users/valmac/FullScreenPokemon/src/components/constants/Pokemon.ts[1625, 24]: elements are not aligned
ERROR: (align) C:/Users/valmac/FullScreenPokemon/src/components/constants/Pokemon.ts[1628, 24]: elements are not aligned
ERROR: (align) C:/Users/valmac/FullScreenPokemon/src/components/constants/Pokemon.ts[1631, 24]: elements are not aligned
ERROR: (align) C:/Users/valmac/FullScreenPokemon/src/components/constants/Pokemon.ts[1634, 24]: elements are not aligned
ERROR: (align) C:/Users/valmac/FullScreenPokemon/src/components/constants/Pokemon.ts[1637, 24]: elements are not aligned
ERROR: (align) C:/Users/valmac/FullScreenPokemon/src/components/constants/Pokemon.ts[1640, 24]: elements are not aligned
ERROR: (align) C:/Users/valmac/FullScreenPokemon/src/components/constants/Pokemon.ts[1643, 24]: elements are not aligned
ERROR: (align) C:/Users/valmac/FullScreenPokemon/src/components/constants/Pokemon.ts[1646, 24]: elements are not aligned
ERROR: (align) C:/Users/valmac/FullScreenPokemon/src/components/constants/Pokemon.ts[1649, 24]: elements are not aligned
ERROR: (align) C:/Users/valmac/FullScreenPokemon/src/components/constants/Pokemon.ts[1652, 24]: elements are not aligned
ERROR: (align) C:/Users/valmac/FullScreenPokemon/src/components/constants/Pokemon.ts[1655, 24]: elements are not aligned
ERROR: (align) C:/Users/valmac/FullScreenPokemon/src/components/constants/Pokemon.ts[1658, 24]: elements are not aligned
ERROR: (align) C:/Users/valmac/FullScreenPokemon/src/components/constants/Pokemon.ts[1661, 24]: elements are not aligned
ERROR: (align) C:/Users/valmac/FullScreenPokemon/src/components/constants/Pokemon.ts[1664, 24]: elements are not aligned
ERROR: (align) C:/Users/valmac/FullScreenPokemon/src/components/constants/Pokemon.ts[1690, 24]: elements are not aligned
ERROR: (align) C:/Users/valmac/FullScreenPokemon/src/components/constants/Pokemon.ts[1693, 24]: elements are not aligned
ERROR: (align) C:/Users/valmac/FullScreenPokemon/src/components/constants/Pokemon.ts[1696, 24]: elements are not aligned
ERROR: (align) C:/Users/valmac/FullScreenPokemon/src/components/constants/Pokemon.ts[1699, 24]: elements are not aligned
ERROR: (align) C:/Users/valmac/FullScreenPokemon/src/components/constants/Pokemon.ts[1702, 24]: elements are not aligned
ERROR: (align) C:/Users/valmac/FullScreenPokemon/src/components/constants/Pokemon.ts[1705, 24]: elements are not aligned
ERROR: (align) C:/Users/valmac/FullScreenPokemon/src/components/constants/Pokemon.ts[1708, 24]: elements are not aligned
ERROR: (align) C:/Users/valmac/FullScreenPokemon/src/components/constants/Pokemon.ts[1711, 24]: elements are not aligned
ERROR: (align) C:/Users/valmac/FullScreenPokemon/src/components/constants/Pokemon.ts[1714, 24]: elements are not aligned
ERROR: (align) C:/Users/valmac/FullScreenPokemon/src/components/constants/Pokemon.ts[1722, 24]: elements are not aligned
ERROR: (align) C:/Users/valmac/FullScreenPokemon/src/components/constants/Pokemon.ts[1730, 24]: elements are not aligned
ERROR: (align) C:/Users/valmac/FullScreenPokemon/src/components/constants/Pokemon.ts[1733, 24]: elements are not aligned
ERROR: (align) C:/Users/valmac/FullScreenPokemon/src/components/constants/Pokemon.ts[1736, 24]: elements are not aligned
ERROR: (align) C:/Users/valmac/FullScreenPokemon/src/components/constants/Pokemon.ts[1739, 24]: elements are not aligned
ERROR: (align) C:/Users/valmac/FullScreenPokemon/src/components/constants/Pokemon.ts[1742, 24]: elements are not aligned
ERROR: (align) C:/Users/valmac/FullScreenPokemon/src/components/constants/Pokemon.ts[1745, 24]: elements are not aligned
ERROR: (align) C:/Users/valmac/FullScreenPokemon/src/components/constants/Pokemon.ts[1748, 24]: elements are not aligned
ERROR: (align) C:/Users/valmac/FullScreenPokemon/src/components/constants/Pokemon.ts[1751, 24]: elements are not aligned
ERROR: (align) C:/Users/valmac/FullScreenPokemon/src/components/constants/Pokemon.ts[1754, 24]: elements are not aligned
ERROR: (align) C:/Users/valmac/FullScreenPokemon/src/components/constants/Pokemon.ts[1757, 24]: elements are not aligned
ERROR: (align) C:/Users/valmac/FullScreenPokemon/src/components/constants/Pokemon.ts[1760, 24]: elements are not aligned
ERROR: (align) C:/Users/valmac/FullScreenPokemon/src/components/constants/Pokemon.ts[1763, 24]: elements are not aligned
ERROR: (align) C:/Users/valmac/FullScreenPokemon/src/components/constants/Pokemon.ts[1766, 24]: elements are not aligned
ERROR: (align) C:/Users/valmac/FullScreenPokemon/src/components/constants/Pokemon.ts[1769, 24]: elements are not aligned
ERROR: (align) C:/Users/valmac/FullScreenPokemon/src/components/constants/Pokemon.ts[1772, 24]: elements are not aligned
ERROR: (align) C:/Users/valmac/FullScreenPokemon/src/components/constants/Pokemon.ts[1775, 24]: elements are not aligned
ERROR: (align) C:/Users/valmac/FullScreenPokemon/src/components/constants/Pokemon.ts[1778, 24]: elements are not aligned
ERROR: (align) C:/Users/valmac/FullScreenPokemon/src/components/constants/Pokemon.ts[1781, 24]: elements are not aligned
ERROR: (align) C:/Users/valmac/FullScreenPokemon/src/components/constants/Pokemon.ts[1784, 24]: elements are not aligned
ERROR: (align) C:/Users/valmac/FullScreenPokemon/src/components/constants/Pokemon.ts[1787, 24]: elements are not aligned
ERROR: (align) C:/Users/valmac/FullScreenPokemon/src/components/constants/Pokemon.ts[1790, 24]: elements are not aligned
ERROR: (align) C:/Users/valmac/FullScreenPokemon/src/components/constants/Pokemon.ts[1793, 24]: elements are not aligned
ERROR: (align) C:/Users/valmac/FullScreenPokemon/src/components/constants/Pokemon.ts[1796, 24]: elements are not aligned
ERROR: (align) C:/Users/valmac/FullScreenPokemon/src/components/constants/Pokemon.ts[1799, 24]: elements are not aligned
ERROR: (align) C:/Users/valmac/FullScreenPokemon/src/components/constants/Pokemon.ts[1835, 24]: elements are not aligned
ERROR: (align) C:/Users/valmac/FullScreenPokemon/src/components/constants/Pokemon.ts[1838, 24]: elements are not aligned
ERROR: (align) C:/Users/valmac/FullScreenPokemon/src/components/constants/Pokemon.ts[1841, 24]: elements are not aligned
ERROR: (align) C:/Users/valmac/FullScreenPokemon/src/components/constants/Pokemon.ts[1844, 24]: elements are not aligned
ERROR: (align) C:/Users/valmac/FullScreenPokemon/src/components/constants/Pokemon.ts[1847, 24]: elements are not aligned
ERROR: (align) C:/Users/valmac/FullScreenPokemon/src/components/constants/Pokemon.ts[1850, 24]: elements are not aligned
ERROR: (align) C:/Users/valmac/FullScreenPokemon/src/components/constants/Pokemon.ts[1853, 24]: elements are not aligned
ERROR: (align) C:/Users/valmac/FullScreenPokemon/src/components/constants/Pokemon.ts[1861, 24]: elements are not aligned
ERROR: (align) C:/Users/valmac/FullScreenPokemon/src/components/constants/Pokemon.ts[1869, 24]: elements are not aligned
ERROR: (align) C:/Users/valmac/FullScreenPokemon/src/components/constants/Pokemon.ts[1872, 24]: elements are not aligned
ERROR: (align) C:/Users/valmac/FullScreenPokemon/src/components/constants/Pokemon.ts[1875, 24]: elements are not aligned
ERROR: (align) C:/Users/valmac/FullScreenPokemon/src/components/constants/Pokemon.ts[1878, 24]: elements are not aligned
ERROR: (align) C:/Users/valmac/FullScreenPokemon/src/components/constants/Pokemon.ts[1881, 24]: elements are not aligned
ERROR: (align) C:/Users/valmac/FullScreenPokemon/src/components/constants/Pokemon.ts[1884, 24]: elements are not aligned
ERROR: (align) C:/Users/valmac/FullScreenPokemon/src/components/constants/Pokemon.ts[1887, 24]: elements are not aligned
ERROR: (align) C:/Users/valmac/FullScreenPokemon/src/components/constants/Pokemon.ts[1890, 24]: elements are not aligned
ERROR: (align) C:/Users/valmac/FullScreenPokemon/src/components/constants/Pokemon.ts[1893, 24]: elements are not aligned
ERROR: (align) C:/Users/valmac/FullScreenPokemon/src/components/constants/Pokemon.ts[1896, 24]: elements are not aligned
ERROR: (align) C:/Users/valmac/FullScreenPokemon/src/components/constants/Pokemon.ts[1899, 24]: elements are not aligned
ERROR: (align) C:/Users/valmac/FullScreenPokemon/src/components/constants/Pokemon.ts[1902, 24]: elements are not aligned
ERROR: (align) C:/Users/valmac/FullScreenPokemon/src/components/constants/Pokemon.ts[1905, 24]: elements are not aligned
ERROR: (align) C:/Users/valmac/FullScreenPokemon/src/components/constants/Pokemon.ts[1908, 24]: elements are not aligned
ERROR: (align) C:/Users/valmac/FullScreenPokemon/src/components/constants/Pokemon.ts[1911, 24]: elements are not aligned
ERROR: (align) C:/Users/valmac/FullScreenPokemon/src/components/constants/Pokemon.ts[1914, 24]: elements are not aligned
ERROR: (align) C:/Users/valmac/FullScreenPokemon/src/components/constants/Pokemon.ts[1917, 24]: elements are not aligned
ERROR: (align) C:/Users/valmac/FullScreenPokemon/src/components/constants/Pokemon.ts[1920, 24]: elements are not aligned
ERROR: (align) C:/Users/valmac/FullScreenPokemon/src/components/constants/Pokemon.ts[1923, 24]: elements are not aligned
ERROR: (align) C:/Users/valmac/FullScreenPokemon/src/components/constants/Pokemon.ts[1926, 24]: elements are not aligned
ERROR: (align) C:/Users/valmac/FullScreenPokemon/src/components/constants/Pokemon.ts[1929, 24]: elements are not aligned
ERROR: (align) C:/Users/valmac/FullScreenPokemon/src/components/constants/Pokemon.ts[1964, 24]: elements are not aligned
ERROR: (align) C:/Users/valmac/FullScreenPokemon/src/components/constants/Pokemon.ts[1967, 24]: elements are not aligned
ERROR: (align) C:/Users/valmac/FullScreenPokemon/src/components/constants/Pokemon.ts[1970, 24]: elements are not aligned
ERROR: (align) C:/Users/valmac/FullScreenPokemon/src/components/constants/Pokemon.ts[1973, 24]: elements are not aligned
ERROR: (align) C:/Users/valmac/FullScreenPokemon/src/components/constants/Pokemon.ts[1976, 24]: elements are not aligned
ERROR: (align) C:/Users/valmac/FullScreenPokemon/src/components/constants/Pokemon.ts[1979, 24]: elements are not aligned
ERROR: (align) C:/Users/valmac/FullScreenPokemon/src/components/constants/Pokemon.ts[1982, 24]: elements are not aligned
ERROR: (align) C:/Users/valmac/FullScreenPokemon/src/components/constants/Pokemon.ts[1985, 24]: elements are not aligned
ERROR: (align) C:/Users/valmac/FullScreenPokemon/src/components/constants/Pokemon.ts[1994, 24]: elements are not aligned
ERROR: (align) C:/Users/valmac/FullScreenPokemon/src/components/constants/Pokemon.ts[1997, 24]: elements are not aligned
ERROR: (align) C:/Users/valmac/FullScreenPokemon/src/components/constants/Pokemon.ts[2000, 24]: elements are not aligned
ERROR: (align) C:/Users/valmac/FullScreenPokemon/src/components/constants/Pokemon.ts[2003, 24]: elements are not aligned
ERROR: (align) C:/Users/valmac/FullScreenPokemon/src/components/constants/Pokemon.ts[2006, 24]: elements are not aligned
ERROR: (align) C:/Users/valmac/FullScreenPokemon/src/components/constants/Pokemon.ts[2009, 24]: elements are not aligned
ERROR: (align) C:/Users/valmac/FullScreenPokemon/src/components/constants/Pokemon.ts[2012, 24]: elements are not aligned
ERROR: (align) C:/Users/valmac/FullScreenPokemon/src/components/constants/Pokemon.ts[2015, 24]: elements are not aligned
ERROR: (align) C:/Users/valmac/FullScreenPokemon/src/components/constants/Pokemon.ts[2018, 24]: elements are not aligned
ERROR: (align) C:/Users/valmac/FullScreenPokemon/src/components/constants/Pokemon.ts[2021, 24]: elements are not aligned
ERROR: (align) C:/Users/valmac/FullScreenPokemon/src/components/constants/Pokemon.ts[2024, 24]: elements are not aligned
ERROR: (align) C:/Users/valmac/FullScreenPokemon/src/components/constants/Pokemon.ts[2027, 24]: elements are not aligned
ERROR: (align) C:/Users/valmac/FullScreenPokemon/src/components/constants/Pokemon.ts[2030, 24]: elements are not aligned
ERROR: (align) C:/Users/valmac/FullScreenPokemon/src/components/constants/Pokemon.ts[2033, 24]: elements are not aligned
ERROR: (align) C:/Users/valmac/FullScreenPokemon/src/components/constants/Pokemon.ts[2036, 24]: elements are not aligned
ERROR: (align) C:/Users/valmac/FullScreenPokemon/src/components/constants/Pokemon.ts[2039, 24]: elements are not aligned
ERROR: (align) C:/Users/valmac/FullScreenPokemon/src/components/constants/Pokemon.ts[2042, 24]: elements are not aligned
ERROR: (align) C:/Users/valmac/FullScreenPokemon/src/components/constants/Pokemon.ts[2045, 24]: elements are not aligned
ERROR: (align) C:/Users/valmac/FullScreenPokemon/src/components/constants/Pokemon.ts[2048, 24]: elements are not aligned
ERROR: (align) C:/Users/valmac/FullScreenPokemon/src/components/constants/Pokemon.ts[2051, 24]: elements are not aligned
ERROR: (align) C:/Users/valmac/FullScreenPokemon/src/components/constants/Pokemon.ts[2054, 24]: elements are not aligned
ERROR: (align) C:/Users/valmac/FullScreenPokemon/src/components/constants/Pokemon.ts[2080, 24]: elements are not aligned
ERROR: (align) C:/Users/valmac/FullScreenPokemon/src/components/constants/Pokemon.ts[2083, 24]: elements are not aligned
ERROR: (align) C:/Users/valmac/FullScreenPokemon/src/components/constants/Pokemon.ts[2086, 24]: elements are not aligned
ERROR: (align) C:/Users/valmac/FullScreenPokemon/src/components/constants/Pokemon.ts[2094, 24]: elements are not aligned
ERROR: (align) C:/Users/valmac/FullScreenPokemon/src/components/constants/Pokemon.ts[2102, 24]: elements are not aligned
ERROR: (align) C:/Users/valmac/FullScreenPokemon/src/components/constants/Pokemon.ts[2137, 24]: elements are not aligned
ERROR: (align) C:/Users/valmac/FullScreenPokemon/src/components/constants/Pokemon.ts[2140, 24]: elements are not aligned
ERROR: (align) C:/Users/valmac/FullScreenPokemon/src/components/constants/Pokemon.ts[2143, 24]: elements are not aligned
ERROR: (align) C:/Users/valmac/FullScreenPokemon/src/components/constants/Pokemon.ts[2146, 24]: elements are not aligned
ERROR: (align) C:/Users/valmac/FullScreenPokemon/src/components/constants/Pokemon.ts[2149, 24]: elements are not aligned
ERROR: (align) C:/Users/valmac/FullScreenPokemon/src/components/constants/Pokemon.ts[2152, 24]: elements are not aligned
ERROR: (align) C:/Users/valmac/FullScreenPokemon/src/components/constants/Pokemon.ts[2155, 24]: elements are not aligned
ERROR: (align) C:/Users/valmac/FullScreenPokemon/src/components/constants/Pokemon.ts[2163, 24]: elements are not aligned
ERROR: (align) C:/Users/valmac/FullScreenPokemon/src/components/constants/Pokemon.ts[2171, 24]: elements are not aligned
ERROR: (align) C:/Users/valmac/FullScreenPokemon/src/components/constants/Pokemon.ts[2174, 24]: elements are not aligned
ERROR: (align) C:/Users/valmac/FullScreenPokemon/src/components/constants/Pokemon.ts[2177, 24]: elements are not aligned
ERROR: (align) C:/Users/valmac/FullScreenPokemon/src/components/constants/Pokemon.ts[2180, 24]: elements are not aligned
ERROR: (align) C:/Users/valmac/FullScreenPokemon/src/components/constants/Pokemon.ts[2183, 24]: elements are not aligned
ERROR: (align) C:/Users/valmac/FullScreenPokemon/src/components/constants/Pokemon.ts[2186, 24]: elements are not aligned
ERROR: (align) C:/Users/valmac/FullScreenPokemon/src/components/constants/Pokemon.ts[2189, 24]: elements are not aligned
ERROR: (align) C:/Users/valmac/FullScreenPokemon/src/components/constants/Pokemon.ts[2192, 24]: elements are not aligned
ERROR: (align) C:/Users/valmac/FullScreenPokemon/src/components/constants/Pokemon.ts[2195, 24]: elements are not aligned
ERROR: (align) C:/Users/valmac/FullScreenPokemon/src/components/constants/Pokemon.ts[2198, 24]: elements are not aligned
ERROR: (align) C:/Users/valmac/FullScreenPokemon/src/components/constants/Pokemon.ts[2201, 24]: elements are not aligned
ERROR: (align) C:/Users/valmac/FullScreenPokemon/src/components/constants/Pokemon.ts[2204, 24]: elements are not aligned
ERROR: (align) C:/Users/valmac/FullScreenPokemon/src/components/constants/Pokemon.ts[2207, 24]: elements are not aligned
ERROR: (align) C:/Users/valmac/FullScreenPokemon/src/components/constants/Pokemon.ts[2210, 24]: elements are not aligned
ERROR: (align) C:/Users/valmac/FullScreenPokemon/src/components/constants/Pokemon.ts[2213, 24]: elements are not aligned
ERROR: (align) C:/Users/valmac/FullScreenPokemon/src/components/constants/Pokemon.ts[2216, 24]: elements are not aligned
ERROR: (align) C:/Users/valmac/FullScreenPokemon/src/components/constants/Pokemon.ts[2219, 24]: elements are not aligned
ERROR: (align) C:/Users/valmac/FullScreenPokemon/src/components/constants/Pokemon.ts[2222, 24]: elements are not aligned
ERROR: (align) C:/Users/valmac/FullScreenPokemon/src/components/constants/Pokemon.ts[2225, 24]: elements are not aligned
ERROR: (align) C:/Users/valmac/FullScreenPokemon/src/components/constants/Pokemon.ts[2228, 24]: elements are not aligned
ERROR: (align) C:/Users/valmac/FullScreenPokemon/src/components/constants/Pokemon.ts[2231, 24]: elements are not aligned
ERROR: (align) C:/Users/valmac/FullScreenPokemon/src/components/constants/Pokemon.ts[2234, 24]: elements are not aligned
ERROR: (align) C:/Users/valmac/FullScreenPokemon/src/components/constants/Pokemon.ts[2237, 24]: elements are not aligned
ERROR: (align) C:/Users/valmac/FullScreenPokemon/src/components/constants/Pokemon.ts[2240, 24]: elements are not aligned
ERROR: (align) C:/Users/valmac/FullScreenPokemon/src/components/constants/Pokemon.ts[2243, 24]: elements are not aligned
ERROR: (align) C:/Users/valmac/FullScreenPokemon/src/components/constants/Pokemon.ts[2246, 24]: elements are not aligned
ERROR: (align) C:/Users/valmac/FullScreenPokemon/src/components/constants/Pokemon.ts[2249, 24]: elements are not aligned
ERROR: (align) C:/Users/valmac/FullScreenPokemon/src/components/constants/Pokemon.ts[2252, 24]: elements are not aligned
ERROR: (align) C:/Users/valmac/FullScreenPokemon/src/components/constants/Pokemon.ts[2255, 24]: elements are not aligned
ERROR: (align) C:/Users/valmac/FullScreenPokemon/src/components/constants/Pokemon.ts[2258, 24]: elements are not aligned
ERROR: (align) C:/Users/valmac/FullScreenPokemon/src/components/constants/Pokemon.ts[2284, 24]: elements are not aligned
ERROR: (align) C:/Users/valmac/FullScreenPokemon/src/components/constants/Pokemon.ts[2287, 24]: elements are not aligned
ERROR: (align) C:/Users/valmac/FullScreenPokemon/src/components/constants/Pokemon.ts[2290, 24]: elements are not aligned
ERROR: (align) C:/Users/valmac/FullScreenPokemon/src/components/constants/Pokemon.ts[2293, 24]: elements are not aligned
ERROR: (align) C:/Users/valmac/FullScreenPokemon/src/components/constants/Pokemon.ts[2333, 24]: elements are not aligned
ERROR: (align) C:/Users/valmac/FullScreenPokemon/src/components/constants/Pokemon.ts[2336, 24]: elements are not aligned
ERROR: (align) C:/Users/valmac/FullScreenPokemon/src/components/constants/Pokemon.ts[2339, 24]: elements are not aligned
ERROR: (align) C:/Users/valmac/FullScreenPokemon/src/components/constants/Pokemon.ts[2342, 24]: elements are not aligned
ERROR: (align) C:/Users/valmac/FullScreenPokemon/src/components/constants/Pokemon.ts[2345, 24]: elements are not aligned
ERROR: (align) C:/Users/valmac/FullScreenPokemon/src/components/constants/Pokemon.ts[2348, 24]: elements are not aligned
ERROR: (align) C:/Users/valmac/FullScreenPokemon/src/components/constants/Pokemon.ts[2360, 24]: elements are not aligned
ERROR: (align) C:/Users/valmac/FullScreenPokemon/src/components/constants/Pokemon.ts[2363, 24]: elements are not aligned
ERROR: (align) C:/Users/valmac/FullScreenPokemon/src/components/constants/Pokemon.ts[2366, 24]: elements are not aligned
ERROR: (align) C:/Users/valmac/FullScreenPokemon/src/components/constants/Pokemon.ts[2369, 24]: elements are not aligned
ERROR: (align) C:/Users/valmac/FullScreenPokemon/src/components/constants/Pokemon.ts[2372, 24]: elements are not aligned
ERROR: (align) C:/Users/valmac/FullScreenPokemon/src/components/constants/Pokemon.ts[2375, 24]: elements are not aligned
ERROR: (align) C:/Users/valmac/FullScreenPokemon/src/components/constants/Pokemon.ts[2378, 24]: elements are not aligned
ERROR: (align) C:/Users/valmac/FullScreenPokemon/src/components/constants/Pokemon.ts[2381, 24]: elements are not aligned
ERROR: (align) C:/Users/valmac/FullScreenPokemon/src/components/constants/Pokemon.ts[2384, 24]: elements are not aligned
ERROR: (align) C:/Users/valmac/FullScreenPokemon/src/components/constants/Pokemon.ts[2387, 24]: elements are not aligned
ERROR: (align) C:/Users/valmac/FullScreenPokemon/src/components/constants/Pokemon.ts[2390, 24]: elements are not aligned
ERROR: (align) C:/Users/valmac/FullScreenPokemon/src/components/constants/Pokemon.ts[2393, 24]: elements are not aligned
ERROR: (align) C:/Users/valmac/FullScreenPokemon/src/components/constants/Pokemon.ts[2396, 24]: elements are not aligned
ERROR: (align) C:/Users/valmac/FullScreenPokemon/src/components/constants/Pokemon.ts[2399, 24]: elements are not aligned
ERROR: (align) C:/Users/valmac/FullScreenPokemon/src/components/constants/Pokemon.ts[2402, 24]: elements are not aligned
ERROR: (align) C:/Users/valmac/FullScreenPokemon/src/components/constants/Pokemon.ts[2405, 24]: elements are not aligned
ERROR: (align) C:/Users/valmac/FullScreenPokemon/src/components/constants/Pokemon.ts[2408, 24]: elements are not aligned
ERROR: (align) C:/Users/valmac/FullScreenPokemon/src/components/constants/Pokemon.ts[2411, 24]: elements are not aligned
ERROR: (align) C:/Users/valmac/FullScreenPokemon/src/components/constants/Pokemon.ts[2414, 24]: elements are not aligned
ERROR: (align) C:/Users/valmac/FullScreenPokemon/src/components/constants/Pokemon.ts[2417, 24]: elements are not aligned
ERROR: (align) C:/Users/valmac/FullScreenPokemon/src/components/constants/Pokemon.ts[2420, 24]: elements are not aligned
ERROR: (align) C:/Users/valmac/FullScreenPokemon/src/components/constants/Pokemon.ts[2423, 24]: elements are not aligned
ERROR: (align) C:/Users/valmac/FullScreenPokemon/src/components/constants/Pokemon.ts[2426, 24]: elements are not aligned
ERROR: (align) C:/Users/valmac/FullScreenPokemon/src/components/constants/Pokemon.ts[2452, 24]: elements are not aligned
ERROR: (align) C:/Users/valmac/FullScreenPokemon/src/components/constants/Pokemon.ts[2455, 24]: elements are not aligned
ERROR: (align) C:/Users/valmac/FullScreenPokemon/src/components/constants/Pokemon.ts[2458, 24]: elements are not aligned
ERROR: (align) C:/Users/valmac/FullScreenPokemon/src/components/constants/Pokemon.ts[2461, 24]: elements are not aligned
ERROR: (align) C:/Users/valmac/FullScreenPokemon/src/components/constants/Pokemon.ts[2464, 24]: elements are not aligned
ERROR: (align) C:/Users/valmac/FullScreenPokemon/src/components/constants/Pokemon.ts[2467, 24]: elements are not aligned
ERROR: (align) C:/Users/valmac/FullScreenPokemon/src/components/constants/Pokemon.ts[2470, 24]: elements are not aligned
ERROR: (align) C:/Users/valmac/FullScreenPokemon/src/components/constants/Pokemon.ts[2479, 24]: elements are not aligned
ERROR: (align) C:/Users/valmac/FullScreenPokemon/src/components/constants/Pokemon.ts[2482, 24]: elements are not aligned
ERROR: (align) C:/Users/valmac/FullScreenPokemon/src/components/constants/Pokemon.ts[2485, 24]: elements are not aligned
ERROR: (align) C:/Users/valmac/FullScreenPokemon/src/components/constants/Pokemon.ts[2488, 24]: elements are not aligned
ERROR: (align) C:/Users/valmac/FullScreenPokemon/src/components/constants/Pokemon.ts[2491, 24]: elements are not aligned
ERROR: (align) C:/Users/valmac/FullScreenPokemon/src/components/constants/Pokemon.ts[2494, 24]: elements are not aligned
ERROR: (align) C:/Users/valmac/FullScreenPokemon/src/components/constants/Pokemon.ts[2497, 24]: elements are not aligned
ERROR: (align) C:/Users/valmac/FullScreenPokemon/src/components/constants/Pokemon.ts[2500, 24]: elements are not aligned
ERROR: (align) C:/Users/valmac/FullScreenPokemon/src/components/constants/Pokemon.ts[2503, 24]: elements are not aligned
ERROR: (align) C:/Users/valmac/FullScreenPokemon/src/components/constants/Pokemon.ts[2506, 24]: elements are not aligned
ERROR: (align) C:/Users/valmac/FullScreenPokemon/src/components/constants/Pokemon.ts[2509, 24]: elements are not aligned
ERROR: (align) C:/Users/valmac/FullScreenPokemon/src/components/constants/Pokemon.ts[2512, 24]: elements are not aligned
ERROR: (align) C:/Users/valmac/FullScreenPokemon/src/components/constants/Pokemon.ts[2515, 24]: elements are not aligned
ERROR: (align) C:/Users/valmac/FullScreenPokemon/src/components/constants/Pokemon.ts[2518, 24]: elements are not aligned
ERROR: (align) C:/Users/valmac/FullScreenPokemon/src/components/constants/Pokemon.ts[2521, 24]: elements are not aligned
ERROR: (align) C:/Users/valmac/FullScreenPokemon/src/components/constants/Pokemon.ts[2524, 24]: elements are not aligned
ERROR: (align) C:/Users/valmac/FullScreenPokemon/src/components/constants/Pokemon.ts[2527, 24]: elements are not aligned
ERROR: (align) C:/Users/valmac/FullScreenPokemon/src/components/constants/Pokemon.ts[2562, 24]: elements are not aligned
ERROR: (align) C:/Users/valmac/FullScreenPokemon/src/components/constants/Pokemon.ts[2565, 24]: elements are not aligned
ERROR: (align) C:/Users/valmac/FullScreenPokemon/src/components/constants/Pokemon.ts[2568, 24]: elements are not aligned
ERROR: (align) C:/Users/valmac/FullScreenPokemon/src/components/constants/Pokemon.ts[2571, 24]: elements are not aligned
ERROR: (align) C:/Users/valmac/FullScreenPokemon/src/components/constants/Pokemon.ts[2574, 24]: elements are not aligned
ERROR: (align) C:/Users/valmac/FullScreenPokemon/src/components/constants/Pokemon.ts[2582, 24]: elements are not aligned
ERROR: (align) C:/Users/valmac/FullScreenPokemon/src/components/constants/Pokemon.ts[2585, 24]: elements are not aligned
ERROR: (align) C:/Users/valmac/FullScreenPokemon/src/components/constants/Pokemon.ts[2588, 24]: elements are not aligned
ERROR: (align) C:/Users/valmac/FullScreenPokemon/src/components/constants/Pokemon.ts[2591, 24]: elements are not aligned
ERROR: (align) C:/Users/valmac/FullScreenPokemon/src/components/constants/Pokemon.ts[2594, 24]: elements are not aligned
ERROR: (align) C:/Users/valmac/FullScreenPokemon/src/components/constants/Pokemon.ts[2597, 24]: elements are not aligned
ERROR: (align) C:/Users/valmac/FullScreenPokemon/src/components/constants/Pokemon.ts[2600, 24]: elements are not aligned
ERROR: (align) C:/Users/valmac/FullScreenPokemon/src/components/constants/Pokemon.ts[2603, 24]: elements are not aligned
ERROR: (align) C:/Users/valmac/FullScreenPokemon/src/components/constants/Pokemon.ts[2606, 24]: elements are not aligned
ERROR: (align) C:/Users/valmac/FullScreenPokemon/src/components/constants/Pokemon.ts[2609, 24]: elements are not aligned
ERROR: (align) C:/Users/valmac/FullScreenPokemon/src/components/constants/Pokemon.ts[2612, 24]: elements are not aligned
ERROR: (align) C:/Users/valmac/FullScreenPokemon/src/components/constants/Pokemon.ts[2615, 24]: elements are not aligned
ERROR: (align) C:/Users/valmac/FullScreenPokemon/src/components/constants/Pokemon.ts[2618, 24]: elements are not aligned
ERROR: (align) C:/Users/valmac/FullScreenPokemon/src/components/constants/Pokemon.ts[2626, 24]: elements are not aligned
ERROR: (align) C:/Users/valmac/FullScreenPokemon/src/components/constants/Pokemon.ts[2629, 24]: elements are not aligned
ERROR: (align) C:/Users/valmac/FullScreenPokemon/src/components/constants/Pokemon.ts[2632, 24]: elements are not aligned
ERROR: (align) C:/Users/valmac/FullScreenPokemon/src/components/constants/Pokemon.ts[2635, 24]: elements are not aligned
ERROR: (align) C:/Users/valmac/FullScreenPokemon/src/components/constants/Pokemon.ts[2638, 24]: elements are not aligned
ERROR: (align) C:/Users/valmac/FullScreenPokemon/src/components/constants/Pokemon.ts[2688, 24]: elements are not aligned
ERROR: (align) C:/Users/valmac/FullScreenPokemon/src/components/constants/Pokemon.ts[2691, 24]: elements are not aligned
ERROR: (align) C:/Users/valmac/FullScreenPokemon/src/components/constants/Pokemon.ts[2694, 24]: elements are not aligned
ERROR: (align) C:/Users/valmac/FullScreenPokemon/src/components/constants/Pokemon.ts[2697, 24]: elements are not aligned
ERROR: (align) C:/Users/valmac/FullScreenPokemon/src/components/constants/Pokemon.ts[2700, 24]: elements are not aligned
ERROR: (align) C:/Users/valmac/FullScreenPokemon/src/components/constants/Pokemon.ts[2703, 24]: elements are not aligned
ERROR: (align) C:/Users/valmac/FullScreenPokemon/src/components/constants/Pokemon.ts[2706, 24]: elements are not aligned
ERROR: (align) C:/Users/valmac/FullScreenPokemon/src/components/constants/Pokemon.ts[2709, 24]: elements are not aligned
ERROR: (align) C:/Users/valmac/FullScreenPokemon/src/components/constants/Pokemon.ts[2718, 24]: elements are not aligned
ERROR: (align) C:/Users/valmac/FullScreenPokemon/src/components/constants/Pokemon.ts[2721, 24]: elements are not aligned
ERROR: (align) C:/Users/valmac/FullScreenPokemon/src/components/constants/Pokemon.ts[2724, 24]: elements are not aligned
ERROR: (align) C:/Users/valmac/FullScreenPokemon/src/components/constants/Pokemon.ts[2727, 24]: elements are not aligned
ERROR: (align) C:/Users/valmac/FullScreenPokemon/src/components/constants/Pokemon.ts[2730, 24]: elements are not aligned
ERROR: (align) C:/Users/valmac/FullScreenPokemon/src/components/constants/Pokemon.ts[2733, 24]: elements are not aligned
ERROR: (align) C:/Users/valmac/FullScreenPokemon/src/components/constants/Pokemon.ts[2736, 24]: elements are not aligned
ERROR: (align) C:/Users/valmac/FullScreenPokemon/src/components/constants/Pokemon.ts[2739, 24]: elements are not aligned
ERROR: (align) C:/Users/valmac/FullScreenPokemon/src/components/constants/Pokemon.ts[2742, 24]: elements are not aligned
ERROR: (align) C:/Users/valmac/FullScreenPokemon/src/components/constants/Pokemon.ts[2745, 24]: elements are not aligned
ERROR: (align) C:/Users/valmac/FullScreenPokemon/src/components/constants/Pokemon.ts[2748, 24]: elements are not aligned
ERROR: (align) C:/Users/valmac/FullScreenPokemon/src/components/constants/Pokemon.ts[2751, 24]: elements are not aligned
ERROR: (align) C:/Users/valmac/FullScreenPokemon/src/components/constants/Pokemon.ts[2754, 24]: elements are not aligned
ERROR: (align) C:/Users/valmac/FullScreenPokemon/src/components/constants/Pokemon.ts[2757, 24]: elements are not aligned
ERROR: (align) C:/Users/valmac/FullScreenPokemon/src/components/constants/Pokemon.ts[2760, 24]: elements are not aligned
ERROR: (align) C:/Users/valmac/FullScreenPokemon/src/components/constants/Pokemon.ts[2795, 24]: elements are not aligned
ERROR: (align) C:/Users/valmac/FullScreenPokemon/src/components/constants/Pokemon.ts[2798, 24]: elements are not aligned
ERROR: (align) C:/Users/valmac/FullScreenPokemon/src/components/constants/Pokemon.ts[2801, 24]: elements are not aligned
ERROR: (align) C:/Users/valmac/FullScreenPokemon/src/components/constants/Pokemon.ts[2804, 24]: elements are not aligned
ERROR: (align) C:/Users/valmac/FullScreenPokemon/src/components/constants/Pokemon.ts[2807, 24]: elements are not aligned
ERROR: (align) C:/Users/valmac/FullScreenPokemon/src/components/constants/Pokemon.ts[2810, 24]: elements are not aligned
ERROR: (align) C:/Users/valmac/FullScreenPokemon/src/components/constants/Pokemon.ts[2822, 24]: elements are not aligned
ERROR: (align) C:/Users/valmac/FullScreenPokemon/src/components/constants/Pokemon.ts[2825, 24]: elements are not aligned
ERROR: (align) C:/Users/valmac/FullScreenPokemon/src/components/constants/Pokemon.ts[2828, 24]: elements are not aligned
ERROR: (align) C:/Users/valmac/FullScreenPokemon/src/components/constants/Pokemon.ts[2831, 24]: elements are not aligned
ERROR: (align) C:/Users/valmac/FullScreenPokemon/src/components/constants/Pokemon.ts[2834, 24]: elements are not aligned
ERROR: (align) C:/Users/valmac/FullScreenPokemon/src/components/constants/Pokemon.ts[2837, 24]: elements are not aligned
ERROR: (align) C:/Users/valmac/FullScreenPokemon/src/components/constants/Pokemon.ts[2840, 24]: elements are not aligned
ERROR: (align) C:/Users/valmac/FullScreenPokemon/src/components/constants/Pokemon.ts[2843, 24]: elements are not aligned
ERROR: (align) C:/Users/valmac/FullScreenPokemon/src/components/constants/Pokemon.ts[2846, 24]: elements are not aligned
ERROR: (align) C:/Users/valmac/FullScreenPokemon/src/components/constants/Pokemon.ts[2849, 24]: elements are not aligned
ERROR: (align) C:/Users/valmac/FullScreenPokemon/src/components/constants/Pokemon.ts[2852, 24]: elements are not aligned
ERROR: (align) C:/Users/valmac/FullScreenPokemon/src/components/constants/Pokemon.ts[2855, 24]: elements are not aligned
ERROR: (align) C:/Users/valmac/FullScreenPokemon/src/components/constants/Pokemon.ts[2858, 24]: elements are not aligned
ERROR: (align) C:/Users/valmac/FullScreenPokemon/src/components/constants/Pokemon.ts[2861, 24]: elements are not aligned
ERROR: (align) C:/Users/valmac/FullScreenPokemon/src/components/constants/Pokemon.ts[2896, 24]: elements are not aligned
ERROR: (align) C:/Users/valmac/FullScreenPokemon/src/components/constants/Pokemon.ts[2899, 24]: elements are not aligned
ERROR: (align) C:/Users/valmac/FullScreenPokemon/src/components/constants/Pokemon.ts[2902, 24]: elements are not aligned
ERROR: (align) C:/Users/valmac/FullScreenPokemon/src/components/constants/Pokemon.ts[2905, 24]: elements are not aligned
ERROR: (align) C:/Users/valmac/FullScreenPokemon/src/components/constants/Pokemon.ts[2908, 24]: elements are not aligned
ERROR: (align) C:/Users/valmac/FullScreenPokemon/src/components/constants/Pokemon.ts[2911, 24]: elements are not aligned
ERROR: (align) C:/Users/valmac/FullScreenPokemon/src/components/constants/Pokemon.ts[2914, 24]: elements are not aligned
ERROR: (align) C:/Users/valmac/FullScreenPokemon/src/components/constants/Pokemon.ts[2923, 24]: elements are not aligned
ERROR: (align) C:/Users/valmac/FullScreenPokemon/src/components/constants/Pokemon.ts[2926, 24]: elements are not aligned
ERROR: (align) C:/Users/valmac/FullScreenPokemon/src/components/constants/Pokemon.ts[2929, 24]: elements are not aligned
ERROR: (align) C:/Users/valmac/FullScreenPokemon/src/components/constants/Pokemon.ts[2932, 24]: elements are not aligned
ERROR: (align) C:/Users/valmac/FullScreenPokemon/src/components/constants/Pokemon.ts[2935, 24]: elements are not aligned
ERROR: (align) C:/Users/valmac/FullScreenPokemon/src/components/constants/Pokemon.ts[2938, 24]: elements are not aligned
ERROR: (align) C:/Users/valmac/FullScreenPokemon/src/components/constants/Pokemon.ts[2941, 24]: elements are not aligned
ERROR: (align) C:/Users/valmac/FullScreenPokemon/src/components/constants/Pokemon.ts[2944, 24]: elements are not aligned
ERROR: (align) C:/Users/valmac/FullScreenPokemon/src/components/constants/Pokemon.ts[2947, 24]: elements are not aligned
ERROR: (align) C:/Users/valmac/FullScreenPokemon/src/components/constants/Pokemon.ts[2950, 24]: elements are not aligned
ERROR: (align) C:/Users/valmac/FullScreenPokemon/src/components/constants/Pokemon.ts[2953, 24]: elements are not aligned
ERROR: (align) C:/Users/valmac/FullScreenPokemon/src/components/constants/Pokemon.ts[2956, 24]: elements are not aligned
ERROR: (align) C:/Users/valmac/FullScreenPokemon/src/components/constants/Pokemon.ts[2959, 24]: elements are not aligned
ERROR: (align) C:/Users/valmac/FullScreenPokemon/src/components/constants/Pokemon.ts[2962, 24]: elements are not aligned
ERROR: (align) C:/Users/valmac/FullScreenPokemon/src/components/constants/Pokemon.ts[2965, 24]: elements are not aligned
ERROR: (align) C:/Users/valmac/FullScreenPokemon/src/components/constants/Pokemon.ts[2968, 24]: elements are not aligned
ERROR: (align) C:/Users/valmac/FullScreenPokemon/src/components/constants/Pokemon.ts[2971, 24]: elements are not aligned
ERROR: (align) C:/Users/valmac/FullScreenPokemon/src/components/constants/Pokemon.ts[2974, 24]: elements are not aligned
ERROR: (align) C:/Users/valmac/FullScreenPokemon/src/components/constants/Pokemon.ts[2977, 24]: elements are not aligned
ERROR: (align) C:/Users/valmac/FullScreenPokemon/src/components/constants/Pokemon.ts[2980, 24]: elements are not aligned
ERROR: (align) C:/Users/valmac/FullScreenPokemon/src/components/constants/Pokemon.ts[2983, 24]: elements are not aligned
ERROR: (align) C:/Users/valmac/FullScreenPokemon/src/components/constants/Pokemon.ts[2986, 24]: elements are not aligned
ERROR: (align) C:/Users/valmac/FullScreenPokemon/src/components/constants/Pokemon.ts[3012, 24]: elements are not aligned
ERROR: (align) C:/Users/valmac/FullScreenPokemon/src/components/constants/Pokemon.ts[3015, 24]: elements are not aligned
ERROR: (align) C:/Users/valmac/FullScreenPokemon/src/components/constants/Pokemon.ts[3018, 24]: elements are not aligned
ERROR: (align) C:/Users/valmac/FullScreenPokemon/src/components/constants/Pokemon.ts[3021, 24]: elements are not aligned
ERROR: (align) C:/Users/valmac/FullScreenPokemon/src/components/constants/Pokemon.ts[3024, 24]: elements are not aligned
ERROR: (align) C:/Users/valmac/FullScreenPokemon/src/components/constants/Pokemon.ts[3027, 24]: elements are not aligned
ERROR: (align) C:/Users/valmac/FullScreenPokemon/src/components/constants/Pokemon.ts[3030, 24]: elements are not aligned
ERROR: (align) C:/Users/valmac/FullScreenPokemon/src/components/constants/Pokemon.ts[3033, 24]: elements are not aligned
ERROR: (align) C:/Users/valmac/FullScreenPokemon/src/components/constants/Pokemon.ts[3041, 24]: elements are not aligned
ERROR: (align) C:/Users/valmac/FullScreenPokemon/src/components/constants/Pokemon.ts[3049, 24]: elements are not aligned
ERROR: (align) C:/Users/valmac/FullScreenPokemon/src/components/constants/Pokemon.ts[3052, 24]: elements are not aligned
ERROR: (align) C:/Users/valmac/FullScreenPokemon/src/components/constants/Pokemon.ts[3055, 24]: elements are not aligned
ERROR: (align) C:/Users/valmac/FullScreenPokemon/src/components/constants/Pokemon.ts[3058, 24]: elements are not aligned
ERROR: (align) C:/Users/valmac/FullScreenPokemon/src/components/constants/Pokemon.ts[3061, 24]: elements are not aligned
ERROR: (align) C:/Users/valmac/FullScreenPokemon/src/components/constants/Pokemon.ts[3064, 24]: elements are not aligned
ERROR: (align) C:/Users/valmac/FullScreenPokemon/src/components/constants/Pokemon.ts[3067, 24]: elements are not aligned
ERROR: (align) C:/Users/valmac/FullScreenPokemon/src/components/constants/Pokemon.ts[3070, 24]: elements are not aligned
ERROR: (align) C:/Users/valmac/FullScreenPokemon/src/components/constants/Pokemon.ts[3073, 24]: elements are not aligned
ERROR: (align) C:/Users/valmac/FullScreenPokemon/src/components/constants/Pokemon.ts[3076, 24]: elements are not aligned
ERROR: (align) C:/Users/valmac/FullScreenPokemon/src/components/constants/Pokemon.ts[3079, 24]: elements are not aligned
ERROR: (align) C:/Users/valmac/FullScreenPokemon/src/components/constants/Pokemon.ts[3082, 24]: elements are not aligned
ERROR: (align) C:/Users/valmac/FullScreenPokemon/src/components/constants/Pokemon.ts[3085, 24]: elements are not aligned
ERROR: (align) C:/Users/valmac/FullScreenPokemon/src/components/constants/Pokemon.ts[3088, 24]: elements are not aligned
ERROR: (align) C:/Users/valmac/FullScreenPokemon/src/components/constants/Pokemon.ts[3091, 24]: elements are not aligned
ERROR: (align) C:/Users/valmac/FullScreenPokemon/src/components/constants/Pokemon.ts[3094, 24]: elements are not aligned
ERROR: (align) C:/Users/valmac/FullScreenPokemon/src/components/constants/Pokemon.ts[3097, 24]: elements are not aligned
ERROR: (align) C:/Users/valmac/FullScreenPokemon/src/components/constants/Pokemon.ts[3100, 24]: elements are not aligned
ERROR: (align) C:/Users/valmac/FullScreenPokemon/src/components/constants/Pokemon.ts[3103, 24]: elements are not aligned
ERROR: (align) C:/Users/valmac/FullScreenPokemon/src/components/constants/Pokemon.ts[3106, 24]: elements are not aligned
ERROR: (align) C:/Users/valmac/FullScreenPokemon/src/components/constants/Pokemon.ts[3109, 24]: elements are not aligned
ERROR: (align) C:/Users/valmac/FullScreenPokemon/src/components/constants/Pokemon.ts[3112, 24]: elements are not aligned
ERROR: (align) C:/Users/valmac/FullScreenPokemon/src/components/constants/Pokemon.ts[3115, 24]: elements are not aligned
ERROR: (align) C:/Users/valmac/FullScreenPokemon/src/components/constants/Pokemon.ts[3118, 24]: elements are not aligned
ERROR: (align) C:/Users/valmac/FullScreenPokemon/src/components/constants/Pokemon.ts[3153, 24]: elements are not aligned
ERROR: (align) C:/Users/valmac/FullScreenPokemon/src/components/constants/Pokemon.ts[3156, 24]: elements are not aligned
ERROR: (align) C:/Users/valmac/FullScreenPokemon/src/components/constants/Pokemon.ts[3159, 24]: elements are not aligned
ERROR: (align) C:/Users/valmac/FullScreenPokemon/src/components/constants/Pokemon.ts[3162, 24]: elements are not aligned
ERROR: (align) C:/Users/valmac/FullScreenPokemon/src/components/constants/Pokemon.ts[3165, 24]: elements are not aligned
ERROR: (align) C:/Users/valmac/FullScreenPokemon/src/components/constants/Pokemon.ts[3168, 24]: elements are not aligned
ERROR: (align) C:/Users/valmac/FullScreenPokemon/src/components/constants/Pokemon.ts[3180, 24]: elements are not aligned
ERROR: (align) C:/Users/valmac/FullScreenPokemon/src/components/constants/Pokemon.ts[3183, 24]: elements are not aligned
ERROR: (align) C:/Users/valmac/FullScreenPokemon/src/components/constants/Pokemon.ts[3186, 24]: elements are not aligned
ERROR: (align) C:/Users/valmac/FullScreenPokemon/src/components/constants/Pokemon.ts[3189, 24]: elements are not aligned
ERROR: (align) C:/Users/valmac/FullScreenPokemon/src/components/constants/Pokemon.ts[3192, 24]: elements are not aligned
ERROR: (align) C:/Users/valmac/FullScreenPokemon/src/components/constants/Pokemon.ts[3195, 24]: elements are not aligned
ERROR: (align) C:/Users/valmac/FullScreenPokemon/src/components/constants/Pokemon.ts[3198, 24]: elements are not aligned
ERROR: (align) C:/Users/valmac/FullScreenPokemon/src/components/constants/Pokemon.ts[3201, 24]: elements are not aligned
ERROR: (align) C:/Users/valmac/FullScreenPokemon/src/components/constants/Pokemon.ts[3204, 24]: elements are not aligned
ERROR: (align) C:/Users/valmac/FullScreenPokemon/src/components/constants/Pokemon.ts[3207, 24]: elements are not aligned
ERROR: (align) C:/Users/valmac/FullScreenPokemon/src/components/constants/Pokemon.ts[3210, 24]: elements are not aligned
ERROR: (align) C:/Users/valmac/FullScreenPokemon/src/components/constants/Pokemon.ts[3213, 24]: elements are not aligned
ERROR: (align) C:/Users/valmac/FullScreenPokemon/src/components/constants/Pokemon.ts[3216, 24]: elements are not aligned
ERROR: (align) C:/Users/valmac/FullScreenPokemon/src/components/constants/Pokemon.ts[3219, 24]: elements are not aligned
ERROR: (align) C:/Users/valmac/FullScreenPokemon/src/components/constants/Pokemon.ts[3222, 24]: elements are not aligned
ERROR: (align) C:/Users/valmac/FullScreenPokemon/src/components/constants/Pokemon.ts[3225, 24]: elements are not aligned
ERROR: (align) C:/Users/valmac/FullScreenPokemon/src/components/constants/Pokemon.ts[3228, 24]: elements are not aligned
ERROR: (align) C:/Users/valmac/FullScreenPokemon/src/components/constants/Pokemon.ts[3231, 24]: elements are not aligned
ERROR: (align) C:/Users/valmac/FullScreenPokemon/src/components/constants/Pokemon.ts[3234, 24]: elements are not aligned
ERROR: (align) C:/Users/valmac/FullScreenPokemon/src/components/constants/Pokemon.ts[3237, 24]: elements are not aligned
ERROR: (align) C:/Users/valmac/FullScreenPokemon/src/components/constants/Pokemon.ts[3240, 24]: elements are not aligned
ERROR: (align) C:/Users/valmac/FullScreenPokemon/src/components/constants/Pokemon.ts[3275, 24]: elements are not aligned
ERROR: (align) C:/Users/valmac/FullScreenPokemon/src/components/constants/Pokemon.ts[3278, 24]: elements are not aligned
ERROR: (align) C:/Users/valmac/FullScreenPokemon/src/components/constants/Pokemon.ts[3281, 24]: elements are not aligned
ERROR: (align) C:/Users/valmac/FullScreenPokemon/src/components/constants/Pokemon.ts[3284, 24]: elements are not aligned
ERROR: (align) C:/Users/valmac/FullScreenPokemon/src/components/constants/Pokemon.ts[3287, 24]: elements are not aligned
ERROR: (align) C:/Users/valmac/FullScreenPokemon/src/components/constants/Pokemon.ts[3290, 24]: elements are not aligned
ERROR: (align) C:/Users/valmac/FullScreenPokemon/src/components/constants/Pokemon.ts[3293, 24]: elements are not aligned
ERROR: (align) C:/Users/valmac/FullScreenPokemon/src/components/constants/Pokemon.ts[3302, 24]: elements are not aligned
ERROR: (align) C:/Users/valmac/FullScreenPokemon/src/components/constants/Pokemon.ts[3305, 24]: elements are not aligned
ERROR: (align) C:/Users/valmac/FullScreenPokemon/src/components/constants/Pokemon.ts[3308, 24]: elements are not aligned
ERROR: (align) C:/Users/valmac/FullScreenPokemon/src/components/constants/Pokemon.ts[3311, 24]: elements are not aligned
ERROR: (align) C:/Users/valmac/FullScreenPokemon/src/components/constants/Pokemon.ts[3314, 24]: elements are not aligned
ERROR: (align) C:/Users/valmac/FullScreenPokemon/src/components/constants/Pokemon.ts[3317, 24]: elements are not aligned
ERROR: (align) C:/Users/valmac/FullScreenPokemon/src/components/constants/Pokemon.ts[3320, 24]: elements are not aligned
ERROR: (align) C:/Users/valmac/FullScreenPokemon/src/components/constants/Pokemon.ts[3323, 24]: elements are not aligned
ERROR: (align) C:/Users/valmac/FullScreenPokemon/src/components/constants/Pokemon.ts[3326, 24]: elements are not aligned
ERROR: (align) C:/Users/valmac/FullScreenPokemon/src/components/constants/Pokemon.ts[3329, 24]: elements are not aligned
ERROR: (align) C:/Users/valmac/FullScreenPokemon/src/components/constants/Pokemon.ts[3332, 24]: elements are not aligned
ERROR: (align) C:/Users/valmac/FullScreenPokemon/src/components/constants/Pokemon.ts[3335, 24]: elements are not aligned
ERROR: (align) C:/Users/valmac/FullScreenPokemon/src/components/constants/Pokemon.ts[3338, 24]: elements are not aligned
ERROR: (align) C:/Users/valmac/FullScreenPokemon/src/components/constants/Pokemon.ts[3341, 24]: elements are not aligned
ERROR: (align) C:/Users/valmac/FullScreenPokemon/src/components/constants/Pokemon.ts[3344, 24]: elements are not aligned
ERROR: (align) C:/Users/valmac/FullScreenPokemon/src/components/constants/Pokemon.ts[3347, 24]: elements are not aligned
ERROR: (align) C:/Users/valmac/FullScreenPokemon/src/components/constants/Pokemon.ts[3350, 24]: elements are not aligned
ERROR: (align) C:/Users/valmac/FullScreenPokemon/src/components/constants/Pokemon.ts[3353, 24]: elements are not aligned
ERROR: (align) C:/Users/valmac/FullScreenPokemon/src/components/constants/Pokemon.ts[3356, 24]: elements are not aligned
ERROR: (align) C:/Users/valmac/FullScreenPokemon/src/components/constants/Pokemon.ts[3359, 24]: elements are not aligned
ERROR: (align) C:/Users/valmac/FullScreenPokemon/src/components/constants/Pokemon.ts[3362, 24]: elements are not aligned
ERROR: (align) C:/Users/valmac/FullScreenPokemon/src/components/constants/Pokemon.ts[3365, 24]: elements are not aligned
ERROR: (align) C:/Users/valmac/FullScreenPokemon/src/components/constants/Pokemon.ts[3368, 24]: elements are not aligned
ERROR: (align) C:/Users/valmac/FullScreenPokemon/src/components/constants/Pokemon.ts[3394, 24]: elements are not aligned
ERROR: (align) C:/Users/valmac/FullScreenPokemon/src/components/constants/Pokemon.ts[3397, 24]: elements are not aligned
ERROR: (align) C:/Users/valmac/FullScreenPokemon/src/components/constants/Pokemon.ts[3400, 24]: elements are not aligned
ERROR: (align) C:/Users/valmac/FullScreenPokemon/src/components/constants/Pokemon.ts[3403, 24]: elements are not aligned
ERROR: (align) C:/Users/valmac/FullScreenPokemon/src/components/constants/Pokemon.ts[3406, 24]: elements are not aligned
ERROR: (align) C:/Users/valmac/FullScreenPokemon/src/components/constants/Pokemon.ts[3409, 24]: elements are not aligned
ERROR: (align) C:/Users/valmac/FullScreenPokemon/src/components/constants/Pokemon.ts[3412, 24]: elements are not aligned
ERROR: (align) C:/Users/valmac/FullScreenPokemon/src/components/constants/Pokemon.ts[3421, 24]: elements are not aligned
ERROR: (align) C:/Users/valmac/FullScreenPokemon/src/components/constants/Pokemon.ts[3424, 24]: elements are not aligned
ERROR: (align) C:/Users/valmac/FullScreenPokemon/src/components/constants/Pokemon.ts[3427, 24]: elements are not aligned
ERROR: (align) C:/Users/valmac/FullScreenPokemon/src/components/constants/Pokemon.ts[3430, 24]: elements are not aligned
ERROR: (align) C:/Users/valmac/FullScreenPokemon/src/components/constants/Pokemon.ts[3433, 24]: elements are not aligned
ERROR: (align) C:/Users/valmac/FullScreenPokemon/src/components/constants/Pokemon.ts[3436, 24]: elements are not aligned
ERROR: (align) C:/Users/valmac/FullScreenPokemon/src/components/constants/Pokemon.ts[3439, 24]: elements are not aligned
ERROR: (align) C:/Users/valmac/FullScreenPokemon/src/components/constants/Pokemon.ts[3494, 24]: elements are not aligned
ERROR: (align) C:/Users/valmac/FullScreenPokemon/src/components/constants/Pokemon.ts[3497, 24]: elements are not aligned
ERROR: (align) C:/Users/valmac/FullScreenPokemon/src/components/constants/Pokemon.ts[3500, 24]: elements are not aligned
ERROR: (align) C:/Users/valmac/FullScreenPokemon/src/components/constants/Pokemon.ts[3503, 24]: elements are not aligned
ERROR: (align) C:/Users/valmac/FullScreenPokemon/src/components/constants/Pokemon.ts[3506, 24]: elements are not aligned
ERROR: (align) C:/Users/valmac/FullScreenPokemon/src/components/constants/Pokemon.ts[3514, 24]: elements are not aligned
ERROR: (align) C:/Users/valmac/FullScreenPokemon/src/components/constants/Pokemon.ts[3517, 24]: elements are not aligned
ERROR: (align) C:/Users/valmac/FullScreenPokemon/src/components/constants/Pokemon.ts[3520, 24]: elements are not aligned
ERROR: (align) C:/Users/valmac/FullScreenPokemon/src/components/constants/Pokemon.ts[3523, 24]: elements are not aligned
ERROR: (align) C:/Users/valmac/FullScreenPokemon/src/components/constants/Pokemon.ts[3526, 24]: elements are not aligned
ERROR: (align) C:/Users/valmac/FullScreenPokemon/src/components/constants/Pokemon.ts[3529, 24]: elements are not aligned
ERROR: (align) C:/Users/valmac/FullScreenPokemon/src/components/constants/Pokemon.ts[3532, 24]: elements are not aligned
ERROR: (align) C:/Users/valmac/FullScreenPokemon/src/components/constants/Pokemon.ts[3535, 24]: elements are not aligned
ERROR: (align) C:/Users/valmac/FullScreenPokemon/src/components/constants/Pokemon.ts[3538, 24]: elements are not aligned
ERROR: (align) C:/Users/valmac/FullScreenPokemon/src/components/constants/Pokemon.ts[3541, 24]: elements are not aligned
ERROR: (align) C:/Users/valmac/FullScreenPokemon/src/components/constants/Pokemon.ts[3544, 24]: elements are not aligned
ERROR: (align) C:/Users/valmac/FullScreenPokemon/src/components/constants/Pokemon.ts[3547, 24]: elements are not aligned
ERROR: (align) C:/Users/valmac/FullScreenPokemon/src/components/constants/Pokemon.ts[3555, 24]: elements are not aligned
ERROR: (align) C:/Users/valmac/FullScreenPokemon/src/components/constants/Pokemon.ts[3558, 24]: elements are not aligned
ERROR: (align) C:/Users/valmac/FullScreenPokemon/src/components/constants/Pokemon.ts[3561, 24]: elements are not aligned
ERROR: (align) C:/Users/valmac/FullScreenPokemon/src/components/constants/Pokemon.ts[3564, 24]: elements are not aligned
ERROR: (align) C:/Users/valmac/FullScreenPokemon/src/components/constants/Pokemon.ts[3567, 24]: elements are not aligned
ERROR: (align) C:/Users/valmac/FullScreenPokemon/src/components/constants/Pokemon.ts[3570, 24]: elements are not aligned
ERROR: (align) C:/Users/valmac/FullScreenPokemon/src/components/constants/Pokemon.ts[3573, 24]: elements are not aligned
ERROR: (align) C:/Users/valmac/FullScreenPokemon/src/components/constants/Pokemon.ts[3608, 24]: elements are not aligned
ERROR: (align) C:/Users/valmac/FullScreenPokemon/src/components/constants/Pokemon.ts[3611, 24]: elements are not aligned
ERROR: (align) C:/Users/valmac/FullScreenPokemon/src/components/constants/Pokemon.ts[3614, 24]: elements are not aligned
ERROR: (align) C:/Users/valmac/FullScreenPokemon/src/components/constants/Pokemon.ts[3617, 24]: elements are not aligned
ERROR: (align) C:/Users/valmac/FullScreenPokemon/src/components/constants/Pokemon.ts[3620, 24]: elements are not aligned
ERROR: (align) C:/Users/valmac/FullScreenPokemon/src/components/constants/Pokemon.ts[3623, 24]: elements are not aligned
ERROR: (align) C:/Users/valmac/FullScreenPokemon/src/components/constants/Pokemon.ts[3632, 24]: elements are not aligned
ERROR: (align) C:/Users/valmac/FullScreenPokemon/src/components/constants/Pokemon.ts[3635, 24]: elements are not aligned
ERROR: (align) C:/Users/valmac/FullScreenPokemon/src/components/constants/Pokemon.ts[3638, 24]: elements are not aligned
ERROR: (align) C:/Users/valmac/FullScreenPokemon/src/components/constants/Pokemon.ts[3641, 24]: elements are not aligned
ERROR: (align) C:/Users/valmac/FullScreenPokemon/src/components/constants/Pokemon.ts[3644, 24]: elements are not aligned
ERROR: (align) C:/Users/valmac/FullScreenPokemon/src/components/constants/Pokemon.ts[3647, 24]: elements are not aligned
ERROR: (align) C:/Users/valmac/FullScreenPokemon/src/components/constants/Pokemon.ts[3650, 24]: elements are not aligned
ERROR: (align) C:/Users/valmac/FullScreenPokemon/src/components/constants/Pokemon.ts[3653, 24]: elements are not aligned
ERROR: (align) C:/Users/valmac/FullScreenPokemon/src/components/constants/Pokemon.ts[3656, 24]: elements are not aligned
ERROR: (align) C:/Users/valmac/FullScreenPokemon/src/components/constants/Pokemon.ts[3659, 24]: elements are not aligned
ERROR: (align) C:/Users/valmac/FullScreenPokemon/src/components/constants/Pokemon.ts[3662, 24]: elements are not aligned
ERROR: (align) C:/Users/valmac/FullScreenPokemon/src/components/constants/Pokemon.ts[3665, 24]: elements are not aligned
ERROR: (align) C:/Users/valmac/FullScreenPokemon/src/components/constants/Pokemon.ts[3668, 24]: elements are not aligned
ERROR: (align) C:/Users/valmac/FullScreenPokemon/src/components/constants/Pokemon.ts[3671, 24]: elements are not aligned
ERROR: (align) C:/Users/valmac/FullScreenPokemon/src/components/constants/Pokemon.ts[3674, 24]: elements are not aligned
ERROR: (align) C:/Users/valmac/FullScreenPokemon/src/components/constants/Pokemon.ts[3700, 24]: elements are not aligned
ERROR: (align) C:/Users/valmac/FullScreenPokemon/src/components/constants/Pokemon.ts[3703, 24]: elements are not aligned
ERROR: (align) C:/Users/valmac/FullScreenPokemon/src/components/constants/Pokemon.ts[3706, 24]: elements are not aligned
ERROR: (align) C:/Users/valmac/FullScreenPokemon/src/components/constants/Pokemon.ts[3709, 24]: elements are not aligned
ERROR: (align) C:/Users/valmac/FullScreenPokemon/src/components/constants/Pokemon.ts[3712, 24]: elements are not aligned
ERROR: (align) C:/Users/valmac/FullScreenPokemon/src/components/constants/Pokemon.ts[3715, 24]: elements are not aligned
ERROR: (align) C:/Users/valmac/FullScreenPokemon/src/components/constants/Pokemon.ts[3723, 24]: elements are not aligned
ERROR: (align) C:/Users/valmac/FullScreenPokemon/src/components/constants/Pokemon.ts[3731, 24]: elements are not aligned
ERROR: (align) C:/Users/valmac/FullScreenPokemon/src/components/constants/Pokemon.ts[3734, 24]: elements are not aligned
ERROR: (align) C:/Users/valmac/FullScreenPokemon/src/components/constants/Pokemon.ts[3737, 24]: elements are not aligned
ERROR: (align) C:/Users/valmac/FullScreenPokemon/src/components/constants/Pokemon.ts[3740, 24]: elements are not aligned
ERROR: (align) C:/Users/valmac/FullScreenPokemon/src/components/constants/Pokemon.ts[3743, 24]: elements are not aligned
ERROR: (align) C:/Users/valmac/FullScreenPokemon/src/components/constants/Pokemon.ts[3746, 24]: elements are not aligned
ERROR: (align) C:/Users/valmac/FullScreenPokemon/src/components/constants/Pokemon.ts[3749, 24]: elements are not aligned
ERROR: (align) C:/Users/valmac/FullScreenPokemon/src/components/constants/Pokemon.ts[3752, 24]: elements are not aligned
ERROR: (align) C:/Users/valmac/FullScreenPokemon/src/components/constants/Pokemon.ts[3755, 24]: elements are not aligned
ERROR: (align) C:/Users/valmac/FullScreenPokemon/src/components/constants/Pokemon.ts[3758, 24]: elements are not aligned
ERROR: (align) C:/Users/valmac/FullScreenPokemon/src/components/constants/Pokemon.ts[3761, 24]: elements are not aligned
ERROR: (align) C:/Users/valmac/FullScreenPokemon/src/components/constants/Pokemon.ts[3764, 24]: elements are not aligned
ERROR: (align) C:/Users/valmac/FullScreenPokemon/src/components/constants/Pokemon.ts[3767, 24]: elements are not aligned
ERROR: (align) C:/Users/valmac/FullScreenPokemon/src/components/constants/Pokemon.ts[3770, 24]: elements are not aligned
ERROR: (align) C:/Users/valmac/FullScreenPokemon/src/components/constants/Pokemon.ts[3773, 24]: elements are not aligned
ERROR: (align) C:/Users/valmac/FullScreenPokemon/src/components/constants/Pokemon.ts[3776, 24]: elements are not aligned
ERROR: (align) C:/Users/valmac/FullScreenPokemon/src/components/constants/Pokemon.ts[3779, 24]: elements are not aligned
ERROR: (align) C:/Users/valmac/FullScreenPokemon/src/components/constants/Pokemon.ts[3782, 24]: elements are not aligned
ERROR: (align) C:/Users/valmac/FullScreenPokemon/src/components/constants/Pokemon.ts[3785, 24]: elements are not aligned
ERROR: (align) C:/Users/valmac/FullScreenPokemon/src/components/constants/Pokemon.ts[3788, 24]: elements are not aligned
ERROR: (align) C:/Users/valmac/FullScreenPokemon/src/components/constants/Pokemon.ts[3791, 24]: elements are not aligned
ERROR: (align) C:/Users/valmac/FullScreenPokemon/src/components/constants/Pokemon.ts[3794, 24]: elements are not aligned
ERROR: (align) C:/Users/valmac/FullScreenPokemon/src/components/constants/Pokemon.ts[3797, 24]: elements are not aligned
ERROR: (align) C:/Users/valmac/FullScreenPokemon/src/components/constants/Pokemon.ts[3800, 24]: elements are not aligned
ERROR: (align) C:/Users/valmac/FullScreenPokemon/src/components/constants/Pokemon.ts[3803, 24]: elements are not aligned
ERROR: (align) C:/Users/valmac/FullScreenPokemon/src/components/constants/Pokemon.ts[3829, 24]: elements are not aligned
ERROR: (align) C:/Users/valmac/FullScreenPokemon/src/components/constants/Pokemon.ts[3832, 24]: elements are not aligned
ERROR: (align) C:/Users/valmac/FullScreenPokemon/src/components/constants/Pokemon.ts[3835, 24]: elements are not aligned
ERROR: (align) C:/Users/valmac/FullScreenPokemon/src/components/constants/Pokemon.ts[3838, 24]: elements are not aligned
ERROR: (align) C:/Users/valmac/FullScreenPokemon/src/components/constants/Pokemon.ts[3841, 24]: elements are not aligned
ERROR: (align) C:/Users/valmac/FullScreenPokemon/src/components/constants/Pokemon.ts[3844, 24]: elements are not aligned
ERROR: (align) C:/Users/valmac/FullScreenPokemon/src/components/constants/Pokemon.ts[3847, 24]: elements are not aligned
ERROR: (align) C:/Users/valmac/FullScreenPokemon/src/components/constants/Pokemon.ts[3855, 20]: elements are not aligned
ERROR: (align) C:/Users/valmac/FullScreenPokemon/src/components/constants/Pokemon.ts[3915, 14]: members are not aligned
ERROR: (align) C:/Users/valmac/FullScreenPokemon/src/components/constants/Pokemon.ts[3938, 24]: elements are not aligned
ERROR: (align) C:/Users/valmac/FullScreenPokemon/src/components/constants/Pokemon.ts[3941, 24]: elements are not aligned
ERROR: (align) C:/Users/valmac/FullScreenPokemon/src/components/constants/Pokemon.ts[3944, 24]: elements are not aligned
ERROR: (align) C:/Users/valmac/FullScreenPokemon/src/components/constants/Pokemon.ts[3947, 24]: elements are not aligned
ERROR: (align) C:/Users/valmac/FullScreenPokemon/src/components/constants/Pokemon.ts[3950, 24]: elements are not aligned
ERROR: (align) C:/Users/valmac/FullScreenPokemon/src/components/constants/Pokemon.ts[3953, 24]: elements are not aligned
ERROR: (align) C:/Users/valmac/FullScreenPokemon/src/components/constants/Pokemon.ts[3956, 24]: elements are not aligned
ERROR: (align) C:/Users/valmac/FullScreenPokemon/src/components/constants/Pokemon.ts[3965, 24]: elements are not aligned
ERROR: (align) C:/Users/valmac/FullScreenPokemon/src/components/constants/Pokemon.ts[3968, 24]: elements are not aligned
ERROR: (align) C:/Users/valmac/FullScreenPokemon/src/components/constants/Pokemon.ts[3971, 24]: elements are not aligned
ERROR: (align) C:/Users/valmac/FullScreenPokemon/src/components/constants/Pokemon.ts[3974, 24]: elements are not aligned
ERROR: (align) C:/Users/valmac/FullScreenPokemon/src/components/constants/Pokemon.ts[3977, 24]: elements are not aligned
ERROR: (align) C:/Users/valmac/FullScreenPokemon/src/components/constants/Pokemon.ts[3980, 24]: elements are not aligned
ERROR: (align) C:/Users/valmac/FullScreenPokemon/src/components/constants/Pokemon.ts[3983, 24]: elements are not aligned
ERROR: (align) C:/Users/valmac/FullScreenPokemon/src/components/constants/Pokemon.ts[4009, 24]: elements are not aligned
ERROR: (align) C:/Users/valmac/FullScreenPokemon/src/components/constants/Pokemon.ts[4012, 24]: elements are not aligned
ERROR: (align) C:/Users/valmac/FullScreenPokemon/src/components/constants/Pokemon.ts[4046, 24]: elements are not aligned
ERROR: (align) C:/Users/valmac/FullScreenPokemon/src/components/constants/Pokemon.ts[4049, 24]: elements are not aligned
ERROR: (align) C:/Users/valmac/FullScreenPokemon/src/components/constants/Pokemon.ts[4052, 24]: elements are not aligned
ERROR: (align) C:/Users/valmac/FullScreenPokemon/src/components/constants/Pokemon.ts[4055, 24]: elements are not aligned
ERROR: (align) C:/Users/valmac/FullScreenPokemon/src/components/constants/Pokemon.ts[4058, 24]: elements are not aligned
ERROR: (align) C:/Users/valmac/FullScreenPokemon/src/components/constants/Pokemon.ts[4061, 24]: elements are not aligned
ERROR: (align) C:/Users/valmac/FullScreenPokemon/src/components/constants/Pokemon.ts[4070, 24]: elements are not aligned
ERROR: (align) C:/Users/valmac/FullScreenPokemon/src/components/constants/Pokemon.ts[4073, 24]: elements are not aligned
ERROR: (align) C:/Users/valmac/FullScreenPokemon/src/components/constants/Pokemon.ts[4076, 24]: elements are not aligned
ERROR: (align) C:/Users/valmac/FullScreenPokemon/src/components/constants/Pokemon.ts[4079, 24]: elements are not aligned
ERROR: (align) C:/Users/valmac/FullScreenPokemon/src/components/constants/Pokemon.ts[4082, 24]: elements are not aligned
ERROR: (align) C:/Users/valmac/FullScreenPokemon/src/components/constants/Pokemon.ts[4085, 24]: elements are not aligned
ERROR: (align) C:/Users/valmac/FullScreenPokemon/src/components/constants/Pokemon.ts[4088, 24]: elements are not aligned
ERROR: (align) C:/Users/valmac/FullScreenPokemon/src/components/constants/Pokemon.ts[4091, 24]: elements are not aligned
ERROR: (align) C:/Users/valmac/FullScreenPokemon/src/components/constants/Pokemon.ts[4094, 24]: elements are not aligned
ERROR: (align) C:/Users/valmac/FullScreenPokemon/src/components/constants/Pokemon.ts[4097, 24]: elements are not aligned
ERROR: (align) C:/Users/valmac/FullScreenPokemon/src/components/constants/Pokemon.ts[4100, 24]: elements are not aligned
ERROR: (align) C:/Users/valmac/FullScreenPokemon/src/components/constants/Pokemon.ts[4103, 24]: elements are not aligned
ERROR: (align) C:/Users/valmac/FullScreenPokemon/src/components/constants/Pokemon.ts[4106, 24]: elements are not aligned
ERROR: (align) C:/Users/valmac/FullScreenPokemon/src/components/constants/Pokemon.ts[4109, 24]: elements are not aligned
ERROR: (align) C:/Users/valmac/FullScreenPokemon/src/components/constants/Pokemon.ts[4112, 24]: elements are not aligned
ERROR: (align) C:/Users/valmac/FullScreenPokemon/src/components/constants/Pokemon.ts[4138, 24]: elements are not aligned
ERROR: (align) C:/Users/valmac/FullScreenPokemon/src/components/constants/Pokemon.ts[4141, 24]: elements are not aligned
ERROR: (align) C:/Users/valmac/FullScreenPokemon/src/components/constants/Pokemon.ts[4144, 24]: elements are not aligned
ERROR: (align) C:/Users/valmac/FullScreenPokemon/src/components/constants/Pokemon.ts[4147, 24]: elements are not aligned
ERROR: (align) C:/Users/valmac/FullScreenPokemon/src/components/constants/Pokemon.ts[4150, 24]: elements are not aligned
ERROR: (align) C:/Users/valmac/FullScreenPokemon/src/components/constants/Pokemon.ts[4153, 24]: elements are not aligned
ERROR: (align) C:/Users/valmac/FullScreenPokemon/src/components/constants/Pokemon.ts[4156, 24]: elements are not aligned
ERROR: (align) C:/Users/valmac/FullScreenPokemon/src/components/constants/Pokemon.ts[4168, 24]: elements are not aligned
ERROR: (align) C:/Users/valmac/FullScreenPokemon/src/components/constants/Pokemon.ts[4171, 24]: elements are not aligned
ERROR: (align) C:/Users/valmac/FullScreenPokemon/src/components/constants/Pokemon.ts[4174, 24]: elements are not aligned
ERROR: (align) C:/Users/valmac/FullScreenPokemon/src/components/constants/Pokemon.ts[4177, 24]: elements are not aligned
ERROR: (align) C:/Users/valmac/FullScreenPokemon/src/components/constants/Pokemon.ts[4180, 24]: elements are not aligned
ERROR: (align) C:/Users/valmac/FullScreenPokemon/src/components/constants/Pokemon.ts[4183, 24]: elements are not aligned
ERROR: (align) C:/Users/valmac/FullScreenPokemon/src/components/constants/Pokemon.ts[4186, 24]: elements are not aligned
ERROR: (align) C:/Users/valmac/FullScreenPokemon/src/components/constants/Pokemon.ts[4189, 24]: elements are not aligned
ERROR: (align) C:/Users/valmac/FullScreenPokemon/src/components/constants/Pokemon.ts[4192, 24]: elements are not aligned
ERROR: (align) C:/Users/valmac/FullScreenPokemon/src/components/constants/Pokemon.ts[4195, 24]: elements are not aligned
ERROR: (align) C:/Users/valmac/FullScreenPokemon/src/components/constants/Pokemon.ts[4198, 24]: elements are not aligned
ERROR: (align) C:/Users/valmac/FullScreenPokemon/src/components/constants/Pokemon.ts[4201, 24]: elements are not aligned
ERROR: (align) C:/Users/valmac/FullScreenPokemon/src/components/constants/Pokemon.ts[4204, 24]: elements are not aligned
ERROR: (align) C:/Users/valmac/FullScreenPokemon/src/components/constants/Pokemon.ts[4230, 24]: elements are not aligned
ERROR: (align) C:/Users/valmac/FullScreenPokemon/src/components/constants/Pokemon.ts[4233, 24]: elements are not aligned
ERROR: (align) C:/Users/valmac/FullScreenPokemon/src/components/constants/Pokemon.ts[4236, 24]: elements are not aligned
ERROR: (align) C:/Users/valmac/FullScreenPokemon/src/components/constants/Pokemon.ts[4239, 24]: elements are not aligned
ERROR: (align) C:/Users/valmac/FullScreenPokemon/src/components/constants/Pokemon.ts[4242, 24]: elements are not aligned
ERROR: (align) C:/Users/valmac/FullScreenPokemon/src/components/constants/Pokemon.ts[4245, 24]: elements are not aligned
ERROR: (align) C:/Users/valmac/FullScreenPokemon/src/components/constants/Pokemon.ts[4248, 24]: elements are not aligned
ERROR: (align) C:/Users/valmac/FullScreenPokemon/src/components/constants/Pokemon.ts[4251, 24]: elements are not aligned
ERROR: (align) C:/Users/valmac/FullScreenPokemon/src/components/constants/Pokemon.ts[4254, 24]: elements are not aligned
ERROR: (align) C:/Users/valmac/FullScreenPokemon/src/components/constants/Pokemon.ts[4257, 24]: elements are not aligned
ERROR: (align) C:/Users/valmac/FullScreenPokemon/src/components/constants/Pokemon.ts[4260, 24]: elements are not aligned
ERROR: (align) C:/Users/valmac/FullScreenPokemon/src/components/constants/Pokemon.ts[4268, 24]: elements are not aligned
ERROR: (align) C:/Users/valmac/FullScreenPokemon/src/components/constants/Pokemon.ts[4271, 24]: elements are not aligned
ERROR: (align) C:/Users/valmac/FullScreenPokemon/src/components/constants/Pokemon.ts[4274, 24]: elements are not aligned
ERROR: (align) C:/Users/valmac/FullScreenPokemon/src/components/constants/Pokemon.ts[4277, 24]: elements are not aligned
ERROR: (align) C:/Users/valmac/FullScreenPokemon/src/components/constants/Pokemon.ts[4280, 24]: elements are not aligned
ERROR: (align) C:/Users/valmac/FullScreenPokemon/src/components/constants/Pokemon.ts[4283, 24]: elements are not aligned
ERROR: (align) C:/Users/valmac/FullScreenPokemon/src/components/constants/Pokemon.ts[4286, 24]: elements are not aligned
ERROR: (align) C:/Users/valmac/FullScreenPokemon/src/components/constants/Pokemon.ts[4289, 24]: elements are not aligned
ERROR: (align) C:/Users/valmac/FullScreenPokemon/src/components/constants/Pokemon.ts[4292, 24]: elements are not aligned
ERROR: (align) C:/Users/valmac/FullScreenPokemon/src/components/constants/Pokemon.ts[4295, 24]: elements are not aligned
ERROR: (align) C:/Users/valmac/FullScreenPokemon/src/components/constants/Pokemon.ts[4298, 24]: elements are not aligned
ERROR: (align) C:/Users/valmac/FullScreenPokemon/src/components/constants/Pokemon.ts[4301, 24]: elements are not aligned
ERROR: (align) C:/Users/valmac/FullScreenPokemon/src/components/constants/Pokemon.ts[4304, 24]: elements are not aligned
ERROR: (align) C:/Users/valmac/FullScreenPokemon/src/components/constants/Pokemon.ts[4307, 24]: elements are not aligned
ERROR: (align) C:/Users/valmac/FullScreenPokemon/src/components/constants/Pokemon.ts[4315, 24]: elements are not aligned
ERROR: (align) C:/Users/valmac/FullScreenPokemon/src/components/constants/Pokemon.ts[4318, 24]: elements are not aligned
ERROR: (align) C:/Users/valmac/FullScreenPokemon/src/components/constants/Pokemon.ts[4321, 24]: elements are not aligned
ERROR: (align) C:/Users/valmac/FullScreenPokemon/src/components/constants/Pokemon.ts[4324, 24]: elements are not aligned
ERROR: (align) C:/Users/valmac/FullScreenPokemon/src/components/constants/Pokemon.ts[4327, 24]: elements are not aligned
ERROR: (align) C:/Users/valmac/FullScreenPokemon/src/components/constants/Pokemon.ts[4330, 24]: elements are not aligned
ERROR: (align) C:/Users/valmac/FullScreenPokemon/src/components/constants/Pokemon.ts[4333, 24]: elements are not aligned
ERROR: (align) C:/Users/valmac/FullScreenPokemon/src/components/constants/Pokemon.ts[4336, 24]: elements are not aligned
ERROR: (align) C:/Users/valmac/FullScreenPokemon/src/components/constants/Pokemon.ts[4339, 24]: elements are not aligned
ERROR: (align) C:/Users/valmac/FullScreenPokemon/src/components/constants/Pokemon.ts[4342, 24]: elements are not aligned
ERROR: (align) C:/Users/valmac/FullScreenPokemon/src/components/constants/Pokemon.ts[4345, 24]: elements are not aligned
ERROR: (align) C:/Users/valmac/FullScreenPokemon/src/components/constants/Pokemon.ts[4348, 24]: elements are not aligned
ERROR: (align) C:/Users/valmac/FullScreenPokemon/src/components/constants/Pokemon.ts[4351, 24]: elements are not aligned
ERROR: (align) C:/Users/valmac/FullScreenPokemon/src/components/constants/Pokemon.ts[4354, 24]: elements are not aligned
ERROR: (align) C:/Users/valmac/FullScreenPokemon/src/components/constants/Pokemon.ts[4389, 24]: elements are not aligned
ERROR: (align) C:/Users/valmac/FullScreenPokemon/src/components/constants/Pokemon.ts[4392, 24]: elements are not aligned
ERROR: (align) C:/Users/valmac/FullScreenPokemon/src/components/constants/Pokemon.ts[4395, 24]: elements are not aligned
ERROR: (align) C:/Users/valmac/FullScreenPokemon/src/components/constants/Pokemon.ts[4398, 24]: elements are not aligned
ERROR: (align) C:/Users/valmac/FullScreenPokemon/src/components/constants/Pokemon.ts[4407, 24]: elements are not aligned
ERROR: (align) C:/Users/valmac/FullScreenPokemon/src/components/constants/Pokemon.ts[4410, 24]: elements are not aligned
ERROR: (align) C:/Users/valmac/FullScreenPokemon/src/components/constants/Pokemon.ts[4413, 24]: elements are not aligned
ERROR: (align) C:/Users/valmac/FullScreenPokemon/src/components/constants/Pokemon.ts[4416, 24]: elements are not aligned
ERROR: (align) C:/Users/valmac/FullScreenPokemon/src/components/constants/Pokemon.ts[4442, 24]: elements are not aligned
ERROR: (align) C:/Users/valmac/FullScreenPokemon/src/components/constants/Pokemon.ts[4445, 24]: elements are not aligned
ERROR: (align) C:/Users/valmac/FullScreenPokemon/src/components/constants/Pokemon.ts[4448, 24]: elements are not aligned
ERROR: (align) C:/Users/valmac/FullScreenPokemon/src/components/constants/Pokemon.ts[4451, 24]: elements are not aligned
ERROR: (align) C:/Users/valmac/FullScreenPokemon/src/components/constants/Pokemon.ts[4463, 24]: elements are not aligned
ERROR: (align) C:/Users/valmac/FullScreenPokemon/src/components/constants/Pokemon.ts[4466, 24]: elements are not aligned
ERROR: (align) C:/Users/valmac/FullScreenPokemon/src/components/constants/Pokemon.ts[4469, 24]: elements are not aligned
ERROR: (align) C:/Users/valmac/FullScreenPokemon/src/components/constants/Pokemon.ts[4472, 24]: elements are not aligned
ERROR: (align) C:/Users/valmac/FullScreenPokemon/src/components/constants/Pokemon.ts[4475, 24]: elements are not aligned
ERROR: (align) C:/Users/valmac/FullScreenPokemon/src/components/constants/Pokemon.ts[4478, 24]: elements are not aligned
ERROR: (align) C:/Users/valmac/FullScreenPokemon/src/components/constants/Pokemon.ts[4481, 24]: elements are not aligned
ERROR: (align) C:/Users/valmac/FullScreenPokemon/src/components/constants/Pokemon.ts[4484, 24]: elements are not aligned
ERROR: (align) C:/Users/valmac/FullScreenPokemon/src/components/constants/Pokemon.ts[4487, 24]: elements are not aligned
ERROR: (align) C:/Users/valmac/FullScreenPokemon/src/components/constants/Pokemon.ts[4490, 24]: elements are not aligned
ERROR: (align) C:/Users/valmac/FullScreenPokemon/src/components/constants/Pokemon.ts[4493, 24]: elements are not aligned
ERROR: (align) C:/Users/valmac/FullScreenPokemon/src/components/constants/Pokemon.ts[4496, 24]: elements are not aligned
ERROR: (align) C:/Users/valmac/FullScreenPokemon/src/components/constants/Pokemon.ts[4499, 24]: elements are not aligned
ERROR: (align) C:/Users/valmac/FullScreenPokemon/src/components/constants/Pokemon.ts[4502, 24]: elements are not aligned
ERROR: (align) C:/Users/valmac/FullScreenPokemon/src/components/constants/Pokemon.ts[4505, 24]: elements are not aligned
ERROR: (align) C:/Users/valmac/FullScreenPokemon/src/components/constants/Pokemon.ts[4508, 24]: elements are not aligned
ERROR: (align) C:/Users/valmac/FullScreenPokemon/src/components/constants/Pokemon.ts[4511, 24]: elements are not aligned
ERROR: (align) C:/Users/valmac/FullScreenPokemon/src/components/constants/Pokemon.ts[4514, 24]: elements are not aligned
ERROR: (align) C:/Users/valmac/FullScreenPokemon/src/components/constants/Pokemon.ts[4517, 24]: elements are not aligned
ERROR: (align) C:/Users/valmac/FullScreenPokemon/src/components/constants/Pokemon.ts[4520, 24]: elements are not aligned
ERROR: (align) C:/Users/valmac/FullScreenPokemon/src/components/constants/Pokemon.ts[4523, 24]: elements are not aligned
ERROR: (align) C:/Users/valmac/FullScreenPokemon/src/components/constants/Pokemon.ts[4526, 24]: elements are not aligned
ERROR: (align) C:/Users/valmac/FullScreenPokemon/src/components/constants/Pokemon.ts[4529, 24]: elements are not aligned
ERROR: (align) C:/Users/valmac/FullScreenPokemon/src/components/constants/Pokemon.ts[4532, 24]: elements are not aligned
ERROR: (align) C:/Users/valmac/FullScreenPokemon/src/components/constants/Pokemon.ts[4535, 24]: elements are not aligned
ERROR: (align) C:/Users/valmac/FullScreenPokemon/src/components/constants/Pokemon.ts[4570, 24]: elements are not aligned
ERROR: (align) C:/Users/valmac/FullScreenPokemon/src/components/constants/Pokemon.ts[4573, 24]: elements are not aligned
ERROR: (align) C:/Users/valmac/FullScreenPokemon/src/components/constants/Pokemon.ts[4576, 24]: elements are not aligned
ERROR: (align) C:/Users/valmac/FullScreenPokemon/src/components/constants/Pokemon.ts[4579, 24]: elements are not aligned
ERROR: (align) C:/Users/valmac/FullScreenPokemon/src/components/constants/Pokemon.ts[4582, 24]: elements are not aligned
ERROR: (align) C:/Users/valmac/FullScreenPokemon/src/components/constants/Pokemon.ts[4585, 24]: elements are not aligned
ERROR: (align) C:/Users/valmac/FullScreenPokemon/src/components/constants/Pokemon.ts[4594, 24]: elements are not aligned
ERROR: (align) C:/Users/valmac/FullScreenPokemon/src/components/constants/Pokemon.ts[4597, 24]: elements are not aligned
ERROR: (align) C:/Users/valmac/FullScreenPokemon/src/components/constants/Pokemon.ts[4600, 24]: elements are not aligned
ERROR: (align) C:/Users/valmac/FullScreenPokemon/src/components/constants/Pokemon.ts[4603, 24]: elements are not aligned
ERROR: (align) C:/Users/valmac/FullScreenPokemon/src/components/constants/Pokemon.ts[4606, 24]: elements are not aligned
ERROR: (align) C:/Users/valmac/FullScreenPokemon/src/components/constants/Pokemon.ts[4609, 24]: elements are not aligned
ERROR: (align) C:/Users/valmac/FullScreenPokemon/src/components/constants/Pokemon.ts[4612, 24]: elements are not aligned
ERROR: (align) C:/Users/valmac/FullScreenPokemon/src/components/constants/Pokemon.ts[4615, 24]: elements are not aligned
ERROR: (align) C:/Users/valmac/FullScreenPokemon/src/components/constants/Pokemon.ts[4618, 24]: elements are not aligned
ERROR: (align) C:/Users/valmac/FullScreenPokemon/src/components/constants/Pokemon.ts[4621, 24]: elements are not aligned
ERROR: (align) C:/Users/valmac/FullScreenPokemon/src/components/constants/Pokemon.ts[4624, 24]: elements are not aligned
ERROR: (align) C:/Users/valmac/FullScreenPokemon/src/components/constants/Pokemon.ts[4627, 24]: elements are not aligned
ERROR: (align) C:/Users/valmac/FullScreenPokemon/src/components/constants/Pokemon.ts[4630, 24]: elements are not aligned
ERROR: (align) C:/Users/valmac/FullScreenPokemon/src/components/constants/Pokemon.ts[4633, 24]: elements are not aligned
ERROR: (align) C:/Users/valmac/FullScreenPokemon/src/components/constants/Pokemon.ts[4636, 24]: elements are not aligned
ERROR: (align) C:/Users/valmac/FullScreenPokemon/src/components/constants/Pokemon.ts[4639, 24]: elements are not aligned
ERROR: (align) C:/Users/valmac/FullScreenPokemon/src/components/constants/Pokemon.ts[4642, 24]: elements are not aligned
ERROR: (align) C:/Users/valmac/FullScreenPokemon/src/components/constants/Pokemon.ts[4645, 24]: elements are not aligned
ERROR: (align) C:/Users/valmac/FullScreenPokemon/src/components/constants/Pokemon.ts[4648, 24]: elements are not aligned
ERROR: (align) C:/Users/valmac/FullScreenPokemon/src/components/constants/Pokemon.ts[4651, 24]: elements are not aligned
ERROR: (align) C:/Users/valmac/FullScreenPokemon/src/components/constants/Pokemon.ts[4654, 24]: elements are not aligned
ERROR: (align) C:/Users/valmac/FullScreenPokemon/src/components/constants/Pokemon.ts[4689, 24]: elements are not aligned
ERROR: (align) C:/Users/valmac/FullScreenPokemon/src/components/constants/Pokemon.ts[4692, 24]: elements are not aligned
ERROR: (align) C:/Users/valmac/FullScreenPokemon/src/components/constants/Pokemon.ts[4695, 24]: elements are not aligned
ERROR: (align) C:/Users/valmac/FullScreenPokemon/src/components/constants/Pokemon.ts[4698, 24]: elements are not aligned
ERROR: (align) C:/Users/valmac/FullScreenPokemon/src/components/constants/Pokemon.ts[4701, 24]: elements are not aligned
ERROR: (align) C:/Users/valmac/FullScreenPokemon/src/components/constants/Pokemon.ts[4704, 24]: elements are not aligned
ERROR: (align) C:/Users/valmac/FullScreenPokemon/src/components/constants/Pokemon.ts[4707, 24]: elements are not aligned
ERROR: (align) C:/Users/valmac/FullScreenPokemon/src/components/constants/Pokemon.ts[4710, 24]: elements are not aligned
ERROR: (align) C:/Users/valmac/FullScreenPokemon/src/components/constants/Pokemon.ts[4719, 24]: elements are not aligned
ERROR: (align) C:/Users/valmac/FullScreenPokemon/src/components/constants/Pokemon.ts[4722, 24]: elements are not aligned
ERROR: (align) C:/Users/valmac/FullScreenPokemon/src/components/constants/Pokemon.ts[4725, 24]: elements are not aligned
ERROR: (align) C:/Users/valmac/FullScreenPokemon/src/components/constants/Pokemon.ts[4728, 24]: elements are not aligned
ERROR: (align) C:/Users/valmac/FullScreenPokemon/src/components/constants/Pokemon.ts[4731, 24]: elements are not aligned
ERROR: (align) C:/Users/valmac/FullScreenPokemon/src/components/constants/Pokemon.ts[4734, 24]: elements are not aligned
ERROR: (align) C:/Users/valmac/FullScreenPokemon/src/components/constants/Pokemon.ts[4737, 24]: elements are not aligned
ERROR: (align) C:/Users/valmac/FullScreenPokemon/src/components/constants/Pokemon.ts[4740, 24]: elements are not aligned
ERROR: (align) C:/Users/valmac/FullScreenPokemon/src/components/constants/Pokemon.ts[4743, 24]: elements are not aligned
ERROR: (align) C:/Users/valmac/FullScreenPokemon/src/components/constants/Pokemon.ts[4746, 24]: elements are not aligned
ERROR: (align) C:/Users/valmac/FullScreenPokemon/src/components/constants/Pokemon.ts[4749, 24]: elements are not aligned
ERROR: (align) C:/Users/valmac/FullScreenPokemon/src/components/constants/Pokemon.ts[4752, 24]: elements are not aligned
ERROR: (align) C:/Users/valmac/FullScreenPokemon/src/components/constants/Pokemon.ts[4778, 24]: elements are not aligned
ERROR: (align) C:/Users/valmac/FullScreenPokemon/src/components/constants/Pokemon.ts[4781, 24]: elements are not aligned
ERROR: (align) C:/Users/valmac/FullScreenPokemon/src/components/constants/Pokemon.ts[4784, 24]: elements are not aligned
ERROR: (align) C:/Users/valmac/FullScreenPokemon/src/components/constants/Pokemon.ts[4787, 24]: elements are not aligned
ERROR: (align) C:/Users/valmac/FullScreenPokemon/src/components/constants/Pokemon.ts[4790, 24]: elements are not aligned
ERROR: (align) C:/Users/valmac/FullScreenPokemon/src/components/constants/Pokemon.ts[4793, 24]: elements are not aligned
ERROR: (align) C:/Users/valmac/FullScreenPokemon/src/components/constants/Pokemon.ts[4796, 24]: elements are not aligned
ERROR: (align) C:/Users/valmac/FullScreenPokemon/src/components/constants/Pokemon.ts[4804, 24]: elements are not aligned
ERROR: (align) C:/Users/valmac/FullScreenPokemon/src/components/constants/Pokemon.ts[4807, 24]: elements are not aligned
ERROR: (align) C:/Users/valmac/FullScreenPokemon/src/components/constants/Pokemon.ts[4810, 24]: elements are not aligned
ERROR: (align) C:/Users/valmac/FullScreenPokemon/src/components/constants/Pokemon.ts[4813, 24]: elements are not aligned
ERROR: (align) C:/Users/valmac/FullScreenPokemon/src/components/constants/Pokemon.ts[4816, 24]: elements are not aligned
ERROR: (align) C:/Users/valmac/FullScreenPokemon/src/components/constants/Pokemon.ts[4819, 24]: elements are not aligned
ERROR: (align) C:/Users/valmac/FullScreenPokemon/src/components/constants/Pokemon.ts[4822, 24]: elements are not aligned
ERROR: (align) C:/Users/valmac/FullScreenPokemon/src/components/constants/Pokemon.ts[4825, 24]: elements are not aligned
ERROR: (align) C:/Users/valmac/FullScreenPokemon/src/components/constants/Pokemon.ts[4828, 24]: elements are not aligned
ERROR: (align) C:/Users/valmac/FullScreenPokemon/src/components/constants/Pokemon.ts[4831, 24]: elements are not aligned
ERROR: (align) C:/Users/valmac/FullScreenPokemon/src/components/constants/Pokemon.ts[4834, 24]: elements are not aligned
ERROR: (align) C:/Users/valmac/FullScreenPokemon/src/components/constants/Pokemon.ts[4837, 24]: elements are not aligned
ERROR: (align) C:/Users/valmac/FullScreenPokemon/src/components/constants/Pokemon.ts[4840, 24]: elements are not aligned
ERROR: (align) C:/Users/valmac/FullScreenPokemon/src/components/constants/Pokemon.ts[4848, 24]: elements are not aligned
ERROR: (align) C:/Users/valmac/FullScreenPokemon/src/components/constants/Pokemon.ts[4851, 24]: elements are not aligned
ERROR: (align) C:/Users/valmac/FullScreenPokemon/src/components/constants/Pokemon.ts[4854, 24]: elements are not aligned
ERROR: (align) C:/Users/valmac/FullScreenPokemon/src/components/constants/Pokemon.ts[4857, 24]: elements are not aligned
ERROR: (align) C:/Users/valmac/FullScreenPokemon/src/components/constants/Pokemon.ts[4860, 24]: elements are not aligned
ERROR: (align) C:/Users/valmac/FullScreenPokemon/src/components/constants/Pokemon.ts[4863, 24]: elements are not aligned
ERROR: (align) C:/Users/valmac/FullScreenPokemon/src/components/constants/Pokemon.ts[4866, 24]: elements are not aligned
ERROR: (align) C:/Users/valmac/FullScreenPokemon/src/components/constants/Pokemon.ts[4901, 24]: elements are not aligned
ERROR: (align) C:/Users/valmac/FullScreenPokemon/src/components/constants/Pokemon.ts[4904, 24]: elements are not aligned
ERROR: (align) C:/Users/valmac/FullScreenPokemon/src/components/constants/Pokemon.ts[4907, 24]: elements are not aligned
ERROR: (align) C:/Users/valmac/FullScreenPokemon/src/components/constants/Pokemon.ts[4910, 24]: elements are not aligned
ERROR: (align) C:/Users/valmac/FullScreenPokemon/src/components/constants/Pokemon.ts[4913, 24]: elements are not aligned
ERROR: (align) C:/Users/valmac/FullScreenPokemon/src/components/constants/Pokemon.ts[4916, 24]: elements are not aligned
ERROR: (align) C:/Users/valmac/FullScreenPokemon/src/components/constants/Pokemon.ts[4919, 24]: elements are not aligned
ERROR: (align) C:/Users/valmac/FullScreenPokemon/src/components/constants/Pokemon.ts[4931, 24]: elements are not aligned
ERROR: (align) C:/Users/valmac/FullScreenPokemon/src/components/constants/Pokemon.ts[4934, 24]: elements are not aligned
ERROR: (align) C:/Users/valmac/FullScreenPokemon/src/components/constants/Pokemon.ts[4937, 24]: elements are not aligned
ERROR: (align) C:/Users/valmac/FullScreenPokemon/src/components/constants/Pokemon.ts[4940, 24]: elements are not aligned
ERROR: (align) C:/Users/valmac/FullScreenPokemon/src/components/constants/Pokemon.ts[4943, 24]: elements are not aligned
ERROR: (align) C:/Users/valmac/FullScreenPokemon/src/components/constants/Pokemon.ts[4946, 24]: elements are not aligned
ERROR: (align) C:/Users/valmac/FullScreenPokemon/src/components/constants/Pokemon.ts[4949, 24]: elements are not aligned
ERROR: (align) C:/Users/valmac/FullScreenPokemon/src/components/constants/Pokemon.ts[4952, 24]: elements are not aligned
ERROR: (align) C:/Users/valmac/FullScreenPokemon/src/components/constants/Pokemon.ts[4955, 24]: elements are not aligned
ERROR: (align) C:/Users/valmac/FullScreenPokemon/src/components/constants/Pokemon.ts[4958, 24]: elements are not aligned
ERROR: (align) C:/Users/valmac/FullScreenPokemon/src/components/constants/Pokemon.ts[4961, 24]: elements are not aligned
ERROR: (align) C:/Users/valmac/FullScreenPokemon/src/components/constants/Pokemon.ts[4964, 24]: elements are not aligned
ERROR: (align) C:/Users/valmac/FullScreenPokemon/src/components/constants/Pokemon.ts[4967, 24]: elements are not aligned
ERROR: (align) C:/Users/valmac/FullScreenPokemon/src/components/constants/Pokemon.ts[4970, 24]: elements are not aligned
ERROR: (align) C:/Users/valmac/FullScreenPokemon/src/components/constants/Pokemon.ts[4973, 24]: elements are not aligned
ERROR: (align) C:/Users/valmac/FullScreenPokemon/src/components/constants/Pokemon.ts[4999, 24]: elements are not aligned
ERROR: (align) C:/Users/valmac/FullScreenPokemon/src/components/constants/Pokemon.ts[5002, 24]: elements are not aligned
ERROR: (align) C:/Users/valmac/FullScreenPokemon/src/components/constants/Pokemon.ts[5005, 24]: elements are not aligned
ERROR: (align) C:/Users/valmac/FullScreenPokemon/src/components/constants/Pokemon.ts[5008, 24]: elements are not aligned
ERROR: (align) C:/Users/valmac/FullScreenPokemon/src/components/constants/Pokemon.ts[5011, 24]: elements are not aligned
ERROR: (align) C:/Users/valmac/FullScreenPokemon/src/components/constants/Pokemon.ts[5014, 24]: elements are not aligned
ERROR: (align) C:/Users/valmac/FullScreenPokemon/src/components/constants/Pokemon.ts[5017, 24]: elements are not aligned
ERROR: (align) C:/Users/valmac/FullScreenPokemon/src/components/constants/Pokemon.ts[5026, 24]: elements are not aligned
ERROR: (align) C:/Users/valmac/FullScreenPokemon/src/components/constants/Pokemon.ts[5029, 24]: elements are not aligned
ERROR: (align) C:/Users/valmac/FullScreenPokemon/src/components/constants/Pokemon.ts[5032, 24]: elements are not aligned
ERROR: (align) C:/Users/valmac/FullScreenPokemon/src/components/constants/Pokemon.ts[5035, 24]: elements are not aligned
ERROR: (align) C:/Users/valmac/FullScreenPokemon/src/components/constants/Pokemon.ts[5038, 24]: elements are not aligned
ERROR: (align) C:/Users/valmac/FullScreenPokemon/src/components/constants/Pokemon.ts[5041, 24]: elements are not aligned
ERROR: (align) C:/Users/valmac/FullScreenPokemon/src/components/constants/Pokemon.ts[5044, 24]: elements are not aligned
ERROR: (align) C:/Users/valmac/FullScreenPokemon/src/components/constants/Pokemon.ts[5047, 24]: elements are not aligned
ERROR: (align) C:/Users/valmac/FullScreenPokemon/src/components/constants/Pokemon.ts[5050, 24]: elements are not aligned
ERROR: (align) C:/Users/valmac/FullScreenPokemon/src/components/constants/Pokemon.ts[5053, 24]: elements are not aligned
ERROR: (align) C:/Users/valmac/FullScreenPokemon/src/components/constants/Pokemon.ts[5056, 24]: elements are not aligned
ERROR: (align) C:/Users/valmac/FullScreenPokemon/src/components/constants/Pokemon.ts[5059, 24]: elements are not aligned
ERROR: (align) C:/Users/valmac/FullScreenPokemon/src/components/constants/Pokemon.ts[5062, 24]: elements are not aligned
ERROR: (align) C:/Users/valmac/FullScreenPokemon/src/components/constants/Pokemon.ts[5065, 24]: elements are not aligned
ERROR: (align) C:/Users/valmac/FullScreenPokemon/src/components/constants/Pokemon.ts[5068, 24]: elements are not aligned
ERROR: (align) C:/Users/valmac/FullScreenPokemon/src/components/constants/Pokemon.ts[5071, 24]: elements are not aligned
ERROR: (align) C:/Users/valmac/FullScreenPokemon/src/components/constants/Pokemon.ts[5074, 24]: elements are not aligned
ERROR: (align) C:/Users/valmac/FullScreenPokemon/src/components/constants/Pokemon.ts[5077, 24]: elements are not aligned
ERROR: (align) C:/Users/valmac/FullScreenPokemon/src/components/constants/Pokemon.ts[5080, 24]: elements are not aligned
ERROR: (align) C:/Users/valmac/FullScreenPokemon/src/components/constants/Pokemon.ts[5083, 24]: elements are not aligned
ERROR: (align) C:/Users/valmac/FullScreenPokemon/src/components/constants/Pokemon.ts[5086, 24]: elements are not aligned
ERROR: (align) C:/Users/valmac/FullScreenPokemon/src/components/constants/Pokemon.ts[5089, 24]: elements are not aligned
ERROR: (align) C:/Users/valmac/FullScreenPokemon/src/components/constants/Pokemon.ts[5092, 24]: elements are not aligned
ERROR: (align) C:/Users/valmac/FullScreenPokemon/src/components/constants/Pokemon.ts[5118, 24]: elements are not aligned
ERROR: (align) C:/Users/valmac/FullScreenPokemon/src/components/constants/Pokemon.ts[5121, 24]: elements are not aligned
ERROR: (align) C:/Users/valmac/FullScreenPokemon/src/components/constants/Pokemon.ts[5124, 24]: elements are not aligned
ERROR: (align) C:/Users/valmac/FullScreenPokemon/src/components/constants/Pokemon.ts[5127, 24]: elements are not aligned
ERROR: (align) C:/Users/valmac/FullScreenPokemon/src/components/constants/Pokemon.ts[5130, 24]: elements are not aligned
ERROR: (align) C:/Users/valmac/FullScreenPokemon/src/components/constants/Pokemon.ts[5133, 24]: elements are not aligned
ERROR: (align) C:/Users/valmac/FullScreenPokemon/src/components/constants/Pokemon.ts[5136, 24]: elements are not aligned
ERROR: (align) C:/Users/valmac/FullScreenPokemon/src/components/constants/Pokemon.ts[5148, 24]: elements are not aligned
ERROR: (align) C:/Users/valmac/FullScreenPokemon/src/components/constants/Pokemon.ts[5151, 24]: elements are not aligned
ERROR: (align) C:/Users/valmac/FullScreenPokemon/src/components/constants/Pokemon.ts[5154, 24]: elements are not aligned
ERROR: (align) C:/Users/valmac/FullScreenPokemon/src/components/constants/Pokemon.ts[5157, 24]: elements are not aligned
ERROR: (align) C:/Users/valmac/FullScreenPokemon/src/components/constants/Pokemon.ts[5160, 24]: elements are not aligned
ERROR: (align) C:/Users/valmac/FullScreenPokemon/src/components/constants/Pokemon.ts[5163, 24]: elements are not aligned
ERROR: (align) C:/Users/valmac/FullScreenPokemon/src/components/constants/Pokemon.ts[5166, 24]: elements are not aligned
ERROR: (align) C:/Users/valmac/FullScreenPokemon/src/components/constants/Pokemon.ts[5169, 24]: elements are not aligned
ERROR: (align) C:/Users/valmac/FullScreenPokemon/src/components/constants/Pokemon.ts[5172, 24]: elements are not aligned
ERROR: (align) C:/Users/valmac/FullScreenPokemon/src/components/constants/Pokemon.ts[5175, 24]: elements are not aligned
ERROR: (align) C:/Users/valmac/FullScreenPokemon/src/components/constants/Pokemon.ts[5178, 24]: elements are not aligned
ERROR: (align) C:/Users/valmac/FullScreenPokemon/src/components/constants/Pokemon.ts[5181, 24]: elements are not aligned
ERROR: (align) C:/Users/valmac/FullScreenPokemon/src/components/constants/Pokemon.ts[5184, 24]: elements are not aligned
ERROR: (align) C:/Users/valmac/FullScreenPokemon/src/components/constants/Pokemon.ts[5187, 24]: elements are not aligned
ERROR: (align) C:/Users/valmac/FullScreenPokemon/src/components/constants/Pokemon.ts[5190, 24]: elements are not aligned
ERROR: (align) C:/Users/valmac/FullScreenPokemon/src/components/constants/Pokemon.ts[5193, 24]: elements are not aligned
ERROR: (align) C:/Users/valmac/FullScreenPokemon/src/components/constants/Pokemon.ts[5196, 24]: elements are not aligned
ERROR: (align) C:/Users/valmac/FullScreenPokemon/src/components/constants/Pokemon.ts[5199, 24]: elements are not aligned
ERROR: (align) C:/Users/valmac/FullScreenPokemon/src/components/constants/Pokemon.ts[5202, 24]: elements are not aligned
ERROR: (align) C:/Users/valmac/FullScreenPokemon/src/components/constants/Pokemon.ts[5205, 24]: elements are not aligned
ERROR: (align) C:/Users/valmac/FullScreenPokemon/src/components/constants/Pokemon.ts[5208, 24]: elements are not aligned
ERROR: (align) C:/Users/valmac/FullScreenPokemon/src/components/constants/Pokemon.ts[5211, 24]: elements are not aligned
ERROR: (align) C:/Users/valmac/FullScreenPokemon/src/components/constants/Pokemon.ts[5214, 24]: elements are not aligned
ERROR: (align) C:/Users/valmac/FullScreenPokemon/src/components/constants/Pokemon.ts[5248, 24]: elements are not aligned
ERROR: (align) C:/Users/valmac/FullScreenPokemon/src/components/constants/Pokemon.ts[5251, 24]: elements are not aligned
ERROR: (align) C:/Users/valmac/FullScreenPokemon/src/components/constants/Pokemon.ts[5254, 24]: elements are not aligned
ERROR: (align) C:/Users/valmac/FullScreenPokemon/src/components/constants/Pokemon.ts[5257, 24]: elements are not aligned
ERROR: (align) C:/Users/valmac/FullScreenPokemon/src/components/constants/Pokemon.ts[5260, 24]: elements are not aligned
ERROR: (align) C:/Users/valmac/FullScreenPokemon/src/components/constants/Pokemon.ts[5263, 24]: elements are not aligned
ERROR: (align) C:/Users/valmac/FullScreenPokemon/src/components/constants/Pokemon.ts[5266, 24]: elements are not aligned
ERROR: (align) C:/Users/valmac/FullScreenPokemon/src/components/constants/Pokemon.ts[5275, 24]: elements are not aligned
ERROR: (align) C:/Users/valmac/FullScreenPokemon/src/components/constants/Pokemon.ts[5278, 24]: elements are not aligned
ERROR: (align) C:/Users/valmac/FullScreenPokemon/src/components/constants/Pokemon.ts[5281, 24]: elements are not aligned
ERROR: (align) C:/Users/valmac/FullScreenPokemon/src/components/constants/Pokemon.ts[5284, 24]: elements are not aligned
ERROR: (align) C:/Users/valmac/FullScreenPokemon/src/components/constants/Pokemon.ts[5287, 24]: elements are not aligned
ERROR: (align) C:/Users/valmac/FullScreenPokemon/src/components/constants/Pokemon.ts[5290, 24]: elements are not aligned
ERROR: (align) C:/Users/valmac/FullScreenPokemon/src/components/constants/Pokemon.ts[5293, 24]: elements are not aligned
ERROR: (align) C:/Users/valmac/FullScreenPokemon/src/components/constants/Pokemon.ts[5296, 24]: elements are not aligned
ERROR: (align) C:/Users/valmac/FullScreenPokemon/src/components/constants/Pokemon.ts[5299, 24]: elements are not aligned
ERROR: (align) C:/Users/valmac/FullScreenPokemon/src/components/constants/Pokemon.ts[5302, 24]: elements are not aligned
ERROR: (align) C:/Users/valmac/FullScreenPokemon/src/components/constants/Pokemon.ts[5305, 24]: elements are not aligned
ERROR: (align) C:/Users/valmac/FullScreenPokemon/src/components/constants/Pokemon.ts[5308, 24]: elements are not aligned
ERROR: (align) C:/Users/valmac/FullScreenPokemon/src/components/constants/Pokemon.ts[5311, 24]: elements are not aligned
ERROR: (align) C:/Users/valmac/FullScreenPokemon/src/components/constants/Pokemon.ts[5314, 24]: elements are not aligned
ERROR: (align) C:/Users/valmac/FullScreenPokemon/src/components/constants/Pokemon.ts[5317, 24]: elements are not aligned
ERROR: (align) C:/Users/valmac/FullScreenPokemon/src/components/constants/Pokemon.ts[5320, 24]: elements are not aligned
ERROR: (align) C:/Users/valmac/FullScreenPokemon/src/components/constants/Pokemon.ts[5323, 24]: elements are not aligned
ERROR: (align) C:/Users/valmac/FullScreenPokemon/src/components/constants/Pokemon.ts[5326, 24]: elements are not aligned
ERROR: (align) C:/Users/valmac/FullScreenPokemon/src/components/constants/Pokemon.ts[5329, 24]: elements are not aligned
ERROR: (align) C:/Users/valmac/FullScreenPokemon/src/components/constants/Pokemon.ts[5332, 24]: elements are not aligned
ERROR: (align) C:/Users/valmac/FullScreenPokemon/src/components/constants/Pokemon.ts[5335, 24]: elements are not aligned
ERROR: (align) C:/Users/valmac/FullScreenPokemon/src/components/constants/Pokemon.ts[5370, 24]: elements are not aligned
ERROR: (align) C:/Users/valmac/FullScreenPokemon/src/components/constants/Pokemon.ts[5373, 24]: elements are not aligned
ERROR: (align) C:/Users/valmac/FullScreenPokemon/src/components/constants/Pokemon.ts[5376, 24]: elements are not aligned
ERROR: (align) C:/Users/valmac/FullScreenPokemon/src/components/constants/Pokemon.ts[5379, 24]: elements are not aligned
ERROR: (align) C:/Users/valmac/FullScreenPokemon/src/components/constants/Pokemon.ts[5382, 24]: elements are not aligned
ERROR: (align) C:/Users/valmac/FullScreenPokemon/src/components/constants/Pokemon.ts[5385, 24]: elements are not aligned
ERROR: (align) C:/Users/valmac/FullScreenPokemon/src/components/constants/Pokemon.ts[5388, 24]: elements are not aligned
ERROR: (align) C:/Users/valmac/FullScreenPokemon/src/components/constants/Pokemon.ts[5396, 24]: elements are not aligned
ERROR: (align) C:/Users/valmac/FullScreenPokemon/src/components/constants/Pokemon.ts[5399, 24]: elements are not aligned
ERROR: (align) C:/Users/valmac/FullScreenPokemon/src/components/constants/Pokemon.ts[5402, 24]: elements are not aligned
ERROR: (align) C:/Users/valmac/FullScreenPokemon/src/components/constants/Pokemon.ts[5405, 24]: elements are not aligned
ERROR: (align) C:/Users/valmac/FullScreenPokemon/src/components/constants/Pokemon.ts[5408, 24]: elements are not aligned
ERROR: (align) C:/Users/valmac/FullScreenPokemon/src/components/constants/Pokemon.ts[5411, 24]: elements are not aligned
ERROR: (align) C:/Users/valmac/FullScreenPokemon/src/components/constants/Pokemon.ts[5414, 24]: elements are not aligned
ERROR: (align) C:/Users/valmac/FullScreenPokemon/src/components/constants/Pokemon.ts[5417, 24]: elements are not aligned
ERROR: (align) C:/Users/valmac/FullScreenPokemon/src/components/constants/Pokemon.ts[5420, 24]: elements are not aligned
ERROR: (align) C:/Users/valmac/FullScreenPokemon/src/components/constants/Pokemon.ts[5423, 24]: elements are not aligned
ERROR: (align) C:/Users/valmac/FullScreenPokemon/src/components/constants/Pokemon.ts[5426, 24]: elements are not aligned
ERROR: (align) C:/Users/valmac/FullScreenPokemon/src/components/constants/Pokemon.ts[5429, 24]: elements are not aligned
ERROR: (align) C:/Users/valmac/FullScreenPokemon/src/components/constants/Pokemon.ts[5432, 24]: elements are not aligned
ERROR: (align) C:/Users/valmac/FullScreenPokemon/src/components/constants/Pokemon.ts[5440, 24]: elements are not aligned
ERROR: (align) C:/Users/valmac/FullScreenPokemon/src/components/constants/Pokemon.ts[5443, 24]: elements are not aligned
ERROR: (align) C:/Users/valmac/FullScreenPokemon/src/components/constants/Pokemon.ts[5446, 24]: elements are not aligned
ERROR: (align) C:/Users/valmac/FullScreenPokemon/src/components/constants/Pokemon.ts[5449, 24]: elements are not aligned
ERROR: (align) C:/Users/valmac/FullScreenPokemon/src/components/constants/Pokemon.ts[5452, 24]: elements are not aligned
ERROR: (align) C:/Users/valmac/FullScreenPokemon/src/components/constants/Pokemon.ts[5455, 24]: elements are not aligned
ERROR: (align) C:/Users/valmac/FullScreenPokemon/src/components/constants/Pokemon.ts[5458, 24]: elements are not aligned
ERROR: (align) C:/Users/valmac/FullScreenPokemon/src/components/constants/Pokemon.ts[5493, 24]: elements are not aligned
ERROR: (align) C:/Users/valmac/FullScreenPokemon/src/components/constants/Pokemon.ts[5496, 24]: elements are not aligned
ERROR: (align) C:/Users/valmac/FullScreenPokemon/src/components/constants/Pokemon.ts[5499, 24]: elements are not aligned
ERROR: (align) C:/Users/valmac/FullScreenPokemon/src/components/constants/Pokemon.ts[5502, 24]: elements are not aligned
ERROR: (align) C:/Users/valmac/FullScreenPokemon/src/components/constants/Pokemon.ts[5505, 24]: elements are not aligned
ERROR: (align) C:/Users/valmac/FullScreenPokemon/src/components/constants/Pokemon.ts[5508, 24]: elements are not aligned
ERROR: (align) C:/Users/valmac/FullScreenPokemon/src/components/constants/Pokemon.ts[5517, 24]: elements are not aligned
ERROR: (align) C:/Users/valmac/FullScreenPokemon/src/components/constants/Pokemon.ts[5520, 24]: elements are not aligned
ERROR: (align) C:/Users/valmac/FullScreenPokemon/src/components/constants/Pokemon.ts[5523, 24]: elements are not aligned
ERROR: (align) C:/Users/valmac/FullScreenPokemon/src/components/constants/Pokemon.ts[5526, 24]: elements are not aligned
ERROR: (align) C:/Users/valmac/FullScreenPokemon/src/components/constants/Pokemon.ts[5529, 24]: elements are not aligned
ERROR: (align) C:/Users/valmac/FullScreenPokemon/src/components/constants/Pokemon.ts[5532, 24]: elements are not aligned
ERROR: (align) C:/Users/valmac/FullScreenPokemon/src/components/constants/Pokemon.ts[5558, 24]: elements are not aligned
ERROR: (align) C:/Users/valmac/FullScreenPokemon/src/components/constants/Pokemon.ts[5561, 24]: elements are not aligned
ERROR: (align) C:/Users/valmac/FullScreenPokemon/src/components/constants/Pokemon.ts[5564, 24]: elements are not aligned
ERROR: (align) C:/Users/valmac/FullScreenPokemon/src/components/constants/Pokemon.ts[5567, 24]: elements are not aligned
ERROR: (align) C:/Users/valmac/FullScreenPokemon/src/components/constants/Pokemon.ts[5570, 24]: elements are not aligned
ERROR: (align) C:/Users/valmac/FullScreenPokemon/src/components/constants/Pokemon.ts[5573, 24]: elements are not aligned
ERROR: (align) C:/Users/valmac/FullScreenPokemon/src/components/constants/Pokemon.ts[5576, 24]: elements are not aligned
ERROR: (align) C:/Users/valmac/FullScreenPokemon/src/components/constants/Pokemon.ts[5579, 24]: elements are not aligned
ERROR: (align) C:/Users/valmac/FullScreenPokemon/src/components/constants/Pokemon.ts[5587, 24]: elements are not aligned
ERROR: (align) C:/Users/valmac/FullScreenPokemon/src/components/constants/Pokemon.ts[5595, 24]: elements are not aligned
ERROR: (align) C:/Users/valmac/FullScreenPokemon/src/components/constants/Pokemon.ts[5629, 24]: elements are not aligned
ERROR: (align) C:/Users/valmac/FullScreenPokemon/src/components/constants/Pokemon.ts[5632, 24]: elements are not aligned
ERROR: (align) C:/Users/valmac/FullScreenPokemon/src/components/constants/Pokemon.ts[5635, 24]: elements are not aligned
ERROR: (align) C:/Users/valmac/FullScreenPokemon/src/components/constants/Pokemon.ts[5638, 24]: elements are not aligned
ERROR: (align) C:/Users/valmac/FullScreenPokemon/src/components/constants/Pokemon.ts[5647, 24]: elements are not aligned
ERROR: (align) C:/Users/valmac/FullScreenPokemon/src/components/constants/Pokemon.ts[5650, 24]: elements are not aligned
ERROR: (align) C:/Users/valmac/FullScreenPokemon/src/components/constants/Pokemon.ts[5653, 24]: elements are not aligned
ERROR: (align) C:/Users/valmac/FullScreenPokemon/src/components/constants/Pokemon.ts[5656, 24]: elements are not aligned
ERROR: (align) C:/Users/valmac/FullScreenPokemon/src/components/constants/Pokemon.ts[5682, 24]: elements are not aligned
ERROR: (align) C:/Users/valmac/FullScreenPokemon/src/components/constants/Pokemon.ts[5685, 24]: elements are not aligned
ERROR: (align) C:/Users/valmac/FullScreenPokemon/src/components/constants/Pokemon.ts[5688, 24]: elements are not aligned
ERROR: (align) C:/Users/valmac/FullScreenPokemon/src/components/constants/Pokemon.ts[5691, 24]: elements are not aligned
ERROR: (align) C:/Users/valmac/FullScreenPokemon/src/components/constants/Pokemon.ts[5694, 24]: elements are not aligned
ERROR: (align) C:/Users/valmac/FullScreenPokemon/src/components/constants/Pokemon.ts[5697, 24]: elements are not aligned
ERROR: (align) C:/Users/valmac/FullScreenPokemon/src/components/constants/Pokemon.ts[5709, 24]: elements are not aligned
ERROR: (align) C:/Users/valmac/FullScreenPokemon/src/components/constants/Pokemon.ts[5712, 24]: elements are not aligned
ERROR: (align) C:/Users/valmac/FullScreenPokemon/src/components/constants/Pokemon.ts[5715, 24]: elements are not aligned
ERROR: (align) C:/Users/valmac/FullScreenPokemon/src/components/constants/Pokemon.ts[5718, 24]: elements are not aligned
ERROR: (align) C:/Users/valmac/FullScreenPokemon/src/components/constants/Pokemon.ts[5721, 24]: elements are not aligned
ERROR: (align) C:/Users/valmac/FullScreenPokemon/src/components/constants/Pokemon.ts[5724, 24]: elements are not aligned
ERROR: (align) C:/Users/valmac/FullScreenPokemon/src/components/constants/Pokemon.ts[5727, 24]: elements are not aligned
ERROR: (align) C:/Users/valmac/FullScreenPokemon/src/components/constants/Pokemon.ts[5730, 24]: elements are not aligned
ERROR: (align) C:/Users/valmac/FullScreenPokemon/src/components/constants/Pokemon.ts[5733, 24]: elements are not aligned
ERROR: (align) C:/Users/valmac/FullScreenPokemon/src/components/constants/Pokemon.ts[5736, 24]: elements are not aligned
ERROR: (align) C:/Users/valmac/FullScreenPokemon/src/components/constants/Pokemon.ts[5739, 24]: elements are not aligned
ERROR: (align) C:/Users/valmac/FullScreenPokemon/src/components/constants/Pokemon.ts[5742, 24]: elements are not aligned
ERROR: (align) C:/Users/valmac/FullScreenPokemon/src/components/constants/Pokemon.ts[5745, 24]: elements are not aligned
ERROR: (align) C:/Users/valmac/FullScreenPokemon/src/components/constants/Pokemon.ts[5748, 24]: elements are not aligned
ERROR: (align) C:/Users/valmac/FullScreenPokemon/src/components/constants/Pokemon.ts[5751, 24]: elements are not aligned
ERROR: (align) C:/Users/valmac/FullScreenPokemon/src/components/constants/Pokemon.ts[5754, 24]: elements are not aligned
ERROR: (align) C:/Users/valmac/FullScreenPokemon/src/components/constants/Pokemon.ts[5757, 24]: elements are not aligned
ERROR: (align) C:/Users/valmac/FullScreenPokemon/src/components/constants/Pokemon.ts[5783, 24]: elements are not aligned
ERROR: (align) C:/Users/valmac/FullScreenPokemon/src/components/constants/Pokemon.ts[5786, 24]: elements are not aligned
ERROR: (align) C:/Users/valmac/FullScreenPokemon/src/components/constants/Pokemon.ts[5789, 24]: elements are not aligned
ERROR: (align) C:/Users/valmac/FullScreenPokemon/src/components/constants/Pokemon.ts[5792, 24]: elements are not aligned
ERROR: (align) C:/Users/valmac/FullScreenPokemon/src/components/constants/Pokemon.ts[5795, 24]: elements are not aligned
ERROR: (align) C:/Users/valmac/FullScreenPokemon/src/components/constants/Pokemon.ts[5798, 24]: elements are not aligned
ERROR: (align) C:/Users/valmac/FullScreenPokemon/src/components/constants/Pokemon.ts[5807, 24]: elements are not aligned
ERROR: (align) C:/Users/valmac/FullScreenPokemon/src/components/constants/Pokemon.ts[5810, 24]: elements are not aligned
ERROR: (align) C:/Users/valmac/FullScreenPokemon/src/components/constants/Pokemon.ts[5813, 24]: elements are not aligned
ERROR: (align) C:/Users/valmac/FullScreenPokemon/src/components/constants/Pokemon.ts[5816, 24]: elements are not aligned
ERROR: (align) C:/Users/valmac/FullScreenPokemon/src/components/constants/Pokemon.ts[5819, 24]: elements are not aligned
ERROR: (align) C:/Users/valmac/FullScreenPokemon/src/components/constants/Pokemon.ts[5822, 24]: elements are not aligned
ERROR: (align) C:/Users/valmac/FullScreenPokemon/src/components/constants/Pokemon.ts[5825, 24]: elements are not aligned
ERROR: (align) C:/Users/valmac/FullScreenPokemon/src/components/constants/Pokemon.ts[5828, 24]: elements are not aligned
ERROR: (align) C:/Users/valmac/FullScreenPokemon/src/components/constants/Pokemon.ts[5831, 24]: elements are not aligned
ERROR: (align) C:/Users/valmac/FullScreenPokemon/src/components/constants/Pokemon.ts[5834, 24]: elements are not aligned
ERROR: (align) C:/Users/valmac/FullScreenPokemon/src/components/constants/Pokemon.ts[5837, 24]: elements are not aligned
ERROR: (align) C:/Users/valmac/FullScreenPokemon/src/components/constants/Pokemon.ts[5840, 24]: elements are not aligned
ERROR: (align) C:/Users/valmac/FullScreenPokemon/src/components/constants/Pokemon.ts[5843, 24]: elements are not aligned
ERROR: (align) C:/Users/valmac/FullScreenPokemon/src/components/constants/Pokemon.ts[5846, 24]: elements are not aligned
ERROR: (align) C:/Users/valmac/FullScreenPokemon/src/components/constants/Pokemon.ts[5849, 24]: elements are not aligned
ERROR: (align) C:/Users/valmac/FullScreenPokemon/src/components/constants/Pokemon.ts[5852, 24]: elements are not aligned
ERROR: (align) C:/Users/valmac/FullScreenPokemon/src/components/constants/Pokemon.ts[5855, 24]: elements are not aligned
ERROR: (align) C:/Users/valmac/FullScreenPokemon/src/components/constants/Pokemon.ts[5890, 24]: elements are not aligned
ERROR: (align) C:/Users/valmac/FullScreenPokemon/src/components/constants/Pokemon.ts[5893, 24]: elements are not aligned
ERROR: (align) C:/Users/valmac/FullScreenPokemon/src/components/constants/Pokemon.ts[5896, 24]: elements are not aligned
ERROR: (align) C:/Users/valmac/FullScreenPokemon/src/components/constants/Pokemon.ts[5899, 24]: elements are not aligned
ERROR: (align) C:/Users/valmac/FullScreenPokemon/src/components/constants/Pokemon.ts[5902, 24]: elements are not aligned
ERROR: (align) C:/Users/valmac/FullScreenPokemon/src/components/constants/Pokemon.ts[5914, 24]: elements are not aligned
ERROR: (align) C:/Users/valmac/FullScreenPokemon/src/components/constants/Pokemon.ts[5917, 24]: elements are not aligned
ERROR: (align) C:/Users/valmac/FullScreenPokemon/src/components/constants/Pokemon.ts[5920, 24]: elements are not aligned
ERROR: (align) C:/Users/valmac/FullScreenPokemon/src/components/constants/Pokemon.ts[5923, 24]: elements are not aligned
ERROR: (align) C:/Users/valmac/FullScreenPokemon/src/components/constants/Pokemon.ts[5926, 24]: elements are not aligned
ERROR: (align) C:/Users/valmac/FullScreenPokemon/src/components/constants/Pokemon.ts[5929, 24]: elements are not aligned
ERROR: (align) C:/Users/valmac/FullScreenPokemon/src/components/constants/Pokemon.ts[5932, 24]: elements are not aligned
ERROR: (align) C:/Users/valmac/FullScreenPokemon/src/components/constants/Pokemon.ts[5935, 24]: elements are not aligned
ERROR: (align) C:/Users/valmac/FullScreenPokemon/src/components/constants/Pokemon.ts[5938, 24]: elements are not aligned
ERROR: (align) C:/Users/valmac/FullScreenPokemon/src/components/constants/Pokemon.ts[5941, 24]: elements are not aligned
ERROR: (align) C:/Users/valmac/FullScreenPokemon/src/components/constants/Pokemon.ts[5944, 24]: elements are not aligned
ERROR: (align) C:/Users/valmac/FullScreenPokemon/src/components/constants/Pokemon.ts[5947, 24]: elements are not aligned
ERROR: (align) C:/Users/valmac/FullScreenPokemon/src/components/constants/Pokemon.ts[5950, 24]: elements are not aligned
ERROR: (align) C:/Users/valmac/FullScreenPokemon/src/components/constants/Pokemon.ts[5953, 24]: elements are not aligned
ERROR: (align) C:/Users/valmac/FullScreenPokemon/src/components/constants/Pokemon.ts[5979, 24]: elements are not aligned
ERROR: (align) C:/Users/valmac/FullScreenPokemon/src/components/constants/Pokemon.ts[5982, 24]: elements are not aligned
ERROR: (align) C:/Users/valmac/FullScreenPokemon/src/components/constants/Pokemon.ts[5985, 24]: elements are not aligned
ERROR: (align) C:/Users/valmac/FullScreenPokemon/src/components/constants/Pokemon.ts[5988, 24]: elements are not aligned
ERROR: (align) C:/Users/valmac/FullScreenPokemon/src/components/constants/Pokemon.ts[5991, 24]: elements are not aligned
ERROR: (align) C:/Users/valmac/FullScreenPokemon/src/components/constants/Pokemon.ts[5994, 24]: elements are not aligned
ERROR: (align) C:/Users/valmac/FullScreenPokemon/src/components/constants/Pokemon.ts[5997, 24]: elements are not aligned
ERROR: (align) C:/Users/valmac/FullScreenPokemon/src/components/constants/Pokemon.ts[6000, 24]: elements are not aligned
ERROR: (align) C:/Users/valmac/FullScreenPokemon/src/components/constants/Pokemon.ts[6003, 24]: elements are not aligned
ERROR: (align) C:/Users/valmac/FullScreenPokemon/src/components/constants/Pokemon.ts[6012, 24]: elements are not aligned
ERROR: (align) C:/Users/valmac/FullScreenPokemon/src/components/constants/Pokemon.ts[6015, 24]: elements are not aligned
ERROR: (align) C:/Users/valmac/FullScreenPokemon/src/components/constants/Pokemon.ts[6018, 24]: elements are not aligned
ERROR: (align) C:/Users/valmac/FullScreenPokemon/src/components/constants/Pokemon.ts[6021, 24]: elements are not aligned
ERROR: (align) C:/Users/valmac/FullScreenPokemon/src/components/constants/Pokemon.ts[6024, 24]: elements are not aligned
ERROR: (align) C:/Users/valmac/FullScreenPokemon/src/components/constants/Pokemon.ts[6027, 24]: elements are not aligned
ERROR: (align) C:/Users/valmac/FullScreenPokemon/src/components/constants/Pokemon.ts[6030, 24]: elements are not aligned
ERROR: (align) C:/Users/valmac/FullScreenPokemon/src/components/constants/Pokemon.ts[6033, 24]: elements are not aligned
ERROR: (align) C:/Users/valmac/FullScreenPokemon/src/components/constants/Pokemon.ts[6036, 24]: elements are not aligned
ERROR: (align) C:/Users/valmac/FullScreenPokemon/src/components/constants/Pokemon.ts[6039, 24]: elements are not aligned
ERROR: (align) C:/Users/valmac/FullScreenPokemon/src/components/constants/Pokemon.ts[6042, 24]: elements are not aligned
ERROR: (align) C:/Users/valmac/FullScreenPokemon/src/components/constants/Pokemon.ts[6045, 24]: elements are not aligned
ERROR: (align) C:/Users/valmac/FullScreenPokemon/src/components/constants/Pokemon.ts[6048, 24]: elements are not aligned
ERROR: (align) C:/Users/valmac/FullScreenPokemon/src/components/constants/Pokemon.ts[6051, 24]: elements are not aligned
ERROR: (align) C:/Users/valmac/FullScreenPokemon/src/components/constants/Pokemon.ts[6054, 24]: elements are not aligned
ERROR: (align) C:/Users/valmac/FullScreenPokemon/src/components/constants/Pokemon.ts[6057, 24]: elements are not aligned
ERROR: (align) C:/Users/valmac/FullScreenPokemon/src/components/constants/Pokemon.ts[6060, 24]: elements are not aligned
ERROR: (align) C:/Users/valmac/FullScreenPokemon/src/components/constants/Pokemon.ts[6063, 24]: elements are not aligned
ERROR: (align) C:/Users/valmac/FullScreenPokemon/src/components/constants/Pokemon.ts[6066, 24]: elements are not aligned
ERROR: (align) C:/Users/valmac/FullScreenPokemon/src/components/constants/Pokemon.ts[6069, 24]: elements are not aligned
ERROR: (align) C:/Users/valmac/FullScreenPokemon/src/components/constants/Pokemon.ts[6072, 24]: elements are not aligned
ERROR: (align) C:/Users/valmac/FullScreenPokemon/src/components/constants/Pokemon.ts[6075, 24]: elements are not aligned
ERROR: (align) C:/Users/valmac/FullScreenPokemon/src/components/constants/Pokemon.ts[6078, 24]: elements are not aligned
ERROR: (align) C:/Users/valmac/FullScreenPokemon/src/components/constants/Pokemon.ts[6081, 24]: elements are not aligned
ERROR: (align) C:/Users/valmac/FullScreenPokemon/src/components/constants/Pokemon.ts[6116, 24]: elements are not aligned
ERROR: (align) C:/Users/valmac/FullScreenPokemon/src/components/constants/Pokemon.ts[6119, 24]: elements are not aligned
ERROR: (align) C:/Users/valmac/FullScreenPokemon/src/components/constants/Pokemon.ts[6122, 24]: elements are not aligned
ERROR: (align) C:/Users/valmac/FullScreenPokemon/src/components/constants/Pokemon.ts[6125, 24]: elements are not aligned
ERROR: (align) C:/Users/valmac/FullScreenPokemon/src/components/constants/Pokemon.ts[6128, 24]: elements are not aligned
ERROR: (align) C:/Users/valmac/FullScreenPokemon/src/components/constants/Pokemon.ts[6131, 24]: elements are not aligned
ERROR: (align) C:/Users/valmac/FullScreenPokemon/src/components/constants/Pokemon.ts[6134, 24]: elements are not aligned
ERROR: (align) C:/Users/valmac/FullScreenPokemon/src/components/constants/Pokemon.ts[6137, 24]: elements are not aligned
ERROR: (align) C:/Users/valmac/FullScreenPokemon/src/components/constants/Pokemon.ts[6140, 24]: elements are not aligned
ERROR: (align) C:/Users/valmac/FullScreenPokemon/src/components/constants/Pokemon.ts[6152, 24]: elements are not aligned
ERROR: (align) C:/Users/valmac/FullScreenPokemon/src/components/constants/Pokemon.ts[6155, 24]: elements are not aligned
ERROR: (align) C:/Users/valmac/FullScreenPokemon/src/components/constants/Pokemon.ts[6158, 24]: elements are not aligned
ERROR: (align) C:/Users/valmac/FullScreenPokemon/src/components/constants/Pokemon.ts[6161, 24]: elements are not aligned
ERROR: (align) C:/Users/valmac/FullScreenPokemon/src/components/constants/Pokemon.ts[6164, 24]: elements are not aligned
ERROR: (align) C:/Users/valmac/FullScreenPokemon/src/components/constants/Pokemon.ts[6167, 24]: elements are not aligned
ERROR: (align) C:/Users/valmac/FullScreenPokemon/src/components/constants/Pokemon.ts[6170, 24]: elements are not aligned
ERROR: (align) C:/Users/valmac/FullScreenPokemon/src/components/constants/Pokemon.ts[6173, 24]: elements are not aligned
ERROR: (align) C:/Users/valmac/FullScreenPokemon/src/components/constants/Pokemon.ts[6176, 24]: elements are not aligned
ERROR: (align) C:/Users/valmac/FullScreenPokemon/src/components/constants/Pokemon.ts[6179, 24]: elements are not aligned
ERROR: (align) C:/Users/valmac/FullScreenPokemon/src/components/constants/Pokemon.ts[6182, 24]: elements are not aligned
ERROR: (align) C:/Users/valmac/FullScreenPokemon/src/components/constants/Pokemon.ts[6185, 24]: elements are not aligned
ERROR: (align) C:/Users/valmac/FullScreenPokemon/src/components/constants/Pokemon.ts[6188, 24]: elements are not aligned
ERROR: (align) C:/Users/valmac/FullScreenPokemon/src/components/constants/Pokemon.ts[6223, 24]: elements are not aligned
ERROR: (align) C:/Users/valmac/FullScreenPokemon/src/components/constants/Pokemon.ts[6226, 24]: elements are not aligned
ERROR: (align) C:/Users/valmac/FullScreenPokemon/src/components/constants/Pokemon.ts[6229, 24]: elements are not aligned
ERROR: (align) C:/Users/valmac/FullScreenPokemon/src/components/constants/Pokemon.ts[6232, 24]: elements are not aligned
ERROR: (align) C:/Users/valmac/FullScreenPokemon/src/components/constants/Pokemon.ts[6235, 24]: elements are not aligned
ERROR: (align) C:/Users/valmac/FullScreenPokemon/src/components/constants/Pokemon.ts[6238, 24]: elements are not aligned
ERROR: (align) C:/Users/valmac/FullScreenPokemon/src/components/constants/Pokemon.ts[6241, 24]: elements are not aligned
ERROR: (align) C:/Users/valmac/FullScreenPokemon/src/components/constants/Pokemon.ts[6249, 24]: elements are not aligned
ERROR: (align) C:/Users/valmac/FullScreenPokemon/src/components/constants/Pokemon.ts[6257, 24]: elements are not aligned
ERROR: (align) C:/Users/valmac/FullScreenPokemon/src/components/constants/Pokemon.ts[6260, 24]: elements are not aligned
ERROR: (align) C:/Users/valmac/FullScreenPokemon/src/components/constants/Pokemon.ts[6263, 24]: elements are not aligned
ERROR: (align) C:/Users/valmac/FullScreenPokemon/src/components/constants/Pokemon.ts[6266, 24]: elements are not aligned
ERROR: (align) C:/Users/valmac/FullScreenPokemon/src/components/constants/Pokemon.ts[6269, 24]: elements are not aligned
ERROR: (align) C:/Users/valmac/FullScreenPokemon/src/components/constants/Pokemon.ts[6272, 24]: elements are not aligned
ERROR: (align) C:/Users/valmac/FullScreenPokemon/src/components/constants/Pokemon.ts[6275, 24]: elements are not aligned
ERROR: (align) C:/Users/valmac/FullScreenPokemon/src/components/constants/Pokemon.ts[6278, 24]: elements are not aligned
ERROR: (align) C:/Users/valmac/FullScreenPokemon/src/components/constants/Pokemon.ts[6281, 24]: elements are not aligned
ERROR: (align) C:/Users/valmac/FullScreenPokemon/src/components/constants/Pokemon.ts[6284, 24]: elements are not aligned
ERROR: (align) C:/Users/valmac/FullScreenPokemon/src/components/constants/Pokemon.ts[6287, 24]: elements are not aligned
ERROR: (align) C:/Users/valmac/FullScreenPokemon/src/components/constants/Pokemon.ts[6290, 24]: elements are not aligned
ERROR: (align) C:/Users/valmac/FullScreenPokemon/src/components/constants/Pokemon.ts[6293, 24]: elements are not aligned
ERROR: (align) C:/Users/valmac/FullScreenPokemon/src/components/constants/Pokemon.ts[6296, 24]: elements are not aligned
ERROR: (align) C:/Users/valmac/FullScreenPokemon/src/components/constants/Pokemon.ts[6299, 24]: elements are not aligned
ERROR: (align) C:/Users/valmac/FullScreenPokemon/src/components/constants/Pokemon.ts[6302, 24]: elements are not aligned
ERROR: (align) C:/Users/valmac/FullScreenPokemon/src/components/constants/Pokemon.ts[6305, 24]: elements are not aligned
ERROR: (align) C:/Users/valmac/FullScreenPokemon/src/components/constants/Pokemon.ts[6308, 24]: elements are not aligned
ERROR: (align) C:/Users/valmac/FullScreenPokemon/src/components/constants/Pokemon.ts[6311, 24]: elements are not aligned
ERROR: (align) C:/Users/valmac/FullScreenPokemon/src/components/constants/Pokemon.ts[6314, 24]: elements are not aligned
ERROR: (align) C:/Users/valmac/FullScreenPokemon/src/components/constants/Pokemon.ts[6317, 24]: elements are not aligned
ERROR: (align) C:/Users/valmac/FullScreenPokemon/src/components/constants/Pokemon.ts[6320, 24]: elements are not aligned
ERROR: (align) C:/Users/valmac/FullScreenPokemon/src/components/constants/Pokemon.ts[6323, 24]: elements are not aligned
ERROR: (align) C:/Users/valmac/FullScreenPokemon/src/components/constants/Pokemon.ts[6326, 24]: elements are not aligned
ERROR: (align) C:/Users/valmac/FullScreenPokemon/src/components/constants/Pokemon.ts[6329, 24]: elements are not aligned
ERROR: (align) C:/Users/valmac/FullScreenPokemon/src/components/constants/Pokemon.ts[6332, 24]: elements are not aligned
ERROR: (align) C:/Users/valmac/FullScreenPokemon/src/components/constants/Pokemon.ts[6335, 24]: elements are not aligned
ERROR: (align) C:/Users/valmac/FullScreenPokemon/src/components/constants/Pokemon.ts[6338, 24]: elements are not aligned
ERROR: (align) C:/Users/valmac/FullScreenPokemon/src/components/constants/Pokemon.ts[6341, 24]: elements are not aligned
ERROR: (align) C:/Users/valmac/FullScreenPokemon/src/components/constants/Pokemon.ts[6367, 24]: elements are not aligned
ERROR: (align) C:/Users/valmac/FullScreenPokemon/src/components/constants/Pokemon.ts[6370, 24]: elements are not aligned
ERROR: (align) C:/Users/valmac/FullScreenPokemon/src/components/constants/Pokemon.ts[6373, 24]: elements are not aligned
ERROR: (align) C:/Users/valmac/FullScreenPokemon/src/components/constants/Pokemon.ts[6376, 24]: elements are not aligned
ERROR: (align) C:/Users/valmac/FullScreenPokemon/src/components/constants/Pokemon.ts[6379, 24]: elements are not aligned
ERROR: (align) C:/Users/valmac/FullScreenPokemon/src/components/constants/Pokemon.ts[6382, 24]: elements are not aligned
ERROR: (align) C:/Users/valmac/FullScreenPokemon/src/components/constants/Pokemon.ts[6385, 24]: elements are not aligned
ERROR: (align) C:/Users/valmac/FullScreenPokemon/src/components/constants/Pokemon.ts[6388, 24]: elements are not aligned
ERROR: (align) C:/Users/valmac/FullScreenPokemon/src/components/constants/Pokemon.ts[6391, 24]: elements are not aligned
ERROR: (align) C:/Users/valmac/FullScreenPokemon/src/components/constants/Pokemon.ts[6394, 24]: elements are not aligned
ERROR: (align) C:/Users/valmac/FullScreenPokemon/src/components/constants/Pokemon.ts[6397, 24]: elements are not aligned
ERROR: (align) C:/Users/valmac/FullScreenPokemon/src/components/constants/Pokemon.ts[6428, 24]: elements are not aligned
ERROR: (align) C:/Users/valmac/FullScreenPokemon/src/components/constants/Pokemon.ts[6431, 24]: elements are not aligned
ERROR: (align) C:/Users/valmac/FullScreenPokemon/src/components/constants/Pokemon.ts[6434, 24]: elements are not aligned
ERROR: (align) C:/Users/valmac/FullScreenPokemon/src/components/constants/Pokemon.ts[6437, 24]: elements are not aligned
ERROR: (align) C:/Users/valmac/FullScreenPokemon/src/components/constants/Pokemon.ts[6440, 24]: elements are not aligned
ERROR: (align) C:/Users/valmac/FullScreenPokemon/src/components/constants/Pokemon.ts[6443, 24]: elements are not aligned
ERROR: (align) C:/Users/valmac/FullScreenPokemon/src/components/constants/Pokemon.ts[6446, 24]: elements are not aligned
ERROR: (align) C:/Users/valmac/FullScreenPokemon/src/components/constants/Pokemon.ts[6454, 24]: elements are not aligned
ERROR: (align) C:/Users/valmac/FullScreenPokemon/src/components/constants/Pokemon.ts[6457, 24]: elements are not aligned
ERROR: (align) C:/Users/valmac/FullScreenPokemon/src/components/constants/Pokemon.ts[6460, 24]: elements are not aligned
ERROR: (align) C:/Users/valmac/FullScreenPokemon/src/components/constants/Pokemon.ts[6463, 24]: elements are not aligned
ERROR: (align) C:/Users/valmac/FullScreenPokemon/src/components/constants/Pokemon.ts[6466, 24]: elements are not aligned
ERROR: (align) C:/Users/valmac/FullScreenPokemon/src/components/constants/Pokemon.ts[6469, 24]: elements are not aligned
ERROR: (align) C:/Users/valmac/FullScreenPokemon/src/components/constants/Pokemon.ts[6472, 24]: elements are not aligned
ERROR: (align) C:/Users/valmac/FullScreenPokemon/src/components/constants/Pokemon.ts[6475, 24]: elements are not aligned
ERROR: (align) C:/Users/valmac/FullScreenPokemon/src/components/constants/Pokemon.ts[6478, 24]: elements are not aligned
ERROR: (align) C:/Users/valmac/FullScreenPokemon/src/components/constants/Pokemon.ts[6481, 24]: elements are not aligned
ERROR: (align) C:/Users/valmac/FullScreenPokemon/src/components/constants/Pokemon.ts[6484, 24]: elements are not aligned
ERROR: (align) C:/Users/valmac/FullScreenPokemon/src/components/constants/Pokemon.ts[6487, 24]: elements are not aligned
ERROR: (align) C:/Users/valmac/FullScreenPokemon/src/components/constants/Pokemon.ts[6490, 24]: elements are not aligned
ERROR: (align) C:/Users/valmac/FullScreenPokemon/src/components/constants/Pokemon.ts[6493, 24]: elements are not aligned
ERROR: (align) C:/Users/valmac/FullScreenPokemon/src/components/constants/Pokemon.ts[6496, 24]: elements are not aligned
ERROR: (align) C:/Users/valmac/FullScreenPokemon/src/components/constants/Pokemon.ts[6499, 24]: elements are not aligned
ERROR: (align) C:/Users/valmac/FullScreenPokemon/src/components/constants/Pokemon.ts[6502, 24]: elements are not aligned
ERROR: (align) C:/Users/valmac/FullScreenPokemon/src/components/constants/Pokemon.ts[6505, 24]: elements are not aligned
ERROR: (align) C:/Users/valmac/FullScreenPokemon/src/components/constants/Pokemon.ts[6508, 24]: elements are not aligned
ERROR: (align) C:/Users/valmac/FullScreenPokemon/src/components/constants/Pokemon.ts[6511, 24]: elements are not aligned
ERROR: (align) C:/Users/valmac/FullScreenPokemon/src/components/constants/Pokemon.ts[6514, 24]: elements are not aligned
ERROR: (align) C:/Users/valmac/FullScreenPokemon/src/components/constants/Pokemon.ts[6517, 24]: elements are not aligned
ERROR: (align) C:/Users/valmac/FullScreenPokemon/src/components/constants/Pokemon.ts[6520, 24]: elements are not aligned
ERROR: (align) C:/Users/valmac/FullScreenPokemon/src/components/constants/Pokemon.ts[6523, 24]: elements are not aligned
ERROR: (align) C:/Users/valmac/FullScreenPokemon/src/components/constants/Pokemon.ts[6526, 24]: elements are not aligned
ERROR: (align) C:/Users/valmac/FullScreenPokemon/src/components/constants/Pokemon.ts[6534, 24]: elements are not aligned
ERROR: (align) C:/Users/valmac/FullScreenPokemon/src/components/constants/Pokemon.ts[6537, 24]: elements are not aligned
ERROR: (align) C:/Users/valmac/FullScreenPokemon/src/components/constants/Pokemon.ts[6540, 24]: elements are not aligned
ERROR: (align) C:/Users/valmac/FullScreenPokemon/src/components/constants/Pokemon.ts[6543, 24]: elements are not aligned
ERROR: (align) C:/Users/valmac/FullScreenPokemon/src/components/constants/Pokemon.ts[6546, 24]: elements are not aligned
ERROR: (align) C:/Users/valmac/FullScreenPokemon/src/components/constants/Pokemon.ts[6549, 24]: elements are not aligned
ERROR: (align) C:/Users/valmac/FullScreenPokemon/src/components/constants/Pokemon.ts[6552, 24]: elements are not aligned
ERROR: (align) C:/Users/valmac/FullScreenPokemon/src/components/constants/Pokemon.ts[6587, 24]: elements are not aligned
ERROR: (align) C:/Users/valmac/FullScreenPokemon/src/components/constants/Pokemon.ts[6590, 24]: elements are not aligned
ERROR: (align) C:/Users/valmac/FullScreenPokemon/src/components/constants/Pokemon.ts[6593, 24]: elements are not aligned
ERROR: (align) C:/Users/valmac/FullScreenPokemon/src/components/constants/Pokemon.ts[6596, 24]: elements are not aligned
ERROR: (align) C:/Users/valmac/FullScreenPokemon/src/components/constants/Pokemon.ts[6599, 24]: elements are not aligned
ERROR: (align) C:/Users/valmac/FullScreenPokemon/src/components/constants/Pokemon.ts[6611, 24]: elements are not aligned
ERROR: (align) C:/Users/valmac/FullScreenPokemon/src/components/constants/Pokemon.ts[6614, 24]: elements are not aligned
ERROR: (align) C:/Users/valmac/FullScreenPokemon/src/components/constants/Pokemon.ts[6617, 24]: elements are not aligned
ERROR: (align) C:/Users/valmac/FullScreenPokemon/src/components/constants/Pokemon.ts[6620, 24]: elements are not aligned
ERROR: (align) C:/Users/valmac/FullScreenPokemon/src/components/constants/Pokemon.ts[6623, 24]: elements are not aligned
ERROR: (align) C:/Users/valmac/FullScreenPokemon/src/components/constants/Pokemon.ts[6626, 24]: elements are not aligned
ERROR: (align) C:/Users/valmac/FullScreenPokemon/src/components/constants/Pokemon.ts[6629, 24]: elements are not aligned
ERROR: (align) C:/Users/valmac/FullScreenPokemon/src/components/constants/Pokemon.ts[6632, 24]: elements are not aligned
ERROR: (align) C:/Users/valmac/FullScreenPokemon/src/components/constants/Pokemon.ts[6635, 24]: elements are not aligned
ERROR: (align) C:/Users/valmac/FullScreenPokemon/src/components/constants/Pokemon.ts[6638, 24]: elements are not aligned
ERROR: (align) C:/Users/valmac/FullScreenPokemon/src/components/constants/Pokemon.ts[6641, 24]: elements are not aligned
ERROR: (align) C:/Users/valmac/FullScreenPokemon/src/components/constants/Pokemon.ts[6644, 24]: elements are not aligned
ERROR: (align) C:/Users/valmac/FullScreenPokemon/src/components/constants/Pokemon.ts[6647, 24]: elements are not aligned
ERROR: (align) C:/Users/valmac/FullScreenPokemon/src/components/constants/Pokemon.ts[6650, 24]: elements are not aligned
ERROR: (align) C:/Users/valmac/FullScreenPokemon/src/components/constants/Pokemon.ts[6676, 24]: elements are not aligned
ERROR: (align) C:/Users/valmac/FullScreenPokemon/src/components/constants/Pokemon.ts[6679, 24]: elements are not aligned
ERROR: (align) C:/Users/valmac/FullScreenPokemon/src/components/constants/Pokemon.ts[6682, 24]: elements are not aligned
ERROR: (align) C:/Users/valmac/FullScreenPokemon/src/components/constants/Pokemon.ts[6685, 24]: elements are not aligned
ERROR: (align) C:/Users/valmac/FullScreenPokemon/src/components/constants/Pokemon.ts[6688, 24]: elements are not aligned
ERROR: (align) C:/Users/valmac/FullScreenPokemon/src/components/constants/Pokemon.ts[6691, 24]: elements are not aligned
ERROR: (align) C:/Users/valmac/FullScreenPokemon/src/components/constants/Pokemon.ts[6700, 24]: elements are not aligned
ERROR: (align) C:/Users/valmac/FullScreenPokemon/src/components/constants/Pokemon.ts[6703, 24]: elements are not aligned
ERROR: (align) C:/Users/valmac/FullScreenPokemon/src/components/constants/Pokemon.ts[6706, 24]: elements are not aligned
ERROR: (align) C:/Users/valmac/FullScreenPokemon/src/components/constants/Pokemon.ts[6709, 24]: elements are not aligned
ERROR: (align) C:/Users/valmac/FullScreenPokemon/src/components/constants/Pokemon.ts[6712, 24]: elements are not aligned
ERROR: (align) C:/Users/valmac/FullScreenPokemon/src/components/constants/Pokemon.ts[6715, 24]: elements are not aligned
ERROR: (align) C:/Users/valmac/FullScreenPokemon/src/components/constants/Pokemon.ts[6718, 24]: elements are not aligned
ERROR: (align) C:/Users/valmac/FullScreenPokemon/src/components/constants/Pokemon.ts[6721, 24]: elements are not aligned
ERROR: (align) C:/Users/valmac/FullScreenPokemon/src/components/constants/Pokemon.ts[6724, 24]: elements are not aligned
ERROR: (align) C:/Users/valmac/FullScreenPokemon/src/components/constants/Pokemon.ts[6727, 24]: elements are not aligned
ERROR: (align) C:/Users/valmac/FullScreenPokemon/src/components/constants/Pokemon.ts[6730, 24]: elements are not aligned
ERROR: (align) C:/Users/valmac/FullScreenPokemon/src/components/constants/Pokemon.ts[6733, 24]: elements are not aligned
ERROR: (align) C:/Users/valmac/FullScreenPokemon/src/components/constants/Pokemon.ts[6736, 24]: elements are not aligned
ERROR: (align) C:/Users/valmac/FullScreenPokemon/src/components/constants/Pokemon.ts[6739, 24]: elements are not aligned
ERROR: (align) C:/Users/valmac/FullScreenPokemon/src/components/constants/Pokemon.ts[6742, 24]: elements are not aligned
ERROR: (align) C:/Users/valmac/FullScreenPokemon/src/components/constants/Pokemon.ts[6745, 24]: elements are not aligned
ERROR: (align) C:/Users/valmac/FullScreenPokemon/src/components/constants/Pokemon.ts[6748, 24]: elements are not aligned
ERROR: (align) C:/Users/valmac/FullScreenPokemon/src/components/constants/Pokemon.ts[6751, 24]: elements are not aligned
ERROR: (align) C:/Users/valmac/FullScreenPokemon/src/components/constants/Pokemon.ts[6754, 24]: elements are not aligned
ERROR: (align) C:/Users/valmac/FullScreenPokemon/src/components/constants/Pokemon.ts[6757, 24]: elements are not aligned
ERROR: (align) C:/Users/valmac/FullScreenPokemon/src/components/constants/Pokemon.ts[6760, 24]: elements are not aligned
ERROR: (align) C:/Users/valmac/FullScreenPokemon/src/components/constants/Pokemon.ts[6794, 24]: elements are not aligned
ERROR: (align) C:/Users/valmac/FullScreenPokemon/src/components/constants/Pokemon.ts[6797, 24]: elements are not aligned
ERROR: (align) C:/Users/valmac/FullScreenPokemon/src/components/constants/Pokemon.ts[6800, 24]: elements are not aligned
ERROR: (align) C:/Users/valmac/FullScreenPokemon/src/components/constants/Pokemon.ts[6803, 24]: elements are not aligned
ERROR: (align) C:/Users/valmac/FullScreenPokemon/src/components/constants/Pokemon.ts[6806, 24]: elements are not aligned
ERROR: (align) C:/Users/valmac/FullScreenPokemon/src/components/constants/Pokemon.ts[6809, 24]: elements are not aligned
ERROR: (align) C:/Users/valmac/FullScreenPokemon/src/components/constants/Pokemon.ts[6812, 24]: elements are not aligned
ERROR: (align) C:/Users/valmac/FullScreenPokemon/src/components/constants/Pokemon.ts[6815, 24]: elements are not aligned
ERROR: (align) C:/Users/valmac/FullScreenPokemon/src/components/constants/Pokemon.ts[6827, 24]: elements are not aligned
ERROR: (align) C:/Users/valmac/FullScreenPokemon/src/components/constants/Pokemon.ts[6830, 24]: elements are not aligned
ERROR: (align) C:/Users/valmac/FullScreenPokemon/src/components/constants/Pokemon.ts[6833, 24]: elements are not aligned
ERROR: (align) C:/Users/valmac/FullScreenPokemon/src/components/constants/Pokemon.ts[6836, 24]: elements are not aligned
ERROR: (align) C:/Users/valmac/FullScreenPokemon/src/components/constants/Pokemon.ts[6839, 24]: elements are not aligned
ERROR: (align) C:/Users/valmac/FullScreenPokemon/src/components/constants/Pokemon.ts[6842, 24]: elements are not aligned
ERROR: (align) C:/Users/valmac/FullScreenPokemon/src/components/constants/Pokemon.ts[6845, 24]: elements are not aligned
ERROR: (align) C:/Users/valmac/FullScreenPokemon/src/components/constants/Pokemon.ts[6848, 24]: elements are not aligned
ERROR: (align) C:/Users/valmac/FullScreenPokemon/src/components/constants/Pokemon.ts[6851, 24]: elements are not aligned
ERROR: (align) C:/Users/valmac/FullScreenPokemon/src/components/constants/Pokemon.ts[6854, 24]: elements are not aligned
ERROR: (align) C:/Users/valmac/FullScreenPokemon/src/components/constants/Pokemon.ts[6857, 24]: elements are not aligned
ERROR: (align) C:/Users/valmac/FullScreenPokemon/src/components/constants/Pokemon.ts[6860, 24]: elements are not aligned
ERROR: (align) C:/Users/valmac/FullScreenPokemon/src/components/constants/Pokemon.ts[6863, 24]: elements are not aligned
ERROR: (align) C:/Users/valmac/FullScreenPokemon/src/components/constants/Pokemon.ts[6866, 24]: elements are not aligned
ERROR: (align) C:/Users/valmac/FullScreenPokemon/src/components/constants/Pokemon.ts[6869, 24]: elements are not aligned
ERROR: (align) C:/Users/valmac/FullScreenPokemon/src/components/constants/Pokemon.ts[6872, 24]: elements are not aligned
ERROR: (align) C:/Users/valmac/FullScreenPokemon/src/components/constants/Pokemon.ts[6875, 24]: elements are not aligned
ERROR: (align) C:/Users/valmac/FullScreenPokemon/src/components/constants/Pokemon.ts[6878, 24]: elements are not aligned
ERROR: (align) C:/Users/valmac/FullScreenPokemon/src/components/constants/Pokemon.ts[6881, 24]: elements are not aligned
ERROR: (align) C:/Users/valmac/FullScreenPokemon/src/components/constants/Pokemon.ts[6884, 24]: elements are not aligned
ERROR: (align) C:/Users/valmac/FullScreenPokemon/src/components/constants/Pokemon.ts[6887, 24]: elements are not aligned
ERROR: (align) C:/Users/valmac/FullScreenPokemon/src/components/constants/Pokemon.ts[6890, 24]: elements are not aligned
ERROR: (align) C:/Users/valmac/FullScreenPokemon/src/components/constants/Pokemon.ts[6893, 24]: elements are not aligned
ERROR: (align) C:/Users/valmac/FullScreenPokemon/src/components/constants/Pokemon.ts[6955, 24]: elements are not aligned
ERROR: (align) C:/Users/valmac/FullScreenPokemon/src/components/constants/Pokemon.ts[6958, 24]: elements are not aligned
ERROR: (align) C:/Users/valmac/FullScreenPokemon/src/components/constants/Pokemon.ts[6961, 24]: elements are not aligned
ERROR: (align) C:/Users/valmac/FullScreenPokemon/src/components/constants/Pokemon.ts[6964, 24]: elements are not aligned
ERROR: (align) C:/Users/valmac/FullScreenPokemon/src/components/constants/Pokemon.ts[6967, 24]: elements are not aligned
ERROR: (align) C:/Users/valmac/FullScreenPokemon/src/components/constants/Pokemon.ts[6970, 24]: elements are not aligned
ERROR: (align) C:/Users/valmac/FullScreenPokemon/src/components/constants/Pokemon.ts[6979, 24]: elements are not aligned
ERROR: (align) C:/Users/valmac/FullScreenPokemon/src/components/constants/Pokemon.ts[6982, 24]: elements are not aligned
ERROR: (align) C:/Users/valmac/FullScreenPokemon/src/components/constants/Pokemon.ts[6985, 24]: elements are not aligned
ERROR: (align) C:/Users/valmac/FullScreenPokemon/src/components/constants/Pokemon.ts[6988, 24]: elements are not aligned
ERROR: (align) C:/Users/valmac/FullScreenPokemon/src/components/constants/Pokemon.ts[6991, 24]: elements are not aligned
ERROR: (align) C:/Users/valmac/FullScreenPokemon/src/components/constants/Pokemon.ts[6994, 24]: elements are not aligned
ERROR: (align) C:/Users/valmac/FullScreenPokemon/src/components/constants/Pokemon.ts[6997, 24]: elements are not aligned
ERROR: (align) C:/Users/valmac/FullScreenPokemon/src/components/constants/Pokemon.ts[7000, 24]: elements are not aligned
ERROR: (align) C:/Users/valmac/FullScreenPokemon/src/components/constants/Pokemon.ts[7003, 24]: elements are not aligned
ERROR: (align) C:/Users/valmac/FullScreenPokemon/src/components/constants/Pokemon.ts[7006, 24]: elements are not aligned
ERROR: (align) C:/Users/valmac/FullScreenPokemon/src/components/constants/Pokemon.ts[7009, 24]: elements are not aligned
ERROR: (align) C:/Users/valmac/FullScreenPokemon/src/components/constants/Pokemon.ts[7012, 24]: elements are not aligned
ERROR: (align) C:/Users/valmac/FullScreenPokemon/src/components/constants/Pokemon.ts[7015, 24]: elements are not aligned
ERROR: (align) C:/Users/valmac/FullScreenPokemon/src/components/constants/Pokemon.ts[7018, 24]: elements are not aligned
ERROR: (align) C:/Users/valmac/FullScreenPokemon/src/components/constants/Pokemon.ts[7021, 24]: elements are not aligned
ERROR: (align) C:/Users/valmac/FullScreenPokemon/src/components/constants/Pokemon.ts[7024, 24]: elements are not aligned
ERROR: (align) C:/Users/valmac/FullScreenPokemon/src/components/constants/Pokemon.ts[7027, 24]: elements are not aligned
ERROR: (align) C:/Users/valmac/FullScreenPokemon/src/components/constants/Pokemon.ts[7030, 24]: elements are not aligned
ERROR: (align) C:/Users/valmac/FullScreenPokemon/src/components/constants/Pokemon.ts[7033, 24]: elements are not aligned
ERROR: (align) C:/Users/valmac/FullScreenPokemon/src/components/constants/Pokemon.ts[7036, 24]: elements are not aligned
ERROR: (align) C:/Users/valmac/FullScreenPokemon/src/components/constants/Pokemon.ts[7039, 24]: elements are not aligned
ERROR: (align) C:/Users/valmac/FullScreenPokemon/src/components/constants/Pokemon.ts[7042, 24]: elements are not aligned
ERROR: (align) C:/Users/valmac/FullScreenPokemon/src/components/constants/Pokemon.ts[7045, 24]: elements are not aligned
ERROR: (align) C:/Users/valmac/FullScreenPokemon/src/components/constants/Pokemon.ts[7048, 24]: elements are not aligned
ERROR: (align) C:/Users/valmac/FullScreenPokemon/src/components/constants/Pokemon.ts[7051, 24]: elements are not aligned
ERROR: (align) C:/Users/valmac/FullScreenPokemon/src/components/constants/Pokemon.ts[7054, 24]: elements are not aligned
ERROR: (align) C:/Users/valmac/FullScreenPokemon/src/components/constants/Pokemon.ts[7080, 24]: elements are not aligned
ERROR: (align) C:/Users/valmac/FullScreenPokemon/src/components/constants/Pokemon.ts[7083, 24]: elements are not aligned
ERROR: (align) C:/Users/valmac/FullScreenPokemon/src/components/constants/Pokemon.ts[7086, 24]: elements are not aligned
ERROR: (align) C:/Users/valmac/FullScreenPokemon/src/components/constants/Pokemon.ts[7089, 24]: elements are not aligned
ERROR: (align) C:/Users/valmac/FullScreenPokemon/src/components/constants/Pokemon.ts[7092, 24]: elements are not aligned
ERROR: (align) C:/Users/valmac/FullScreenPokemon/src/components/constants/Pokemon.ts[7095, 24]: elements are not aligned
ERROR: (align) C:/Users/valmac/FullScreenPokemon/src/components/constants/Pokemon.ts[7098, 24]: elements are not aligned
ERROR: (align) C:/Users/valmac/FullScreenPokemon/src/components/constants/Pokemon.ts[7106, 24]: elements are not aligned
ERROR: (align) C:/Users/valmac/FullScreenPokemon/src/components/constants/Pokemon.ts[7109, 24]: elements are not aligned
ERROR: (align) C:/Users/valmac/FullScreenPokemon/src/components/constants/Pokemon.ts[7117, 24]: elements are not aligned
ERROR: (align) C:/Users/valmac/FullScreenPokemon/src/components/constants/Pokemon.ts[7120, 24]: elements are not aligned
ERROR: (align) C:/Users/valmac/FullScreenPokemon/src/components/constants/Pokemon.ts[7123, 24]: elements are not aligned
ERROR: (align) C:/Users/valmac/FullScreenPokemon/src/components/constants/Pokemon.ts[7126, 24]: elements are not aligned
ERROR: (align) C:/Users/valmac/FullScreenPokemon/src/components/constants/Pokemon.ts[7129, 24]: elements are not aligned
ERROR: (align) C:/Users/valmac/FullScreenPokemon/src/components/constants/Pokemon.ts[7132, 24]: elements are not aligned
ERROR: (align) C:/Users/valmac/FullScreenPokemon/src/components/constants/Pokemon.ts[7135, 24]: elements are not aligned
ERROR: (align) C:/Users/valmac/FullScreenPokemon/src/components/constants/Pokemon.ts[7138, 24]: elements are not aligned
ERROR: (align) C:/Users/valmac/FullScreenPokemon/src/components/constants/Pokemon.ts[7141, 24]: elements are not aligned
ERROR: (align) C:/Users/valmac/FullScreenPokemon/src/components/constants/Pokemon.ts[7144, 24]: elements are not aligned
ERROR: (align) C:/Users/valmac/FullScreenPokemon/src/components/constants/Pokemon.ts[7147, 24]: elements are not aligned
ERROR: (align) C:/Users/valmac/FullScreenPokemon/src/components/constants/Pokemon.ts[7150, 24]: elements are not aligned
ERROR: (align) C:/Users/valmac/FullScreenPokemon/src/components/constants/Pokemon.ts[7153, 24]: elements are not aligned
ERROR: (align) C:/Users/valmac/FullScreenPokemon/src/components/constants/Pokemon.ts[7156, 24]: elements are not aligned
ERROR: (align) C:/Users/valmac/FullScreenPokemon/src/components/constants/Pokemon.ts[7159, 24]: elements are not aligned
ERROR: (align) C:/Users/valmac/FullScreenPokemon/src/components/constants/Pokemon.ts[7194, 24]: elements are not aligned
ERROR: (align) C:/Users/valmac/FullScreenPokemon/src/components/constants/Pokemon.ts[7197, 24]: elements are not aligned
ERROR: (align) C:/Users/valmac/FullScreenPokemon/src/components/constants/Pokemon.ts[7200, 24]: elements are not aligned
ERROR: (align) C:/Users/valmac/FullScreenPokemon/src/components/constants/Pokemon.ts[7203, 24]: elements are not aligned
ERROR: (align) C:/Users/valmac/FullScreenPokemon/src/components/constants/Pokemon.ts[7206, 24]: elements are not aligned
ERROR: (align) C:/Users/valmac/FullScreenPokemon/src/components/constants/Pokemon.ts[7209, 24]: elements are not aligned
ERROR: (align) C:/Users/valmac/FullScreenPokemon/src/components/constants/Pokemon.ts[7217, 24]: elements are not aligned
ERROR: (align) C:/Users/valmac/FullScreenPokemon/src/components/constants/Pokemon.ts[7220, 24]: elements are not aligned
ERROR: (align) C:/Users/valmac/FullScreenPokemon/src/components/constants/Pokemon.ts[7223, 24]: elements are not aligned
ERROR: (align) C:/Users/valmac/FullScreenPokemon/src/components/constants/Pokemon.ts[7226, 24]: elements are not aligned
ERROR: (align) C:/Users/valmac/FullScreenPokemon/src/components/constants/Pokemon.ts[7229, 24]: elements are not aligned
ERROR: (align) C:/Users/valmac/FullScreenPokemon/src/components/constants/Pokemon.ts[7232, 24]: elements are not aligned
ERROR: (align) C:/Users/valmac/FullScreenPokemon/src/components/constants/Pokemon.ts[7235, 24]: elements are not aligned
ERROR: (align) C:/Users/valmac/FullScreenPokemon/src/components/constants/Pokemon.ts[7238, 24]: elements are not aligned
ERROR: (align) C:/Users/valmac/FullScreenPokemon/src/components/constants/Pokemon.ts[7241, 24]: elements are not aligned
ERROR: (align) C:/Users/valmac/FullScreenPokemon/src/components/constants/Pokemon.ts[7244, 24]: elements are not aligned
ERROR: (align) C:/Users/valmac/FullScreenPokemon/src/components/constants/Pokemon.ts[7247, 24]: elements are not aligned
ERROR: (align) C:/Users/valmac/FullScreenPokemon/src/components/constants/Pokemon.ts[7255, 24]: elements are not aligned
ERROR: (align) C:/Users/valmac/FullScreenPokemon/src/components/constants/Pokemon.ts[7258, 24]: elements are not aligned
ERROR: (align) C:/Users/valmac/FullScreenPokemon/src/components/constants/Pokemon.ts[7261, 24]: elements are not aligned
ERROR: (align) C:/Users/valmac/FullScreenPokemon/src/components/constants/Pokemon.ts[7264, 24]: elements are not aligned
ERROR: (align) C:/Users/valmac/FullScreenPokemon/src/components/constants/Pokemon.ts[7267, 24]: elements are not aligned
ERROR: (align) C:/Users/valmac/FullScreenPokemon/src/components/constants/Pokemon.ts[7270, 24]: elements are not aligned
ERROR: (align) C:/Users/valmac/FullScreenPokemon/src/components/constants/Pokemon.ts[7305, 24]: elements are not aligned
ERROR: (align) C:/Users/valmac/FullScreenPokemon/src/components/constants/Pokemon.ts[7308, 24]: elements are not aligned
ERROR: (align) C:/Users/valmac/FullScreenPokemon/src/components/constants/Pokemon.ts[7311, 24]: elements are not aligned
ERROR: (align) C:/Users/valmac/FullScreenPokemon/src/components/constants/Pokemon.ts[7314, 24]: elements are not aligned
ERROR: (align) C:/Users/valmac/FullScreenPokemon/src/components/constants/Pokemon.ts[7317, 24]: elements are not aligned
ERROR: (align) C:/Users/valmac/FullScreenPokemon/src/components/constants/Pokemon.ts[7320, 24]: elements are not aligned
ERROR: (align) C:/Users/valmac/FullScreenPokemon/src/components/constants/Pokemon.ts[7329, 24]: elements are not aligned
ERROR: (align) C:/Users/valmac/FullScreenPokemon/src/components/constants/Pokemon.ts[7332, 24]: elements are not aligned
ERROR: (align) C:/Users/valmac/FullScreenPokemon/src/components/constants/Pokemon.ts[7335, 24]: elements are not aligned
ERROR: (align) C:/Users/valmac/FullScreenPokemon/src/components/constants/Pokemon.ts[7338, 24]: elements are not aligned
ERROR: (align) C:/Users/valmac/FullScreenPokemon/src/components/constants/Pokemon.ts[7341, 24]: elements are not aligned
ERROR: (align) C:/Users/valmac/FullScreenPokemon/src/components/constants/Pokemon.ts[7344, 24]: elements are not aligned
ERROR: (align) C:/Users/valmac/FullScreenPokemon/src/components/constants/Pokemon.ts[7347, 24]: elements are not aligned
ERROR: (align) C:/Users/valmac/FullScreenPokemon/src/components/constants/Pokemon.ts[7350, 24]: elements are not aligned
ERROR: (align) C:/Users/valmac/FullScreenPokemon/src/components/constants/Pokemon.ts[7353, 24]: elements are not aligned
ERROR: (align) C:/Users/valmac/FullScreenPokemon/src/components/constants/Pokemon.ts[7356, 24]: elements are not aligned
ERROR: (align) C:/Users/valmac/FullScreenPokemon/src/components/constants/Pokemon.ts[7359, 24]: elements are not aligned
ERROR: (align) C:/Users/valmac/FullScreenPokemon/src/components/constants/Pokemon.ts[7362, 24]: elements are not aligned
ERROR: (align) C:/Users/valmac/FullScreenPokemon/src/components/constants/Pokemon.ts[7365, 24]: elements are not aligned
ERROR: (align) C:/Users/valmac/FullScreenPokemon/src/components/constants/Pokemon.ts[7368, 24]: elements are not aligned
ERROR: (align) C:/Users/valmac/FullScreenPokemon/src/components/constants/Pokemon.ts[7394, 24]: elements are not aligned
ERROR: (align) C:/Users/valmac/FullScreenPokemon/src/components/constants/Pokemon.ts[7397, 24]: elements are not aligned
ERROR: (align) C:/Users/valmac/FullScreenPokemon/src/components/constants/Pokemon.ts[7400, 24]: elements are not aligned
ERROR: (align) C:/Users/valmac/FullScreenPokemon/src/components/constants/Pokemon.ts[7403, 24]: elements are not aligned
ERROR: (align) C:/Users/valmac/FullScreenPokemon/src/components/constants/Pokemon.ts[7406, 24]: elements are not aligned
ERROR: (align) C:/Users/valmac/FullScreenPokemon/src/components/constants/Pokemon.ts[7409, 24]: elements are not aligned
ERROR: (align) C:/Users/valmac/FullScreenPokemon/src/components/constants/Pokemon.ts[7412, 24]: elements are not aligned
ERROR: (align) C:/Users/valmac/FullScreenPokemon/src/components/constants/Pokemon.ts[7420, 24]: elements are not aligned
ERROR: (align) C:/Users/valmac/FullScreenPokemon/src/components/constants/Pokemon.ts[7428, 24]: elements are not aligned
ERROR: (align) C:/Users/valmac/FullScreenPokemon/src/components/constants/Pokemon.ts[7431, 24]: elements are not aligned
ERROR: (align) C:/Users/valmac/FullScreenPokemon/src/components/constants/Pokemon.ts[7434, 24]: elements are not aligned
ERROR: (align) C:/Users/valmac/FullScreenPokemon/src/components/constants/Pokemon.ts[7437, 24]: elements are not aligned
ERROR: (align) C:/Users/valmac/FullScreenPokemon/src/components/constants/Pokemon.ts[7440, 24]: elements are not aligned
ERROR: (align) C:/Users/valmac/FullScreenPokemon/src/components/constants/Pokemon.ts[7443, 24]: elements are not aligned
ERROR: (align) C:/Users/valmac/FullScreenPokemon/src/components/constants/Pokemon.ts[7446, 24]: elements are not aligned
ERROR: (align) C:/Users/valmac/FullScreenPokemon/src/components/constants/Pokemon.ts[7449, 24]: elements are not aligned
ERROR: (align) C:/Users/valmac/FullScreenPokemon/src/components/constants/Pokemon.ts[7452, 24]: elements are not aligned
ERROR: (align) C:/Users/valmac/FullScreenPokemon/src/components/constants/Pokemon.ts[7455, 24]: elements are not aligned
ERROR: (align) C:/Users/valmac/FullScreenPokemon/src/components/constants/Pokemon.ts[7458, 24]: elements are not aligned
ERROR: (align) C:/Users/valmac/FullScreenPokemon/src/components/constants/Pokemon.ts[7461, 24]: elements are not aligned
ERROR: (align) C:/Users/valmac/FullScreenPokemon/src/components/constants/Pokemon.ts[7464, 24]: elements are not aligned
ERROR: (align) C:/Users/valmac/FullScreenPokemon/src/components/constants/Pokemon.ts[7467, 24]: elements are not aligned
ERROR: (align) C:/Users/valmac/FullScreenPokemon/src/components/constants/Pokemon.ts[7470, 24]: elements are not aligned
ERROR: (align) C:/Users/valmac/FullScreenPokemon/src/components/constants/Pokemon.ts[7473, 24]: elements are not aligned
ERROR: (align) C:/Users/valmac/FullScreenPokemon/src/components/constants/Pokemon.ts[7476, 24]: elements are not aligned
ERROR: (align) C:/Users/valmac/FullScreenPokemon/src/components/constants/Pokemon.ts[7479, 24]: elements are not aligned
ERROR: (align) C:/Users/valmac/FullScreenPokemon/src/components/constants/Pokemon.ts[7482, 24]: elements are not aligned
ERROR: (align) C:/Users/valmac/FullScreenPokemon/src/components/constants/Pokemon.ts[7485, 24]: elements are not aligned
ERROR: (align) C:/Users/valmac/FullScreenPokemon/src/components/constants/Pokemon.ts[7488, 24]: elements are not aligned
ERROR: (align) C:/Users/valmac/FullScreenPokemon/src/components/constants/Pokemon.ts[7491, 24]: elements are not aligned
ERROR: (align) C:/Users/valmac/FullScreenPokemon/src/components/constants/Pokemon.ts[7494, 24]: elements are not aligned
ERROR: (align) C:/Users/valmac/FullScreenPokemon/src/components/constants/Pokemon.ts[7520, 24]: elements are not aligned
ERROR: (align) C:/Users/valmac/FullScreenPokemon/src/components/constants/Pokemon.ts[7523, 24]: elements are not aligned
ERROR: (align) C:/Users/valmac/FullScreenPokemon/src/components/constants/Pokemon.ts[7526, 24]: elements are not aligned
ERROR: (align) C:/Users/valmac/FullScreenPokemon/src/components/constants/Pokemon.ts[7529, 24]: elements are not aligned
ERROR: (align) C:/Users/valmac/FullScreenPokemon/src/components/constants/Pokemon.ts[7532, 24]: elements are not aligned
ERROR: (align) C:/Users/valmac/FullScreenPokemon/src/components/constants/Pokemon.ts[7535, 24]: elements are not aligned
ERROR: (align) C:/Users/valmac/FullScreenPokemon/src/components/constants/Pokemon.ts[7544, 24]: elements are not aligned
ERROR: (align) C:/Users/valmac/FullScreenPokemon/src/components/constants/Pokemon.ts[7547, 24]: elements are not aligned
ERROR: (align) C:/Users/valmac/FullScreenPokemon/src/components/constants/Pokemon.ts[7550, 24]: elements are not aligned
ERROR: (align) C:/Users/valmac/FullScreenPokemon/src/components/constants/Pokemon.ts[7553, 24]: elements are not aligned
ERROR: (align) C:/Users/valmac/FullScreenPokemon/src/components/constants/Pokemon.ts[7556, 24]: elements are not aligned
ERROR: (align) C:/Users/valmac/FullScreenPokemon/src/components/constants/Pokemon.ts[7559, 24]: elements are not aligned
ERROR: (align) C:/Users/valmac/FullScreenPokemon/src/components/constants/Pokemon.ts[7562, 24]: elements are not aligned
ERROR: (align) C:/Users/valmac/FullScreenPokemon/src/components/constants/Pokemon.ts[7565, 24]: elements are not aligned
ERROR: (align) C:/Users/valmac/FullScreenPokemon/src/components/constants/Pokemon.ts[7568, 24]: elements are not aligned
ERROR: (align) C:/Users/valmac/FullScreenPokemon/src/components/constants/Pokemon.ts[7571, 24]: elements are not aligned
ERROR: (align) C:/Users/valmac/FullScreenPokemon/src/components/constants/Pokemon.ts[7574, 24]: elements are not aligned
ERROR: (align) C:/Users/valmac/FullScreenPokemon/src/components/constants/Pokemon.ts[7577, 24]: elements are not aligned
ERROR: (align) C:/Users/valmac/FullScreenPokemon/src/components/constants/Pokemon.ts[7580, 24]: elements are not aligned
ERROR: (align) C:/Users/valmac/FullScreenPokemon/src/components/constants/Pokemon.ts[7583, 24]: elements are not aligned
ERROR: (align) C:/Users/valmac/FullScreenPokemon/src/components/constants/Pokemon.ts[7586, 24]: elements are not aligned
ERROR: (align) C:/Users/valmac/FullScreenPokemon/src/components/constants/Pokemon.ts[7589, 24]: elements are not aligned
ERROR: (align) C:/Users/valmac/FullScreenPokemon/src/components/constants/Pokemon.ts[7592, 24]: elements are not aligned
ERROR: (align) C:/Users/valmac/FullScreenPokemon/src/components/constants/Pokemon.ts[7595, 24]: elements are not aligned
ERROR: (align) C:/Users/valmac/FullScreenPokemon/src/components/constants/Pokemon.ts[7598, 24]: elements are not aligned
ERROR: (align) C:/Users/valmac/FullScreenPokemon/src/components/constants/Pokemon.ts[7601, 24]: elements are not aligned
ERROR: (align) C:/Users/valmac/FullScreenPokemon/src/components/constants/Pokemon.ts[7604, 24]: elements are not aligned
ERROR: (align) C:/Users/valmac/FullScreenPokemon/src/components/constants/Pokemon.ts[7607, 24]: elements are not aligned
ERROR: (align) C:/Users/valmac/FullScreenPokemon/src/components/constants/Pokemon.ts[7610, 24]: elements are not aligned
ERROR: (align) C:/Users/valmac/FullScreenPokemon/src/components/constants/Pokemon.ts[7613, 24]: elements are not aligned
ERROR: (align) C:/Users/valmac/FullScreenPokemon/src/components/constants/Pokemon.ts[7616, 24]: elements are not aligned
ERROR: (align) C:/Users/valmac/FullScreenPokemon/src/components/constants/Pokemon.ts[7619, 24]: elements are not aligned
ERROR: (align) C:/Users/valmac/FullScreenPokemon/src/components/constants/Pokemon.ts[7645, 24]: elements are not aligned
ERROR: (align) C:/Users/valmac/FullScreenPokemon/src/components/constants/Pokemon.ts[7648, 24]: elements are not aligned
ERROR: (align) C:/Users/valmac/FullScreenPokemon/src/components/constants/Pokemon.ts[7651, 24]: elements are not aligned
ERROR: (align) C:/Users/valmac/FullScreenPokemon/src/components/constants/Pokemon.ts[7654, 24]: elements are not aligned
ERROR: (align) C:/Users/valmac/FullScreenPokemon/src/components/constants/Pokemon.ts[7657, 24]: elements are not aligned
ERROR: (align) C:/Users/valmac/FullScreenPokemon/src/components/constants/Pokemon.ts[7660, 24]: elements are not aligned
ERROR: (align) C:/Users/valmac/FullScreenPokemon/src/components/constants/Pokemon.ts[7663, 24]: elements are not aligned
ERROR: (align) C:/Users/valmac/FullScreenPokemon/src/components/constants/Pokemon.ts[7675, 24]: elements are not aligned
ERROR: (align) C:/Users/valmac/FullScreenPokemon/src/components/constants/Pokemon.ts[7678, 24]: elements are not aligned
ERROR: (align) C:/Users/valmac/FullScreenPokemon/src/components/constants/Pokemon.ts[7681, 24]: elements are not aligned
ERROR: (align) C:/Users/valmac/FullScreenPokemon/src/components/constants/Pokemon.ts[7684, 24]: elements are not aligned
ERROR: (align) C:/Users/valmac/FullScreenPokemon/src/components/constants/Pokemon.ts[7687, 24]: elements are not aligned
ERROR: (align) C:/Users/valmac/FullScreenPokemon/src/components/constants/Pokemon.ts[7690, 24]: elements are not aligned
ERROR: (align) C:/Users/valmac/FullScreenPokemon/src/components/constants/Pokemon.ts[7693, 24]: elements are not aligned
ERROR: (align) C:/Users/valmac/FullScreenPokemon/src/components/constants/Pokemon.ts[7696, 24]: elements are not aligned
ERROR: (align) C:/Users/valmac/FullScreenPokemon/src/components/constants/Pokemon.ts[7699, 24]: elements are not aligned
ERROR: (align) C:/Users/valmac/FullScreenPokemon/src/components/constants/Pokemon.ts[7702, 24]: elements are not aligned
ERROR: (align) C:/Users/valmac/FullScreenPokemon/src/components/constants/Pokemon.ts[7705, 24]: elements are not aligned
ERROR: (align) C:/Users/valmac/FullScreenPokemon/src/components/constants/Pokemon.ts[7708, 24]: elements are not aligned
ERROR: (align) C:/Users/valmac/FullScreenPokemon/src/components/constants/Pokemon.ts[7711, 24]: elements are not aligned
ERROR: (align) C:/Users/valmac/FullScreenPokemon/src/components/constants/Pokemon.ts[7714, 24]: elements are not aligned
ERROR: (align) C:/Users/valmac/FullScreenPokemon/src/components/constants/Pokemon.ts[7717, 24]: elements are not aligned
ERROR: (align) C:/Users/valmac/FullScreenPokemon/src/components/constants/Pokemon.ts[7720, 24]: elements are not aligned
ERROR: (align) C:/Users/valmac/FullScreenPokemon/src/components/constants/Pokemon.ts[7723, 24]: elements are not aligned
ERROR: (align) C:/Users/valmac/FullScreenPokemon/src/components/constants/Pokemon.ts[7726, 24]: elements are not aligned
ERROR: (align) C:/Users/valmac/FullScreenPokemon/src/components/constants/Pokemon.ts[7729, 24]: elements are not aligned
ERROR: (align) C:/Users/valmac/FullScreenPokemon/src/components/constants/Pokemon.ts[7732, 24]: elements are not aligned
ERROR: (align) C:/Users/valmac/FullScreenPokemon/src/components/constants/Pokemon.ts[7735, 24]: elements are not aligned
ERROR: (align) C:/Users/valmac/FullScreenPokemon/src/components/constants/Pokemon.ts[7738, 24]: elements are not aligned
ERROR: (align) C:/Users/valmac/FullScreenPokemon/src/components/constants/Pokemon.ts[7772, 24]: elements are not aligned
ERROR: (align) C:/Users/valmac/FullScreenPokemon/src/components/constants/Pokemon.ts[7775, 24]: elements are not aligned
ERROR: (align) C:/Users/valmac/FullScreenPokemon/src/components/constants/Pokemon.ts[7778, 24]: elements are not aligned
ERROR: (align) C:/Users/valmac/FullScreenPokemon/src/components/constants/Pokemon.ts[7781, 24]: elements are not aligned
ERROR: (align) C:/Users/valmac/FullScreenPokemon/src/components/constants/Pokemon.ts[7784, 24]: elements are not aligned
ERROR: (align) C:/Users/valmac/FullScreenPokemon/src/components/constants/Pokemon.ts[7787, 24]: elements are not aligned
ERROR: (align) C:/Users/valmac/FullScreenPokemon/src/components/constants/Pokemon.ts[7790, 24]: elements are not aligned
ERROR: (align) C:/Users/valmac/FullScreenPokemon/src/components/constants/Pokemon.ts[7799, 24]: elements are not aligned
ERROR: (align) C:/Users/valmac/FullScreenPokemon/src/components/constants/Pokemon.ts[7802, 24]: elements are not aligned
ERROR: (align) C:/Users/valmac/FullScreenPokemon/src/components/constants/Pokemon.ts[7805, 24]: elements are not aligned
ERROR: (align) C:/Users/valmac/FullScreenPokemon/src/components/constants/Pokemon.ts[7808, 24]: elements are not aligned
ERROR: (align) C:/Users/valmac/FullScreenPokemon/src/components/constants/Pokemon.ts[7811, 24]: elements are not aligned
ERROR: (align) C:/Users/valmac/FullScreenPokemon/src/components/constants/Pokemon.ts[7814, 24]: elements are not aligned
ERROR: (align) C:/Users/valmac/FullScreenPokemon/src/components/constants/Pokemon.ts[7817, 24]: elements are not aligned
ERROR: (align) C:/Users/valmac/FullScreenPokemon/src/components/constants/Pokemon.ts[7820, 24]: elements are not aligned
ERROR: (align) C:/Users/valmac/FullScreenPokemon/src/components/constants/Pokemon.ts[7823, 24]: elements are not aligned
ERROR: (align) C:/Users/valmac/FullScreenPokemon/src/components/constants/Pokemon.ts[7826, 24]: elements are not aligned
ERROR: (align) C:/Users/valmac/FullScreenPokemon/src/components/constants/Pokemon.ts[7829, 24]: elements are not aligned
ERROR: (align) C:/Users/valmac/FullScreenPokemon/src/components/constants/Pokemon.ts[7832, 24]: elements are not aligned
ERROR: (align) C:/Users/valmac/FullScreenPokemon/src/components/constants/Pokemon.ts[7835, 24]: elements are not aligned
ERROR: (align) C:/Users/valmac/FullScreenPokemon/src/components/constants/Pokemon.ts[7838, 24]: elements are not aligned
ERROR: (align) C:/Users/valmac/FullScreenPokemon/src/components/constants/Pokemon.ts[7841, 24]: elements are not aligned
ERROR: (align) C:/Users/valmac/FullScreenPokemon/src/components/constants/Pokemon.ts[7844, 24]: elements are not aligned
ERROR: (align) C:/Users/valmac/FullScreenPokemon/src/components/constants/Pokemon.ts[7847, 24]: elements are not aligned
ERROR: (align) C:/Users/valmac/FullScreenPokemon/src/components/constants/Pokemon.ts[7850, 24]: elements are not aligned
ERROR: (align) C:/Users/valmac/FullScreenPokemon/src/components/constants/Pokemon.ts[7853, 24]: elements are not aligned
ERROR: (align) C:/Users/valmac/FullScreenPokemon/src/components/constants/Pokemon.ts[7856, 24]: elements are not aligned
ERROR: (align) C:/Users/valmac/FullScreenPokemon/src/components/constants/Pokemon.ts[7859, 24]: elements are not aligned
ERROR: (align) C:/Users/valmac/FullScreenPokemon/src/components/constants/Pokemon.ts[7894, 24]: elements are not aligned
ERROR: (align) C:/Users/valmac/FullScreenPokemon/src/components/constants/Pokemon.ts[7897, 24]: elements are not aligned
ERROR: (align) C:/Users/valmac/FullScreenPokemon/src/components/constants/Pokemon.ts[7900, 24]: elements are not aligned
ERROR: (align) C:/Users/valmac/FullScreenPokemon/src/components/constants/Pokemon.ts[7903, 24]: elements are not aligned
ERROR: (align) C:/Users/valmac/FullScreenPokemon/src/components/constants/Pokemon.ts[7906, 24]: elements are not aligned
ERROR: (align) C:/Users/valmac/FullScreenPokemon/src/components/constants/Pokemon.ts[7918, 24]: elements are not aligned
ERROR: (align) C:/Users/valmac/FullScreenPokemon/src/components/constants/Pokemon.ts[7921, 24]: elements are not aligned
ERROR: (align) C:/Users/valmac/FullScreenPokemon/src/components/constants/Pokemon.ts[7924, 24]: elements are not aligned
ERROR: (align) C:/Users/valmac/FullScreenPokemon/src/components/constants/Pokemon.ts[7927, 24]: elements are not aligned
ERROR: (align) C:/Users/valmac/FullScreenPokemon/src/components/constants/Pokemon.ts[7930, 24]: elements are not aligned
ERROR: (align) C:/Users/valmac/FullScreenPokemon/src/components/constants/Pokemon.ts[7933, 24]: elements are not aligned
ERROR: (align) C:/Users/valmac/FullScreenPokemon/src/components/constants/Pokemon.ts[7936, 24]: elements are not aligned
ERROR: (align) C:/Users/valmac/FullScreenPokemon/src/components/constants/Pokemon.ts[7939, 24]: elements are not aligned
ERROR: (align) C:/Users/valmac/FullScreenPokemon/src/components/constants/Pokemon.ts[7942, 24]: elements are not aligned
ERROR: (align) C:/Users/valmac/FullScreenPokemon/src/components/constants/Pokemon.ts[7945, 24]: elements are not aligned
ERROR: (align) C:/Users/valmac/FullScreenPokemon/src/components/constants/Pokemon.ts[7948, 24]: elements are not aligned
ERROR: (align) C:/Users/valmac/FullScreenPokemon/src/components/constants/Pokemon.ts[7951, 24]: elements are not aligned
ERROR: (align) C:/Users/valmac/FullScreenPokemon/src/components/constants/Pokemon.ts[7954, 24]: elements are not aligned
ERROR: (align) C:/Users/valmac/FullScreenPokemon/src/components/constants/Pokemon.ts[7957, 24]: elements are not aligned
ERROR: (align) C:/Users/valmac/FullScreenPokemon/src/components/constants/Pokemon.ts[7960, 24]: elements are not aligned
ERROR: (align) C:/Users/valmac/FullScreenPokemon/src/components/constants/Pokemon.ts[7963, 24]: elements are not aligned
ERROR: (align) C:/Users/valmac/FullScreenPokemon/src/components/constants/Pokemon.ts[7966, 24]: elements are not aligned
ERROR: (align) C:/Users/valmac/FullScreenPokemon/src/components/constants/Pokemon.ts[7969, 24]: elements are not aligned
ERROR: (align) C:/Users/valmac/FullScreenPokemon/src/components/constants/Pokemon.ts[7972, 24]: elements are not aligned
ERROR: (align) C:/Users/valmac/FullScreenPokemon/src/components/constants/Pokemon.ts[7975, 24]: elements are not aligned
ERROR: (align) C:/Users/valmac/FullScreenPokemon/src/components/constants/Pokemon.ts[7978, 24]: elements are not aligned
ERROR: (align) C:/Users/valmac/FullScreenPokemon/src/components/constants/Pokemon.ts[8013, 24]: elements are not aligned
ERROR: (align) C:/Users/valmac/FullScreenPokemon/src/components/constants/Pokemon.ts[8041, 24]: elements are not aligned
ERROR: (align) C:/Users/valmac/FullScreenPokemon/src/components/constants/Pokemon.ts[8044, 24]: elements are not aligned
ERROR: (align) C:/Users/valmac/FullScreenPokemon/src/components/constants/Pokemon.ts[8047, 24]: elements are not aligned
ERROR: (align) C:/Users/valmac/FullScreenPokemon/src/components/constants/Pokemon.ts[8050, 24]: elements are not aligned
ERROR: (align) C:/Users/valmac/FullScreenPokemon/src/components/constants/Pokemon.ts[8053, 24]: elements are not aligned
ERROR: (align) C:/Users/valmac/FullScreenPokemon/src/components/constants/Pokemon.ts[8056, 24]: elements are not aligned
ERROR: (align) C:/Users/valmac/FullScreenPokemon/src/components/constants/Pokemon.ts[8065, 24]: elements are not aligned
ERROR: (align) C:/Users/valmac/FullScreenPokemon/src/components/constants/Pokemon.ts[8068, 24]: elements are not aligned
ERROR: (align) C:/Users/valmac/FullScreenPokemon/src/components/constants/Pokemon.ts[8071, 24]: elements are not aligned
ERROR: (align) C:/Users/valmac/FullScreenPokemon/src/components/constants/Pokemon.ts[8074, 24]: elements are not aligned
ERROR: (align) C:/Users/valmac/FullScreenPokemon/src/components/constants/Pokemon.ts[8077, 24]: elements are not aligned
ERROR: (align) C:/Users/valmac/FullScreenPokemon/src/components/constants/Pokemon.ts[8080, 24]: elements are not aligned
ERROR: (align) C:/Users/valmac/FullScreenPokemon/src/components/constants/Pokemon.ts[8083, 24]: elements are not aligned
ERROR: (align) C:/Users/valmac/FullScreenPokemon/src/components/constants/Pokemon.ts[8086, 24]: elements are not aligned
ERROR: (align) C:/Users/valmac/FullScreenPokemon/src/components/constants/Pokemon.ts[8089, 24]: elements are not aligned
ERROR: (align) C:/Users/valmac/FullScreenPokemon/src/components/constants/Pokemon.ts[8092, 24]: elements are not aligned
ERROR: (align) C:/Users/valmac/FullScreenPokemon/src/components/constants/Pokemon.ts[8095, 24]: elements are not aligned
ERROR: (align) C:/Users/valmac/FullScreenPokemon/src/components/constants/Pokemon.ts[8098, 24]: elements are not aligned
ERROR: (align) C:/Users/valmac/FullScreenPokemon/src/components/constants/Pokemon.ts[8101, 24]: elements are not aligned
ERROR: (align) C:/Users/valmac/FullScreenPokemon/src/components/constants/Pokemon.ts[8104, 24]: elements are not aligned
ERROR: (align) C:/Users/valmac/FullScreenPokemon/src/components/constants/Pokemon.ts[8107, 24]: elements are not aligned
ERROR: (align) C:/Users/valmac/FullScreenPokemon/src/components/constants/Pokemon.ts[8110, 24]: elements are not aligned
ERROR: (align) C:/Users/valmac/FullScreenPokemon/src/components/constants/Pokemon.ts[8113, 24]: elements are not aligned
ERROR: (align) C:/Users/valmac/FullScreenPokemon/src/components/constants/Pokemon.ts[8116, 24]: elements are not aligned
ERROR: (align) C:/Users/valmac/FullScreenPokemon/src/components/constants/Pokemon.ts[8119, 24]: elements are not aligned
ERROR: (align) C:/Users/valmac/FullScreenPokemon/src/components/constants/Pokemon.ts[8122, 24]: elements are not aligned
ERROR: (align) C:/Users/valmac/FullScreenPokemon/src/components/constants/Pokemon.ts[8125, 24]: elements are not aligned
ERROR: (align) C:/Users/valmac/FullScreenPokemon/src/components/constants/Pokemon.ts[8160, 24]: elements are not aligned
ERROR: (align) C:/Users/valmac/FullScreenPokemon/src/components/constants/Pokemon.ts[8163, 24]: elements are not aligned
ERROR: (align) C:/Users/valmac/FullScreenPokemon/src/components/constants/Pokemon.ts[8166, 24]: elements are not aligned
ERROR: (align) C:/Users/valmac/FullScreenPokemon/src/components/constants/Pokemon.ts[8169, 24]: elements are not aligned
ERROR: (align) C:/Users/valmac/FullScreenPokemon/src/components/constants/Pokemon.ts[8172, 24]: elements are not aligned
ERROR: (align) C:/Users/valmac/FullScreenPokemon/src/components/constants/Pokemon.ts[8175, 24]: elements are not aligned
ERROR: (align) C:/Users/valmac/FullScreenPokemon/src/components/constants/Pokemon.ts[8187, 24]: elements are not aligned
ERROR: (align) C:/Users/valmac/FullScreenPokemon/src/components/constants/Pokemon.ts[8190, 24]: elements are not aligned
ERROR: (align) C:/Users/valmac/FullScreenPokemon/src/components/constants/Pokemon.ts[8193, 24]: elements are not aligned
ERROR: (align) C:/Users/valmac/FullScreenPokemon/src/components/constants/Pokemon.ts[8196, 24]: elements are not aligned
ERROR: (align) C:/Users/valmac/FullScreenPokemon/src/components/constants/Pokemon.ts[8199, 24]: elements are not aligned
ERROR: (align) C:/Users/valmac/FullScreenPokemon/src/components/constants/Pokemon.ts[8202, 24]: elements are not aligned
ERROR: (align) C:/Users/valmac/FullScreenPokemon/src/components/constants/Pokemon.ts[8205, 24]: elements are not aligned
ERROR: (align) C:/Users/valmac/FullScreenPokemon/src/components/constants/Pokemon.ts[8208, 24]: elements are not aligned
ERROR: (align) C:/Users/valmac/FullScreenPokemon/src/components/constants/Pokemon.ts[8211, 24]: elements are not aligned
ERROR: (align) C:/Users/valmac/FullScreenPokemon/src/components/constants/Pokemon.ts[8214, 24]: elements are not aligned
ERROR: (align) C:/Users/valmac/FullScreenPokemon/src/components/constants/Pokemon.ts[8217, 24]: elements are not aligned
ERROR: (align) C:/Users/valmac/FullScreenPokemon/src/components/constants/Pokemon.ts[8220, 24]: elements are not aligned
ERROR: (align) C:/Users/valmac/FullScreenPokemon/src/components/constants/Pokemon.ts[8223, 24]: elements are not aligned
ERROR: (align) C:/Users/valmac/FullScreenPokemon/src/components/constants/Pokemon.ts[8226, 24]: elements are not aligned
ERROR: (align) C:/Users/valmac/FullScreenPokemon/src/components/constants/Pokemon.ts[8252, 24]: elements are not aligned
ERROR: (align) C:/Users/valmac/FullScreenPokemon/src/components/constants/Pokemon.ts[8255, 24]: elements are not aligned
ERROR: (align) C:/Users/valmac/FullScreenPokemon/src/components/constants/Pokemon.ts[8258, 24]: elements are not aligned
ERROR: (align) C:/Users/valmac/FullScreenPokemon/src/components/constants/Pokemon.ts[8261, 24]: elements are not aligned
ERROR: (align) C:/Users/valmac/FullScreenPokemon/src/components/constants/Pokemon.ts[8264, 24]: elements are not aligned
ERROR: (align) C:/Users/valmac/FullScreenPokemon/src/components/constants/Pokemon.ts[8267, 24]: elements are not aligned
ERROR: (align) C:/Users/valmac/FullScreenPokemon/src/components/constants/Pokemon.ts[8270, 24]: elements are not aligned
ERROR: (align) C:/Users/valmac/FullScreenPokemon/src/components/constants/Pokemon.ts[8273, 24]: elements are not aligned
ERROR: (align) C:/Users/valmac/FullScreenPokemon/src/components/constants/Pokemon.ts[8282, 24]: elements are not aligned
ERROR: (align) C:/Users/valmac/FullScreenPokemon/src/components/constants/Pokemon.ts[8285, 24]: elements are not aligned
ERROR: (align) C:/Users/valmac/FullScreenPokemon/src/components/constants/Pokemon.ts[8288, 24]: elements are not aligned
ERROR: (align) C:/Users/valmac/FullScreenPokemon/src/components/constants/Pokemon.ts[8291, 24]: elements are not aligned
ERROR: (align) C:/Users/valmac/FullScreenPokemon/src/components/constants/Pokemon.ts[8294, 24]: elements are not aligned
ERROR: (align) C:/Users/valmac/FullScreenPokemon/src/components/constants/Pokemon.ts[8297, 24]: elements are not aligned
ERROR: (align) C:/Users/valmac/FullScreenPokemon/src/components/constants/Pokemon.ts[8300, 24]: elements are not aligned
ERROR: (align) C:/Users/valmac/FullScreenPokemon/src/components/constants/Pokemon.ts[8303, 24]: elements are not aligned
ERROR: (align) C:/Users/valmac/FullScreenPokemon/src/components/constants/Pokemon.ts[8306, 24]: elements are not aligned
ERROR: (align) C:/Users/valmac/FullScreenPokemon/src/components/constants/Pokemon.ts[8309, 24]: elements are not aligned
ERROR: (align) C:/Users/valmac/FullScreenPokemon/src/components/constants/Pokemon.ts[8312, 24]: elements are not aligned
ERROR: (align) C:/Users/valmac/FullScreenPokemon/src/components/constants/Pokemon.ts[8315, 24]: elements are not aligned
ERROR: (align) C:/Users/valmac/FullScreenPokemon/src/components/constants/Pokemon.ts[8318, 24]: elements are not aligned
ERROR: (align) C:/Users/valmac/FullScreenPokemon/src/components/constants/Pokemon.ts[8321, 24]: elements are not aligned
ERROR: (align) C:/Users/valmac/FullScreenPokemon/src/components/constants/Pokemon.ts[8324, 24]: elements are not aligned
ERROR: (align) C:/Users/valmac/FullScreenPokemon/src/components/constants/Pokemon.ts[8359, 24]: elements are not aligned
ERROR: (align) C:/Users/valmac/FullScreenPokemon/src/components/constants/Pokemon.ts[8362, 24]: elements are not aligned
ERROR: (align) C:/Users/valmac/FullScreenPokemon/src/components/constants/Pokemon.ts[8365, 24]: elements are not aligned
ERROR: (align) C:/Users/valmac/FullScreenPokemon/src/components/constants/Pokemon.ts[8368, 24]: elements are not aligned
ERROR: (align) C:/Users/valmac/FullScreenPokemon/src/components/constants/Pokemon.ts[8371, 24]: elements are not aligned
ERROR: (align) C:/Users/valmac/FullScreenPokemon/src/components/constants/Pokemon.ts[8374, 24]: elements are not aligned
ERROR: (align) C:/Users/valmac/FullScreenPokemon/src/components/constants/Pokemon.ts[8386, 24]: elements are not aligned
ERROR: (align) C:/Users/valmac/FullScreenPokemon/src/components/constants/Pokemon.ts[8389, 24]: elements are not aligned
ERROR: (align) C:/Users/valmac/FullScreenPokemon/src/components/constants/Pokemon.ts[8392, 24]: elements are not aligned
ERROR: (align) C:/Users/valmac/FullScreenPokemon/src/components/constants/Pokemon.ts[8395, 24]: elements are not aligned
ERROR: (align) C:/Users/valmac/FullScreenPokemon/src/components/constants/Pokemon.ts[8398, 24]: elements are not aligned
ERROR: (align) C:/Users/valmac/FullScreenPokemon/src/components/constants/Pokemon.ts[8401, 24]: elements are not aligned
ERROR: (align) C:/Users/valmac/FullScreenPokemon/src/components/constants/Pokemon.ts[8404, 24]: elements are not aligned
ERROR: (align) C:/Users/valmac/FullScreenPokemon/src/components/constants/Pokemon.ts[8407, 24]: elements are not aligned
ERROR: (align) C:/Users/valmac/FullScreenPokemon/src/components/constants/Pokemon.ts[8410, 24]: elements are not aligned
ERROR: (align) C:/Users/valmac/FullScreenPokemon/src/components/constants/Pokemon.ts[8413, 24]: elements are not aligned
ERROR: (align) C:/Users/valmac/FullScreenPokemon/src/components/constants/Pokemon.ts[8416, 24]: elements are not aligned
ERROR: (align) C:/Users/valmac/FullScreenPokemon/src/components/constants/Pokemon.ts[8419, 24]: elements are not aligned
ERROR: (align) C:/Users/valmac/FullScreenPokemon/src/components/constants/Pokemon.ts[8422, 24]: elements are not aligned
ERROR: (align) C:/Users/valmac/FullScreenPokemon/src/components/constants/Pokemon.ts[8425, 24]: elements are not aligned
ERROR: (align) C:/Users/valmac/FullScreenPokemon/src/components/constants/Pokemon.ts[8428, 24]: elements are not aligned
ERROR: (align) C:/Users/valmac/FullScreenPokemon/src/components/constants/Pokemon.ts[8431, 24]: elements are not aligned
ERROR: (align) C:/Users/valmac/FullScreenPokemon/src/components/constants/Pokemon.ts[8434, 24]: elements are not aligned
ERROR: (align) C:/Users/valmac/FullScreenPokemon/src/components/constants/Pokemon.ts[8437, 24]: elements are not aligned
ERROR: (align) C:/Users/valmac/FullScreenPokemon/src/components/constants/Pokemon.ts[8440, 24]: elements are not aligned
ERROR: (align) C:/Users/valmac/FullScreenPokemon/src/components/constants/Pokemon.ts[8443, 24]: elements are not aligned
ERROR: (align) C:/Users/valmac/FullScreenPokemon/src/components/constants/Pokemon.ts[8446, 24]: elements are not aligned
ERROR: (align) C:/Users/valmac/FullScreenPokemon/src/components/constants/Pokemon.ts[8449, 24]: elements are not aligned
ERROR: (align) C:/Users/valmac/FullScreenPokemon/src/components/constants/Pokemon.ts[8475, 24]: elements are not aligned
ERROR: (align) C:/Users/valmac/FullScreenPokemon/src/components/constants/Pokemon.ts[8478, 24]: elements are not aligned
ERROR: (align) C:/Users/valmac/FullScreenPokemon/src/components/constants/Pokemon.ts[8481, 24]: elements are not aligned
ERROR: (align) C:/Users/valmac/FullScreenPokemon/src/components/constants/Pokemon.ts[8484, 24]: elements are not aligned
ERROR: (align) C:/Users/valmac/FullScreenPokemon/src/components/constants/Pokemon.ts[8487, 24]: elements are not aligned
ERROR: (align) C:/Users/valmac/FullScreenPokemon/src/components/constants/Pokemon.ts[8490, 24]: elements are not aligned
ERROR: (align) C:/Users/valmac/FullScreenPokemon/src/components/constants/Pokemon.ts[8493, 24]: elements are not aligned
ERROR: (align) C:/Users/valmac/FullScreenPokemon/src/components/constants/Pokemon.ts[8496, 24]: elements are not aligned
ERROR: (align) C:/Users/valmac/FullScreenPokemon/src/components/constants/Pokemon.ts[8508, 24]: elements are not aligned
ERROR: (align) C:/Users/valmac/FullScreenPokemon/src/components/constants/Pokemon.ts[8511, 24]: elements are not aligned
ERROR: (align) C:/Users/valmac/FullScreenPokemon/src/components/constants/Pokemon.ts[8514, 24]: elements are not aligned
ERROR: (align) C:/Users/valmac/FullScreenPokemon/src/components/constants/Pokemon.ts[8517, 24]: elements are not aligned
ERROR: (align) C:/Users/valmac/FullScreenPokemon/src/components/constants/Pokemon.ts[8520, 24]: elements are not aligned
ERROR: (align) C:/Users/valmac/FullScreenPokemon/src/components/constants/Pokemon.ts[8523, 24]: elements are not aligned
ERROR: (align) C:/Users/valmac/FullScreenPokemon/src/components/constants/Pokemon.ts[8526, 24]: elements are not aligned
ERROR: (align) C:/Users/valmac/FullScreenPokemon/src/components/constants/Pokemon.ts[8529, 24]: elements are not aligned
ERROR: (align) C:/Users/valmac/FullScreenPokemon/src/components/constants/Pokemon.ts[8532, 24]: elements are not aligned
ERROR: (align) C:/Users/valmac/FullScreenPokemon/src/components/constants/Pokemon.ts[8535, 24]: elements are not aligned
ERROR: (align) C:/Users/valmac/FullScreenPokemon/src/components/constants/Pokemon.ts[8538, 24]: elements are not aligned
ERROR: (align) C:/Users/valmac/FullScreenPokemon/src/components/constants/Pokemon.ts[8541, 24]: elements are not aligned
ERROR: (align) C:/Users/valmac/FullScreenPokemon/src/components/constants/Pokemon.ts[8544, 24]: elements are not aligned
ERROR: (align) C:/Users/valmac/FullScreenPokemon/src/components/constants/Pokemon.ts[8547, 24]: elements are not aligned
ERROR: (align) C:/Users/valmac/FullScreenPokemon/src/components/constants/Pokemon.ts[8550, 24]: elements are not aligned
ERROR: (align) C:/Users/valmac/FullScreenPokemon/src/components/constants/Pokemon.ts[8553, 24]: elements are not aligned
ERROR: (align) C:/Users/valmac/FullScreenPokemon/src/components/constants/Pokemon.ts[8556, 24]: elements are not aligned
ERROR: (align) C:/Users/valmac/FullScreenPokemon/src/components/constants/Pokemon.ts[8559, 24]: elements are not aligned
ERROR: (align) C:/Users/valmac/FullScreenPokemon/src/components/constants/Pokemon.ts[8562, 24]: elements are not aligned
ERROR: (align) C:/Users/valmac/FullScreenPokemon/src/components/constants/Pokemon.ts[8565, 24]: elements are not aligned
ERROR: (align) C:/Users/valmac/FullScreenPokemon/src/components/constants/Pokemon.ts[8568, 24]: elements are not aligned
ERROR: (align) C:/Users/valmac/FullScreenPokemon/src/components/constants/Pokemon.ts[8571, 24]: elements are not aligned
ERROR: (align) C:/Users/valmac/FullScreenPokemon/src/components/constants/Pokemon.ts[8574, 24]: elements are not aligned
ERROR: (align) C:/Users/valmac/FullScreenPokemon/src/components/constants/Pokemon.ts[8577, 24]: elements are not aligned
ERROR: (align) C:/Users/valmac/FullScreenPokemon/src/components/constants/Pokemon.ts[8612, 24]: elements are not aligned
ERROR: (align) C:/Users/valmac/FullScreenPokemon/src/components/constants/Pokemon.ts[8615, 24]: elements are not aligned
ERROR: (align) C:/Users/valmac/FullScreenPokemon/src/components/constants/Pokemon.ts[8618, 24]: elements are not aligned
ERROR: (align) C:/Users/valmac/FullScreenPokemon/src/components/constants/Pokemon.ts[8621, 24]: elements are not aligned
ERROR: (align) C:/Users/valmac/FullScreenPokemon/src/components/constants/Pokemon.ts[8624, 24]: elements are not aligned
ERROR: (align) C:/Users/valmac/FullScreenPokemon/src/components/constants/Pokemon.ts[8627, 24]: elements are not aligned
ERROR: (align) C:/Users/valmac/FullScreenPokemon/src/components/constants/Pokemon.ts[8636, 24]: elements are not aligned
ERROR: (align) C:/Users/valmac/FullScreenPokemon/src/components/constants/Pokemon.ts[8639, 24]: elements are not aligned
ERROR: (align) C:/Users/valmac/FullScreenPokemon/src/components/constants/Pokemon.ts[8642, 24]: elements are not aligned
ERROR: (align) C:/Users/valmac/FullScreenPokemon/src/components/constants/Pokemon.ts[8645, 24]: elements are not aligned
ERROR: (align) C:/Users/valmac/FullScreenPokemon/src/components/constants/Pokemon.ts[8648, 24]: elements are not aligned
ERROR: (align) C:/Users/valmac/FullScreenPokemon/src/components/constants/Pokemon.ts[8651, 24]: elements are not aligned
ERROR: (align) C:/Users/valmac/FullScreenPokemon/src/components/constants/Pokemon.ts[8691, 24]: elements are not aligned
ERROR: (align) C:/Users/valmac/FullScreenPokemon/src/components/constants/Pokemon.ts[8717, 24]: elements are not aligned
ERROR: (align) C:/Users/valmac/FullScreenPokemon/src/components/constants/Pokemon.ts[8720, 24]: elements are not aligned
ERROR: (align) C:/Users/valmac/FullScreenPokemon/src/components/constants/Pokemon.ts[8723, 24]: elements are not aligned
ERROR: (align) C:/Users/valmac/FullScreenPokemon/src/components/constants/Pokemon.ts[8726, 24]: elements are not aligned
ERROR: (align) C:/Users/valmac/FullScreenPokemon/src/components/constants/Pokemon.ts[8734, 24]: elements are not aligned
ERROR: (align) C:/Users/valmac/FullScreenPokemon/src/components/constants/Pokemon.ts[8737, 24]: elements are not aligned
ERROR: (align) C:/Users/valmac/FullScreenPokemon/src/components/constants/Pokemon.ts[8740, 24]: elements are not aligned
ERROR: (align) C:/Users/valmac/FullScreenPokemon/src/components/constants/Pokemon.ts[8743, 24]: elements are not aligned
ERROR: (align) C:/Users/valmac/FullScreenPokemon/src/components/constants/Pokemon.ts[8751, 24]: elements are not aligned
ERROR: (align) C:/Users/valmac/FullScreenPokemon/src/components/constants/Pokemon.ts[8754, 24]: elements are not aligned
ERROR: (align) C:/Users/valmac/FullScreenPokemon/src/components/constants/Pokemon.ts[8757, 24]: elements are not aligned
ERROR: (align) C:/Users/valmac/FullScreenPokemon/src/components/constants/Pokemon.ts[8760, 24]: elements are not aligned
ERROR: (align) C:/Users/valmac/FullScreenPokemon/src/components/constants/Pokemon.ts[8763, 24]: elements are not aligned
ERROR: (align) C:/Users/valmac/FullScreenPokemon/src/components/constants/Pokemon.ts[8766, 24]: elements are not aligned
ERROR: (align) C:/Users/valmac/FullScreenPokemon/src/components/constants/Pokemon.ts[8769, 24]: elements are not aligned
ERROR: (align) C:/Users/valmac/FullScreenPokemon/src/components/constants/Pokemon.ts[8772, 24]: elements are not aligned
ERROR: (align) C:/Users/valmac/FullScreenPokemon/src/components/constants/Pokemon.ts[8775, 24]: elements are not aligned
ERROR: (align) C:/Users/valmac/FullScreenPokemon/src/components/constants/Pokemon.ts[8778, 24]: elements are not aligned
ERROR: (align) C:/Users/valmac/FullScreenPokemon/src/components/constants/Pokemon.ts[8781, 24]: elements are not aligned
ERROR: (align) C:/Users/valmac/FullScreenPokemon/src/components/constants/Pokemon.ts[8784, 24]: elements are not aligned
ERROR: (align) C:/Users/valmac/FullScreenPokemon/src/components/constants/Pokemon.ts[8787, 24]: elements are not aligned
ERROR: (align) C:/Users/valmac/FullScreenPokemon/src/components/constants/Pokemon.ts[8790, 24]: elements are not aligned
ERROR: (align) C:/Users/valmac/FullScreenPokemon/src/components/constants/Pokemon.ts[8793, 24]: elements are not aligned
ERROR: (align) C:/Users/valmac/FullScreenPokemon/src/components/constants/Pokemon.ts[8796, 24]: elements are not aligned
ERROR: (align) C:/Users/valmac/FullScreenPokemon/src/components/constants/Pokemon.ts[8799, 24]: elements are not aligned
ERROR: (align) C:/Users/valmac/FullScreenPokemon/src/components/constants/Pokemon.ts[8802, 24]: elements are not aligned
ERROR: (align) C:/Users/valmac/FullScreenPokemon/src/components/constants/Pokemon.ts[8805, 24]: elements are not aligned
ERROR: (align) C:/Users/valmac/FullScreenPokemon/src/components/constants/Pokemon.ts[8808, 24]: elements are not aligned
ERROR: (align) C:/Users/valmac/FullScreenPokemon/src/components/constants/Pokemon.ts[8811, 24]: elements are not aligned
ERROR: (align) C:/Users/valmac/FullScreenPokemon/src/components/constants/Pokemon.ts[8814, 24]: elements are not aligned
ERROR: (align) C:/Users/valmac/FullScreenPokemon/src/components/constants/Pokemon.ts[8817, 24]: elements are not aligned
ERROR: (align) C:/Users/valmac/FullScreenPokemon/src/components/constants/Pokemon.ts[8820, 24]: elements are not aligned
ERROR: (align) C:/Users/valmac/FullScreenPokemon/src/components/constants/Pokemon.ts[8823, 24]: elements are not aligned
ERROR: (align) C:/Users/valmac/FullScreenPokemon/src/components/constants/Pokemon.ts[8826, 24]: elements are not aligned
ERROR: (align) C:/Users/valmac/FullScreenPokemon/src/components/constants/Pokemon.ts[8829, 24]: elements are not aligned
ERROR: (align) C:/Users/valmac/FullScreenPokemon/src/components/constants/Pokemon.ts[8832, 24]: elements are not aligned
ERROR: (align) C:/Users/valmac/FullScreenPokemon/src/components/constants/Pokemon.ts[8835, 24]: elements are not aligned
ERROR: (align) C:/Users/valmac/FullScreenPokemon/src/components/constants/Pokemon.ts[8838, 24]: elements are not aligned
ERROR: (align) C:/Users/valmac/FullScreenPokemon/src/components/constants/Pokemon.ts[8841, 24]: elements are not aligned
ERROR: (align) C:/Users/valmac/FullScreenPokemon/src/components/constants/Pokemon.ts[8844, 24]: elements are not aligned
ERROR: (align) C:/Users/valmac/FullScreenPokemon/src/components/constants/Pokemon.ts[8847, 24]: elements are not aligned
ERROR: (align) C:/Users/valmac/FullScreenPokemon/src/components/constants/Pokemon.ts[8850, 24]: elements are not aligned
ERROR: (align) C:/Users/valmac/FullScreenPokemon/src/components/constants/Pokemon.ts[8853, 24]: elements are not aligned
ERROR: (align) C:/Users/valmac/FullScreenPokemon/src/components/constants/Pokemon.ts[8856, 24]: elements are not aligned
ERROR: (align) C:/Users/valmac/FullScreenPokemon/src/components/constants/Pokemon.ts[8859, 24]: elements are not aligned
ERROR: (align) C:/Users/valmac/FullScreenPokemon/src/components/constants/Pokemon.ts[8862, 24]: elements are not aligned
ERROR: (align) C:/Users/valmac/FullScreenPokemon/src/components/constants/Pokemon.ts[8865, 24]: elements are not aligned
ERROR: (align) C:/Users/valmac/FullScreenPokemon/src/components/constants/Pokemon.ts[8868, 24]: elements are not aligned
ERROR: (align) C:/Users/valmac/FullScreenPokemon/src/components/constants/Pokemon.ts[8871, 24]: elements are not aligned
ERROR: (align) C:/Users/valmac/FullScreenPokemon/src/components/constants/Pokemon.ts[8874, 24]: elements are not aligned
ERROR: (align) C:/Users/valmac/FullScreenPokemon/src/components/constants/Pokemon.ts[8877, 24]: elements are not aligned
ERROR: (align) C:/Users/valmac/FullScreenPokemon/src/components/constants/Pokemon.ts[8880, 24]: elements are not aligned
ERROR: (align) C:/Users/valmac/FullScreenPokemon/src/components/constants/Pokemon.ts[8883, 24]: elements are not aligned
ERROR: (align) C:/Users/valmac/FullScreenPokemon/src/components/constants/Pokemon.ts[8886, 24]: elements are not aligned
ERROR: (align) C:/Users/valmac/FullScreenPokemon/src/components/constants/Pokemon.ts[8889, 24]: elements are not aligned
ERROR: (align) C:/Users/valmac/FullScreenPokemon/src/components/constants/Pokemon.ts[8892, 24]: elements are not aligned
ERROR: (align) C:/Users/valmac/FullScreenPokemon/src/components/constants/Pokemon.ts[8895, 24]: elements are not aligned
ERROR: (align) C:/Users/valmac/FullScreenPokemon/src/components/constants/Pokemon.ts[8921, 24]: elements are not aligned
ERROR: (align) C:/Users/valmac/FullScreenPokemon/src/components/constants/Pokemon.ts[8924, 24]: elements are not aligned
ERROR: (align) C:/Users/valmac/FullScreenPokemon/src/components/constants/Pokemon.ts[8927, 24]: elements are not aligned
ERROR: (align) C:/Users/valmac/FullScreenPokemon/src/components/constants/Pokemon.ts[8930, 24]: elements are not aligned
ERROR: (align) C:/Users/valmac/FullScreenPokemon/src/components/constants/Pokemon.ts[8933, 24]: elements are not aligned
ERROR: (align) C:/Users/valmac/FullScreenPokemon/src/components/constants/Pokemon.ts[8936, 24]: elements are not aligned
ERROR: (align) C:/Users/valmac/FullScreenPokemon/src/components/constants/Pokemon.ts[8939, 24]: elements are not aligned
ERROR: (align) C:/Users/valmac/FullScreenPokemon/src/components/constants/Pokemon.ts[8942, 24]: elements are not aligned
ERROR: (align) C:/Users/valmac/FullScreenPokemon/src/components/constants/Pokemon.ts[8950, 24]: elements are not aligned
ERROR: (align) C:/Users/valmac/FullScreenPokemon/src/components/constants/Pokemon.ts[8958, 24]: elements are not aligned
ERROR: (align) C:/Users/valmac/FullScreenPokemon/src/components/constants/Pokemon.ts[8961, 24]: elements are not aligned
ERROR: (align) C:/Users/valmac/FullScreenPokemon/src/components/constants/Pokemon.ts[8964, 24]: elements are not aligned
ERROR: (align) C:/Users/valmac/FullScreenPokemon/src/components/constants/Pokemon.ts[8967, 24]: elements are not aligned
ERROR: (align) C:/Users/valmac/FullScreenPokemon/src/components/constants/Pokemon.ts[8970, 24]: elements are not aligned
ERROR: (align) C:/Users/valmac/FullScreenPokemon/src/components/constants/Pokemon.ts[8973, 24]: elements are not aligned
ERROR: (align) C:/Users/valmac/FullScreenPokemon/src/components/constants/Pokemon.ts[8976, 24]: elements are not aligned
ERROR: (align) C:/Users/valmac/FullScreenPokemon/src/components/constants/Pokemon.ts[8979, 24]: elements are not aligned
ERROR: (align) C:/Users/valmac/FullScreenPokemon/src/components/constants/Pokemon.ts[8982, 24]: elements are not aligned
ERROR: (align) C:/Users/valmac/FullScreenPokemon/src/components/constants/Pokemon.ts[8985, 24]: elements are not aligned
ERROR: (align) C:/Users/valmac/FullScreenPokemon/src/components/constants/Pokemon.ts[8988, 24]: elements are not aligned
ERROR: (align) C:/Users/valmac/FullScreenPokemon/src/components/constants/Pokemon.ts[8991, 24]: elements are not aligned
ERROR: (align) C:/Users/valmac/FullScreenPokemon/src/components/constants/Pokemon.ts[8994, 24]: elements are not aligned
ERROR: (align) C:/Users/valmac/FullScreenPokemon/src/components/constants/Pokemon.ts[8997, 24]: elements are not aligned
ERROR: (align) C:/Users/valmac/FullScreenPokemon/src/components/constants/Pokemon.ts[9000, 24]: elements are not aligned
ERROR: (align) C:/Users/valmac/FullScreenPokemon/src/components/constants/Pokemon.ts[9003, 24]: elements are not aligned
ERROR: (align) C:/Users/valmac/FullScreenPokemon/src/components/constants/Pokemon.ts[9006, 24]: elements are not aligned
ERROR: (align) C:/Users/valmac/FullScreenPokemon/src/components/constants/Pokemon.ts[9009, 24]: elements are not aligned
ERROR: (align) C:/Users/valmac/FullScreenPokemon/src/components/constants/Pokemon.ts[9012, 24]: elements are not aligned
ERROR: (align) C:/Users/valmac/FullScreenPokemon/src/components/constants/Pokemon.ts[9015, 24]: elements are not aligned
ERROR: (align) C:/Users/valmac/FullScreenPokemon/src/components/constants/Pokemon.ts[9018, 24]: elements are not aligned
ERROR: (align) C:/Users/valmac/FullScreenPokemon/src/components/constants/Pokemon.ts[9021, 24]: elements are not aligned
ERROR: (align) C:/Users/valmac/FullScreenPokemon/src/components/constants/Pokemon.ts[9024, 24]: elements are not aligned
ERROR: (align) C:/Users/valmac/FullScreenPokemon/src/components/constants/Pokemon.ts[9027, 24]: elements are not aligned
ERROR: (align) C:/Users/valmac/FullScreenPokemon/src/components/constants/Pokemon.ts[9030, 24]: elements are not aligned
ERROR: (align) C:/Users/valmac/FullScreenPokemon/src/components/constants/Pokemon.ts[9033, 24]: elements are not aligned
ERROR: (align) C:/Users/valmac/FullScreenPokemon/src/components/constants/Pokemon.ts[9036, 24]: elements are not aligned
ERROR: (align) C:/Users/valmac/FullScreenPokemon/src/components/constants/Pokemon.ts[9039, 24]: elements are not aligned
ERROR: (align) C:/Users/valmac/FullScreenPokemon/src/components/constants/Pokemon.ts[9042, 24]: elements are not aligned
ERROR: (align) C:/Users/valmac/FullScreenPokemon/src/components/constants/Pokemon.ts[9045, 24]: elements are not aligned
ERROR: (align) C:/Users/valmac/FullScreenPokemon/src/components/constants/Pokemon.ts[9048, 24]: elements are not aligned
ERROR: (align) C:/Users/valmac/FullScreenPokemon/src/components/constants/Pokemon.ts[9051, 24]: elements are not aligned
ERROR: (align) C:/Users/valmac/FullScreenPokemon/src/components/constants/Pokemon.ts[9054, 24]: elements are not aligned
ERROR: (align) C:/Users/valmac/FullScreenPokemon/src/components/constants/Pokemon.ts[9080, 24]: elements are not aligned
ERROR: (align) C:/Users/valmac/FullScreenPokemon/src/components/constants/Pokemon.ts[9083, 24]: elements are not aligned
ERROR: (align) C:/Users/valmac/FullScreenPokemon/src/components/constants/Pokemon.ts[9086, 24]: elements are not aligned
ERROR: (align) C:/Users/valmac/FullScreenPokemon/src/components/constants/Pokemon.ts[9089, 24]: elements are not aligned
ERROR: (align) C:/Users/valmac/FullScreenPokemon/src/components/constants/Pokemon.ts[9098, 24]: elements are not aligned
ERROR: (align) C:/Users/valmac/FullScreenPokemon/src/components/constants/Pokemon.ts[9101, 24]: elements are not aligned
ERROR: (align) C:/Users/valmac/FullScreenPokemon/src/components/constants/Pokemon.ts[9104, 24]: elements are not aligned
ERROR: (align) C:/Users/valmac/FullScreenPokemon/src/components/constants/Pokemon.ts[9107, 24]: elements are not aligned
ERROR: (align) C:/Users/valmac/FullScreenPokemon/src/components/constants/Pokemon.ts[9110, 24]: elements are not aligned
ERROR: (align) C:/Users/valmac/FullScreenPokemon/src/components/constants/Pokemon.ts[9113, 24]: elements are not aligned
ERROR: (align) C:/Users/valmac/FullScreenPokemon/src/components/constants/Pokemon.ts[9116, 24]: elements are not aligned
ERROR: (align) C:/Users/valmac/FullScreenPokemon/src/components/constants/Pokemon.ts[9119, 24]: elements are not aligned
ERROR: (align) C:/Users/valmac/FullScreenPokemon/src/components/constants/Pokemon.ts[9122, 24]: elements are not aligned
ERROR: (align) C:/Users/valmac/FullScreenPokemon/src/components/constants/Pokemon.ts[9125, 24]: elements are not aligned
ERROR: (align) C:/Users/valmac/FullScreenPokemon/src/components/constants/Pokemon.ts[9128, 24]: elements are not aligned
ERROR: (align) C:/Users/valmac/FullScreenPokemon/src/components/constants/Pokemon.ts[9131, 24]: elements are not aligned
ERROR: (align) C:/Users/valmac/FullScreenPokemon/src/components/constants/Pokemon.ts[9134, 24]: elements are not aligned
ERROR: (align) C:/Users/valmac/FullScreenPokemon/src/components/constants/Pokemon.ts[9137, 24]: elements are not aligned
ERROR: (align) C:/Users/valmac/FullScreenPokemon/src/components/constants/Pokemon.ts[9140, 24]: elements are not aligned
ERROR: (align) C:/Users/valmac/FullScreenPokemon/src/components/constants/Pokemon.ts[9166, 24]: elements are not aligned
ERROR: (align) C:/Users/valmac/FullScreenPokemon/src/components/constants/Pokemon.ts[9169, 24]: elements are not aligned
ERROR: (align) C:/Users/valmac/FullScreenPokemon/src/components/constants/Pokemon.ts[9172, 24]: elements are not aligned
ERROR: (align) C:/Users/valmac/FullScreenPokemon/src/components/constants/Pokemon.ts[9175, 24]: elements are not aligned
ERROR: (align) C:/Users/valmac/FullScreenPokemon/src/components/constants/Pokemon.ts[9178, 24]: elements are not aligned
ERROR: (align) C:/Users/valmac/FullScreenPokemon/src/components/constants/Pokemon.ts[9181, 24]: elements are not aligned
ERROR: (align) C:/Users/valmac/FullScreenPokemon/src/components/constants/Pokemon.ts[9193, 24]: elements are not aligned
ERROR: (align) C:/Users/valmac/FullScreenPokemon/src/components/constants/Pokemon.ts[9196, 24]: elements are not aligned
ERROR: (align) C:/Users/valmac/FullScreenPokemon/src/components/constants/Pokemon.ts[9199, 24]: elements are not aligned
ERROR: (align) C:/Users/valmac/FullScreenPokemon/src/components/constants/Pokemon.ts[9202, 24]: elements are not aligned
ERROR: (align) C:/Users/valmac/FullScreenPokemon/src/components/constants/Pokemon.ts[9205, 24]: elements are not aligned
ERROR: (align) C:/Users/valmac/FullScreenPokemon/src/components/constants/Pokemon.ts[9208, 24]: elements are not aligned
ERROR: (align) C:/Users/valmac/FullScreenPokemon/src/components/constants/Pokemon.ts[9211, 24]: elements are not aligned
ERROR: (align) C:/Users/valmac/FullScreenPokemon/src/components/constants/Pokemon.ts[9214, 24]: elements are not aligned
ERROR: (align) C:/Users/valmac/FullScreenPokemon/src/components/constants/Pokemon.ts[9217, 24]: elements are not aligned
ERROR: (align) C:/Users/valmac/FullScreenPokemon/src/components/constants/Pokemon.ts[9220, 24]: elements are not aligned
ERROR: (align) C:/Users/valmac/FullScreenPokemon/src/components/constants/Pokemon.ts[9223, 24]: elements are not aligned
ERROR: (align) C:/Users/valmac/FullScreenPokemon/src/components/constants/Pokemon.ts[9226, 24]: elements are not aligned
ERROR: (align) C:/Users/valmac/FullScreenPokemon/src/components/constants/Pokemon.ts[9229, 24]: elements are not aligned
ERROR: (align) C:/Users/valmac/FullScreenPokemon/src/components/constants/Pokemon.ts[9232, 24]: elements are not aligned
ERROR: (align) C:/Users/valmac/FullScreenPokemon/src/components/constants/Pokemon.ts[9235, 24]: elements are not aligned
ERROR: (align) C:/Users/valmac/FullScreenPokemon/src/components/constants/Pokemon.ts[9238, 24]: elements are not aligned
ERROR: (align) C:/Users/valmac/FullScreenPokemon/src/components/constants/Pokemon.ts[9241, 24]: elements are not aligned
ERROR: (align) C:/Users/valmac/FullScreenPokemon/src/components/constants/Pokemon.ts[9244, 24]: elements are not aligned
ERROR: (align) C:/Users/valmac/FullScreenPokemon/src/components/constants/Pokemon.ts[9247, 24]: elements are not aligned
ERROR: (align) C:/Users/valmac/FullScreenPokemon/src/components/constants/Pokemon.ts[9250, 24]: elements are not aligned
ERROR: (align) C:/Users/valmac/FullScreenPokemon/src/components/constants/Pokemon.ts[9253, 24]: elements are not aligned
ERROR: (align) C:/Users/valmac/FullScreenPokemon/src/components/constants/Pokemon.ts[9256, 24]: elements are not aligned
ERROR: (align) C:/Users/valmac/FullScreenPokemon/src/components/constants/Pokemon.ts[9259, 24]: elements are not aligned
ERROR: (align) C:/Users/valmac/FullScreenPokemon/src/components/constants/Pokemon.ts[9262, 24]: elements are not aligned
ERROR: (align) C:/Users/valmac/FullScreenPokemon/src/components/constants/Pokemon.ts[9265, 24]: elements are not aligned
ERROR: (align) C:/Users/valmac/FullScreenPokemon/src/components/constants/Pokemon.ts[9291, 24]: elements are not aligned
ERROR: (align) C:/Users/valmac/FullScreenPokemon/src/components/constants/Pokemon.ts[9294, 24]: elements are not aligned
ERROR: (align) C:/Users/valmac/FullScreenPokemon/src/components/constants/Pokemon.ts[9297, 24]: elements are not aligned
ERROR: (align) C:/Users/valmac/FullScreenPokemon/src/components/constants/Pokemon.ts[9300, 24]: elements are not aligned
ERROR: (align) C:/Users/valmac/FullScreenPokemon/src/components/constants/Pokemon.ts[9303, 24]: elements are not aligned
ERROR: (align) C:/Users/valmac/FullScreenPokemon/src/components/constants/Pokemon.ts[9306, 24]: elements are not aligned
ERROR: (align) C:/Users/valmac/FullScreenPokemon/src/components/constants/Pokemon.ts[9309, 24]: elements are not aligned
ERROR: (align) C:/Users/valmac/FullScreenPokemon/src/components/constants/Pokemon.ts[9312, 24]: elements are not aligned
ERROR: (align) C:/Users/valmac/FullScreenPokemon/src/components/constants/Pokemon.ts[9321, 24]: elements are not aligned
ERROR: (align) C:/Users/valmac/FullScreenPokemon/src/components/constants/Pokemon.ts[9324, 24]: elements are not aligned
ERROR: (align) C:/Users/valmac/FullScreenPokemon/src/components/constants/Pokemon.ts[9327, 24]: elements are not aligned
ERROR: (align) C:/Users/valmac/FullScreenPokemon/src/components/constants/Pokemon.ts[9330, 24]: elements are not aligned
ERROR: (align) C:/Users/valmac/FullScreenPokemon/src/components/constants/Pokemon.ts[9333, 24]: elements are not aligned
ERROR: (align) C:/Users/valmac/FullScreenPokemon/src/components/constants/Pokemon.ts[9336, 24]: elements are not aligned
ERROR: (align) C:/Users/valmac/FullScreenPokemon/src/components/constants/Pokemon.ts[9339, 24]: elements are not aligned
ERROR: (align) C:/Users/valmac/FullScreenPokemon/src/components/constants/Pokemon.ts[9342, 24]: elements are not aligned
ERROR: (align) C:/Users/valmac/FullScreenPokemon/src/components/constants/Pokemon.ts[9368, 24]: elements are not aligned
ERROR: (align) C:/Users/valmac/FullScreenPokemon/src/components/constants/Pokemon.ts[9371, 24]: elements are not aligned
ERROR: (align) C:/Users/valmac/FullScreenPokemon/src/components/constants/Pokemon.ts[9374, 24]: elements are not aligned
ERROR: (align) C:/Users/valmac/FullScreenPokemon/src/components/constants/Pokemon.ts[9377, 24]: elements are not aligned
ERROR: (align) C:/Users/valmac/FullScreenPokemon/src/components/constants/Pokemon.ts[9380, 24]: elements are not aligned
ERROR: (align) C:/Users/valmac/FullScreenPokemon/src/components/constants/Pokemon.ts[9383, 24]: elements are not aligned
ERROR: (align) C:/Users/valmac/FullScreenPokemon/src/components/constants/Pokemon.ts[9391, 24]: elements are not aligned
ERROR: (align) C:/Users/valmac/FullScreenPokemon/src/components/constants/Pokemon.ts[9399, 24]: elements are not aligned
ERROR: (align) C:/Users/valmac/FullScreenPokemon/src/components/constants/Pokemon.ts[9425, 24]: elements are not aligned
ERROR: (align) C:/Users/valmac/FullScreenPokemon/src/components/constants/Pokemon.ts[9428, 24]: elements are not aligned
ERROR: (align) C:/Users/valmac/FullScreenPokemon/src/components/constants/Pokemon.ts[9431, 24]: elements are not aligned
ERROR: (align) C:/Users/valmac/FullScreenPokemon/src/components/constants/Pokemon.ts[9434, 24]: elements are not aligned
ERROR: (align) C:/Users/valmac/FullScreenPokemon/src/components/constants/Pokemon.ts[9437, 24]: elements are not aligned
ERROR: (align) C:/Users/valmac/FullScreenPokemon/src/components/constants/Pokemon.ts[9440, 24]: elements are not aligned
ERROR: (align) C:/Users/valmac/FullScreenPokemon/src/components/constants/Pokemon.ts[9448, 24]: elements are not aligned
ERROR: (align) C:/Users/valmac/FullScreenPokemon/src/components/constants/Pokemon.ts[9456, 24]: elements are not aligned
ERROR: (align) C:/Users/valmac/FullScreenPokemon/src/components/constants/Pokemon.ts[9525, 24]: elements are not aligned
ERROR: (align) C:/Users/valmac/FullScreenPokemon/src/components/constants/Pokemon.ts[9528, 24]: elements are not aligned
ERROR: (align) C:/Users/valmac/FullScreenPokemon/src/components/constants/Pokemon.ts[9531, 24]: elements are not aligned
ERROR: (align) C:/Users/valmac/FullScreenPokemon/src/components/constants/Pokemon.ts[9534, 24]: elements are not aligned
ERROR: (align) C:/Users/valmac/FullScreenPokemon/src/components/constants/Pokemon.ts[9537, 24]: elements are not aligned
ERROR: (align) C:/Users/valmac/FullScreenPokemon/src/components/constants/Pokemon.ts[9540, 24]: elements are not aligned
ERROR: (align) C:/Users/valmac/FullScreenPokemon/src/components/constants/Pokemon.ts[9543, 24]: elements are not aligned
ERROR: (align) C:/Users/valmac/FullScreenPokemon/src/components/constants/Pokemon.ts[9546, 24]: elements are not aligned
ERROR: (align) C:/Users/valmac/FullScreenPokemon/src/components/constants/Pokemon.ts[9549, 24]: elements are not aligned
ERROR: (align) C:/Users/valmac/FullScreenPokemon/src/components/constants/Pokemon.ts[9552, 24]: elements are not aligned
ERROR: (align) C:/Users/valmac/FullScreenPokemon/src/components/constants/Pokemon.ts[9555, 24]: elements are not aligned
ERROR: (align) C:/Users/valmac/FullScreenPokemon/src/components/constants/Pokemon.ts[9558, 24]: elements are not aligned
ERROR: (align) C:/Users/valmac/FullScreenPokemon/src/components/constants/Pokemon.ts[9561, 24]: elements are not aligned
ERROR: (align) C:/Users/valmac/FullScreenPokemon/src/components/constants/Pokemon.ts[9564, 24]: elements are not aligned
ERROR: (align) C:/Users/valmac/FullScreenPokemon/src/components/constants/Pokemon.ts[9572, 24]: elements are not aligned
ERROR: (align) C:/Users/valmac/FullScreenPokemon/src/components/constants/Pokemon.ts[9575, 24]: elements are not aligned
ERROR: (align) C:/Users/valmac/FullScreenPokemon/src/components/constants/Pokemon.ts[9578, 24]: elements are not aligned
ERROR: (align) C:/Users/valmac/FullScreenPokemon/src/components/constants/Pokemon.ts[9581, 24]: elements are not aligned
ERROR: (align) C:/Users/valmac/FullScreenPokemon/src/components/constants/Pokemon.ts[9584, 24]: elements are not aligned
ERROR: (align) C:/Users/valmac/FullScreenPokemon/src/components/constants/Pokemon.ts[9587, 24]: elements are not aligned
ERROR: (align) C:/Users/valmac/FullScreenPokemon/src/components/constants/Pokemon.ts[9590, 24]: elements are not aligned
ERROR: (align) C:/Users/valmac/FullScreenPokemon/src/components/constants/Pokemon.ts[9593, 24]: elements are not aligned
ERROR: (align) C:/Users/valmac/FullScreenPokemon/src/components/constants/Pokemon.ts[9596, 24]: elements are not aligned
ERROR: (align) C:/Users/valmac/FullScreenPokemon/src/components/constants/Pokemon.ts[9599, 24]: elements are not aligned
ERROR: (align) C:/Users/valmac/FullScreenPokemon/src/components/constants/Pokemon.ts[9602, 24]: elements are not aligned
ERROR: (align) C:/Users/valmac/FullScreenPokemon/src/components/constants/Pokemon.ts[9605, 24]: elements are not aligned
ERROR: (align) C:/Users/valmac/FullScreenPokemon/src/components/constants/Pokemon.ts[9608, 24]: elements are not aligned
ERROR: (align) C:/Users/valmac/FullScreenPokemon/src/components/constants/Pokemon.ts[9611, 24]: elements are not aligned
ERROR: (align) C:/Users/valmac/FullScreenPokemon/src/components/constants/Pokemon.ts[9646, 24]: elements are not aligned
ERROR: (align) C:/Users/valmac/FullScreenPokemon/src/components/constants/Pokemon.ts[9649, 24]: elements are not aligned
ERROR: (align) C:/Users/valmac/FullScreenPokemon/src/components/constants/Pokemon.ts[9652, 24]: elements are not aligned
ERROR: (align) C:/Users/valmac/FullScreenPokemon/src/components/constants/Pokemon.ts[9655, 24]: elements are not aligned
ERROR: (align) C:/Users/valmac/FullScreenPokemon/src/components/constants/Pokemon.ts[9658, 24]: elements are not aligned
ERROR: (align) C:/Users/valmac/FullScreenPokemon/src/components/constants/Pokemon.ts[9661, 24]: elements are not aligned
ERROR: (align) C:/Users/valmac/FullScreenPokemon/src/components/constants/Pokemon.ts[9664, 24]: elements are not aligned
ERROR: (align) C:/Users/valmac/FullScreenPokemon/src/components/constants/Pokemon.ts[9667, 24]: elements are not aligned
ERROR: (align) C:/Users/valmac/FullScreenPokemon/src/components/constants/Pokemon.ts[9670, 24]: elements are not aligned
ERROR: (align) C:/Users/valmac/FullScreenPokemon/src/components/constants/Pokemon.ts[9673, 24]: elements are not aligned
ERROR: (align) C:/Users/valmac/FullScreenPokemon/src/components/constants/Pokemon.ts[9676, 24]: elements are not aligned
ERROR: (align) C:/Users/valmac/FullScreenPokemon/src/components/constants/Pokemon.ts[9679, 24]: elements are not aligned
ERROR: (align) C:/Users/valmac/FullScreenPokemon/src/components/constants/Pokemon.ts[9682, 24]: elements are not aligned
ERROR: (align) C:/Users/valmac/FullScreenPokemon/src/components/constants/Pokemon.ts[9685, 24]: elements are not aligned
ERROR: (align) C:/Users/valmac/FullScreenPokemon/src/components/constants/Pokemon.ts[9688, 24]: elements are not aligned
ERROR: (align) C:/Users/valmac/FullScreenPokemon/src/components/constants/Pokemon.ts[9696, 24]: elements are not aligned
ERROR: (align) C:/Users/valmac/FullScreenPokemon/src/components/constants/Pokemon.ts[9699, 24]: elements are not aligned
ERROR: (align) C:/Users/valmac/FullScreenPokemon/src/components/constants/Pokemon.ts[9702, 24]: elements are not aligned
ERROR: (align) C:/Users/valmac/FullScreenPokemon/src/components/constants/Pokemon.ts[9705, 24]: elements are not aligned
ERROR: (align) C:/Users/valmac/FullScreenPokemon/src/components/constants/Pokemon.ts[9708, 24]: elements are not aligned
ERROR: (align) C:/Users/valmac/FullScreenPokemon/src/components/constants/Pokemon.ts[9711, 24]: elements are not aligned
ERROR: (align) C:/Users/valmac/FullScreenPokemon/src/components/constants/Pokemon.ts[9714, 24]: elements are not aligned
ERROR: (align) C:/Users/valmac/FullScreenPokemon/src/components/constants/Pokemon.ts[9717, 24]: elements are not aligned
ERROR: (align) C:/Users/valmac/FullScreenPokemon/src/components/constants/Pokemon.ts[9720, 24]: elements are not aligned
ERROR: (align) C:/Users/valmac/FullScreenPokemon/src/components/constants/Pokemon.ts[9723, 24]: elements are not aligned
ERROR: (align) C:/Users/valmac/FullScreenPokemon/src/components/constants/Pokemon.ts[9726, 24]: elements are not aligned
ERROR: (align) C:/Users/valmac/FullScreenPokemon/src/components/constants/Pokemon.ts[9729, 24]: elements are not aligned
ERROR: (align) C:/Users/valmac/FullScreenPokemon/src/components/constants/Pokemon.ts[9732, 24]: elements are not aligned
ERROR: (align) C:/Users/valmac/FullScreenPokemon/src/components/constants/Pokemon.ts[9735, 24]: elements are not aligned
ERROR: (align) C:/Users/valmac/FullScreenPokemon/src/components/constants/Pokemon.ts[9738, 24]: elements are not aligned
ERROR: (align) C:/Users/valmac/FullScreenPokemon/src/components/constants/Pokemon.ts[9746, 24]: elements are not aligned
ERROR: (align) C:/Users/valmac/FullScreenPokemon/src/components/constants/Pokemon.ts[9749, 24]: elements are not aligned
ERROR: (align) C:/Users/valmac/FullScreenPokemon/src/components/constants/Pokemon.ts[9752, 24]: elements are not aligned
ERROR: (align) C:/Users/valmac/FullScreenPokemon/src/components/constants/Pokemon.ts[9755, 24]: elements are not aligned
ERROR: (align) C:/Users/valmac/FullScreenPokemon/src/components/constants/Pokemon.ts[9758, 24]: elements are not aligned
ERROR: (align) C:/Users/valmac/FullScreenPokemon/src/components/constants/Pokemon.ts[9761, 24]: elements are not aligned
ERROR: (align) C:/Users/valmac/FullScreenPokemon/src/components/constants/Pokemon.ts[9764, 24]: elements are not aligned
ERROR: (align) C:/Users/valmac/FullScreenPokemon/src/components/constants/Pokemon.ts[9767, 24]: elements are not aligned
ERROR: (align) C:/Users/valmac/FullScreenPokemon/src/components/constants/Pokemon.ts[9770, 24]: elements are not aligned
ERROR: (align) C:/Users/valmac/FullScreenPokemon/src/components/constants/Pokemon.ts[9773, 24]: elements are not aligned
ERROR: (align) C:/Users/valmac/FullScreenPokemon/src/components/constants/Pokemon.ts[9776, 24]: elements are not aligned
ERROR: (align) C:/Users/valmac/FullScreenPokemon/src/components/constants/Pokemon.ts[9779, 24]: elements are not aligned
ERROR: (align) C:/Users/valmac/FullScreenPokemon/src/components/constants/Pokemon.ts[9782, 24]: elements are not aligned
ERROR: (align) C:/Users/valmac/FullScreenPokemon/src/components/constants/Pokemon.ts[9785, 24]: elements are not aligned
ERROR: (align) C:/Users/valmac/FullScreenPokemon/src/components/constants/Pokemon.ts[9788, 24]: elements are not aligned
ERROR: (align) C:/Users/valmac/FullScreenPokemon/src/components/constants/Pokemon.ts[9823, 24]: elements are not aligned
ERROR: (align) C:/Users/valmac/FullScreenPokemon/src/components/constants/Pokemon.ts[9826, 24]: elements are not aligned
ERROR: (align) C:/Users/valmac/FullScreenPokemon/src/components/constants/Pokemon.ts[9829, 24]: elements are not aligned
ERROR: (align) C:/Users/valmac/FullScreenPokemon/src/components/constants/Pokemon.ts[9832, 24]: elements are not aligned
ERROR: (align) C:/Users/valmac/FullScreenPokemon/src/components/constants/Pokemon.ts[9835, 24]: elements are not aligned
ERROR: (align) C:/Users/valmac/FullScreenPokemon/src/components/constants/Pokemon.ts[9838, 24]: elements are not aligned
ERROR: (align) C:/Users/valmac/FullScreenPokemon/src/components/constants/Pokemon.ts[9841, 24]: elements are not aligned
ERROR: (align) C:/Users/valmac/FullScreenPokemon/src/components/constants/Pokemon.ts[9844, 24]: elements are not aligned
ERROR: (align) C:/Users/valmac/FullScreenPokemon/src/components/constants/Pokemon.ts[9853, 24]: elements are not aligned
ERROR: (align) C:/Users/valmac/FullScreenPokemon/src/components/constants/Pokemon.ts[9856, 24]: elements are not aligned
ERROR: (align) C:/Users/valmac/FullScreenPokemon/src/components/constants/Pokemon.ts[9859, 24]: elements are not aligned
ERROR: (align) C:/Users/valmac/FullScreenPokemon/src/components/constants/Pokemon.ts[9862, 24]: elements are not aligned
ERROR: (align) C:/Users/valmac/FullScreenPokemon/src/components/constants/Pokemon.ts[9865, 24]: elements are not aligned
ERROR: (align) C:/Users/valmac/FullScreenPokemon/src/components/constants/Pokemon.ts[9868, 24]: elements are not aligned
ERROR: (align) C:/Users/valmac/FullScreenPokemon/src/components/constants/Pokemon.ts[9871, 24]: elements are not aligned
ERROR: (align) C:/Users/valmac/FullScreenPokemon/src/components/constants/Pokemon.ts[9874, 24]: elements are not aligned
ERROR: (align) C:/Users/valmac/FullScreenPokemon/src/components/constants/Pokemon.ts[9909, 24]: elements are not aligned
ERROR: (align) C:/Users/valmac/FullScreenPokemon/src/components/constants/Pokemon.ts[9912, 24]: elements are not aligned
ERROR: (align) C:/Users/valmac/FullScreenPokemon/src/components/constants/Pokemon.ts[9915, 24]: elements are not aligned
ERROR: (align) C:/Users/valmac/FullScreenPokemon/src/components/constants/Pokemon.ts[9918, 24]: elements are not aligned
ERROR: (align) C:/Users/valmac/FullScreenPokemon/src/components/constants/Pokemon.ts[9921, 24]: elements are not aligned
ERROR: (align) C:/Users/valmac/FullScreenPokemon/src/components/constants/Pokemon.ts[9924, 24]: elements are not aligned
ERROR: (align) C:/Users/valmac/FullScreenPokemon/src/components/constants/Pokemon.ts[9927, 24]: elements are not aligned
ERROR: (align) C:/Users/valmac/FullScreenPokemon/src/components/constants/Pokemon.ts[9930, 24]: elements are not aligned
ERROR: (align) C:/Users/valmac/FullScreenPokemon/src/components/constants/Pokemon.ts[9939, 24]: elements are not aligned
ERROR: (align) C:/Users/valmac/FullScreenPokemon/src/components/constants/Pokemon.ts[9942, 24]: elements are not aligned
ERROR: (align) C:/Users/valmac/FullScreenPokemon/src/components/constants/Pokemon.ts[9945, 24]: elements are not aligned
ERROR: (align) C:/Users/valmac/FullScreenPokemon/src/components/constants/Pokemon.ts[9948, 24]: elements are not aligned
ERROR: (align) C:/Users/valmac/FullScreenPokemon/src/components/constants/Pokemon.ts[9951, 24]: elements are not aligned
ERROR: (align) C:/Users/valmac/FullScreenPokemon/src/components/constants/Pokemon.ts[9954, 24]: elements are not aligned
ERROR: (align) C:/Users/valmac/FullScreenPokemon/src/components/constants/Pokemon.ts[9957, 24]: elements are not aligned
ERROR: (align) C:/Users/valmac/FullScreenPokemon/src/components/constants/Pokemon.ts[9960, 24]: elements are not aligned
ERROR: (align) C:/Users/valmac/FullScreenPokemon/src/components/constants/Pokemon.ts[9986, 24]: elements are not aligned
ERROR: (align) C:/Users/valmac/FullScreenPokemon/src/components/constants/Pokemon.ts[9989, 24]: elements are not aligned
ERROR: (align) C:/Users/valmac/FullScreenPokemon/src/components/constants/Pokemon.ts[9992, 24]: elements are not aligned
ERROR: (align) C:/Users/valmac/FullScreenPokemon/src/components/constants/Pokemon.ts[10000, 24]: elements are not aligned
ERROR: (align) C:/Users/valmac/FullScreenPokemon/src/components/constants/Pokemon.ts[10003, 24]: elements are not aligned
ERROR: (align) C:/Users/valmac/FullScreenPokemon/src/components/constants/Pokemon.ts[10006, 24]: elements are not aligned
ERROR: (align) C:/Users/valmac/FullScreenPokemon/src/components/constants/Pokemon.ts[10009, 24]: elements are not aligned
ERROR: (align) C:/Users/valmac/FullScreenPokemon/src/components/constants/Pokemon.ts[10012, 24]: elements are not aligned
ERROR: (align) C:/Users/valmac/FullScreenPokemon/src/components/constants/Pokemon.ts[10015, 24]: elements are not aligned
ERROR: (align) C:/Users/valmac/FullScreenPokemon/src/components/constants/Pokemon.ts[10018, 24]: elements are not aligned
ERROR: (align) C:/Users/valmac/FullScreenPokemon/src/components/constants/Pokemon.ts[10021, 24]: elements are not aligned
ERROR: (align) C:/Users/valmac/FullScreenPokemon/src/components/constants/Pokemon.ts[10024, 24]: elements are not aligned
ERROR: (align) C:/Users/valmac/FullScreenPokemon/src/components/constants/Pokemon.ts[10027, 24]: elements are not aligned
ERROR: (align) C:/Users/valmac/FullScreenPokemon/src/components/constants/Pokemon.ts[10030, 24]: elements are not aligned
ERROR: (align) C:/Users/valmac/FullScreenPokemon/src/components/constants/Pokemon.ts[10033, 24]: elements are not aligned
ERROR: (align) C:/Users/valmac/FullScreenPokemon/src/components/constants/Pokemon.ts[10036, 24]: elements are not aligned
ERROR: (align) C:/Users/valmac/FullScreenPokemon/src/components/constants/Pokemon.ts[10039, 24]: elements are not aligned
ERROR: (align) C:/Users/valmac/FullScreenPokemon/src/components/constants/Pokemon.ts[10042, 24]: elements are not aligned
ERROR: (align) C:/Users/valmac/FullScreenPokemon/src/components/constants/Pokemon.ts[10050, 24]: elements are not aligned
ERROR: (align) C:/Users/valmac/FullScreenPokemon/src/components/constants/Pokemon.ts[10053, 24]: elements are not aligned
ERROR: (align) C:/Users/valmac/FullScreenPokemon/src/components/constants/Pokemon.ts[10056, 24]: elements are not aligned
ERROR: (align) C:/Users/valmac/FullScreenPokemon/src/components/constants/Pokemon.ts[10059, 24]: elements are not aligned
ERROR: (align) C:/Users/valmac/FullScreenPokemon/src/components/constants/Pokemon.ts[10062, 24]: elements are not aligned
ERROR: (align) C:/Users/valmac/FullScreenPokemon/src/components/constants/Pokemon.ts[10065, 24]: elements are not aligned
ERROR: (align) C:/Users/valmac/FullScreenPokemon/src/components/constants/Pokemon.ts[10068, 24]: elements are not aligned
ERROR: (align) C:/Users/valmac/FullScreenPokemon/src/components/constants/Pokemon.ts[10071, 24]: elements are not aligned
ERROR: (align) C:/Users/valmac/FullScreenPokemon/src/components/constants/Pokemon.ts[10074, 24]: elements are not aligned
ERROR: (align) C:/Users/valmac/FullScreenPokemon/src/components/constants/Pokemon.ts[10077, 24]: elements are not aligned
ERROR: (align) C:/Users/valmac/FullScreenPokemon/src/components/constants/Pokemon.ts[10080, 24]: elements are not aligned
ERROR: (align) C:/Users/valmac/FullScreenPokemon/src/components/constants/Pokemon.ts[10083, 24]: elements are not aligned
ERROR: (align) C:/Users/valmac/FullScreenPokemon/src/components/constants/Pokemon.ts[10086, 24]: elements are not aligned
ERROR: (align) C:/Users/valmac/FullScreenPokemon/src/components/constants/Pokemon.ts[10089, 24]: elements are not aligned
ERROR: (align) C:/Users/valmac/FullScreenPokemon/src/components/constants/Pokemon.ts[10092, 24]: elements are not aligned
ERROR: (align) C:/Users/valmac/FullScreenPokemon/src/components/constants/Pokemon.ts[10127, 24]: elements are not aligned
ERROR: (align) C:/Users/valmac/FullScreenPokemon/src/components/constants/Pokemon.ts[10130, 24]: elements are not aligned
ERROR: (align) C:/Users/valmac/FullScreenPokemon/src/components/constants/Pokemon.ts[10133, 24]: elements are not aligned
ERROR: (align) C:/Users/valmac/FullScreenPokemon/src/components/constants/Pokemon.ts[10136, 24]: elements are not aligned
ERROR: (align) C:/Users/valmac/FullScreenPokemon/src/components/constants/Pokemon.ts[10139, 24]: elements are not aligned
ERROR: (align) C:/Users/valmac/FullScreenPokemon/src/components/constants/Pokemon.ts[10142, 24]: elements are not aligned
ERROR: (align) C:/Users/valmac/FullScreenPokemon/src/components/constants/Pokemon.ts[10151, 24]: elements are not aligned
ERROR: (align) C:/Users/valmac/FullScreenPokemon/src/components/constants/Pokemon.ts[10154, 24]: elements are not aligned
ERROR: (align) C:/Users/valmac/FullScreenPokemon/src/components/constants/Pokemon.ts[10157, 24]: elements are not aligned
ERROR: (align) C:/Users/valmac/FullScreenPokemon/src/components/constants/Pokemon.ts[10160, 24]: elements are not aligned
ERROR: (align) C:/Users/valmac/FullScreenPokemon/src/components/constants/Pokemon.ts[10163, 24]: elements are not aligned
ERROR: (align) C:/Users/valmac/FullScreenPokemon/src/components/constants/Pokemon.ts[10166, 24]: elements are not aligned
ERROR: (align) C:/Users/valmac/FullScreenPokemon/src/components/constants/Pokemon.ts[10169, 24]: elements are not aligned
ERROR: (align) C:/Users/valmac/FullScreenPokemon/src/components/constants/Pokemon.ts[10172, 24]: elements are not aligned
ERROR: (align) C:/Users/valmac/FullScreenPokemon/src/components/constants/Pokemon.ts[10175, 24]: elements are not aligned
ERROR: (align) C:/Users/valmac/FullScreenPokemon/src/components/constants/Pokemon.ts[10178, 24]: elements are not aligned
ERROR: (align) C:/Users/valmac/FullScreenPokemon/src/components/constants/Pokemon.ts[10181, 24]: elements are not aligned
ERROR: (align) C:/Users/valmac/FullScreenPokemon/src/components/constants/Pokemon.ts[10184, 24]: elements are not aligned
ERROR: (align) C:/Users/valmac/FullScreenPokemon/src/components/constants/Pokemon.ts[10219, 24]: elements are not aligned
ERROR: (align) C:/Users/valmac/FullScreenPokemon/src/components/constants/Pokemon.ts[10222, 24]: elements are not aligned
ERROR: (align) C:/Users/valmac/FullScreenPokemon/src/components/constants/Pokemon.ts[10225, 24]: elements are not aligned
ERROR: (align) C:/Users/valmac/FullScreenPokemon/src/components/constants/Pokemon.ts[10228, 24]: elements are not aligned
ERROR: (align) C:/Users/valmac/FullScreenPokemon/src/components/constants/Pokemon.ts[10231, 24]: elements are not aligned
ERROR: (align) C:/Users/valmac/FullScreenPokemon/src/components/constants/Pokemon.ts[10240, 24]: elements are not aligned
ERROR: (align) C:/Users/valmac/FullScreenPokemon/src/components/constants/Pokemon.ts[10243, 24]: elements are not aligned
ERROR: (align) C:/Users/valmac/FullScreenPokemon/src/components/constants/Pokemon.ts[10246, 24]: elements are not aligned
ERROR: (align) C:/Users/valmac/FullScreenPokemon/src/components/constants/Pokemon.ts[10249, 24]: elements are not aligned
ERROR: (align) C:/Users/valmac/FullScreenPokemon/src/components/constants/Pokemon.ts[10252, 24]: elements are not aligned
ERROR: (align) C:/Users/valmac/FullScreenPokemon/src/components/constants/Pokemon.ts[10255, 24]: elements are not aligned
ERROR: (align) C:/Users/valmac/FullScreenPokemon/src/components/constants/Pokemon.ts[10258, 24]: elements are not aligned
ERROR: (align) C:/Users/valmac/FullScreenPokemon/src/components/constants/Pokemon.ts[10261, 24]: elements are not aligned
ERROR: (align) C:/Users/valmac/FullScreenPokemon/src/components/constants/Pokemon.ts[10264, 24]: elements are not aligned
ERROR: (align) C:/Users/valmac/FullScreenPokemon/src/components/constants/Pokemon.ts[10267, 24]: elements are not aligned
ERROR: (align) C:/Users/valmac/FullScreenPokemon/src/components/constants/Pokemon.ts[10270, 24]: elements are not aligned
ERROR: (align) C:/Users/valmac/FullScreenPokemon/src/components/constants/Pokemon.ts[10273, 24]: elements are not aligned
ERROR: (align) C:/Users/valmac/FullScreenPokemon/src/components/constants/Pokemon.ts[10276, 24]: elements are not aligned
ERROR: (align) C:/Users/valmac/FullScreenPokemon/src/components/constants/Pokemon.ts[10279, 24]: elements are not aligned
ERROR: (align) C:/Users/valmac/FullScreenPokemon/src/components/constants/Pokemon.ts[10305, 24]: elements are not aligned
ERROR: (align) C:/Users/valmac/FullScreenPokemon/src/components/constants/Pokemon.ts[10308, 24]: elements are not aligned
ERROR: (align) C:/Users/valmac/FullScreenPokemon/src/components/constants/Pokemon.ts[10311, 24]: elements are not aligned
ERROR: (align) C:/Users/valmac/FullScreenPokemon/src/components/constants/Pokemon.ts[10314, 24]: elements are not aligned
ERROR: (align) C:/Users/valmac/FullScreenPokemon/src/components/constants/Pokemon.ts[10317, 24]: elements are not aligned
ERROR: (align) C:/Users/valmac/FullScreenPokemon/src/components/constants/Pokemon.ts[10320, 24]: elements are not aligned
ERROR: (align) C:/Users/valmac/FullScreenPokemon/src/components/constants/Pokemon.ts[10332, 24]: elements are not aligned
ERROR: (align) C:/Users/valmac/FullScreenPokemon/src/components/constants/Pokemon.ts[10335, 24]: elements are not aligned
ERROR: (align) C:/Users/valmac/FullScreenPokemon/src/components/constants/Pokemon.ts[10338, 24]: elements are not aligned
ERROR: (align) C:/Users/valmac/FullScreenPokemon/src/components/constants/Pokemon.ts[10341, 24]: elements are not aligned
ERROR: (align) C:/Users/valmac/FullScreenPokemon/src/components/constants/Pokemon.ts[10344, 24]: elements are not aligned
ERROR: (align) C:/Users/valmac/FullScreenPokemon/src/components/constants/Pokemon.ts[10347, 24]: elements are not aligned
ERROR: (align) C:/Users/valmac/FullScreenPokemon/src/components/constants/Pokemon.ts[10350, 24]: elements are not aligned
ERROR: (align) C:/Users/valmac/FullScreenPokemon/src/components/constants/Pokemon.ts[10353, 24]: elements are not aligned
ERROR: (align) C:/Users/valmac/FullScreenPokemon/src/components/constants/Pokemon.ts[10356, 24]: elements are not aligned
ERROR: (align) C:/Users/valmac/FullScreenPokemon/src/components/constants/Pokemon.ts[10359, 24]: elements are not aligned
ERROR: (align) C:/Users/valmac/FullScreenPokemon/src/components/constants/Pokemon.ts[10362, 24]: elements are not aligned
ERROR: (align) C:/Users/valmac/FullScreenPokemon/src/components/constants/Pokemon.ts[10365, 24]: elements are not aligned
ERROR: (align) C:/Users/valmac/FullScreenPokemon/src/components/constants/Pokemon.ts[10368, 24]: elements are not aligned
ERROR: (align) C:/Users/valmac/FullScreenPokemon/src/components/constants/Pokemon.ts[10371, 24]: elements are not aligned
ERROR: (align) C:/Users/valmac/FullScreenPokemon/src/components/constants/Pokemon.ts[10374, 24]: elements are not aligned
ERROR: (align) C:/Users/valmac/FullScreenPokemon/src/components/constants/Pokemon.ts[10377, 24]: elements are not aligned
ERROR: (align) C:/Users/valmac/FullScreenPokemon/src/components/constants/Pokemon.ts[10380, 24]: elements are not aligned
ERROR: (align) C:/Users/valmac/FullScreenPokemon/src/components/constants/Pokemon.ts[10383, 24]: elements are not aligned
ERROR: (align) C:/Users/valmac/FullScreenPokemon/src/components/constants/Pokemon.ts[10386, 24]: elements are not aligned
ERROR: (align) C:/Users/valmac/FullScreenPokemon/src/components/constants/Pokemon.ts[10412, 24]: elements are not aligned
ERROR: (align) C:/Users/valmac/FullScreenPokemon/src/components/constants/Pokemon.ts[10415, 24]: elements are not aligned
ERROR: (align) C:/Users/valmac/FullScreenPokemon/src/components/constants/Pokemon.ts[10418, 24]: elements are not aligned
ERROR: (align) C:/Users/valmac/FullScreenPokemon/src/components/constants/Pokemon.ts[10421, 24]: elements are not aligned
ERROR: (align) C:/Users/valmac/FullScreenPokemon/src/components/constants/Pokemon.ts[10424, 24]: elements are not aligned
ERROR: (align) C:/Users/valmac/FullScreenPokemon/src/components/constants/Pokemon.ts[10427, 24]: elements are not aligned
ERROR: (align) C:/Users/valmac/FullScreenPokemon/src/components/constants/Pokemon.ts[10436, 24]: elements are not aligned
ERROR: (align) C:/Users/valmac/FullScreenPokemon/src/components/constants/Pokemon.ts[10439, 24]: elements are not aligned
ERROR: (align) C:/Users/valmac/FullScreenPokemon/src/components/constants/Pokemon.ts[10442, 24]: elements are not aligned
ERROR: (align) C:/Users/valmac/FullScreenPokemon/src/components/constants/Pokemon.ts[10445, 24]: elements are not aligned
ERROR: (align) C:/Users/valmac/FullScreenPokemon/src/components/constants/Pokemon.ts[10448, 24]: elements are not aligned
ERROR: (align) C:/Users/valmac/FullScreenPokemon/src/components/constants/Pokemon.ts[10451, 24]: elements are not aligned
ERROR: (align) C:/Users/valmac/FullScreenPokemon/src/components/constants/Pokemon.ts[10454, 24]: elements are not aligned
ERROR: (align) C:/Users/valmac/FullScreenPokemon/src/components/constants/Pokemon.ts[10457, 24]: elements are not aligned
ERROR: (align) C:/Users/valmac/FullScreenPokemon/src/components/constants/Pokemon.ts[10460, 24]: elements are not aligned
ERROR: (align) C:/Users/valmac/FullScreenPokemon/src/components/constants/Pokemon.ts[10463, 24]: elements are not aligned
ERROR: (align) C:/Users/valmac/FullScreenPokemon/src/components/constants/Pokemon.ts[10466, 24]: elements are not aligned
ERROR: (align) C:/Users/valmac/FullScreenPokemon/src/components/constants/Pokemon.ts[10469, 24]: elements are not aligned
ERROR: (align) C:/Users/valmac/FullScreenPokemon/src/components/constants/Pokemon.ts[10472, 24]: elements are not aligned
ERROR: (align) C:/Users/valmac/FullScreenPokemon/src/components/constants/Pokemon.ts[10475, 24]: elements are not aligned
ERROR: (align) C:/Users/valmac/FullScreenPokemon/src/components/constants/Pokemon.ts[10478, 24]: elements are not aligned
ERROR: (align) C:/Users/valmac/FullScreenPokemon/src/components/constants/Pokemon.ts[10481, 24]: elements are not aligned
ERROR: (align) C:/Users/valmac/FullScreenPokemon/src/components/constants/Pokemon.ts[10516, 24]: elements are not aligned
ERROR: (align) C:/Users/valmac/FullScreenPokemon/src/components/constants/Pokemon.ts[10519, 24]: elements are not aligned
ERROR: (align) C:/Users/valmac/FullScreenPokemon/src/components/constants/Pokemon.ts[10522, 24]: elements are not aligned
ERROR: (align) C:/Users/valmac/FullScreenPokemon/src/components/constants/Pokemon.ts[10525, 24]: elements are not aligned
ERROR: (align) C:/Users/valmac/FullScreenPokemon/src/components/constants/Pokemon.ts[10528, 24]: elements are not aligned
ERROR: (align) C:/Users/valmac/FullScreenPokemon/src/components/constants/Pokemon.ts[10540, 24]: elements are not aligned
ERROR: (align) C:/Users/valmac/FullScreenPokemon/src/components/constants/Pokemon.ts[10543, 24]: elements are not aligned
ERROR: (align) C:/Users/valmac/FullScreenPokemon/src/components/constants/Pokemon.ts[10546, 24]: elements are not aligned
ERROR: (align) C:/Users/valmac/FullScreenPokemon/src/components/constants/Pokemon.ts[10549, 24]: elements are not aligned
ERROR: (align) C:/Users/valmac/FullScreenPokemon/src/components/constants/Pokemon.ts[10552, 24]: elements are not aligned
ERROR: (align) C:/Users/valmac/FullScreenPokemon/src/components/constants/Pokemon.ts[10555, 24]: elements are not aligned
ERROR: (align) C:/Users/valmac/FullScreenPokemon/src/components/constants/Pokemon.ts[10558, 24]: elements are not aligned
ERROR: (align) C:/Users/valmac/FullScreenPokemon/src/components/constants/Pokemon.ts[10561, 24]: elements are not aligned
ERROR: (align) C:/Users/valmac/FullScreenPokemon/src/components/constants/Pokemon.ts[10564, 24]: elements are not aligned
ERROR: (align) C:/Users/valmac/FullScreenPokemon/src/components/constants/Pokemon.ts[10567, 24]: elements are not aligned
ERROR: (align) C:/Users/valmac/FullScreenPokemon/src/components/constants/Pokemon.ts[10570, 24]: elements are not aligned
ERROR: (align) C:/Users/valmac/FullScreenPokemon/src/components/constants/Pokemon.ts[10573, 24]: elements are not aligned
ERROR: (align) C:/Users/valmac/FullScreenPokemon/src/components/constants/Pokemon.ts[10576, 24]: elements are not aligned
ERROR: (align) C:/Users/valmac/FullScreenPokemon/src/components/constants/Pokemon.ts[10579, 24]: elements are not aligned
ERROR: (align) C:/Users/valmac/FullScreenPokemon/src/components/constants/Pokemon.ts[10582, 24]: elements are not aligned
ERROR: (align) C:/Users/valmac/FullScreenPokemon/src/components/constants/Pokemon.ts[10608, 24]: elements are not aligned
ERROR: (align) C:/Users/valmac/FullScreenPokemon/src/components/constants/Pokemon.ts[10611, 24]: elements are not aligned
ERROR: (align) C:/Users/valmac/FullScreenPokemon/src/components/constants/Pokemon.ts[10614, 24]: elements are not aligned
ERROR: (align) C:/Users/valmac/FullScreenPokemon/src/components/constants/Pokemon.ts[10617, 24]: elements are not aligned
ERROR: (align) C:/Users/valmac/FullScreenPokemon/src/components/constants/Pokemon.ts[10620, 24]: elements are not aligned
ERROR: (align) C:/Users/valmac/FullScreenPokemon/src/components/constants/Pokemon.ts[10623, 24]: elements are not aligned
ERROR: (align) C:/Users/valmac/FullScreenPokemon/src/components/constants/Pokemon.ts[10626, 24]: elements are not aligned
ERROR: (align) C:/Users/valmac/FullScreenPokemon/src/components/constants/Pokemon.ts[10635, 24]: elements are not aligned
ERROR: (align) C:/Users/valmac/FullScreenPokemon/src/components/constants/Pokemon.ts[10638, 24]: elements are not aligned
ERROR: (align) C:/Users/valmac/FullScreenPokemon/src/components/constants/Pokemon.ts[10641, 24]: elements are not aligned
ERROR: (align) C:/Users/valmac/FullScreenPokemon/src/components/constants/Pokemon.ts[10644, 24]: elements are not aligned
ERROR: (align) C:/Users/valmac/FullScreenPokemon/src/components/constants/Pokemon.ts[10647, 24]: elements are not aligned
ERROR: (align) C:/Users/valmac/FullScreenPokemon/src/components/constants/Pokemon.ts[10650, 24]: elements are not aligned
ERROR: (align) C:/Users/valmac/FullScreenPokemon/src/components/constants/Pokemon.ts[10653, 24]: elements are not aligned
ERROR: (align) C:/Users/valmac/FullScreenPokemon/src/components/constants/Pokemon.ts[10656, 24]: elements are not aligned
ERROR: (align) C:/Users/valmac/FullScreenPokemon/src/components/constants/Pokemon.ts[10659, 24]: elements are not aligned
ERROR: (align) C:/Users/valmac/FullScreenPokemon/src/components/constants/Pokemon.ts[10662, 24]: elements are not aligned
ERROR: (align) C:/Users/valmac/FullScreenPokemon/src/components/constants/Pokemon.ts[10665, 24]: elements are not aligned
ERROR: (align) C:/Users/valmac/FullScreenPokemon/src/components/constants/Pokemon.ts[10668, 24]: elements are not aligned
ERROR: (align) C:/Users/valmac/FullScreenPokemon/src/components/constants/Pokemon.ts[10671, 24]: elements are not aligned
ERROR: (align) C:/Users/valmac/FullScreenPokemon/src/components/constants/Pokemon.ts[10674, 24]: elements are not aligned
ERROR: (align) C:/Users/valmac/FullScreenPokemon/src/components/constants/Pokemon.ts[10677, 24]: elements are not aligned
ERROR: (align) C:/Users/valmac/FullScreenPokemon/src/components/constants/Pokemon.ts[10680, 24]: elements are not aligned
ERROR: (align) C:/Users/valmac/FullScreenPokemon/src/components/constants/Pokemon.ts[10706, 24]: elements are not aligned
ERROR: (align) C:/Users/valmac/FullScreenPokemon/src/components/constants/Pokemon.ts[10709, 24]: elements are not aligned
ERROR: (align) C:/Users/valmac/FullScreenPokemon/src/components/constants/Pokemon.ts[10712, 24]: elements are not aligned
ERROR: (align) C:/Users/valmac/FullScreenPokemon/src/components/constants/Pokemon.ts[10715, 24]: elements are not aligned
ERROR: (align) C:/Users/valmac/FullScreenPokemon/src/components/constants/Pokemon.ts[10718, 24]: elements are not aligned
ERROR: (align) C:/Users/valmac/FullScreenPokemon/src/components/constants/Pokemon.ts[10721, 24]: elements are not aligned
ERROR: (align) C:/Users/valmac/FullScreenPokemon/src/components/constants/Pokemon.ts[10724, 24]: elements are not aligned
ERROR: (align) C:/Users/valmac/FullScreenPokemon/src/components/constants/Pokemon.ts[10727, 24]: elements are not aligned
ERROR: (align) C:/Users/valmac/FullScreenPokemon/src/components/constants/Pokemon.ts[10735, 24]: elements are not aligned
ERROR: (align) C:/Users/valmac/FullScreenPokemon/src/components/constants/Pokemon.ts[10738, 24]: elements are not aligned
ERROR: (align) C:/Users/valmac/FullScreenPokemon/src/components/constants/Pokemon.ts[10741, 24]: elements are not aligned
ERROR: (align) C:/Users/valmac/FullScreenPokemon/src/components/constants/Pokemon.ts[10744, 24]: elements are not aligned
ERROR: (align) C:/Users/valmac/FullScreenPokemon/src/components/constants/Pokemon.ts[10747, 24]: elements are not aligned
ERROR: (align) C:/Users/valmac/FullScreenPokemon/src/components/constants/Pokemon.ts[10750, 24]: elements are not aligned
ERROR: (align) C:/Users/valmac/FullScreenPokemon/src/components/constants/Pokemon.ts[10753, 24]: elements are not aligned
ERROR: (align) C:/Users/valmac/FullScreenPokemon/src/components/constants/Pokemon.ts[10756, 24]: elements are not aligned
ERROR: (align) C:/Users/valmac/FullScreenPokemon/src/components/constants/Pokemon.ts[10759, 24]: elements are not aligned
ERROR: (align) C:/Users/valmac/FullScreenPokemon/src/components/constants/Pokemon.ts[10762, 24]: elements are not aligned
ERROR: (align) C:/Users/valmac/FullScreenPokemon/src/components/constants/Pokemon.ts[10765, 24]: elements are not aligned
ERROR: (align) C:/Users/valmac/FullScreenPokemon/src/components/constants/Pokemon.ts[10768, 24]: elements are not aligned
ERROR: (align) C:/Users/valmac/FullScreenPokemon/src/components/constants/Pokemon.ts[10771, 24]: elements are not aligned
ERROR: (align) C:/Users/valmac/FullScreenPokemon/src/components/constants/Pokemon.ts[10774, 24]: elements are not aligned
ERROR: (align) C:/Users/valmac/FullScreenPokemon/src/components/constants/Pokemon.ts[10777, 24]: elements are not aligned
ERROR: (align) C:/Users/valmac/FullScreenPokemon/src/components/constants/Pokemon.ts[10780, 24]: elements are not aligned
ERROR: (align) C:/Users/valmac/FullScreenPokemon/src/components/constants/Pokemon.ts[10783, 24]: elements are not aligned
ERROR: (align) C:/Users/valmac/FullScreenPokemon/src/components/constants/Pokemon.ts[10791, 24]: elements are not aligned
ERROR: (align) C:/Users/valmac/FullScreenPokemon/src/components/constants/Pokemon.ts[10794, 24]: elements are not aligned
ERROR: (align) C:/Users/valmac/FullScreenPokemon/src/components/constants/Pokemon.ts[10797, 24]: elements are not aligned
ERROR: (align) C:/Users/valmac/FullScreenPokemon/src/components/constants/Pokemon.ts[10800, 24]: elements are not aligned
ERROR: (align) C:/Users/valmac/FullScreenPokemon/src/components/constants/Pokemon.ts[10803, 24]: elements are not aligned
ERROR: (align) C:/Users/valmac/FullScreenPokemon/src/components/constants/Pokemon.ts[10806, 24]: elements are not aligned
ERROR: (align) C:/Users/valmac/FullScreenPokemon/src/components/constants/Pokemon.ts[10809, 24]: elements are not aligned
ERROR: (align) C:/Users/valmac/FullScreenPokemon/src/components/constants/Pokemon.ts[10812, 24]: elements are not aligned
ERROR: (align) C:/Users/valmac/FullScreenPokemon/src/components/constants/Pokemon.ts[10838, 24]: elements are not aligned
ERROR: (align) C:/Users/valmac/FullScreenPokemon/src/components/constants/Pokemon.ts[10841, 24]: elements are not aligned
ERROR: (align) C:/Users/valmac/FullScreenPokemon/src/components/constants/Pokemon.ts[10844, 24]: elements are not aligned
ERROR: (align) C:/Users/valmac/FullScreenPokemon/src/components/constants/Pokemon.ts[10847, 24]: elements are not aligned
ERROR: (align) C:/Users/valmac/FullScreenPokemon/src/components/constants/Pokemon.ts[10850, 24]: elements are not aligned
ERROR: (align) C:/Users/valmac/FullScreenPokemon/src/components/constants/Pokemon.ts[10853, 24]: elements are not aligned
ERROR: (align) C:/Users/valmac/FullScreenPokemon/src/components/constants/Pokemon.ts[10856, 24]: elements are not aligned
ERROR: (align) C:/Users/valmac/FullScreenPokemon/src/components/constants/Pokemon.ts[10859, 24]: elements are not aligned
ERROR: (align) C:/Users/valmac/FullScreenPokemon/src/components/constants/Pokemon.ts[10868, 24]: elements are not aligned
ERROR: (align) C:/Users/valmac/FullScreenPokemon/src/components/constants/Pokemon.ts[10871, 24]: elements are not aligned
ERROR: (align) C:/Users/valmac/FullScreenPokemon/src/components/constants/Pokemon.ts[10874, 24]: elements are not aligned
ERROR: (align) C:/Users/valmac/FullScreenPokemon/src/components/constants/Pokemon.ts[10877, 24]: elements are not aligned
ERROR: (align) C:/Users/valmac/FullScreenPokemon/src/components/constants/Pokemon.ts[10880, 24]: elements are not aligned
ERROR: (align) C:/Users/valmac/FullScreenPokemon/src/components/constants/Pokemon.ts[10883, 24]: elements are not aligned
ERROR: (align) C:/Users/valmac/FullScreenPokemon/src/components/constants/Pokemon.ts[10886, 24]: elements are not aligned
ERROR: (align) C:/Users/valmac/FullScreenPokemon/src/components/constants/Pokemon.ts[10889, 24]: elements are not aligned
ERROR: (align) C:/Users/valmac/FullScreenPokemon/src/components/constants/Pokemon.ts[10892, 24]: elements are not aligned
ERROR: (align) C:/Users/valmac/FullScreenPokemon/src/components/constants/Pokemon.ts[10895, 24]: elements are not aligned
ERROR: (align) C:/Users/valmac/FullScreenPokemon/src/components/constants/Pokemon.ts[10898, 24]: elements are not aligned
ERROR: (align) C:/Users/valmac/FullScreenPokemon/src/components/constants/Pokemon.ts[10901, 24]: elements are not aligned
ERROR: (align) C:/Users/valmac/FullScreenPokemon/src/components/constants/Pokemon.ts[10904, 24]: elements are not aligned
ERROR: (align) C:/Users/valmac/FullScreenPokemon/src/components/constants/Pokemon.ts[10907, 24]: elements are not aligned
ERROR: (align) C:/Users/valmac/FullScreenPokemon/src/components/constants/Pokemon.ts[10942, 24]: elements are not aligned
ERROR: (align) C:/Users/valmac/FullScreenPokemon/src/components/constants/Pokemon.ts[10945, 24]: elements are not aligned
ERROR: (align) C:/Users/valmac/FullScreenPokemon/src/components/constants/Pokemon.ts[10948, 24]: elements are not aligned
ERROR: (align) C:/Users/valmac/FullScreenPokemon/src/components/constants/Pokemon.ts[10951, 24]: elements are not aligned
ERROR: (align) C:/Users/valmac/FullScreenPokemon/src/components/constants/Pokemon.ts[10954, 24]: elements are not aligned
ERROR: (align) C:/Users/valmac/FullScreenPokemon/src/components/constants/Pokemon.ts[10957, 24]: elements are not aligned
ERROR: (align) C:/Users/valmac/FullScreenPokemon/src/components/constants/Pokemon.ts[10960, 24]: elements are not aligned
ERROR: (align) C:/Users/valmac/FullScreenPokemon/src/components/constants/Pokemon.ts[10972, 24]: elements are not aligned
ERROR: (align) C:/Users/valmac/FullScreenPokemon/src/components/constants/Pokemon.ts[10975, 24]: elements are not aligned
ERROR: (align) C:/Users/valmac/FullScreenPokemon/src/components/constants/Pokemon.ts[10978, 24]: elements are not aligned
ERROR: (align) C:/Users/valmac/FullScreenPokemon/src/components/constants/Pokemon.ts[10981, 24]: elements are not aligned
ERROR: (align) C:/Users/valmac/FullScreenPokemon/src/components/constants/Pokemon.ts[10984, 24]: elements are not aligned
ERROR: (align) C:/Users/valmac/FullScreenPokemon/src/components/constants/Pokemon.ts[10987, 24]: elements are not aligned
ERROR: (align) C:/Users/valmac/FullScreenPokemon/src/components/constants/Pokemon.ts[10990, 24]: elements are not aligned
ERROR: (align) C:/Users/valmac/FullScreenPokemon/src/components/constants/Pokemon.ts[10993, 24]: elements are not aligned
ERROR: (align) C:/Users/valmac/FullScreenPokemon/src/components/constants/Pokemon.ts[10996, 24]: elements are not aligned
ERROR: (align) C:/Users/valmac/FullScreenPokemon/src/components/constants/Pokemon.ts[10999, 24]: elements are not aligned
ERROR: (align) C:/Users/valmac/FullScreenPokemon/src/components/constants/Pokemon.ts[11002, 24]: elements are not aligned
ERROR: (align) C:/Users/valmac/FullScreenPokemon/src/components/constants/Pokemon.ts[11005, 24]: elements are not aligned
ERROR: (align) C:/Users/valmac/FullScreenPokemon/src/components/constants/Pokemon.ts[11008, 24]: elements are not aligned
ERROR: (align) C:/Users/valmac/FullScreenPokemon/src/components/constants/Pokemon.ts[11043, 24]: elements are not aligned
ERROR: (align) C:/Users/valmac/FullScreenPokemon/src/components/constants/Pokemon.ts[11046, 24]: elements are not aligned
ERROR: (align) C:/Users/valmac/FullScreenPokemon/src/components/constants/Pokemon.ts[11049, 24]: elements are not aligned
ERROR: (align) C:/Users/valmac/FullScreenPokemon/src/components/constants/Pokemon.ts[11052, 24]: elements are not aligned
ERROR: (align) C:/Users/valmac/FullScreenPokemon/src/components/constants/Pokemon.ts[11055, 24]: elements are not aligned
ERROR: (align) C:/Users/valmac/FullScreenPokemon/src/components/constants/Pokemon.ts[11058, 24]: elements are not aligned
ERROR: (align) C:/Users/valmac/FullScreenPokemon/src/components/constants/Pokemon.ts[11070, 24]: elements are not aligned
ERROR: (align) C:/Users/valmac/FullScreenPokemon/src/components/constants/Pokemon.ts[11073, 24]: elements are not aligned
ERROR: (align) C:/Users/valmac/FullScreenPokemon/src/components/constants/Pokemon.ts[11076, 24]: elements are not aligned
ERROR: (align) C:/Users/valmac/FullScreenPokemon/src/components/constants/Pokemon.ts[11079, 24]: elements are not aligned
ERROR: (align) C:/Users/valmac/FullScreenPokemon/src/components/constants/Pokemon.ts[11082, 24]: elements are not aligned
ERROR: (align) C:/Users/valmac/FullScreenPokemon/src/components/constants/Pokemon.ts[11085, 24]: elements are not aligned
ERROR: (align) C:/Users/valmac/FullScreenPokemon/src/components/constants/Pokemon.ts[11088, 24]: elements are not aligned
ERROR: (align) C:/Users/valmac/FullScreenPokemon/src/components/constants/Pokemon.ts[11091, 24]: elements are not aligned
ERROR: (align) C:/Users/valmac/FullScreenPokemon/src/components/constants/Pokemon.ts[11094, 24]: elements are not aligned
ERROR: (align) C:/Users/valmac/FullScreenPokemon/src/components/constants/Pokemon.ts[11097, 24]: elements are not aligned
ERROR: (align) C:/Users/valmac/FullScreenPokemon/src/components/constants/Pokemon.ts[11100, 24]: elements are not aligned
ERROR: (align) C:/Users/valmac/FullScreenPokemon/src/components/constants/Pokemon.ts[11103, 24]: elements are not aligned
ERROR: (align) C:/Users/valmac/FullScreenPokemon/src/components/constants/Pokemon.ts[11106, 24]: elements are not aligned
ERROR: (align) C:/Users/valmac/FullScreenPokemon/src/components/constants/Pokemon.ts[11141, 24]: elements are not aligned
ERROR: (align) C:/Users/valmac/FullScreenPokemon/src/components/constants/Pokemon.ts[11144, 24]: elements are not aligned
ERROR: (align) C:/Users/valmac/FullScreenPokemon/src/components/constants/Pokemon.ts[11147, 24]: elements are not aligned
ERROR: (align) C:/Users/valmac/FullScreenPokemon/src/components/constants/Pokemon.ts[11150, 24]: elements are not aligned
ERROR: (align) C:/Users/valmac/FullScreenPokemon/src/components/constants/Pokemon.ts[11153, 24]: elements are not aligned
ERROR: (align) C:/Users/valmac/FullScreenPokemon/src/components/constants/Pokemon.ts[11156, 24]: elements are not aligned
ERROR: (align) C:/Users/valmac/FullScreenPokemon/src/components/constants/Pokemon.ts[11165, 24]: elements are not aligned
ERROR: (align) C:/Users/valmac/FullScreenPokemon/src/components/constants/Pokemon.ts[11168, 24]: elements are not aligned
ERROR: (align) C:/Users/valmac/FullScreenPokemon/src/components/constants/Pokemon.ts[11171, 24]: elements are not aligned
ERROR: (align) C:/Users/valmac/FullScreenPokemon/src/components/constants/Pokemon.ts[11174, 24]: elements are not aligned
ERROR: (align) C:/Users/valmac/FullScreenPokemon/src/components/constants/Pokemon.ts[11177, 24]: elements are not aligned
ERROR: (align) C:/Users/valmac/FullScreenPokemon/src/components/constants/Pokemon.ts[11180, 24]: elements are not aligned
ERROR: (align) C:/Users/valmac/FullScreenPokemon/src/components/constants/Pokemon.ts[11183, 24]: elements are not aligned
ERROR: (align) C:/Users/valmac/FullScreenPokemon/src/components/constants/Pokemon.ts[11186, 24]: elements are not aligned
ERROR: (align) C:/Users/valmac/FullScreenPokemon/src/components/constants/Pokemon.ts[11189, 24]: elements are not aligned
ERROR: (align) C:/Users/valmac/FullScreenPokemon/src/components/constants/Pokemon.ts[11192, 24]: elements are not aligned
ERROR: (align) C:/Users/valmac/FullScreenPokemon/src/components/constants/Pokemon.ts[11195, 24]: elements are not aligned
ERROR: (align) C:/Users/valmac/FullScreenPokemon/src/components/constants/Pokemon.ts[11198, 24]: elements are not aligned
ERROR: (align) C:/Users/valmac/FullScreenPokemon/src/components/constants/Pokemon.ts[11201, 24]: elements are not aligned
ERROR: (align) C:/Users/valmac/FullScreenPokemon/src/components/constants/Pokemon.ts[11204, 24]: elements are not aligned
ERROR: (align) C:/Users/valmac/FullScreenPokemon/src/components/constants/Pokemon.ts[11207, 24]: elements are not aligned
ERROR: (align) C:/Users/valmac/FullScreenPokemon/src/components/constants/Pokemon.ts[11210, 24]: elements are not aligned
ERROR: (align) C:/Users/valmac/FullScreenPokemon/src/components/constants/Pokemon.ts[11213, 24]: elements are not aligned
ERROR: (align) C:/Users/valmac/FullScreenPokemon/src/components/constants/Pokemon.ts[11216, 24]: elements are not aligned
ERROR: (align) C:/Users/valmac/FullScreenPokemon/src/components/constants/Pokemon.ts[11219, 24]: elements are not aligned
ERROR: (align) C:/Users/valmac/FullScreenPokemon/src/components/constants/Pokemon.ts[11222, 24]: elements are not aligned
ERROR: (align) C:/Users/valmac/FullScreenPokemon/src/components/constants/Pokemon.ts[11248, 24]: elements are not aligned
ERROR: (align) C:/Users/valmac/FullScreenPokemon/src/components/constants/Pokemon.ts[11251, 24]: elements are not aligned
ERROR: (align) C:/Users/valmac/FullScreenPokemon/src/components/constants/Pokemon.ts[11254, 24]: elements are not aligned
ERROR: (align) C:/Users/valmac/FullScreenPokemon/src/components/constants/Pokemon.ts[11257, 24]: elements are not aligned
ERROR: (align) C:/Users/valmac/FullScreenPokemon/src/components/constants/Pokemon.ts[11260, 24]: elements are not aligned
ERROR: (align) C:/Users/valmac/FullScreenPokemon/src/components/constants/Pokemon.ts[11263, 24]: elements are not aligned
ERROR: (align) C:/Users/valmac/FullScreenPokemon/src/components/constants/Pokemon.ts[11271, 24]: elements are not aligned
ERROR: (align) C:/Users/valmac/FullScreenPokemon/src/components/constants/Pokemon.ts[11279, 24]: elements are not aligned
ERROR: (align) C:/Users/valmac/FullScreenPokemon/src/components/constants/Pokemon.ts[11282, 24]: elements are not aligned
ERROR: (align) C:/Users/valmac/FullScreenPokemon/src/components/constants/Pokemon.ts[11285, 24]: elements are not aligned
ERROR: (align) C:/Users/valmac/FullScreenPokemon/src/components/constants/Pokemon.ts[11288, 24]: elements are not aligned
ERROR: (align) C:/Users/valmac/FullScreenPokemon/src/components/constants/Pokemon.ts[11291, 24]: elements are not aligned
ERROR: (align) C:/Users/valmac/FullScreenPokemon/src/components/constants/Pokemon.ts[11294, 24]: elements are not aligned
ERROR: (align) C:/Users/valmac/FullScreenPokemon/src/components/constants/Pokemon.ts[11297, 24]: elements are not aligned
ERROR: (align) C:/Users/valmac/FullScreenPokemon/src/components/constants/Pokemon.ts[11300, 24]: elements are not aligned
ERROR: (align) C:/Users/valmac/FullScreenPokemon/src/components/constants/Pokemon.ts[11303, 24]: elements are not aligned
ERROR: (align) C:/Users/valmac/FullScreenPokemon/src/components/constants/Pokemon.ts[11306, 24]: elements are not aligned
ERROR: (align) C:/Users/valmac/FullScreenPokemon/src/components/constants/Pokemon.ts[11309, 24]: elements are not aligned
ERROR: (align) C:/Users/valmac/FullScreenPokemon/src/components/constants/Pokemon.ts[11312, 24]: elements are not aligned
ERROR: (align) C:/Users/valmac/FullScreenPokemon/src/components/constants/Pokemon.ts[11315, 24]: elements are not aligned
ERROR: (align) C:/Users/valmac/FullScreenPokemon/src/components/constants/Pokemon.ts[11350, 24]: elements are not aligned
ERROR: (align) C:/Users/valmac/FullScreenPokemon/src/components/constants/Pokemon.ts[11353, 24]: elements are not aligned
ERROR: (align) C:/Users/valmac/FullScreenPokemon/src/components/constants/Pokemon.ts[11356, 24]: elements are not aligned
ERROR: (align) C:/Users/valmac/FullScreenPokemon/src/components/constants/Pokemon.ts[11359, 24]: elements are not aligned
ERROR: (align) C:/Users/valmac/FullScreenPokemon/src/components/constants/Pokemon.ts[11362, 24]: elements are not aligned
ERROR: (align) C:/Users/valmac/FullScreenPokemon/src/components/constants/Pokemon.ts[11365, 24]: elements are not aligned
ERROR: (align) C:/Users/valmac/FullScreenPokemon/src/components/constants/Pokemon.ts[11374, 24]: elements are not aligned
ERROR: (align) C:/Users/valmac/FullScreenPokemon/src/components/constants/Pokemon.ts[11377, 24]: elements are not aligned
ERROR: (align) C:/Users/valmac/FullScreenPokemon/src/components/constants/Pokemon.ts[11380, 24]: elements are not aligned
ERROR: (align) C:/Users/valmac/FullScreenPokemon/src/components/constants/Pokemon.ts[11383, 24]: elements are not aligned
ERROR: (align) C:/Users/valmac/FullScreenPokemon/src/components/constants/Pokemon.ts[11386, 24]: elements are not aligned
ERROR: (align) C:/Users/valmac/FullScreenPokemon/src/components/constants/Pokemon.ts[11389, 24]: elements are not aligned
ERROR: (align) C:/Users/valmac/FullScreenPokemon/src/components/constants/Pokemon.ts[11392, 24]: elements are not aligned
ERROR: (align) C:/Users/valmac/FullScreenPokemon/src/components/constants/Pokemon.ts[11395, 24]: elements are not aligned
ERROR: (align) C:/Users/valmac/FullScreenPokemon/src/components/constants/Pokemon.ts[11398, 24]: elements are not aligned
ERROR: (align) C:/Users/valmac/FullScreenPokemon/src/components/constants/Pokemon.ts[11401, 24]: elements are not aligned
ERROR: (align) C:/Users/valmac/FullScreenPokemon/src/components/constants/Pokemon.ts[11404, 24]: elements are not aligned
ERROR: (align) C:/Users/valmac/FullScreenPokemon/src/components/constants/Pokemon.ts[11407, 24]: elements are not aligned
ERROR: (align) C:/Users/valmac/FullScreenPokemon/src/components/constants/Pokemon.ts[11410, 24]: elements are not aligned
ERROR: (align) C:/Users/valmac/FullScreenPokemon/src/components/constants/Pokemon.ts[11413, 24]: elements are not aligned
ERROR: (align) C:/Users/valmac/FullScreenPokemon/src/components/constants/Pokemon.ts[11416, 24]: elements are not aligned
ERROR: (align) C:/Users/valmac/FullScreenPokemon/src/components/constants/Pokemon.ts[11419, 24]: elements are not aligned
ERROR: (align) C:/Users/valmac/FullScreenPokemon/src/components/constants/Pokemon.ts[11454, 24]: elements are not aligned
ERROR: (align) C:/Users/valmac/FullScreenPokemon/src/components/constants/Pokemon.ts[11457, 24]: elements are not aligned
ERROR: (align) C:/Users/valmac/FullScreenPokemon/src/components/constants/Pokemon.ts[11460, 24]: elements are not aligned
ERROR: (align) C:/Users/valmac/FullScreenPokemon/src/components/constants/Pokemon.ts[11463, 24]: elements are not aligned
ERROR: (align) C:/Users/valmac/FullScreenPokemon/src/components/constants/Pokemon.ts[11466, 24]: elements are not aligned
ERROR: (align) C:/Users/valmac/FullScreenPokemon/src/components/constants/Pokemon.ts[11469, 24]: elements are not aligned
ERROR: (align) C:/Users/valmac/FullScreenPokemon/src/components/constants/Pokemon.ts[11472, 24]: elements are not aligned
ERROR: (align) C:/Users/valmac/FullScreenPokemon/src/components/constants/Pokemon.ts[11475, 24]: elements are not aligned
ERROR: (align) C:/Users/valmac/FullScreenPokemon/src/components/constants/Pokemon.ts[11483, 24]: elements are not aligned
ERROR: (align) C:/Users/valmac/FullScreenPokemon/src/components/constants/Pokemon.ts[11491, 24]: elements are not aligned
ERROR: (align) C:/Users/valmac/FullScreenPokemon/src/components/constants/Pokemon.ts[11494, 24]: elements are not aligned
ERROR: (align) C:/Users/valmac/FullScreenPokemon/src/components/constants/Pokemon.ts[11497, 24]: elements are not aligned
ERROR: (align) C:/Users/valmac/FullScreenPokemon/src/components/constants/Pokemon.ts[11500, 24]: elements are not aligned
ERROR: (align) C:/Users/valmac/FullScreenPokemon/src/components/constants/Pokemon.ts[11503, 24]: elements are not aligned
ERROR: (align) C:/Users/valmac/FullScreenPokemon/src/components/constants/Pokemon.ts[11506, 24]: elements are not aligned
ERROR: (align) C:/Users/valmac/FullScreenPokemon/src/components/constants/Pokemon.ts[11509, 24]: elements are not aligned
ERROR: (align) C:/Users/valmac/FullScreenPokemon/src/components/constants/Pokemon.ts[11512, 24]: elements are not aligned
ERROR: (align) C:/Users/valmac/FullScreenPokemon/src/components/constants/Pokemon.ts[11515, 24]: elements are not aligned
ERROR: (align) C:/Users/valmac/FullScreenPokemon/src/components/constants/Pokemon.ts[11518, 24]: elements are not aligned
ERROR: (align) C:/Users/valmac/FullScreenPokemon/src/components/constants/Pokemon.ts[11521, 24]: elements are not aligned
ERROR: (align) C:/Users/valmac/FullScreenPokemon/src/components/constants/Pokemon.ts[11524, 24]: elements are not aligned
ERROR: (align) C:/Users/valmac/FullScreenPokemon/src/components/constants/Pokemon.ts[11527, 24]: elements are not aligned
ERROR: (align) C:/Users/valmac/FullScreenPokemon/src/components/constants/Pokemon.ts[11530, 24]: elements are not aligned
ERROR: (align) C:/Users/valmac/FullScreenPokemon/src/components/constants/Pokemon.ts[11533, 24]: elements are not aligned
ERROR: (align) C:/Users/valmac/FullScreenPokemon/src/components/constants/Pokemon.ts[11536, 24]: elements are not aligned
ERROR: (align) C:/Users/valmac/FullScreenPokemon/src/components/constants/Pokemon.ts[11539, 24]: elements are not aligned
ERROR: (align) C:/Users/valmac/FullScreenPokemon/src/components/constants/Pokemon.ts[11542, 24]: elements are not aligned
ERROR: (align) C:/Users/valmac/FullScreenPokemon/src/components/constants/Pokemon.ts[11545, 24]: elements are not aligned
ERROR: (align) C:/Users/valmac/FullScreenPokemon/src/components/constants/Pokemon.ts[11548, 24]: elements are not aligned
ERROR: (align) C:/Users/valmac/FullScreenPokemon/src/components/constants/Pokemon.ts[11551, 24]: elements are not aligned
ERROR: (align) C:/Users/valmac/FullScreenPokemon/src/components/constants/Pokemon.ts[11554, 24]: elements are not aligned
ERROR: (align) C:/Users/valmac/FullScreenPokemon/src/components/constants/Pokemon.ts[11557, 24]: elements are not aligned
ERROR: (align) C:/Users/valmac/FullScreenPokemon/src/components/constants/Pokemon.ts[11560, 24]: elements are not aligned
ERROR: (align) C:/Users/valmac/FullScreenPokemon/src/components/constants/Pokemon.ts[11586, 24]: elements are not aligned
ERROR: (align) C:/Users/valmac/FullScreenPokemon/src/components/constants/Pokemon.ts[11589, 24]: elements are not aligned
ERROR: (align) C:/Users/valmac/FullScreenPokemon/src/components/constants/Pokemon.ts[11592, 24]: elements are not aligned
ERROR: (align) C:/Users/valmac/FullScreenPokemon/src/components/constants/Pokemon.ts[11595, 24]: elements are not aligned
ERROR: (align) C:/Users/valmac/FullScreenPokemon/src/components/constants/Pokemon.ts[11598, 24]: elements are not aligned
ERROR: (align) C:/Users/valmac/FullScreenPokemon/src/components/constants/Pokemon.ts[11607, 24]: elements are not aligned
ERROR: (align) C:/Users/valmac/FullScreenPokemon/src/components/constants/Pokemon.ts[11642, 24]: elements are not aligned
ERROR: (align) C:/Users/valmac/FullScreenPokemon/src/components/constants/Pokemon.ts[11645, 24]: elements are not aligned
ERROR: (align) C:/Users/valmac/FullScreenPokemon/src/components/constants/Pokemon.ts[11648, 24]: elements are not aligned
ERROR: (align) C:/Users/valmac/FullScreenPokemon/src/components/constants/Pokemon.ts[11651, 24]: elements are not aligned
ERROR: (align) C:/Users/valmac/FullScreenPokemon/src/components/constants/Pokemon.ts[11654, 24]: elements are not aligned
ERROR: (align) C:/Users/valmac/FullScreenPokemon/src/components/constants/Pokemon.ts[11657, 24]: elements are not aligned
ERROR: (align) C:/Users/valmac/FullScreenPokemon/src/components/constants/Pokemon.ts[11665, 24]: elements are not aligned
ERROR: (align) C:/Users/valmac/FullScreenPokemon/src/components/constants/Pokemon.ts[11668, 24]: elements are not aligned
ERROR: (align) C:/Users/valmac/FullScreenPokemon/src/components/constants/Pokemon.ts[11671, 24]: elements are not aligned
ERROR: (align) C:/Users/valmac/FullScreenPokemon/src/components/constants/Pokemon.ts[11674, 24]: elements are not aligned
ERROR: (align) C:/Users/valmac/FullScreenPokemon/src/components/constants/Pokemon.ts[11677, 24]: elements are not aligned
ERROR: (align) C:/Users/valmac/FullScreenPokemon/src/components/constants/Pokemon.ts[11680, 24]: elements are not aligned
ERROR: (align) C:/Users/valmac/FullScreenPokemon/src/components/constants/Pokemon.ts[11683, 24]: elements are not aligned
ERROR: (align) C:/Users/valmac/FullScreenPokemon/src/components/constants/Pokemon.ts[11686, 24]: elements are not aligned
ERROR: (align) C:/Users/valmac/FullScreenPokemon/src/components/constants/Pokemon.ts[11689, 24]: elements are not aligned
ERROR: (align) C:/Users/valmac/FullScreenPokemon/src/components/constants/Pokemon.ts[11692, 24]: elements are not aligned
ERROR: (align) C:/Users/valmac/FullScreenPokemon/src/components/constants/Pokemon.ts[11695, 24]: elements are not aligned
ERROR: (align) C:/Users/valmac/FullScreenPokemon/src/components/constants/Pokemon.ts[11698, 24]: elements are not aligned
ERROR: (align) C:/Users/valmac/FullScreenPokemon/src/components/constants/Pokemon.ts[11701, 24]: elements are not aligned
ERROR: (align) C:/Users/valmac/FullScreenPokemon/src/components/constants/Pokemon.ts[11704, 24]: elements are not aligned
ERROR: (align) C:/Users/valmac/FullScreenPokemon/src/components/constants/Pokemon.ts[11712, 24]: elements are not aligned
ERROR: (align) C:/Users/valmac/FullScreenPokemon/src/components/constants/Pokemon.ts[11715, 24]: elements are not aligned
ERROR: (align) C:/Users/valmac/FullScreenPokemon/src/components/constants/Pokemon.ts[11718, 24]: elements are not aligned
ERROR: (align) C:/Users/valmac/FullScreenPokemon/src/components/constants/Pokemon.ts[11721, 24]: elements are not aligned
ERROR: (align) C:/Users/valmac/FullScreenPokemon/src/components/constants/Pokemon.ts[11724, 24]: elements are not aligned
ERROR: (align) C:/Users/valmac/FullScreenPokemon/src/components/constants/Pokemon.ts[11727, 24]: elements are not aligned
ERROR: (align) C:/Users/valmac/FullScreenPokemon/src/components/constants/Pokemon.ts[11753, 24]: elements are not aligned
ERROR: (align) C:/Users/valmac/FullScreenPokemon/src/components/constants/Pokemon.ts[11756, 24]: elements are not aligned
ERROR: (align) C:/Users/valmac/FullScreenPokemon/src/components/constants/Pokemon.ts[11759, 24]: elements are not aligned
ERROR: (align) C:/Users/valmac/FullScreenPokemon/src/components/constants/Pokemon.ts[11762, 24]: elements are not aligned
ERROR: (align) C:/Users/valmac/FullScreenPokemon/src/components/constants/Pokemon.ts[11765, 24]: elements are not aligned
ERROR: (align) C:/Users/valmac/FullScreenPokemon/src/components/constants/Pokemon.ts[11768, 24]: elements are not aligned
ERROR: (align) C:/Users/valmac/FullScreenPokemon/src/components/constants/Pokemon.ts[11777, 24]: elements are not aligned
ERROR: (align) C:/Users/valmac/FullScreenPokemon/src/components/constants/Pokemon.ts[11780, 24]: elements are not aligned
ERROR: (align) C:/Users/valmac/FullScreenPokemon/src/components/constants/Pokemon.ts[11783, 24]: elements are not aligned
ERROR: (align) C:/Users/valmac/FullScreenPokemon/src/components/constants/Pokemon.ts[11786, 24]: elements are not aligned
ERROR: (align) C:/Users/valmac/FullScreenPokemon/src/components/constants/Pokemon.ts[11789, 24]: elements are not aligned
ERROR: (align) C:/Users/valmac/FullScreenPokemon/src/components/constants/Pokemon.ts[11792, 24]: elements are not aligned
ERROR: (align) C:/Users/valmac/FullScreenPokemon/src/components/constants/Pokemon.ts[11795, 24]: elements are not aligned
ERROR: (align) C:/Users/valmac/FullScreenPokemon/src/components/constants/Pokemon.ts[11798, 24]: elements are not aligned
ERROR: (align) C:/Users/valmac/FullScreenPokemon/src/components/constants/Pokemon.ts[11801, 24]: elements are not aligned
ERROR: (align) C:/Users/valmac/FullScreenPokemon/src/components/constants/Pokemon.ts[11804, 24]: elements are not aligned
ERROR: (align) C:/Users/valmac/FullScreenPokemon/src/components/constants/Pokemon.ts[11807, 24]: elements are not aligned
ERROR: (align) C:/Users/valmac/FullScreenPokemon/src/components/constants/Pokemon.ts[11810, 24]: elements are not aligned
ERROR: (align) C:/Users/valmac/FullScreenPokemon/src/components/constants/Pokemon.ts[11813, 24]: elements are not aligned
ERROR: (align) C:/Users/valmac/FullScreenPokemon/src/components/constants/Pokemon.ts[11816, 24]: elements are not aligned
ERROR: (align) C:/Users/valmac/FullScreenPokemon/src/components/constants/Pokemon.ts[11819, 24]: elements are not aligned
ERROR: (align) C:/Users/valmac/FullScreenPokemon/src/components/constants/Pokemon.ts[11822, 24]: elements are not aligned
ERROR: (align) C:/Users/valmac/FullScreenPokemon/src/components/constants/Pokemon.ts[11825, 24]: elements are not aligned
ERROR: (align) C:/Users/valmac/FullScreenPokemon/src/components/constants/Pokemon.ts[11828, 24]: elements are not aligned
ERROR: (align) C:/Users/valmac/FullScreenPokemon/src/components/constants/Pokemon.ts[11831, 24]: elements are not aligned
ERROR: (align) C:/Users/valmac/FullScreenPokemon/src/components/constants/Pokemon.ts[11834, 24]: elements are not aligned
ERROR: (align) C:/Users/valmac/FullScreenPokemon/src/components/constants/Pokemon.ts[11837, 24]: elements are not aligned
ERROR: (align) C:/Users/valmac/FullScreenPokemon/src/components/constants/Pokemon.ts[11863, 24]: elements are not aligned
ERROR: (align) C:/Users/valmac/FullScreenPokemon/src/components/constants/Pokemon.ts[11866, 24]: elements are not aligned
ERROR: (align) C:/Users/valmac/FullScreenPokemon/src/components/constants/Pokemon.ts[11869, 24]: elements are not aligned
ERROR: (align) C:/Users/valmac/FullScreenPokemon/src/components/constants/Pokemon.ts[11872, 24]: elements are not aligned
ERROR: (align) C:/Users/valmac/FullScreenPokemon/src/components/constants/Pokemon.ts[11875, 24]: elements are not aligned
ERROR: (align) C:/Users/valmac/FullScreenPokemon/src/components/constants/Pokemon.ts[11878, 24]: elements are not aligned
ERROR: (align) C:/Users/valmac/FullScreenPokemon/src/components/constants/Pokemon.ts[11881, 24]: elements are not aligned
ERROR: (align) C:/Users/valmac/FullScreenPokemon/src/components/constants/Pokemon.ts[11884, 24]: elements are not aligned
ERROR: (align) C:/Users/valmac/FullScreenPokemon/src/components/constants/Pokemon.ts[11896, 24]: elements are not aligned
ERROR: (align) C:/Users/valmac/FullScreenPokemon/src/components/constants/Pokemon.ts[11899, 24]: elements are not aligned
ERROR: (align) C:/Users/valmac/FullScreenPokemon/src/components/constants/Pokemon.ts[11902, 24]: elements are not aligned
ERROR: (align) C:/Users/valmac/FullScreenPokemon/src/components/constants/Pokemon.ts[11905, 24]: elements are not aligned
ERROR: (align) C:/Users/valmac/FullScreenPokemon/src/components/constants/Pokemon.ts[11908, 24]: elements are not aligned
ERROR: (align) C:/Users/valmac/FullScreenPokemon/src/components/constants/Pokemon.ts[11911, 24]: elements are not aligned
ERROR: (align) C:/Users/valmac/FullScreenPokemon/src/components/constants/Pokemon.ts[11914, 24]: elements are not aligned
ERROR: (align) C:/Users/valmac/FullScreenPokemon/src/components/constants/Pokemon.ts[11917, 24]: elements are not aligned
ERROR: (align) C:/Users/valmac/FullScreenPokemon/src/components/constants/Pokemon.ts[11920, 24]: elements are not aligned
ERROR: (align) C:/Users/valmac/FullScreenPokemon/src/components/constants/Pokemon.ts[11923, 24]: elements are not aligned
ERROR: (align) C:/Users/valmac/FullScreenPokemon/src/components/constants/Pokemon.ts[11926, 24]: elements are not aligned
ERROR: (align) C:/Users/valmac/FullScreenPokemon/src/components/constants/Pokemon.ts[11929, 24]: elements are not aligned
ERROR: (align) C:/Users/valmac/FullScreenPokemon/src/components/constants/Pokemon.ts[11932, 24]: elements are not aligned
ERROR: (align) C:/Users/valmac/FullScreenPokemon/src/components/constants/Pokemon.ts[11935, 24]: elements are not aligned
ERROR: (align) C:/Users/valmac/FullScreenPokemon/src/components/constants/Pokemon.ts[11938, 24]: elements are not aligned
ERROR: (align) C:/Users/valmac/FullScreenPokemon/src/components/constants/Pokemon.ts[11941, 24]: elements are not aligned
ERROR: (align) C:/Users/valmac/FullScreenPokemon/src/components/constants/Pokemon.ts[11944, 24]: elements are not aligned
ERROR: (align) C:/Users/valmac/FullScreenPokemon/src/components/constants/Pokemon.ts[11947, 24]: elements are not aligned
ERROR: (align) C:/Users/valmac/FullScreenPokemon/src/components/constants/Pokemon.ts[11950, 24]: elements are not aligned
ERROR: (align) C:/Users/valmac/FullScreenPokemon/src/components/constants/Pokemon.ts[11953, 24]: elements are not aligned
ERROR: (align) C:/Users/valmac/FullScreenPokemon/src/components/constants/Pokemon.ts[11956, 24]: elements are not aligned
ERROR: (align) C:/Users/valmac/FullScreenPokemon/src/components/constants/Pokemon.ts[11959, 24]: elements are not aligned
ERROR: (align) C:/Users/valmac/FullScreenPokemon/src/components/constants/Pokemon.ts[11962, 24]: elements are not aligned
ERROR: (align) C:/Users/valmac/FullScreenPokemon/src/components/constants/Pokemon.ts[11997, 24]: elements are not aligned
ERROR: (align) C:/Users/valmac/FullScreenPokemon/src/components/constants/Pokemon.ts[12000, 24]: elements are not aligned
ERROR: (align) C:/Users/valmac/FullScreenPokemon/src/components/constants/Pokemon.ts[12003, 24]: elements are not aligned
ERROR: (align) C:/Users/valmac/FullScreenPokemon/src/components/constants/Pokemon.ts[12006, 24]: elements are not aligned
ERROR: (align) C:/Users/valmac/FullScreenPokemon/src/components/constants/Pokemon.ts[12009, 24]: elements are not aligned
ERROR: (align) C:/Users/valmac/FullScreenPokemon/src/components/constants/Pokemon.ts[12018, 24]: elements are not aligned
ERROR: (align) C:/Users/valmac/FullScreenPokemon/src/components/constants/Pokemon.ts[12021, 24]: elements are not aligned
ERROR: (align) C:/Users/valmac/FullScreenPokemon/src/components/constants/Pokemon.ts[12024, 24]: elements are not aligned
ERROR: (align) C:/Users/valmac/FullScreenPokemon/src/components/constants/Pokemon.ts[12027, 24]: elements are not aligned
ERROR: (align) C:/Users/valmac/FullScreenPokemon/src/components/constants/Pokemon.ts[12030, 24]: elements are not aligned
ERROR: (align) C:/Users/valmac/FullScreenPokemon/src/components/constants/Pokemon.ts[12033, 24]: elements are not aligned
ERROR: (align) C:/Users/valmac/FullScreenPokemon/src/components/constants/Pokemon.ts[12036, 24]: elements are not aligned
ERROR: (align) C:/Users/valmac/FullScreenPokemon/src/components/constants/Pokemon.ts[12039, 24]: elements are not aligned
ERROR: (align) C:/Users/valmac/FullScreenPokemon/src/components/constants/Pokemon.ts[12042, 24]: elements are not aligned
ERROR: (align) C:/Users/valmac/FullScreenPokemon/src/components/constants/Pokemon.ts[12045, 24]: elements are not aligned
ERROR: (align) C:/Users/valmac/FullScreenPokemon/src/components/constants/Pokemon.ts[12048, 24]: elements are not aligned
ERROR: (align) C:/Users/valmac/FullScreenPokemon/src/components/constants/Pokemon.ts[12051, 24]: elements are not aligned
ERROR: (align) C:/Users/valmac/FullScreenPokemon/src/components/constants/Pokemon.ts[12054, 24]: elements are not aligned
ERROR: (align) C:/Users/valmac/FullScreenPokemon/src/components/constants/Pokemon.ts[12057, 24]: elements are not aligned
ERROR: (align) C:/Users/valmac/FullScreenPokemon/src/components/constants/Pokemon.ts[12060, 24]: elements are not aligned
ERROR: (align) C:/Users/valmac/FullScreenPokemon/src/components/constants/Pokemon.ts[12063, 24]: elements are not aligned
ERROR: (align) C:/Users/valmac/FullScreenPokemon/src/components/constants/Pokemon.ts[12066, 24]: elements are not aligned
ERROR: (align) C:/Users/valmac/FullScreenPokemon/src/components/constants/Pokemon.ts[12069, 24]: elements are not aligned
ERROR: (align) C:/Users/valmac/FullScreenPokemon/src/components/constants/Pokemon.ts[12072, 24]: elements are not aligned
ERROR: (align) C:/Users/valmac/FullScreenPokemon/src/components/constants/Pokemon.ts[12075, 24]: elements are not aligned
ERROR: (align) C:/Users/valmac/FullScreenPokemon/src/components/constants/Pokemon.ts[12078, 24]: elements are not aligned
ERROR: (align) C:/Users/valmac/FullScreenPokemon/src/components/constants/Pokemon.ts[12081, 24]: elements are not aligned
ERROR: (align) C:/Users/valmac/FullScreenPokemon/src/components/constants/Pokemon.ts[12107, 24]: elements are not aligned
ERROR: (align) C:/Users/valmac/FullScreenPokemon/src/components/constants/Pokemon.ts[12110, 24]: elements are not aligned
ERROR: (align) C:/Users/valmac/FullScreenPokemon/src/components/constants/Pokemon.ts[12144, 24]: elements are not aligned
ERROR: (align) C:/Users/valmac/FullScreenPokemon/src/components/constants/Pokemon.ts[12147, 24]: elements are not aligned
ERROR: (align) C:/Users/valmac/FullScreenPokemon/src/components/constants/Pokemon.ts[12150, 24]: elements are not aligned
ERROR: (align) C:/Users/valmac/FullScreenPokemon/src/components/constants/Pokemon.ts[12153, 24]: elements are not aligned
ERROR: (align) C:/Users/valmac/FullScreenPokemon/src/components/constants/Pokemon.ts[12156, 24]: elements are not aligned
ERROR: (align) C:/Users/valmac/FullScreenPokemon/src/components/constants/Pokemon.ts[12159, 24]: elements are not aligned
ERROR: (align) C:/Users/valmac/FullScreenPokemon/src/components/constants/Pokemon.ts[12162, 24]: elements are not aligned
ERROR: (align) C:/Users/valmac/FullScreenPokemon/src/components/constants/Pokemon.ts[12165, 24]: elements are not aligned
ERROR: (align) C:/Users/valmac/FullScreenPokemon/src/components/constants/Pokemon.ts[12168, 24]: elements are not aligned
ERROR: (align) C:/Users/valmac/FullScreenPokemon/src/components/constants/Pokemon.ts[12177, 24]: elements are not aligned
ERROR: (align) C:/Users/valmac/FullScreenPokemon/src/components/constants/Pokemon.ts[12180, 24]: elements are not aligned
ERROR: (align) C:/Users/valmac/FullScreenPokemon/src/components/constants/Pokemon.ts[12183, 24]: elements are not aligned
ERROR: (align) C:/Users/valmac/FullScreenPokemon/src/components/constants/Pokemon.ts[12186, 24]: elements are not aligned
ERROR: (align) C:/Users/valmac/FullScreenPokemon/src/components/constants/Pokemon.ts[12189, 24]: elements are not aligned
ERROR: (align) C:/Users/valmac/FullScreenPokemon/src/components/constants/Pokemon.ts[12192, 24]: elements are not aligned
ERROR: (align) C:/Users/valmac/FullScreenPokemon/src/components/constants/Pokemon.ts[12195, 24]: elements are not aligned
ERROR: (align) C:/Users/valmac/FullScreenPokemon/src/components/constants/Pokemon.ts[12198, 24]: elements are not aligned
ERROR: (align) C:/Users/valmac/FullScreenPokemon/src/components/constants/Pokemon.ts[12201, 24]: elements are not aligned
ERROR: (align) C:/Users/valmac/FullScreenPokemon/src/components/constants/Pokemon.ts[12227, 24]: elements are not aligned
ERROR: (align) C:/Users/valmac/FullScreenPokemon/src/components/constants/Pokemon.ts[12230, 24]: elements are not aligned
ERROR: (align) C:/Users/valmac/FullScreenPokemon/src/components/constants/Pokemon.ts[12233, 24]: elements are not aligned
ERROR: (align) C:/Users/valmac/FullScreenPokemon/src/components/constants/Pokemon.ts[12236, 24]: elements are not aligned
ERROR: (align) C:/Users/valmac/FullScreenPokemon/src/components/constants/Pokemon.ts[12239, 24]: elements are not aligned
ERROR: (align) C:/Users/valmac/FullScreenPokemon/src/components/constants/Pokemon.ts[12242, 24]: elements are not aligned
ERROR: (align) C:/Users/valmac/FullScreenPokemon/src/components/constants/Pokemon.ts[12250, 24]: elements are not aligned
ERROR: (align) C:/Users/valmac/FullScreenPokemon/src/components/constants/Pokemon.ts[12253, 24]: elements are not aligned
ERROR: (align) C:/Users/valmac/FullScreenPokemon/src/components/constants/Pokemon.ts[12256, 24]: elements are not aligned
ERROR: (align) C:/Users/valmac/FullScreenPokemon/src/components/constants/Pokemon.ts[12259, 24]: elements are not aligned
ERROR: (align) C:/Users/valmac/FullScreenPokemon/src/components/constants/Pokemon.ts[12262, 24]: elements are not aligned
ERROR: (align) C:/Users/valmac/FullScreenPokemon/src/components/constants/Pokemon.ts[12265, 24]: elements are not aligned
ERROR: (align) C:/Users/valmac/FullScreenPokemon/src/components/constants/Pokemon.ts[12268, 24]: elements are not aligned
ERROR: (align) C:/Users/valmac/FullScreenPokemon/src/components/constants/Pokemon.ts[12271, 24]: elements are not aligned
ERROR: (align) C:/Users/valmac/FullScreenPokemon/src/components/constants/Pokemon.ts[12274, 24]: elements are not aligned
ERROR: (align) C:/Users/valmac/FullScreenPokemon/src/components/constants/Pokemon.ts[12277, 24]: elements are not aligned
ERROR: (align) C:/Users/valmac/FullScreenPokemon/src/components/constants/Pokemon.ts[12280, 24]: elements are not aligned
ERROR: (align) C:/Users/valmac/FullScreenPokemon/src/components/constants/Pokemon.ts[12283, 24]: elements are not aligned
ERROR: (align) C:/Users/valmac/FullScreenPokemon/src/components/constants/Pokemon.ts[12286, 24]: elements are not aligned
ERROR: (align) C:/Users/valmac/FullScreenPokemon/src/components/constants/Pokemon.ts[12289, 24]: elements are not aligned
ERROR: (align) C:/Users/valmac/FullScreenPokemon/src/components/constants/Pokemon.ts[12292, 24]: elements are not aligned
ERROR: (align) C:/Users/valmac/FullScreenPokemon/src/components/constants/Pokemon.ts[12295, 24]: elements are not aligned
ERROR: (align) C:/Users/valmac/FullScreenPokemon/src/components/constants/Pokemon.ts[12298, 24]: elements are not aligned
ERROR: (align) C:/Users/valmac/FullScreenPokemon/src/components/constants/Pokemon.ts[12301, 24]: elements are not aligned
ERROR: (align) C:/Users/valmac/FullScreenPokemon/src/components/constants/Pokemon.ts[12304, 24]: elements are not aligned
ERROR: (align) C:/Users/valmac/FullScreenPokemon/src/components/constants/Pokemon.ts[12312, 24]: elements are not aligned
ERROR: (align) C:/Users/valmac/FullScreenPokemon/src/components/constants/Pokemon.ts[12315, 24]: elements are not aligned
ERROR: (align) C:/Users/valmac/FullScreenPokemon/src/components/constants/Pokemon.ts[12318, 24]: elements are not aligned
ERROR: (align) C:/Users/valmac/FullScreenPokemon/src/components/constants/Pokemon.ts[12321, 24]: elements are not aligned
ERROR: (align) C:/Users/valmac/FullScreenPokemon/src/components/constants/Pokemon.ts[12324, 24]: elements are not aligned
ERROR: (align) C:/Users/valmac/FullScreenPokemon/src/components/constants/Pokemon.ts[12327, 24]: elements are not aligned
ERROR: (align) C:/Users/valmac/FullScreenPokemon/src/components/constants/Pokemon.ts[12362, 24]: elements are not aligned
ERROR: (align) C:/Users/valmac/FullScreenPokemon/src/components/constants/Pokemon.ts[12365, 24]: elements are not aligned
ERROR: (align) C:/Users/valmac/FullScreenPokemon/src/components/constants/Pokemon.ts[12368, 24]: elements are not aligned
ERROR: (align) C:/Users/valmac/FullScreenPokemon/src/components/constants/Pokemon.ts[12371, 24]: elements are not aligned
ERROR: (align) C:/Users/valmac/FullScreenPokemon/src/components/constants/Pokemon.ts[12374, 24]: elements are not aligned
ERROR: (align) C:/Users/valmac/FullScreenPokemon/src/components/constants/Pokemon.ts[12383, 24]: elements are not aligned
ERROR: (align) C:/Users/valmac/FullScreenPokemon/src/components/constants/Pokemon.ts[12386, 24]: elements are not aligned
ERROR: (align) C:/Users/valmac/FullScreenPokemon/src/components/constants/Pokemon.ts[12389, 24]: elements are not aligned
ERROR: (align) C:/Users/valmac/FullScreenPokemon/src/components/constants/Pokemon.ts[12392, 24]: elements are not aligned
ERROR: (align) C:/Users/valmac/FullScreenPokemon/src/components/constants/Pokemon.ts[12395, 24]: elements are not aligned
ERROR: (align) C:/Users/valmac/FullScreenPokemon/src/components/constants/Pokemon.ts[12421, 24]: elements are not aligned
ERROR: (align) C:/Users/valmac/FullScreenPokemon/src/components/constants/Pokemon.ts[12424, 24]: elements are not aligned
ERROR: (align) C:/Users/valmac/FullScreenPokemon/src/components/constants/Pokemon.ts[12427, 24]: elements are not aligned
ERROR: (align) C:/Users/valmac/FullScreenPokemon/src/components/constants/Pokemon.ts[12430, 24]: elements are not aligned
ERROR: (align) C:/Users/valmac/FullScreenPokemon/src/components/constants/Pokemon.ts[12433, 24]: elements are not aligned
ERROR: (align) C:/Users/valmac/FullScreenPokemon/src/components/constants/Pokemon.ts[12436, 24]: elements are not aligned
ERROR: (align) C:/Users/valmac/FullScreenPokemon/src/components/constants/Pokemon.ts[12439, 24]: elements are not aligned
ERROR: (align) C:/Users/valmac/FullScreenPokemon/src/components/constants/Pokemon.ts[12442, 24]: elements are not aligned
ERROR: (align) C:/Users/valmac/FullScreenPokemon/src/components/constants/Pokemon.ts[12445, 24]: elements are not aligned
ERROR: (align) C:/Users/valmac/FullScreenPokemon/src/components/constants/Pokemon.ts[12453, 24]: elements are not aligned
ERROR: (align) C:/Users/valmac/FullScreenPokemon/src/components/constants/Pokemon.ts[12461, 24]: elements are not aligned
ERROR: (align) C:/Users/valmac/FullScreenPokemon/src/components/constants/Pokemon.ts[12464, 24]: elements are not aligned
ERROR: (align) C:/Users/valmac/FullScreenPokemon/src/components/constants/Pokemon.ts[12467, 24]: elements are not aligned
ERROR: (align) C:/Users/valmac/FullScreenPokemon/src/components/constants/Pokemon.ts[12470, 24]: elements are not aligned
ERROR: (align) C:/Users/valmac/FullScreenPokemon/src/components/constants/Pokemon.ts[12473, 24]: elements are not aligned
ERROR: (align) C:/Users/valmac/FullScreenPokemon/src/components/constants/Pokemon.ts[12476, 24]: elements are not aligned
ERROR: (align) C:/Users/valmac/FullScreenPokemon/src/components/constants/Pokemon.ts[12479, 24]: elements are not aligned
ERROR: (align) C:/Users/valmac/FullScreenPokemon/src/components/constants/Pokemon.ts[12482, 24]: elements are not aligned
ERROR: (align) C:/Users/valmac/FullScreenPokemon/src/components/constants/Pokemon.ts[12485, 24]: elements are not aligned
ERROR: (align) C:/Users/valmac/FullScreenPokemon/src/components/constants/Pokemon.ts[12488, 24]: elements are not aligned
ERROR: (align) C:/Users/valmac/FullScreenPokemon/src/components/constants/Pokemon.ts[12491, 24]: elements are not aligned
ERROR: (align) C:/Users/valmac/FullScreenPokemon/src/components/constants/Pokemon.ts[12494, 24]: elements are not aligned
ERROR: (align) C:/Users/valmac/FullScreenPokemon/src/components/constants/Pokemon.ts[12497, 24]: elements are not aligned
ERROR: (align) C:/Users/valmac/FullScreenPokemon/src/components/constants/Pokemon.ts[12500, 24]: elements are not aligned
ERROR: (align) C:/Users/valmac/FullScreenPokemon/src/components/constants/Pokemon.ts[12503, 24]: elements are not aligned
ERROR: (align) C:/Users/valmac/FullScreenPokemon/src/components/constants/Pokemon.ts[12506, 24]: elements are not aligned
ERROR: (align) C:/Users/valmac/FullScreenPokemon/src/components/constants/Pokemon.ts[12509, 24]: elements are not aligned
ERROR: (align) C:/Users/valmac/FullScreenPokemon/src/components/constants/Pokemon.ts[12512, 24]: elements are not aligned
ERROR: (align) C:/Users/valmac/FullScreenPokemon/src/components/constants/Pokemon.ts[12515, 24]: elements are not aligned
ERROR: (align) C:/Users/valmac/FullScreenPokemon/src/components/constants/Pokemon.ts[12518, 24]: elements are not aligned
ERROR: (align) C:/Users/valmac/FullScreenPokemon/src/components/constants/Pokemon.ts[12521, 24]: elements are not aligned
ERROR: (align) C:/Users/valmac/FullScreenPokemon/src/components/constants/Pokemon.ts[12524, 24]: elements are not aligned
ERROR: (align) C:/Users/valmac/FullScreenPokemon/src/components/constants/Pokemon.ts[12527, 24]: elements are not aligned
ERROR: (align) C:/Users/valmac/FullScreenPokemon/src/components/constants/Pokemon.ts[12530, 24]: elements are not aligned
ERROR: (align) C:/Users/valmac/FullScreenPokemon/src/components/constants/Pokemon.ts[12533, 24]: elements are not aligned
ERROR: (align) C:/Users/valmac/FullScreenPokemon/src/components/constants/Pokemon.ts[12536, 24]: elements are not aligned
ERROR: (align) C:/Users/valmac/FullScreenPokemon/src/components/constants/Pokemon.ts[12539, 24]: elements are not aligned
ERROR: (align) C:/Users/valmac/FullScreenPokemon/src/components/constants/Pokemon.ts[12542, 24]: elements are not aligned
ERROR: (align) C:/Users/valmac/FullScreenPokemon/src/components/constants/Pokemon.ts[12545, 24]: elements are not aligned
ERROR: (align) C:/Users/valmac/FullScreenPokemon/src/components/constants/Pokemon.ts[12580, 24]: elements are not aligned
ERROR: (align) C:/Users/valmac/FullScreenPokemon/src/components/constants/Pokemon.ts[12583, 24]: elements are not aligned
ERROR: (align) C:/Users/valmac/FullScreenPokemon/src/components/constants/Pokemon.ts[12586, 24]: elements are not aligned
ERROR: (align) C:/Users/valmac/FullScreenPokemon/src/components/constants/Pokemon.ts[12589, 24]: elements are not aligned
ERROR: (align) C:/Users/valmac/FullScreenPokemon/src/components/constants/Pokemon.ts[12592, 24]: elements are not aligned
ERROR: (align) C:/Users/valmac/FullScreenPokemon/src/components/constants/Pokemon.ts[12595, 24]: elements are not aligned
ERROR: (align) C:/Users/valmac/FullScreenPokemon/src/components/constants/Pokemon.ts[12607, 24]: elements are not aligned
ERROR: (align) C:/Users/valmac/FullScreenPokemon/src/components/constants/Pokemon.ts[12610, 24]: elements are not aligned
ERROR: (align) C:/Users/valmac/FullScreenPokemon/src/components/constants/Pokemon.ts[12613, 24]: elements are not aligned
ERROR: (align) C:/Users/valmac/FullScreenPokemon/src/components/constants/Pokemon.ts[12616, 24]: elements are not aligned
ERROR: (align) C:/Users/valmac/FullScreenPokemon/src/components/constants/Pokemon.ts[12619, 24]: elements are not aligned
ERROR: (align) C:/Users/valmac/FullScreenPokemon/src/components/constants/Pokemon.ts[12622, 24]: elements are not aligned
ERROR: (align) C:/Users/valmac/FullScreenPokemon/src/components/constants/Pokemon.ts[12625, 24]: elements are not aligned
ERROR: (align) C:/Users/valmac/FullScreenPokemon/src/components/constants/Pokemon.ts[12628, 24]: elements are not aligned
ERROR: (align) C:/Users/valmac/FullScreenPokemon/src/components/constants/Pokemon.ts[12631, 24]: elements are not aligned
ERROR: (align) C:/Users/valmac/FullScreenPokemon/src/components/constants/Pokemon.ts[12634, 24]: elements are not aligned
ERROR: (align) C:/Users/valmac/FullScreenPokemon/src/components/constants/Pokemon.ts[12637, 24]: elements are not aligned
ERROR: (align) C:/Users/valmac/FullScreenPokemon/src/components/constants/Pokemon.ts[12640, 24]: elements are not aligned
ERROR: (align) C:/Users/valmac/FullScreenPokemon/src/components/constants/Pokemon.ts[12643, 24]: elements are not aligned
ERROR: (align) C:/Users/valmac/FullScreenPokemon/src/components/constants/Pokemon.ts[12646, 24]: elements are not aligned
ERROR: (align) C:/Users/valmac/FullScreenPokemon/src/components/constants/Pokemon.ts[12649, 24]: elements are not aligned
ERROR: (align) C:/Users/valmac/FullScreenPokemon/src/components/constants/Pokemon.ts[12652, 24]: elements are not aligned
ERROR: (align) C:/Users/valmac/FullScreenPokemon/src/components/constants/Pokemon.ts[12655, 24]: elements are not aligned
ERROR: (align) C:/Users/valmac/FullScreenPokemon/src/components/constants/Pokemon.ts[12658, 24]: elements are not aligned
ERROR: (align) C:/Users/valmac/FullScreenPokemon/src/components/constants/Pokemon.ts[12693, 24]: elements are not aligned
ERROR: (align) C:/Users/valmac/FullScreenPokemon/src/components/constants/Pokemon.ts[12696, 24]: elements are not aligned
ERROR: (align) C:/Users/valmac/FullScreenPokemon/src/components/constants/Pokemon.ts[12699, 24]: elements are not aligned
ERROR: (align) C:/Users/valmac/FullScreenPokemon/src/components/constants/Pokemon.ts[12702, 24]: elements are not aligned
ERROR: (align) C:/Users/valmac/FullScreenPokemon/src/components/constants/Pokemon.ts[12705, 24]: elements are not aligned
ERROR: (align) C:/Users/valmac/FullScreenPokemon/src/components/constants/Pokemon.ts[12713, 24]: elements are not aligned
ERROR: (align) C:/Users/valmac/FullScreenPokemon/src/components/constants/Pokemon.ts[12721, 24]: elements are not aligned
ERROR: (align) C:/Users/valmac/FullScreenPokemon/src/components/constants/Pokemon.ts[12724, 24]: elements are not aligned
ERROR: (align) C:/Users/valmac/FullScreenPokemon/src/components/constants/Pokemon.ts[12727, 24]: elements are not aligned
ERROR: (align) C:/Users/valmac/FullScreenPokemon/src/components/constants/Pokemon.ts[12730, 24]: elements are not aligned
ERROR: (align) C:/Users/valmac/FullScreenPokemon/src/components/constants/Pokemon.ts[12733, 24]: elements are not aligned
ERROR: (align) C:/Users/valmac/FullScreenPokemon/src/components/constants/Pokemon.ts[12736, 24]: elements are not aligned
ERROR: (align) C:/Users/valmac/FullScreenPokemon/src/components/constants/Pokemon.ts[12739, 24]: elements are not aligned
ERROR: (align) C:/Users/valmac/FullScreenPokemon/src/components/constants/Pokemon.ts[12742, 24]: elements are not aligned
ERROR: (align) C:/Users/valmac/FullScreenPokemon/src/components/constants/Pokemon.ts[12745, 24]: elements are not aligned
ERROR: (align) C:/Users/valmac/FullScreenPokemon/src/components/constants/Pokemon.ts[12748, 24]: elements are not aligned
ERROR: (align) C:/Users/valmac/FullScreenPokemon/src/components/constants/Pokemon.ts[12751, 24]: elements are not aligned
ERROR: (align) C:/Users/valmac/FullScreenPokemon/src/components/constants/Pokemon.ts[12754, 24]: elements are not aligned
ERROR: (align) C:/Users/valmac/FullScreenPokemon/src/components/constants/Pokemon.ts[12757, 24]: elements are not aligned
ERROR: (align) C:/Users/valmac/FullScreenPokemon/src/components/constants/Pokemon.ts[12760, 24]: elements are not aligned
ERROR: (align) C:/Users/valmac/FullScreenPokemon/src/components/constants/Pokemon.ts[12763, 24]: elements are not aligned
ERROR: (align) C:/Users/valmac/FullScreenPokemon/src/components/constants/Pokemon.ts[12766, 24]: elements are not aligned
ERROR: (align) C:/Users/valmac/FullScreenPokemon/src/components/constants/Pokemon.ts[12769, 24]: elements are not aligned
ERROR: (align) C:/Users/valmac/FullScreenPokemon/src/components/constants/Pokemon.ts[12772, 24]: elements are not aligned
ERROR: (align) C:/Users/valmac/FullScreenPokemon/src/components/constants/Pokemon.ts[12798, 24]: elements are not aligned
ERROR: (align) C:/Users/valmac/FullScreenPokemon/src/components/constants/Pokemon.ts[12801, 24]: elements are not aligned
ERROR: (align) C:/Users/valmac/FullScreenPokemon/src/components/constants/Pokemon.ts[12804, 24]: elements are not aligned
ERROR: (align) C:/Users/valmac/FullScreenPokemon/src/components/constants/Pokemon.ts[12807, 24]: elements are not aligned
ERROR: (align) C:/Users/valmac/FullScreenPokemon/src/components/constants/Pokemon.ts[12810, 24]: elements are not aligned
ERROR: (align) C:/Users/valmac/FullScreenPokemon/src/components/constants/Pokemon.ts[12813, 24]: elements are not aligned
ERROR: (align) C:/Users/valmac/FullScreenPokemon/src/components/constants/Pokemon.ts[12821, 24]: elements are not aligned
ERROR: (align) C:/Users/valmac/FullScreenPokemon/src/components/constants/Pokemon.ts[12829, 24]: elements are not aligned
ERROR: (align) C:/Users/valmac/FullScreenPokemon/src/components/constants/Pokemon.ts[12832, 24]: elements are not aligned
ERROR: (align) C:/Users/valmac/FullScreenPokemon/src/components/constants/Pokemon.ts[12835, 24]: elements are not aligned
ERROR: (align) C:/Users/valmac/FullScreenPokemon/src/components/constants/Pokemon.ts[12838, 24]: elements are not aligned
ERROR: (align) C:/Users/valmac/FullScreenPokemon/src/components/constants/Pokemon.ts[12841, 24]: elements are not aligned
ERROR: (align) C:/Users/valmac/FullScreenPokemon/src/components/constants/Pokemon.ts[12844, 24]: elements are not aligned
ERROR: (align) C:/Users/valmac/FullScreenPokemon/src/components/constants/Pokemon.ts[12847, 24]: elements are not aligned
ERROR: (align) C:/Users/valmac/FullScreenPokemon/src/components/constants/Pokemon.ts[12850, 24]: elements are not aligned
ERROR: (align) C:/Users/valmac/FullScreenPokemon/src/components/constants/Pokemon.ts[12853, 24]: elements are not aligned
ERROR: (align) C:/Users/valmac/FullScreenPokemon/src/components/constants/Pokemon.ts[12856, 24]: elements are not aligned
ERROR: (align) C:/Users/valmac/FullScreenPokemon/src/components/constants/Pokemon.ts[12859, 24]: elements are not aligned
ERROR: (align) C:/Users/valmac/FullScreenPokemon/src/components/constants/Pokemon.ts[12862, 24]: elements are not aligned
ERROR: (align) C:/Users/valmac/FullScreenPokemon/src/components/constants/Pokemon.ts[12865, 24]: elements are not aligned
ERROR: (align) C:/Users/valmac/FullScreenPokemon/src/components/constants/Pokemon.ts[12868, 24]: elements are not aligned
ERROR: (align) C:/Users/valmac/FullScreenPokemon/src/components/constants/Pokemon.ts[12871, 24]: elements are not aligned
ERROR: (align) C:/Users/valmac/FullScreenPokemon/src/components/constants/Pokemon.ts[12874, 24]: elements are not aligned
ERROR: (align) C:/Users/valmac/FullScreenPokemon/src/components/constants/Pokemon.ts[12877, 24]: elements are not aligned
ERROR: (align) C:/Users/valmac/FullScreenPokemon/src/components/constants/Pokemon.ts[12880, 24]: elements are not aligned
ERROR: (align) C:/Users/valmac/FullScreenPokemon/src/components/constants/Pokemon.ts[12883, 24]: elements are not aligned
ERROR: (align) C:/Users/valmac/FullScreenPokemon/src/components/constants/Pokemon.ts[12909, 24]: elements are not aligned
ERROR: (align) C:/Users/valmac/FullScreenPokemon/src/components/constants/Pokemon.ts[12912, 24]: elements are not aligned
ERROR: (align) C:/Users/valmac/FullScreenPokemon/src/components/constants/Pokemon.ts[12915, 24]: elements are not aligned
ERROR: (align) C:/Users/valmac/FullScreenPokemon/src/components/constants/Pokemon.ts[12918, 24]: elements are not aligned
ERROR: (align) C:/Users/valmac/FullScreenPokemon/src/components/constants/Pokemon.ts[12921, 24]: elements are not aligned
ERROR: (align) C:/Users/valmac/FullScreenPokemon/src/components/constants/Pokemon.ts[12924, 24]: elements are not aligned
ERROR: (align) C:/Users/valmac/FullScreenPokemon/src/components/constants/Pokemon.ts[12933, 24]: elements are not aligned
ERROR: (align) C:/Users/valmac/FullScreenPokemon/src/components/constants/Pokemon.ts[12936, 24]: elements are not aligned
ERROR: (align) C:/Users/valmac/FullScreenPokemon/src/components/constants/Pokemon.ts[12939, 24]: elements are not aligned
ERROR: (align) C:/Users/valmac/FullScreenPokemon/src/components/constants/Pokemon.ts[12942, 24]: elements are not aligned
ERROR: (align) C:/Users/valmac/FullScreenPokemon/src/components/constants/Pokemon.ts[12945, 24]: elements are not aligned
ERROR: (align) C:/Users/valmac/FullScreenPokemon/src/components/constants/Pokemon.ts[12948, 24]: elements are not aligned
ERROR: (align) C:/Users/valmac/FullScreenPokemon/src/components/constants/Pokemon.ts[12951, 24]: elements are not aligned
ERROR: (align) C:/Users/valmac/FullScreenPokemon/src/components/constants/Pokemon.ts[12954, 24]: elements are not aligned
ERROR: (align) C:/Users/valmac/FullScreenPokemon/src/components/constants/Pokemon.ts[12957, 24]: elements are not aligned
ERROR: (align) C:/Users/valmac/FullScreenPokemon/src/components/constants/Pokemon.ts[12960, 24]: elements are not aligned
ERROR: (align) C:/Users/valmac/FullScreenPokemon/src/components/constants/Pokemon.ts[12963, 24]: elements are not aligned
ERROR: (align) C:/Users/valmac/FullScreenPokemon/src/components/constants/Pokemon.ts[12966, 24]: elements are not aligned
ERROR: (align) C:/Users/valmac/FullScreenPokemon/src/components/constants/Pokemon.ts[12992, 24]: elements are not aligned
ERROR: (align) C:/Users/valmac/FullScreenPokemon/src/components/constants/Pokemon.ts[12995, 24]: elements are not aligned
ERROR: (align) C:/Users/valmac/FullScreenPokemon/src/components/constants/Pokemon.ts[12998, 24]: elements are not aligned
ERROR: (align) C:/Users/valmac/FullScreenPokemon/src/components/constants/Pokemon.ts[13001, 24]: elements are not aligned
ERROR: (align) C:/Users/valmac/FullScreenPokemon/src/components/constants/Pokemon.ts[13004, 24]: elements are not aligned
ERROR: (align) C:/Users/valmac/FullScreenPokemon/src/components/constants/Pokemon.ts[13007, 24]: elements are not aligned
ERROR: (align) C:/Users/valmac/FullScreenPokemon/src/components/constants/Pokemon.ts[13016, 24]: elements are not aligned
ERROR: (align) C:/Users/valmac/FullScreenPokemon/src/components/constants/Pokemon.ts[13019, 24]: elements are not aligned
ERROR: (align) C:/Users/valmac/FullScreenPokemon/src/components/constants/Pokemon.ts[13022, 24]: elements are not aligned
ERROR: (align) C:/Users/valmac/FullScreenPokemon/src/components/constants/Pokemon.ts[13025, 24]: elements are not aligned
ERROR: (align) C:/Users/valmac/FullScreenPokemon/src/components/constants/Pokemon.ts[13028, 24]: elements are not aligned
ERROR: (align) C:/Users/valmac/FullScreenPokemon/src/components/constants/Pokemon.ts[13031, 24]: elements are not aligned
ERROR: (align) C:/Users/valmac/FullScreenPokemon/src/components/constants/Pokemon.ts[13034, 24]: elements are not aligned
ERROR: (align) C:/Users/valmac/FullScreenPokemon/src/components/constants/Pokemon.ts[13037, 24]: elements are not aligned
ERROR: (align) C:/Users/valmac/FullScreenPokemon/src/components/constants/Pokemon.ts[13040, 24]: elements are not aligned
ERROR: (align) C:/Users/valmac/FullScreenPokemon/src/components/constants/Pokemon.ts[13043, 24]: elements are not aligned
ERROR: (align) C:/Users/valmac/FullScreenPokemon/src/components/constants/Pokemon.ts[13046, 24]: elements are not aligned
ERROR: (align) C:/Users/valmac/FullScreenPokemon/src/components/constants/Pokemon.ts[13049, 24]: elements are not aligned
ERROR: (align) C:/Users/valmac/FullScreenPokemon/src/components/constants/Pokemon.ts[13052, 24]: elements are not aligned
ERROR: (align) C:/Users/valmac/FullScreenPokemon/src/components/constants/Pokemon.ts[13055, 24]: elements are not aligned
ERROR: (align) C:/Users/valmac/FullScreenPokemon/src/components/constants/Pokemon.ts[13058, 24]: elements are not aligned
ERROR: (align) C:/Users/valmac/FullScreenPokemon/src/components/constants/Pokemon.ts[13084, 24]: elements are not aligned
ERROR: (align) C:/Users/valmac/FullScreenPokemon/src/components/constants/Pokemon.ts[13087, 24]: elements are not aligned
ERROR: (align) C:/Users/valmac/FullScreenPokemon/src/components/constants/Pokemon.ts[13090, 24]: elements are not aligned
ERROR: (align) C:/Users/valmac/FullScreenPokemon/src/components/constants/Pokemon.ts[13093, 24]: elements are not aligned
ERROR: (align) C:/Users/valmac/FullScreenPokemon/src/components/constants/Pokemon.ts[13096, 24]: elements are not aligned
ERROR: (align) C:/Users/valmac/FullScreenPokemon/src/components/constants/Pokemon.ts[13099, 24]: elements are not aligned
ERROR: (align) C:/Users/valmac/FullScreenPokemon/src/components/constants/Pokemon.ts[13102, 24]: elements are not aligned
ERROR: (align) C:/Users/valmac/FullScreenPokemon/src/components/constants/Pokemon.ts[13105, 24]: elements are not aligned
ERROR: (align) C:/Users/valmac/FullScreenPokemon/src/components/constants/Pokemon.ts[13117, 24]: elements are not aligned
ERROR: (align) C:/Users/valmac/FullScreenPokemon/src/components/constants/Pokemon.ts[13120, 24]: elements are not aligned
ERROR: (align) C:/Users/valmac/FullScreenPokemon/src/components/constants/Pokemon.ts[13123, 24]: elements are not aligned
ERROR: (align) C:/Users/valmac/FullScreenPokemon/src/components/constants/Pokemon.ts[13126, 24]: elements are not aligned
ERROR: (align) C:/Users/valmac/FullScreenPokemon/src/components/constants/Pokemon.ts[13129, 24]: elements are not aligned
ERROR: (align) C:/Users/valmac/FullScreenPokemon/src/components/constants/Pokemon.ts[13132, 24]: elements are not aligned
ERROR: (align) C:/Users/valmac/FullScreenPokemon/src/components/constants/Pokemon.ts[13135, 24]: elements are not aligned
ERROR: (align) C:/Users/valmac/FullScreenPokemon/src/components/constants/Pokemon.ts[13138, 24]: elements are not aligned
ERROR: (align) C:/Users/valmac/FullScreenPokemon/src/components/constants/Pokemon.ts[13141, 24]: elements are not aligned
ERROR: (align) C:/Users/valmac/FullScreenPokemon/src/components/constants/Pokemon.ts[13144, 24]: elements are not aligned
ERROR: (align) C:/Users/valmac/FullScreenPokemon/src/components/constants/Pokemon.ts[13147, 24]: elements are not aligned
ERROR: (align) C:/Users/valmac/FullScreenPokemon/src/components/constants/Pokemon.ts[13150, 24]: elements are not aligned
ERROR: (align) C:/Users/valmac/FullScreenPokemon/src/components/constants/Pokemon.ts[13153, 24]: elements are not aligned
ERROR: (align) C:/Users/valmac/FullScreenPokemon/src/components/constants/Pokemon.ts[13156, 24]: elements are not aligned
ERROR: (align) C:/Users/valmac/FullScreenPokemon/src/components/constants/Pokemon.ts[13159, 24]: elements are not aligned
ERROR: (align) C:/Users/valmac/FullScreenPokemon/src/components/constants/Pokemon.ts[13162, 24]: elements are not aligned
ERROR: (align) C:/Users/valmac/FullScreenPokemon/src/components/constants/Pokemon.ts[13197, 24]: elements are not aligned
ERROR: (align) C:/Users/valmac/FullScreenPokemon/src/components/constants/Pokemon.ts[13200, 24]: elements are not aligned
ERROR: (align) C:/Users/valmac/FullScreenPokemon/src/components/constants/Pokemon.ts[13203, 24]: elements are not aligned
ERROR: (align) C:/Users/valmac/FullScreenPokemon/src/components/constants/Pokemon.ts[13206, 24]: elements are not aligned
ERROR: (align) C:/Users/valmac/FullScreenPokemon/src/components/constants/Pokemon.ts[13209, 24]: elements are not aligned
ERROR: (align) C:/Users/valmac/FullScreenPokemon/src/components/constants/Pokemon.ts[13218, 24]: elements are not aligned
ERROR: (align) C:/Users/valmac/FullScreenPokemon/src/components/constants/Pokemon.ts[13221, 24]: elements are not aligned
ERROR: (align) C:/Users/valmac/FullScreenPokemon/src/components/constants/Pokemon.ts[13224, 24]: elements are not aligned
ERROR: (align) C:/Users/valmac/FullScreenPokemon/src/components/constants/Pokemon.ts[13227, 24]: elements are not aligned
ERROR: (align) C:/Users/valmac/FullScreenPokemon/src/components/constants/Pokemon.ts[13230, 24]: elements are not aligned
ERROR: (align) C:/Users/valmac/FullScreenPokemon/src/components/constants/Pokemon.ts[13233, 24]: elements are not aligned
ERROR: (align) C:/Users/valmac/FullScreenPokemon/src/components/constants/Pokemon.ts[13236, 24]: elements are not aligned
ERROR: (align) C:/Users/valmac/FullScreenPokemon/src/components/constants/Pokemon.ts[13239, 24]: elements are not aligned
ERROR: (align) C:/Users/valmac/FullScreenPokemon/src/components/constants/Pokemon.ts[13242, 24]: elements are not aligned
ERROR: (align) C:/Users/valmac/FullScreenPokemon/src/components/constants/Pokemon.ts[13245, 24]: elements are not aligned
ERROR: (align) C:/Users/valmac/FullScreenPokemon/src/components/constants/Pokemon.ts[13248, 24]: elements are not aligned
ERROR: (align) C:/Users/valmac/FullScreenPokemon/src/components/constants/Pokemon.ts[13251, 24]: elements are not aligned
ERROR: (align) C:/Users/valmac/FullScreenPokemon/src/components/constants/Pokemon.ts[13254, 24]: elements are not aligned
ERROR: (align) C:/Users/valmac/FullScreenPokemon/src/components/constants/Pokemon.ts[13257, 24]: elements are not aligned
ERROR: (align) C:/Users/valmac/FullScreenPokemon/src/components/constants/Pokemon.ts[13260, 24]: elements are not aligned
ERROR: (align) C:/Users/valmac/FullScreenPokemon/src/components/constants/Pokemon.ts[13263, 24]: elements are not aligned
ERROR: (align) C:/Users/valmac/FullScreenPokemon/src/components/constants/Pokemon.ts[13298, 24]: elements are not aligned
ERROR: (align) C:/Users/valmac/FullScreenPokemon/src/components/constants/Pokemon.ts[13301, 24]: elements are not aligned
ERROR: (align) C:/Users/valmac/FullScreenPokemon/src/components/constants/Pokemon.ts[13304, 24]: elements are not aligned
ERROR: (align) C:/Users/valmac/FullScreenPokemon/src/components/constants/Pokemon.ts[13307, 24]: elements are not aligned
ERROR: (align) C:/Users/valmac/FullScreenPokemon/src/components/constants/Pokemon.ts[13310, 24]: elements are not aligned
ERROR: (align) C:/Users/valmac/FullScreenPokemon/src/components/constants/Pokemon.ts[13313, 24]: elements are not aligned
ERROR: (align) C:/Users/valmac/FullScreenPokemon/src/components/constants/Pokemon.ts[13325, 24]: elements are not aligned
ERROR: (align) C:/Users/valmac/FullScreenPokemon/src/components/constants/Pokemon.ts[13328, 24]: elements are not aligned
ERROR: (align) C:/Users/valmac/FullScreenPokemon/src/components/constants/Pokemon.ts[13331, 24]: elements are not aligned
ERROR: (align) C:/Users/valmac/FullScreenPokemon/src/components/constants/Pokemon.ts[13334, 24]: elements are not aligned
ERROR: (align) C:/Users/valmac/FullScreenPokemon/src/components/constants/Pokemon.ts[13337, 24]: elements are not aligned
ERROR: (align) C:/Users/valmac/FullScreenPokemon/src/components/constants/Pokemon.ts[13340, 24]: elements are not aligned
ERROR: (align) C:/Users/valmac/FullScreenPokemon/src/components/constants/Pokemon.ts[13343, 24]: elements are not aligned
ERROR: (align) C:/Users/valmac/FullScreenPokemon/src/components/constants/Pokemon.ts[13346, 24]: elements are not aligned
ERROR: (align) C:/Users/valmac/FullScreenPokemon/src/components/constants/Pokemon.ts[13349, 24]: elements are not aligned
ERROR: (align) C:/Users/valmac/FullScreenPokemon/src/components/constants/Pokemon.ts[13352, 24]: elements are not aligned
ERROR: (align) C:/Users/valmac/FullScreenPokemon/src/components/constants/Pokemon.ts[13355, 24]: elements are not aligned
ERROR: (align) C:/Users/valmac/FullScreenPokemon/src/components/constants/Pokemon.ts[13358, 24]: elements are not aligned
ERROR: (align) C:/Users/valmac/FullScreenPokemon/src/components/constants/Pokemon.ts[13361, 24]: elements are not aligned
ERROR: (align) C:/Users/valmac/FullScreenPokemon/src/components/constants/Pokemon.ts[13364, 24]: elements are not aligned
ERROR: (align) C:/Users/valmac/FullScreenPokemon/src/components/constants/Pokemon.ts[13367, 24]: elements are not aligned
ERROR: (align) C:/Users/valmac/FullScreenPokemon/src/components/constants/Pokemon.ts[13370, 24]: elements are not aligned
ERROR: (align) C:/Users/valmac/FullScreenPokemon/src/components/constants/Pokemon.ts[13373, 24]: elements are not aligned
ERROR: (align) C:/Users/valmac/FullScreenPokemon/src/components/constants/Pokemon.ts[13376, 24]: elements are not aligned
ERROR: (align) C:/Users/valmac/FullScreenPokemon/src/components/constants/Pokemon.ts[13402, 24]: elements are not aligned
ERROR: (align) C:/Users/valmac/FullScreenPokemon/src/components/constants/Pokemon.ts[13405, 24]: elements are not aligned
ERROR: (align) C:/Users/valmac/FullScreenPokemon/src/components/constants/Pokemon.ts[13408, 24]: elements are not aligned
ERROR: (align) C:/Users/valmac/FullScreenPokemon/src/components/constants/Pokemon.ts[13411, 24]: elements are not aligned
ERROR: (align) C:/Users/valmac/FullScreenPokemon/src/components/constants/Pokemon.ts[13414, 24]: elements are not aligned
ERROR: (align) C:/Users/valmac/FullScreenPokemon/src/components/constants/Pokemon.ts[13417, 24]: elements are not aligned
ERROR: (align) C:/Users/valmac/FullScreenPokemon/src/components/constants/Pokemon.ts[13420, 24]: elements are not aligned
ERROR: (align) C:/Users/valmac/FullScreenPokemon/src/components/constants/Pokemon.ts[13423, 24]: elements are not aligned
ERROR: (align) C:/Users/valmac/FullScreenPokemon/src/components/constants/Pokemon.ts[13426, 24]: elements are not aligned
ERROR: (align) C:/Users/valmac/FullScreenPokemon/src/components/constants/Pokemon.ts[13435, 24]: elements are not aligned
ERROR: (align) C:/Users/valmac/FullScreenPokemon/src/components/constants/Pokemon.ts[13438, 24]: elements are not aligned
ERROR: (align) C:/Users/valmac/FullScreenPokemon/src/components/constants/Pokemon.ts[13441, 24]: elements are not aligned
ERROR: (align) C:/Users/valmac/FullScreenPokemon/src/components/constants/Pokemon.ts[13444, 24]: elements are not aligned
ERROR: (align) C:/Users/valmac/FullScreenPokemon/src/components/constants/Pokemon.ts[13447, 24]: elements are not aligned
ERROR: (align) C:/Users/valmac/FullScreenPokemon/src/components/constants/Pokemon.ts[13450, 24]: elements are not aligned
ERROR: (align) C:/Users/valmac/FullScreenPokemon/src/components/constants/Pokemon.ts[13453, 24]: elements are not aligned
ERROR: (align) C:/Users/valmac/FullScreenPokemon/src/components/constants/Pokemon.ts[13456, 24]: elements are not aligned
ERROR: (align) C:/Users/valmac/FullScreenPokemon/src/components/constants/Pokemon.ts[13459, 24]: elements are not aligned
ERROR: (align) C:/Users/valmac/FullScreenPokemon/src/components/constants/Pokemon.ts[13462, 24]: elements are not aligned
ERROR: (align) C:/Users/valmac/FullScreenPokemon/src/components/constants/Pokemon.ts[13465, 24]: elements are not aligned
ERROR: (align) C:/Users/valmac/FullScreenPokemon/src/components/constants/Pokemon.ts[13468, 24]: elements are not aligned
ERROR: (align) C:/Users/valmac/FullScreenPokemon/src/components/constants/Pokemon.ts[13471, 24]: elements are not aligned
ERROR: (align) C:/Users/valmac/FullScreenPokemon/src/components/constants/Pokemon.ts[13474, 24]: elements are not aligned
ERROR: (align) C:/Users/valmac/FullScreenPokemon/src/components/constants/Pokemon.ts[13477, 24]: elements are not aligned
ERROR: (align) C:/Users/valmac/FullScreenPokemon/src/components/constants/Pokemon.ts[13480, 24]: elements are not aligned
ERROR: (align) C:/Users/valmac/FullScreenPokemon/src/components/constants/Pokemon.ts[13483, 24]: elements are not aligned
ERROR: (align) C:/Users/valmac/FullScreenPokemon/src/components/constants/Pokemon.ts[13486, 24]: elements are not aligned
ERROR: (align) C:/Users/valmac/FullScreenPokemon/src/components/constants/Pokemon.ts[13489, 24]: elements are not aligned
ERROR: (align) C:/Users/valmac/FullScreenPokemon/src/components/constants/Pokemon.ts[13492, 24]: elements are not aligned
ERROR: (align) C:/Users/valmac/FullScreenPokemon/src/components/constants/Pokemon.ts[13495, 24]: elements are not aligned
ERROR: (align) C:/Users/valmac/FullScreenPokemon/src/components/constants/Pokemon.ts[13498, 24]: elements are not aligned
ERROR: (align) C:/Users/valmac/FullScreenPokemon/src/components/constants/Pokemon.ts[13501, 24]: elements are not aligned
ERROR: (align) C:/Users/valmac/FullScreenPokemon/src/components/constants/Pokemon.ts[13504, 24]: elements are not aligned
ERROR: (align) C:/Users/valmac/FullScreenPokemon/src/components/constants/Pokemon.ts[13507, 24]: elements are not aligned
ERROR: (align) C:/Users/valmac/FullScreenPokemon/src/components/constants/Pokemon.ts[13510, 24]: elements are not aligned
ERROR: (align) C:/Users/valmac/FullScreenPokemon/src/components/constants/Pokemon.ts[13513, 24]: elements are not aligned
ERROR: (align) C:/Users/valmac/FullScreenPokemon/src/components/constants/Pokemon.ts[13516, 24]: elements are not aligned
ERROR: (align) C:/Users/valmac/FullScreenPokemon/src/components/constants/Pokemon.ts[13519, 24]: elements are not aligned
ERROR: (align) C:/Users/valmac/FullScreenPokemon/src/components/constants/Pokemon.ts[13522, 24]: elements are not aligned
ERROR: (align) C:/Users/valmac/FullScreenPokemon/src/components/constants/Pokemon.ts[13525, 24]: elements are not aligned
ERROR: (align) C:/Users/valmac/FullScreenPokemon/src/components/constants/Pokemon.ts[13528, 24]: elements are not aligned
ERROR: (align) C:/Users/valmac/FullScreenPokemon/src/components/constants/Pokemon.ts[13563, 24]: elements are not aligned
ERROR: (align) C:/Users/valmac/FullScreenPokemon/src/components/constants/Pokemon.ts[13566, 24]: elements are not aligned
ERROR: (align) C:/Users/valmac/FullScreenPokemon/src/components/constants/Pokemon.ts[13569, 24]: elements are not aligned
ERROR: (align) C:/Users/valmac/FullScreenPokemon/src/components/constants/Pokemon.ts[13572, 24]: elements are not aligned
ERROR: (align) C:/Users/valmac/FullScreenPokemon/src/components/constants/Pokemon.ts[13575, 24]: elements are not aligned
ERROR: (align) C:/Users/valmac/FullScreenPokemon/src/components/constants/Pokemon.ts[13578, 24]: elements are not aligned
ERROR: (align) C:/Users/valmac/FullScreenPokemon/src/components/constants/Pokemon.ts[13586, 24]: elements are not aligned
ERROR: (align) C:/Users/valmac/FullScreenPokemon/src/components/constants/Pokemon.ts[13589, 24]: elements are not aligned
ERROR: (align) C:/Users/valmac/FullScreenPokemon/src/components/constants/Pokemon.ts[13597, 24]: elements are not aligned
ERROR: (align) C:/Users/valmac/FullScreenPokemon/src/components/constants/Pokemon.ts[13600, 24]: elements are not aligned
ERROR: (align) C:/Users/valmac/FullScreenPokemon/src/components/constants/Pokemon.ts[13603, 24]: elements are not aligned
ERROR: (align) C:/Users/valmac/FullScreenPokemon/src/components/constants/Pokemon.ts[13606, 24]: elements are not aligned
ERROR: (align) C:/Users/valmac/FullScreenPokemon/src/components/constants/Pokemon.ts[13609, 24]: elements are not aligned
ERROR: (align) C:/Users/valmac/FullScreenPokemon/src/components/constants/Pokemon.ts[13612, 24]: elements are not aligned
ERROR: (align) C:/Users/valmac/FullScreenPokemon/src/components/constants/Pokemon.ts[13615, 24]: elements are not aligned
ERROR: (align) C:/Users/valmac/FullScreenPokemon/src/components/constants/Pokemon.ts[13618, 24]: elements are not aligned
ERROR: (align) C:/Users/valmac/FullScreenPokemon/src/components/constants/Pokemon.ts[13621, 24]: elements are not aligned
ERROR: (align) C:/Users/valmac/FullScreenPokemon/src/components/constants/Pokemon.ts[13624, 24]: elements are not aligned
ERROR: (align) C:/Users/valmac/FullScreenPokemon/src/components/constants/Pokemon.ts[13627, 24]: elements are not aligned
ERROR: (align) C:/Users/valmac/FullScreenPokemon/src/components/constants/Pokemon.ts[13630, 24]: elements are not aligned
ERROR: (align) C:/Users/valmac/FullScreenPokemon/src/components/constants/Pokemon.ts[13633, 24]: elements are not aligned
ERROR: (align) C:/Users/valmac/FullScreenPokemon/src/components/constants/Pokemon.ts[13636, 24]: elements are not aligned
ERROR: (align) C:/Users/valmac/FullScreenPokemon/src/components/constants/Pokemon.ts[13639, 24]: elements are not aligned
ERROR: (align) C:/Users/valmac/FullScreenPokemon/src/components/constants/Pokemon.ts[13642, 24]: elements are not aligned
ERROR: (align) C:/Users/valmac/FullScreenPokemon/src/components/constants/Pokemon.ts[13645, 24]: elements are not aligned
ERROR: (align) C:/Users/valmac/FullScreenPokemon/src/components/constants/Pokemon.ts[13648, 24]: elements are not aligned
ERROR: (align) C:/Users/valmac/FullScreenPokemon/src/components/constants/Pokemon.ts[13651, 24]: elements are not aligned
ERROR: (align) C:/Users/valmac/FullScreenPokemon/src/components/constants/Pokemon.ts[13654, 24]: elements are not aligned
ERROR: (align) C:/Users/valmac/FullScreenPokemon/src/components/constants/Pokemon.ts[13657, 24]: elements are not aligned
ERROR: (align) C:/Users/valmac/FullScreenPokemon/src/components/constants/Pokemon.ts[13660, 24]: elements are not aligned
ERROR: (align) C:/Users/valmac/FullScreenPokemon/src/components/constants/Pokemon.ts[13663, 24]: elements are not aligned
ERROR: (align) C:/Users/valmac/FullScreenPokemon/src/components/constants/Pokemon.ts[13666, 24]: elements are not aligned
ERROR: (align) C:/Users/valmac/FullScreenPokemon/src/components/constants/Pokemon.ts[13669, 24]: elements are not aligned
ERROR: (align) C:/Users/valmac/FullScreenPokemon/src/components/constants/Pokemon.ts[13672, 24]: elements are not aligned
ERROR: (align) C:/Users/valmac/FullScreenPokemon/src/components/constants/Pokemon.ts[13698, 24]: elements are not aligned
ERROR: (align) C:/Users/valmac/FullScreenPokemon/src/components/constants/Pokemon.ts[13701, 24]: elements are not aligned
ERROR: (align) C:/Users/valmac/FullScreenPokemon/src/components/constants/Pokemon.ts[13704, 24]: elements are not aligned
ERROR: (align) C:/Users/valmac/FullScreenPokemon/src/components/constants/Pokemon.ts[13707, 24]: elements are not aligned
ERROR: (align) C:/Users/valmac/FullScreenPokemon/src/components/constants/Pokemon.ts[13710, 24]: elements are not aligned
ERROR: (align) C:/Users/valmac/FullScreenPokemon/src/components/constants/Pokemon.ts[13713, 24]: elements are not aligned
ERROR: (align) C:/Users/valmac/FullScreenPokemon/src/components/constants/Pokemon.ts[13721, 24]: elements are not aligned
ERROR: (align) C:/Users/valmac/FullScreenPokemon/src/components/constants/Pokemon.ts[13729, 24]: elements are not aligned
ERROR: (align) C:/Users/valmac/FullScreenPokemon/src/components/constants/Pokemon.ts[13732, 24]: elements are not aligned
ERROR: (align) C:/Users/valmac/FullScreenPokemon/src/components/constants/Pokemon.ts[13735, 24]: elements are not aligned
ERROR: (align) C:/Users/valmac/FullScreenPokemon/src/components/constants/Pokemon.ts[13738, 24]: elements are not aligned
ERROR: (align) C:/Users/valmac/FullScreenPokemon/src/components/constants/Pokemon.ts[13741, 24]: elements are not aligned
ERROR: (align) C:/Users/valmac/FullScreenPokemon/src/components/constants/Pokemon.ts[13744, 24]: elements are not aligned
ERROR: (align) C:/Users/valmac/FullScreenPokemon/src/components/constants/Pokemon.ts[13747, 24]: elements are not aligned
ERROR: (align) C:/Users/valmac/FullScreenPokemon/src/components/constants/Pokemon.ts[13750, 24]: elements are not aligned
ERROR: (align) C:/Users/valmac/FullScreenPokemon/src/components/constants/Pokemon.ts[13753, 24]: elements are not aligned
ERROR: (align) C:/Users/valmac/FullScreenPokemon/src/components/constants/Pokemon.ts[13756, 24]: elements are not aligned
ERROR: (align) C:/Users/valmac/FullScreenPokemon/src/components/constants/Pokemon.ts[13759, 24]: elements are not aligned
ERROR: (align) C:/Users/valmac/FullScreenPokemon/src/components/constants/Pokemon.ts[13762, 24]: elements are not aligned
ERROR: (align) C:/Users/valmac/FullScreenPokemon/src/components/constants/Pokemon.ts[13765, 24]: elements are not aligned
ERROR: (align) C:/Users/valmac/FullScreenPokemon/src/components/constants/Pokemon.ts[13768, 24]: elements are not aligned
ERROR: (align) C:/Users/valmac/FullScreenPokemon/src/components/constants/Pokemon.ts[13771, 24]: elements are not aligned
ERROR: (align) C:/Users/valmac/FullScreenPokemon/src/components/constants/Pokemon.ts[13774, 24]: elements are not aligned
ERROR: (align) C:/Users/valmac/FullScreenPokemon/src/components/constants/Pokemon.ts[13777, 24]: elements are not aligned
ERROR: (align) C:/Users/valmac/FullScreenPokemon/src/components/constants/Pokemon.ts[13780, 24]: elements are not aligned
ERROR: (align) C:/Users/valmac/FullScreenPokemon/src/components/constants/Pokemon.ts[13783, 24]: elements are not aligned
ERROR: (align) C:/Users/valmac/FullScreenPokemon/src/components/constants/Pokemon.ts[13786, 24]: elements are not aligned
ERROR: (align) C:/Users/valmac/FullScreenPokemon/src/components/constants/Pokemon.ts[13789, 24]: elements are not aligned
ERROR: (align) C:/Users/valmac/FullScreenPokemon/src/components/constants/Pokemon.ts[13792, 24]: elements are not aligned
ERROR: (align) C:/Users/valmac/FullScreenPokemon/src/components/constants/Pokemon.ts[13795, 24]: elements are not aligned
ERROR: (align) C:/Users/valmac/FullScreenPokemon/src/components/constants/Pokemon.ts[13798, 24]: elements are not aligned
ERROR: (align) C:/Users/valmac/FullScreenPokemon/src/components/constants/Pokemon.ts[13801, 24]: elements are not aligned
ERROR: (align) C:/Users/valmac/FullScreenPokemon/src/components/constants/Pokemon.ts[13804, 24]: elements are not aligned
ERROR: (align) C:/Users/valmac/FullScreenPokemon/src/components/constants/Pokemon.ts[13807, 24]: elements are not aligned
ERROR: (align) C:/Users/valmac/FullScreenPokemon/src/components/constants/Pokemon.ts[13810, 24]: elements are not aligned
ERROR: (align) C:/Users/valmac/FullScreenPokemon/src/components/constants/Pokemon.ts[13813, 24]: elements are not aligned
ERROR: (align) C:/Users/valmac/FullScreenPokemon/src/components/constants/Pokemon.ts[13816, 24]: elements are not aligned
ERROR: (align) C:/Users/valmac/FullScreenPokemon/src/components/constants/Pokemon.ts[13819, 24]: elements are not aligned
ERROR: (align) C:/Users/valmac/FullScreenPokemon/src/components/constants/Pokemon.ts[13822, 24]: elements are not aligned
ERROR: (align) C:/Users/valmac/FullScreenPokemon/src/components/constants/Pokemon.ts[13825, 24]: elements are not aligned
ERROR: (align) C:/Users/valmac/FullScreenPokemon/src/components/constants/Pokemon.ts[13860, 24]: elements are not aligned
ERROR: (align) C:/Users/valmac/FullScreenPokemon/src/components/constants/Pokemon.ts[13863, 24]: elements are not aligned
ERROR: (align) C:/Users/valmac/FullScreenPokemon/src/components/constants/Pokemon.ts[13866, 24]: elements are not aligned
ERROR: (align) C:/Users/valmac/FullScreenPokemon/src/components/constants/Pokemon.ts[13869, 24]: elements are not aligned
ERROR: (align) C:/Users/valmac/FullScreenPokemon/src/components/constants/Pokemon.ts[13872, 24]: elements are not aligned
ERROR: (align) C:/Users/valmac/FullScreenPokemon/src/components/constants/Pokemon.ts[13875, 24]: elements are not aligned
ERROR: (align) C:/Users/valmac/FullScreenPokemon/src/components/constants/Pokemon.ts[13884, 24]: elements are not aligned
ERROR: (align) C:/Users/valmac/FullScreenPokemon/src/components/constants/Pokemon.ts[13887, 24]: elements are not aligned
ERROR: (align) C:/Users/valmac/FullScreenPokemon/src/components/constants/Pokemon.ts[13890, 24]: elements are not aligned
ERROR: (align) C:/Users/valmac/FullScreenPokemon/src/components/constants/Pokemon.ts[13893, 24]: elements are not aligned
ERROR: (align) C:/Users/valmac/FullScreenPokemon/src/components/constants/Pokemon.ts[13896, 24]: elements are not aligned
ERROR: (align) C:/Users/valmac/FullScreenPokemon/src/components/constants/Pokemon.ts[13899, 24]: elements are not aligned
ERROR: (align) C:/Users/valmac/FullScreenPokemon/src/components/constants/Pokemon.ts[13902, 24]: elements are not aligned
ERROR: (align) C:/Users/valmac/FullScreenPokemon/src/components/constants/Pokemon.ts[13905, 24]: elements are not aligned
ERROR: (align) C:/Users/valmac/FullScreenPokemon/src/components/constants/Pokemon.ts[13908, 24]: elements are not aligned
ERROR: (align) C:/Users/valmac/FullScreenPokemon/src/components/constants/Pokemon.ts[13911, 24]: elements are not aligned
ERROR: (align) C:/Users/valmac/FullScreenPokemon/src/components/constants/Pokemon.ts[13914, 24]: elements are not aligned
ERROR: (align) C:/Users/valmac/FullScreenPokemon/src/components/constants/Pokemon.ts[13917, 24]: elements are not aligned
ERROR: (align) C:/Users/valmac/FullScreenPokemon/src/components/constants/Pokemon.ts[13953, 24]: elements are not aligned
ERROR: (align) C:/Users/valmac/FullScreenPokemon/src/components/constants/Pokemon.ts[13956, 24]: elements are not aligned
ERROR: (align) C:/Users/valmac/FullScreenPokemon/src/components/constants/Pokemon.ts[13959, 24]: elements are not aligned
ERROR: (align) C:/Users/valmac/FullScreenPokemon/src/components/constants/Pokemon.ts[13962, 24]: elements are not aligned
ERROR: (align) C:/Users/valmac/FullScreenPokemon/src/components/constants/Pokemon.ts[13965, 24]: elements are not aligned
ERROR: (align) C:/Users/valmac/FullScreenPokemon/src/components/constants/Pokemon.ts[13968, 24]: elements are not aligned
ERROR: (align) C:/Users/valmac/FullScreenPokemon/src/components/constants/Pokemon.ts[13971, 24]: elements are not aligned
ERROR: (align) C:/Users/valmac/FullScreenPokemon/src/components/constants/Pokemon.ts[13980, 24]: elements are not aligned
ERROR: (align) C:/Users/valmac/FullScreenPokemon/src/components/constants/Pokemon.ts[13983, 24]: elements are not aligned
ERROR: (align) C:/Users/valmac/FullScreenPokemon/src/components/constants/Pokemon.ts[13986, 24]: elements are not aligned
ERROR: (align) C:/Users/valmac/FullScreenPokemon/src/components/constants/Pokemon.ts[13989, 24]: elements are not aligned
ERROR: (align) C:/Users/valmac/FullScreenPokemon/src/components/constants/Pokemon.ts[13992, 24]: elements are not aligned
ERROR: (align) C:/Users/valmac/FullScreenPokemon/src/components/constants/Pokemon.ts[13995, 24]: elements are not aligned
ERROR: (align) C:/Users/valmac/FullScreenPokemon/src/components/constants/Pokemon.ts[13998, 24]: elements are not aligned
ERROR: (align) C:/Users/valmac/FullScreenPokemon/src/components/constants/Pokemon.ts[14001, 24]: elements are not aligned
ERROR: (align) C:/Users/valmac/FullScreenPokemon/src/components/constants/Pokemon.ts[14004, 24]: elements are not aligned
ERROR: (align) C:/Users/valmac/FullScreenPokemon/src/components/constants/Pokemon.ts[14007, 24]: elements are not aligned
ERROR: (align) C:/Users/valmac/FullScreenPokemon/src/components/constants/Pokemon.ts[14010, 24]: elements are not aligned
ERROR: (align) C:/Users/valmac/FullScreenPokemon/src/components/constants/Pokemon.ts[14013, 24]: elements are not aligned
ERROR: (align) C:/Users/valmac/FullScreenPokemon/src/components/constants/Pokemon.ts[14016, 24]: elements are not aligned
ERROR: (align) C:/Users/valmac/FullScreenPokemon/src/components/constants/Pokemon.ts[14019, 24]: elements are not aligned
ERROR: (align) C:/Users/valmac/FullScreenPokemon/src/components/constants/Pokemon.ts[14022, 24]: elements are not aligned
ERROR: (align) C:/Users/valmac/FullScreenPokemon/src/components/constants/Pokemon.ts[14025, 24]: elements are not aligned
ERROR: (align) C:/Users/valmac/FullScreenPokemon/src/components/constants/Pokemon.ts[14028, 24]: elements are not aligned
ERROR: (align) C:/Users/valmac/FullScreenPokemon/src/components/constants/Pokemon.ts[14031, 24]: elements are not aligned
ERROR: (align) C:/Users/valmac/FullScreenPokemon/src/components/constants/Pokemon.ts[14034, 24]: elements are not aligned
ERROR: (align) C:/Users/valmac/FullScreenPokemon/src/components/constants/Pokemon.ts[14037, 24]: elements are not aligned
ERROR: (align) C:/Users/valmac/FullScreenPokemon/src/components/constants/Pokemon.ts[14040, 24]: elements are not aligned
ERROR: (align) C:/Users/valmac/FullScreenPokemon/src/components/constants/Pokemon.ts[14066, 24]: elements are not aligned
ERROR: (align) C:/Users/valmac/FullScreenPokemon/src/components/constants/Pokemon.ts[14069, 24]: elements are not aligned
ERROR: (align) C:/Users/valmac/FullScreenPokemon/src/components/constants/Pokemon.ts[14077, 24]: elements are not aligned
ERROR: (align) C:/Users/valmac/FullScreenPokemon/src/components/constants/Pokemon.ts[14085, 24]: elements are not aligned
ERROR: (align) C:/Users/valmac/FullScreenPokemon/src/components/constants/Pokemon.ts[14120, 24]: elements are not aligned
ERROR: (align) C:/Users/valmac/FullScreenPokemon/src/components/constants/Pokemon.ts[14123, 24]: elements are not aligned
ERROR: (align) C:/Users/valmac/FullScreenPokemon/src/components/constants/Pokemon.ts[14126, 24]: elements are not aligned
ERROR: (align) C:/Users/valmac/FullScreenPokemon/src/components/constants/Pokemon.ts[14129, 24]: elements are not aligned
ERROR: (align) C:/Users/valmac/FullScreenPokemon/src/components/constants/Pokemon.ts[14132, 24]: elements are not aligned
ERROR: (align) C:/Users/valmac/FullScreenPokemon/src/components/constants/Pokemon.ts[14135, 24]: elements are not aligned
ERROR: (align) C:/Users/valmac/FullScreenPokemon/src/components/constants/Pokemon.ts[14138, 24]: elements are not aligned
ERROR: (align) C:/Users/valmac/FullScreenPokemon/src/components/constants/Pokemon.ts[14147, 24]: elements are not aligned
ERROR: (align) C:/Users/valmac/FullScreenPokemon/src/components/constants/Pokemon.ts[14150, 24]: elements are not aligned
ERROR: (align) C:/Users/valmac/FullScreenPokemon/src/components/constants/Pokemon.ts[14153, 24]: elements are not aligned
ERROR: (align) C:/Users/valmac/FullScreenPokemon/src/components/constants/Pokemon.ts[14156, 24]: elements are not aligned
ERROR: (align) C:/Users/valmac/FullScreenPokemon/src/components/constants/Pokemon.ts[14159, 24]: elements are not aligned
ERROR: (align) C:/Users/valmac/FullScreenPokemon/src/components/constants/Pokemon.ts[14162, 24]: elements are not aligned
ERROR: (align) C:/Users/valmac/FullScreenPokemon/src/components/constants/Pokemon.ts[14165, 24]: elements are not aligned
ERROR: (align) C:/Users/valmac/FullScreenPokemon/src/components/constants/Pokemon.ts[14168, 24]: elements are not aligned
ERROR: (align) C:/Users/valmac/FullScreenPokemon/src/components/constants/Pokemon.ts[14171, 24]: elements are not aligned
ERROR: (align) C:/Users/valmac/FullScreenPokemon/src/components/constants/Pokemon.ts[14174, 24]: elements are not aligned
ERROR: (align) C:/Users/valmac/FullScreenPokemon/src/components/constants/Pokemon.ts[14177, 24]: elements are not aligned
ERROR: (align) C:/Users/valmac/FullScreenPokemon/src/components/constants/Pokemon.ts[14180, 24]: elements are not aligned
ERROR: (align) C:/Users/valmac/FullScreenPokemon/src/components/constants/Pokemon.ts[14183, 24]: elements are not aligned
ERROR: (align) C:/Users/valmac/FullScreenPokemon/src/components/constants/Pokemon.ts[14186, 24]: elements are not aligned
ERROR: (align) C:/Users/valmac/FullScreenPokemon/src/components/constants/Pokemon.ts[14189, 24]: elements are not aligned
ERROR: (align) C:/Users/valmac/FullScreenPokemon/src/components/constants/Pokemon.ts[14192, 24]: elements are not aligned
ERROR: (align) C:/Users/valmac/FullScreenPokemon/src/components/constants/Pokemon.ts[14195, 24]: elements are not aligned
ERROR: (align) C:/Users/valmac/FullScreenPokemon/src/components/constants/Pokemon.ts[14198, 24]: elements are not aligned
ERROR: (align) C:/Users/valmac/FullScreenPokemon/src/components/constants/Pokemon.ts[14201, 24]: elements are not aligned
ERROR: (align) C:/Users/valmac/FullScreenPokemon/src/components/constants/Pokemon.ts[14204, 24]: elements are not aligned
ERROR: (align) C:/Users/valmac/FullScreenPokemon/src/components/constants/Pokemon.ts[14207, 24]: elements are not aligned
ERROR: (align) C:/Users/valmac/FullScreenPokemon/src/components/constants/Pokemon.ts[14210, 24]: elements are not aligned
ERROR: (align) C:/Users/valmac/FullScreenPokemon/src/components/constants/Pokemon.ts[14236, 24]: elements are not aligned
ERROR: (align) C:/Users/valmac/FullScreenPokemon/src/components/constants/Pokemon.ts[14239, 24]: elements are not aligned
ERROR: (align) C:/Users/valmac/FullScreenPokemon/src/components/constants/Pokemon.ts[14242, 24]: elements are not aligned
ERROR: (align) C:/Users/valmac/FullScreenPokemon/src/components/constants/Pokemon.ts[14245, 24]: elements are not aligned
ERROR: (align) C:/Users/valmac/FullScreenPokemon/src/components/constants/Pokemon.ts[14248, 24]: elements are not aligned
ERROR: (align) C:/Users/valmac/FullScreenPokemon/src/components/constants/Pokemon.ts[14251, 24]: elements are not aligned
ERROR: (align) C:/Users/valmac/FullScreenPokemon/src/components/constants/Pokemon.ts[14254, 24]: elements are not aligned
ERROR: (align) C:/Users/valmac/FullScreenPokemon/src/components/constants/Pokemon.ts[14266, 24]: elements are not aligned
ERROR: (align) C:/Users/valmac/FullScreenPokemon/src/components/constants/Pokemon.ts[14269, 24]: elements are not aligned
ERROR: (align) C:/Users/valmac/FullScreenPokemon/src/components/constants/Pokemon.ts[14272, 24]: elements are not aligned
ERROR: (align) C:/Users/valmac/FullScreenPokemon/src/components/constants/Pokemon.ts[14275, 24]: elements are not aligned
ERROR: (align) C:/Users/valmac/FullScreenPokemon/src/components/constants/Pokemon.ts[14278, 24]: elements are not aligned
ERROR: (align) C:/Users/valmac/FullScreenPokemon/src/components/constants/Pokemon.ts[14281, 24]: elements are not aligned
ERROR: (align) C:/Users/valmac/FullScreenPokemon/src/components/constants/Pokemon.ts[14284, 24]: elements are not aligned
ERROR: (align) C:/Users/valmac/FullScreenPokemon/src/components/constants/Pokemon.ts[14287, 24]: elements are not aligned
ERROR: (align) C:/Users/valmac/FullScreenPokemon/src/components/constants/Pokemon.ts[14290, 24]: elements are not aligned
ERROR: (align) C:/Users/valmac/FullScreenPokemon/src/components/constants/Pokemon.ts[14293, 24]: elements are not aligned
ERROR: (align) C:/Users/valmac/FullScreenPokemon/src/components/constants/Pokemon.ts[14296, 24]: elements are not aligned
ERROR: (align) C:/Users/valmac/FullScreenPokemon/src/components/constants/Pokemon.ts[14299, 24]: elements are not aligned
ERROR: (align) C:/Users/valmac/FullScreenPokemon/src/components/constants/Pokemon.ts[14302, 24]: elements are not aligned
ERROR: (align) C:/Users/valmac/FullScreenPokemon/src/components/constants/Pokemon.ts[14305, 24]: elements are not aligned
ERROR: (align) C:/Users/valmac/FullScreenPokemon/src/components/constants/Pokemon.ts[14331, 24]: elements are not aligned
ERROR: (align) C:/Users/valmac/FullScreenPokemon/src/components/constants/Pokemon.ts[14334, 24]: elements are not aligned
ERROR: (align) C:/Users/valmac/FullScreenPokemon/src/components/constants/Pokemon.ts[14337, 24]: elements are not aligned
ERROR: (align) C:/Users/valmac/FullScreenPokemon/src/components/constants/Pokemon.ts[14340, 24]: elements are not aligned
ERROR: (align) C:/Users/valmac/FullScreenPokemon/src/components/constants/Pokemon.ts[14343, 24]: elements are not aligned
ERROR: (align) C:/Users/valmac/FullScreenPokemon/src/components/constants/Pokemon.ts[14352, 24]: elements are not aligned
ERROR: (align) C:/Users/valmac/FullScreenPokemon/src/components/constants/Pokemon.ts[14355, 24]: elements are not aligned
ERROR: (align) C:/Users/valmac/FullScreenPokemon/src/components/constants/Pokemon.ts[14358, 24]: elements are not aligned
ERROR: (align) C:/Users/valmac/FullScreenPokemon/src/components/constants/Pokemon.ts[14361, 24]: elements are not aligned
ERROR: (align) C:/Users/valmac/FullScreenPokemon/src/components/constants/Pokemon.ts[14364, 24]: elements are not aligned
ERROR: (align) C:/Users/valmac/FullScreenPokemon/src/components/constants/Pokemon.ts[14367, 24]: elements are not aligned
ERROR: (align) C:/Users/valmac/FullScreenPokemon/src/components/constants/Pokemon.ts[14370, 24]: elements are not aligned
ERROR: (align) C:/Users/valmac/FullScreenPokemon/src/components/constants/Pokemon.ts[14373, 24]: elements are not aligned
ERROR: (align) C:/Users/valmac/FullScreenPokemon/src/components/constants/Pokemon.ts[14376, 24]: elements are not aligned
ERROR: (align) C:/Users/valmac/FullScreenPokemon/src/components/constants/Pokemon.ts[14379, 24]: elements are not aligned
ERROR: (align) C:/Users/valmac/FullScreenPokemon/src/components/constants/Pokemon.ts[14382, 24]: elements are not aligned
ERROR: (align) C:/Users/valmac/FullScreenPokemon/src/components/constants/Pokemon.ts[14385, 24]: elements are not aligned
ERROR: (align) C:/Users/valmac/FullScreenPokemon/src/components/constants/Pokemon.ts[14388, 24]: elements are not aligned
ERROR: (align) C:/Users/valmac/FullScreenPokemon/src/components/constants/Pokemon.ts[14391, 24]: elements are not aligned
ERROR: (align) C:/Users/valmac/FullScreenPokemon/src/components/constants/Pokemon.ts[14394, 24]: elements are not aligned
ERROR: (align) C:/Users/valmac/FullScreenPokemon/src/components/constants/Pokemon.ts[14397, 24]: elements are not aligned
ERROR: (align) C:/Users/valmac/FullScreenPokemon/src/components/constants/Pokemon.ts[14400, 24]: elements are not aligned
ERROR: (align) C:/Users/valmac/FullScreenPokemon/src/components/constants/Pokemon.ts[14403, 24]: elements are not aligned
ERROR: (align) C:/Users/valmac/FullScreenPokemon/src/components/constants/Pokemon.ts[14406, 24]: elements are not aligned
ERROR: (align) C:/Users/valmac/FullScreenPokemon/src/components/constants/Pokemon.ts[14441, 24]: elements are not aligned
ERROR: (align) C:/Users/valmac/FullScreenPokemon/src/components/constants/Pokemon.ts[14444, 24]: elements are not aligned
ERROR: (align) C:/Users/valmac/FullScreenPokemon/src/components/constants/Pokemon.ts[14447, 24]: elements are not aligned
ERROR: (align) C:/Users/valmac/FullScreenPokemon/src/components/constants/Pokemon.ts[14450, 24]: elements are not aligned
ERROR: (align) C:/Users/valmac/FullScreenPokemon/src/components/constants/Pokemon.ts[14453, 24]: elements are not aligned
ERROR: (align) C:/Users/valmac/FullScreenPokemon/src/components/constants/Pokemon.ts[14456, 24]: elements are not aligned
ERROR: (align) C:/Users/valmac/FullScreenPokemon/src/components/constants/Pokemon.ts[14459, 24]: elements are not aligned
ERROR: (align) C:/Users/valmac/FullScreenPokemon/src/components/constants/Pokemon.ts[14462, 24]: elements are not aligned
ERROR: (align) C:/Users/valmac/FullScreenPokemon/src/components/constants/Pokemon.ts[14470, 24]: elements are not aligned
ERROR: (align) C:/Users/valmac/FullScreenPokemon/src/components/constants/Pokemon.ts[14478, 24]: elements are not aligned
ERROR: (align) C:/Users/valmac/FullScreenPokemon/src/components/constants/Pokemon.ts[14481, 24]: elements are not aligned
ERROR: (align) C:/Users/valmac/FullScreenPokemon/src/components/constants/Pokemon.ts[14484, 24]: elements are not aligned
ERROR: (align) C:/Users/valmac/FullScreenPokemon/src/components/constants/Pokemon.ts[14487, 24]: elements are not aligned
ERROR: (align) C:/Users/valmac/FullScreenPokemon/src/components/constants/Pokemon.ts[14490, 24]: elements are not aligned
ERROR: (align) C:/Users/valmac/FullScreenPokemon/src/components/constants/Pokemon.ts[14493, 24]: elements are not aligned
ERROR: (align) C:/Users/valmac/FullScreenPokemon/src/components/constants/Pokemon.ts[14496, 24]: elements are not aligned
ERROR: (align) C:/Users/valmac/FullScreenPokemon/src/components/constants/Pokemon.ts[14499, 24]: elements are not aligned
ERROR: (align) C:/Users/valmac/FullScreenPokemon/src/components/constants/Pokemon.ts[14502, 24]: elements are not aligned
ERROR: (align) C:/Users/valmac/FullScreenPokemon/src/components/constants/Pokemon.ts[14505, 24]: elements are not aligned
ERROR: (align) C:/Users/valmac/FullScreenPokemon/src/components/constants/Pokemon.ts[14508, 24]: elements are not aligned
ERROR: (align) C:/Users/valmac/FullScreenPokemon/src/components/constants/Pokemon.ts[14511, 24]: elements are not aligned
ERROR: (align) C:/Users/valmac/FullScreenPokemon/src/components/constants/Pokemon.ts[14514, 24]: elements are not aligned
ERROR: (align) C:/Users/valmac/FullScreenPokemon/src/components/constants/Pokemon.ts[14517, 24]: elements are not aligned
ERROR: (align) C:/Users/valmac/FullScreenPokemon/src/components/constants/Pokemon.ts[14520, 24]: elements are not aligned
ERROR: (align) C:/Users/valmac/FullScreenPokemon/src/components/constants/Pokemon.ts[14523, 24]: elements are not aligned
ERROR: (align) C:/Users/valmac/FullScreenPokemon/src/components/constants/Pokemon.ts[14549, 24]: elements are not aligned
ERROR: (align) C:/Users/valmac/FullScreenPokemon/src/components/constants/Pokemon.ts[14552, 24]: elements are not aligned
ERROR: (align) C:/Users/valmac/FullScreenPokemon/src/components/constants/Pokemon.ts[14555, 24]: elements are not aligned
ERROR: (align) C:/Users/valmac/FullScreenPokemon/src/components/constants/Pokemon.ts[14558, 24]: elements are not aligned
ERROR: (align) C:/Users/valmac/FullScreenPokemon/src/components/constants/Pokemon.ts[14561, 24]: elements are not aligned
ERROR: (align) C:/Users/valmac/FullScreenPokemon/src/components/constants/Pokemon.ts[14564, 24]: elements are not aligned
ERROR: (align) C:/Users/valmac/FullScreenPokemon/src/components/constants/Pokemon.ts[14567, 24]: elements are not aligned
ERROR: (align) C:/Users/valmac/FullScreenPokemon/src/components/constants/Pokemon.ts[14570, 24]: elements are not aligned
ERROR: (align) C:/Users/valmac/FullScreenPokemon/src/components/constants/Pokemon.ts[14573, 24]: elements are not aligned
ERROR: (align) C:/Users/valmac/FullScreenPokemon/src/components/constants/Pokemon.ts[14576, 24]: elements are not aligned
ERROR: (align) C:/Users/valmac/FullScreenPokemon/src/components/constants/Pokemon.ts[14584, 24]: elements are not aligned
ERROR: (align) C:/Users/valmac/FullScreenPokemon/src/components/constants/Pokemon.ts[14592, 24]: elements are not aligned
ERROR: (align) C:/Users/valmac/FullScreenPokemon/src/components/constants/Pokemon.ts[14595, 24]: elements are not aligned
ERROR: (align) C:/Users/valmac/FullScreenPokemon/src/components/constants/Pokemon.ts[14598, 24]: elements are not aligned
ERROR: (align) C:/Users/valmac/FullScreenPokemon/src/components/constants/Pokemon.ts[14601, 24]: elements are not aligned
ERROR: (align) C:/Users/valmac/FullScreenPokemon/src/components/constants/Pokemon.ts[14604, 24]: elements are not aligned
ERROR: (align) C:/Users/valmac/FullScreenPokemon/src/components/constants/Pokemon.ts[14607, 24]: elements are not aligned
ERROR: (align) C:/Users/valmac/FullScreenPokemon/src/components/constants/Pokemon.ts[14610, 24]: elements are not aligned
ERROR: (align) C:/Users/valmac/FullScreenPokemon/src/components/constants/Pokemon.ts[14613, 24]: elements are not aligned
ERROR: (align) C:/Users/valmac/FullScreenPokemon/src/components/constants/Pokemon.ts[14616, 24]: elements are not aligned
ERROR: (align) C:/Users/valmac/FullScreenPokemon/src/components/constants/Pokemon.ts[14619, 24]: elements are not aligned
ERROR: (align) C:/Users/valmac/FullScreenPokemon/src/components/constants/Pokemon.ts[14622, 24]: elements are not aligned
ERROR: (align) C:/Users/valmac/FullScreenPokemon/src/components/constants/Pokemon.ts[14625, 24]: elements are not aligned
ERROR: (align) C:/Users/valmac/FullScreenPokemon/src/components/constants/Pokemon.ts[14628, 24]: elements are not aligned
ERROR: (align) C:/Users/valmac/FullScreenPokemon/src/components/constants/Pokemon.ts[14631, 24]: elements are not aligned
ERROR: (align) C:/Users/valmac/FullScreenPokemon/src/components/constants/Pokemon.ts[14634, 24]: elements are not aligned
ERROR: (align) C:/Users/valmac/FullScreenPokemon/src/components/constants/Pokemon.ts[14637, 24]: elements are not aligned
ERROR: (align) C:/Users/valmac/FullScreenPokemon/src/components/constants/Pokemon.ts[14640, 24]: elements are not aligned
ERROR: (align) C:/Users/valmac/FullScreenPokemon/src/components/constants/Pokemon.ts[14666, 24]: elements are not aligned
ERROR: (align) C:/Users/valmac/FullScreenPokemon/src/components/constants/Pokemon.ts[14669, 24]: elements are not aligned
ERROR: (align) C:/Users/valmac/FullScreenPokemon/src/components/constants/Pokemon.ts[14672, 24]: elements are not aligned
ERROR: (align) C:/Users/valmac/FullScreenPokemon/src/components/constants/Pokemon.ts[14675, 24]: elements are not aligned
ERROR: (align) C:/Users/valmac/FullScreenPokemon/src/components/constants/Pokemon.ts[14678, 24]: elements are not aligned
ERROR: (align) C:/Users/valmac/FullScreenPokemon/src/components/constants/Pokemon.ts[14681, 24]: elements are not aligned
ERROR: (align) C:/Users/valmac/FullScreenPokemon/src/components/constants/Pokemon.ts[14684, 24]: elements are not aligned
ERROR: (align) C:/Users/valmac/FullScreenPokemon/src/components/constants/Pokemon.ts[14687, 24]: elements are not aligned
ERROR: (align) C:/Users/valmac/FullScreenPokemon/src/components/constants/Pokemon.ts[14690, 24]: elements are not aligned
ERROR: (align) C:/Users/valmac/FullScreenPokemon/src/components/constants/Pokemon.ts[14693, 24]: elements are not aligned
ERROR: (align) C:/Users/valmac/FullScreenPokemon/src/components/constants/Pokemon.ts[14696, 24]: elements are not aligned
ERROR: (align) C:/Users/valmac/FullScreenPokemon/src/components/constants/Pokemon.ts[14730, 24]: elements are not aligned
ERROR: (align) C:/Users/valmac/FullScreenPokemon/src/components/constants/Pokemon.ts[14733, 24]: elements are not aligned
ERROR: (align) C:/Users/valmac/FullScreenPokemon/src/components/constants/Pokemon.ts[14736, 24]: elements are not aligned
ERROR: (align) C:/Users/valmac/FullScreenPokemon/src/components/constants/Pokemon.ts[14739, 24]: elements are not aligned
ERROR: (align) C:/Users/valmac/FullScreenPokemon/src/components/constants/Pokemon.ts[14742, 24]: elements are not aligned
ERROR: (align) C:/Users/valmac/FullScreenPokemon/src/components/constants/Pokemon.ts[14745, 24]: elements are not aligned
ERROR: (align) C:/Users/valmac/FullScreenPokemon/src/components/constants/Pokemon.ts[14748, 24]: elements are not aligned
ERROR: (align) C:/Users/valmac/FullScreenPokemon/src/components/constants/Pokemon.ts[14751, 24]: elements are not aligned
ERROR: (align) C:/Users/valmac/FullScreenPokemon/src/components/constants/Pokemon.ts[14754, 24]: elements are not aligned
ERROR: (align) C:/Users/valmac/FullScreenPokemon/src/components/constants/Pokemon.ts[14763, 24]: elements are not aligned
ERROR: (align) C:/Users/valmac/FullScreenPokemon/src/components/constants/Pokemon.ts[14766, 24]: elements are not aligned
ERROR: (align) C:/Users/valmac/FullScreenPokemon/src/components/constants/Pokemon.ts[14769, 24]: elements are not aligned
ERROR: (align) C:/Users/valmac/FullScreenPokemon/src/components/constants/Pokemon.ts[14772, 24]: elements are not aligned
ERROR: (align) C:/Users/valmac/FullScreenPokemon/src/components/constants/Pokemon.ts[14775, 24]: elements are not aligned
ERROR: (align) C:/Users/valmac/FullScreenPokemon/src/components/constants/Pokemon.ts[14778, 24]: elements are not aligned
ERROR: (align) C:/Users/valmac/FullScreenPokemon/src/components/constants/Pokemon.ts[14781, 24]: elements are not aligned
ERROR: (align) C:/Users/valmac/FullScreenPokemon/src/components/constants/Pokemon.ts[14784, 24]: elements are not aligned
ERROR: (align) C:/Users/valmac/FullScreenPokemon/src/components/constants/Pokemon.ts[14787, 24]: elements are not aligned
ERROR: (align) C:/Users/valmac/FullScreenPokemon/src/components/constants/Pokemon.ts[14822, 24]: elements are not aligned
ERROR: (align) C:/Users/valmac/FullScreenPokemon/src/components/constants/Pokemon.ts[14825, 24]: elements are not aligned
ERROR: (align) C:/Users/valmac/FullScreenPokemon/src/components/constants/Pokemon.ts[14828, 24]: elements are not aligned
ERROR: (align) C:/Users/valmac/FullScreenPokemon/src/components/constants/Pokemon.ts[14831, 24]: elements are not aligned
ERROR: (align) C:/Users/valmac/FullScreenPokemon/src/components/constants/Pokemon.ts[14834, 24]: elements are not aligned
ERROR: (align) C:/Users/valmac/FullScreenPokemon/src/components/constants/Pokemon.ts[14837, 24]: elements are not aligned
ERROR: (align) C:/Users/valmac/FullScreenPokemon/src/components/constants/Pokemon.ts[14840, 24]: elements are not aligned
ERROR: (align) C:/Users/valmac/FullScreenPokemon/src/components/constants/Pokemon.ts[14848, 24]: elements are not aligned
ERROR: (align) C:/Users/valmac/FullScreenPokemon/src/components/constants/Pokemon.ts[14851, 24]: elements are not aligned
ERROR: (align) C:/Users/valmac/FullScreenPokemon/src/components/constants/Pokemon.ts[14854, 24]: elements are not aligned
ERROR: (align) C:/Users/valmac/FullScreenPokemon/src/components/constants/Pokemon.ts[14857, 24]: elements are not aligned
ERROR: (align) C:/Users/valmac/FullScreenPokemon/src/components/constants/Pokemon.ts[14860, 24]: elements are not aligned
ERROR: (align) C:/Users/valmac/FullScreenPokemon/src/components/constants/Pokemon.ts[14863, 24]: elements are not aligned
ERROR: (align) C:/Users/valmac/FullScreenPokemon/src/components/constants/Pokemon.ts[14866, 24]: elements are not aligned
ERROR: (align) C:/Users/valmac/FullScreenPokemon/src/components/constants/Pokemon.ts[14869, 24]: elements are not aligned
ERROR: (align) C:/Users/valmac/FullScreenPokemon/src/components/constants/Pokemon.ts[14872, 24]: elements are not aligned
ERROR: (align) C:/Users/valmac/FullScreenPokemon/src/components/constants/Pokemon.ts[14875, 24]: elements are not aligned
ERROR: (align) C:/Users/valmac/FullScreenPokemon/src/components/constants/Pokemon.ts[14878, 24]: elements are not aligned
ERROR: (align) C:/Users/valmac/FullScreenPokemon/src/components/constants/Pokemon.ts[14881, 24]: elements are not aligned
ERROR: (align) C:/Users/valmac/FullScreenPokemon/src/components/constants/Pokemon.ts[14884, 24]: elements are not aligned
ERROR: (align) C:/Users/valmac/FullScreenPokemon/src/components/constants/Pokemon.ts[14892, 24]: elements are not aligned
ERROR: (align) C:/Users/valmac/FullScreenPokemon/src/components/constants/Pokemon.ts[14895, 24]: elements are not aligned
ERROR: (align) C:/Users/valmac/FullScreenPokemon/src/components/constants/Pokemon.ts[14898, 24]: elements are not aligned
ERROR: (align) C:/Users/valmac/FullScreenPokemon/src/components/constants/Pokemon.ts[14901, 24]: elements are not aligned
ERROR: (align) C:/Users/valmac/FullScreenPokemon/src/components/constants/Pokemon.ts[14904, 24]: elements are not aligned
ERROR: (align) C:/Users/valmac/FullScreenPokemon/src/components/constants/Pokemon.ts[14907, 24]: elements are not aligned
ERROR: (align) C:/Users/valmac/FullScreenPokemon/src/components/constants/Pokemon.ts[14910, 24]: elements are not aligned
ERROR: (align) C:/Users/valmac/FullScreenPokemon/src/components/constants/Pokemon.ts[14913, 24]: elements are not aligned
ERROR: (align) C:/Users/valmac/FullScreenPokemon/src/components/constants/Pokemon.ts[14916, 24]: elements are not aligned
ERROR: (align) C:/Users/valmac/FullScreenPokemon/src/components/constants/Pokemon.ts[14942, 24]: elements are not aligned
ERROR: (align) C:/Users/valmac/FullScreenPokemon/src/components/constants/Pokemon.ts[14945, 24]: elements are not aligned
ERROR: (align) C:/Users/valmac/FullScreenPokemon/src/components/constants/Pokemon.ts[14948, 24]: elements are not aligned
ERROR: (align) C:/Users/valmac/FullScreenPokemon/src/components/constants/Pokemon.ts[14951, 24]: elements are not aligned
ERROR: (align) C:/Users/valmac/FullScreenPokemon/src/components/constants/Pokemon.ts[14954, 24]: elements are not aligned
ERROR: (align) C:/Users/valmac/FullScreenPokemon/src/components/constants/Pokemon.ts[14957, 24]: elements are not aligned
ERROR: (align) C:/Users/valmac/FullScreenPokemon/src/components/constants/Pokemon.ts[14960, 24]: elements are not aligned
ERROR: (align) C:/Users/valmac/FullScreenPokemon/src/components/constants/Pokemon.ts[14963, 24]: elements are not aligned
ERROR: (align) C:/Users/valmac/FullScreenPokemon/src/components/constants/Pokemon.ts[14966, 24]: elements are not aligned
ERROR: (align) C:/Users/valmac/FullScreenPokemon/src/components/constants/Pokemon.ts[14969, 24]: elements are not aligned
ERROR: (align) C:/Users/valmac/FullScreenPokemon/src/components/constants/Pokemon.ts[14978, 24]: elements are not aligned
ERROR: (align) C:/Users/valmac/FullScreenPokemon/src/components/constants/Pokemon.ts[14981, 24]: elements are not aligned
ERROR: (align) C:/Users/valmac/FullScreenPokemon/src/components/constants/Pokemon.ts[14984, 24]: elements are not aligned
ERROR: (align) C:/Users/valmac/FullScreenPokemon/src/components/constants/Pokemon.ts[14987, 24]: elements are not aligned
ERROR: (align) C:/Users/valmac/FullScreenPokemon/src/components/constants/Pokemon.ts[14990, 24]: elements are not aligned
ERROR: (align) C:/Users/valmac/FullScreenPokemon/src/components/constants/Pokemon.ts[14993, 24]: elements are not aligned
ERROR: (align) C:/Users/valmac/FullScreenPokemon/src/components/constants/Pokemon.ts[14996, 24]: elements are not aligned
ERROR: (align) C:/Users/valmac/FullScreenPokemon/src/components/constants/Pokemon.ts[14999, 24]: elements are not aligned
ERROR: (align) C:/Users/valmac/FullScreenPokemon/src/components/constants/Pokemon.ts[15002, 24]: elements are not aligned
ERROR: (align) C:/Users/valmac/FullScreenPokemon/src/components/constants/Pokemon.ts[15005, 24]: elements are not aligned
ERROR: (align) C:/Users/valmac/FullScreenPokemon/src/components/constants/Pokemon.ts[15008, 24]: elements are not aligned
ERROR: (align) C:/Users/valmac/FullScreenPokemon/src/components/constants/Pokemon.ts[15011, 24]: elements are not aligned
ERROR: (align) C:/Users/valmac/FullScreenPokemon/src/components/constants/Pokemon.ts[15014, 24]: elements are not aligned
ERROR: (align) C:/Users/valmac/FullScreenPokemon/src/components/constants/Pokemon.ts[15017, 24]: elements are not aligned
ERROR: (align) C:/Users/valmac/FullScreenPokemon/src/components/constants/Pokemon.ts[15043, 24]: elements are not aligned
ERROR: (align) C:/Users/valmac/FullScreenPokemon/src/components/constants/Pokemon.ts[15046, 24]: elements are not aligned
ERROR: (align) C:/Users/valmac/FullScreenPokemon/src/components/constants/Pokemon.ts[15049, 24]: elements are not aligned
ERROR: (align) C:/Users/valmac/FullScreenPokemon/src/components/constants/Pokemon.ts[15052, 24]: elements are not aligned
ERROR: (align) C:/Users/valmac/FullScreenPokemon/src/components/constants/Pokemon.ts[15055, 24]: elements are not aligned
ERROR: (align) C:/Users/valmac/FullScreenPokemon/src/components/constants/Pokemon.ts[15058, 24]: elements are not aligned
ERROR: (align) C:/Users/valmac/FullScreenPokemon/src/components/constants/Pokemon.ts[15092, 24]: elements are not aligned
ERROR: (align) C:/Users/valmac/FullScreenPokemon/src/components/constants/Pokemon.ts[15095, 24]: elements are not aligned
ERROR: (align) C:/Users/valmac/FullScreenPokemon/src/components/constants/Pokemon.ts[15098, 24]: elements are not aligned
ERROR: (align) C:/Users/valmac/FullScreenPokemon/src/components/constants/Pokemon.ts[15101, 24]: elements are not aligned
ERROR: (align) C:/Users/valmac/FullScreenPokemon/src/components/constants/Pokemon.ts[15104, 24]: elements are not aligned
ERROR: (align) C:/Users/valmac/FullScreenPokemon/src/components/constants/Pokemon.ts[15107, 24]: elements are not aligned
ERROR: (align) C:/Users/valmac/FullScreenPokemon/src/components/constants/Pokemon.ts[15147, 24]: elements are not aligned
ERROR: (align) C:/Users/valmac/FullScreenPokemon/src/components/constants/Pokemon.ts[15150, 24]: elements are not aligned
ERROR: (align) C:/Users/valmac/FullScreenPokemon/src/components/constants/Pokemon.ts[15153, 24]: elements are not aligned
ERROR: (align) C:/Users/valmac/FullScreenPokemon/src/components/constants/Pokemon.ts[15156, 24]: elements are not aligned
ERROR: (align) C:/Users/valmac/FullScreenPokemon/src/components/constants/Pokemon.ts[15159, 24]: elements are not aligned
ERROR: (align) C:/Users/valmac/FullScreenPokemon/src/components/constants/Pokemon.ts[15162, 24]: elements are not aligned
ERROR: (align) C:/Users/valmac/FullScreenPokemon/src/components/constants/Pokemon.ts[15171, 24]: elements are not aligned
ERROR: (align) C:/Users/valmac/FullScreenPokemon/src/components/constants/Pokemon.ts[15174, 24]: elements are not aligned
ERROR: (align) C:/Users/valmac/FullScreenPokemon/src/components/constants/Pokemon.ts[15177, 24]: elements are not aligned
ERROR: (align) C:/Users/valmac/FullScreenPokemon/src/components/constants/Pokemon.ts[15180, 24]: elements are not aligned
ERROR: (align) C:/Users/valmac/FullScreenPokemon/src/components/constants/Pokemon.ts[15183, 24]: elements are not aligned
ERROR: (align) C:/Users/valmac/FullScreenPokemon/src/components/constants/Pokemon.ts[15186, 24]: elements are not aligned
ERROR: (align) C:/Users/valmac/FullScreenPokemon/src/components/constants/Pokemon.ts[15189, 24]: elements are not aligned
ERROR: (align) C:/Users/valmac/FullScreenPokemon/src/components/constants/Pokemon.ts[15192, 24]: elements are not aligned
ERROR: (align) C:/Users/valmac/FullScreenPokemon/src/components/constants/Pokemon.ts[15195, 24]: elements are not aligned
ERROR: (align) C:/Users/valmac/FullScreenPokemon/src/components/constants/Pokemon.ts[15198, 24]: elements are not aligned
ERROR: (align) C:/Users/valmac/FullScreenPokemon/src/components/constants/Pokemon.ts[15201, 24]: elements are not aligned
ERROR: (align) C:/Users/valmac/FullScreenPokemon/src/components/constants/Pokemon.ts[15204, 24]: elements are not aligned
ERROR: (align) C:/Users/valmac/FullScreenPokemon/src/components/constants/Pokemon.ts[15207, 24]: elements are not aligned
ERROR: (align) C:/Users/valmac/FullScreenPokemon/src/components/constants/Pokemon.ts[15210, 24]: elements are not aligned
ERROR: (align) C:/Users/valmac/FullScreenPokemon/src/components/constants/Pokemon.ts[15213, 24]: elements are not aligned
ERROR: (align) C:/Users/valmac/FullScreenPokemon/src/components/constants/Pokemon.ts[15248, 24]: elements are not aligned
ERROR: (align) C:/Users/valmac/FullScreenPokemon/src/components/constants/Pokemon.ts[15251, 24]: elements are not aligned
ERROR: (align) C:/Users/valmac/FullScreenPokemon/src/components/constants/Pokemon.ts[15254, 24]: elements are not aligned
ERROR: (align) C:/Users/valmac/FullScreenPokemon/src/components/constants/Pokemon.ts[15257, 24]: elements are not aligned
ERROR: (align) C:/Users/valmac/FullScreenPokemon/src/components/constants/Pokemon.ts[15260, 24]: elements are not aligned
ERROR: (align) C:/Users/valmac/FullScreenPokemon/src/components/constants/Pokemon.ts[15263, 24]: elements are not aligned
ERROR: (align) C:/Users/valmac/FullScreenPokemon/src/components/constants/Pokemon.ts[15271, 24]: elements are not aligned
ERROR: (align) C:/Users/valmac/FullScreenPokemon/src/components/constants/Pokemon.ts[15274, 24]: elements are not aligned
ERROR: (align) C:/Users/valmac/FullScreenPokemon/src/components/constants/Pokemon.ts[15277, 24]: elements are not aligned
ERROR: (align) C:/Users/valmac/FullScreenPokemon/src/components/constants/Pokemon.ts[15280, 24]: elements are not aligned
ERROR: (align) C:/Users/valmac/FullScreenPokemon/src/components/constants/Pokemon.ts[15283, 24]: elements are not aligned
ERROR: (align) C:/Users/valmac/FullScreenPokemon/src/components/constants/Pokemon.ts[15286, 24]: elements are not aligned
ERROR: (align) C:/Users/valmac/FullScreenPokemon/src/components/constants/Pokemon.ts[15289, 24]: elements are not aligned
ERROR: (align) C:/Users/valmac/FullScreenPokemon/src/components/constants/Pokemon.ts[15292, 24]: elements are not aligned
ERROR: (align) C:/Users/valmac/FullScreenPokemon/src/components/constants/Pokemon.ts[15295, 24]: elements are not aligned
ERROR: (align) C:/Users/valmac/FullScreenPokemon/src/components/constants/Pokemon.ts[15298, 24]: elements are not aligned
ERROR: (align) C:/Users/valmac/FullScreenPokemon/src/components/constants/Pokemon.ts[15301, 24]: elements are not aligned
ERROR: (align) C:/Users/valmac/FullScreenPokemon/src/components/constants/Pokemon.ts[15304, 24]: elements are not aligned
ERROR: (align) C:/Users/valmac/FullScreenPokemon/src/components/constants/Pokemon.ts[15307, 24]: elements are not aligned
ERROR: (align) C:/Users/valmac/FullScreenPokemon/src/components/constants/Pokemon.ts[15310, 24]: elements are not aligned
ERROR: (align) C:/Users/valmac/FullScreenPokemon/src/components/constants/Pokemon.ts[15318, 24]: elements are not aligned
ERROR: (align) C:/Users/valmac/FullScreenPokemon/src/components/constants/Pokemon.ts[15321, 24]: elements are not aligned
ERROR: (align) C:/Users/valmac/FullScreenPokemon/src/components/constants/Pokemon.ts[15324, 24]: elements are not aligned
ERROR: (align) C:/Users/valmac/FullScreenPokemon/src/components/constants/Pokemon.ts[15327, 24]: elements are not aligned
ERROR: (align) C:/Users/valmac/FullScreenPokemon/src/components/constants/Pokemon.ts[15330, 24]: elements are not aligned
ERROR: (align) C:/Users/valmac/FullScreenPokemon/src/components/constants/Pokemon.ts[15333, 24]: elements are not aligned
ERROR: (align) C:/Users/valmac/FullScreenPokemon/src/components/constants/Pokemon.ts[15368, 24]: elements are not aligned
ERROR: (align) C:/Users/valmac/FullScreenPokemon/src/components/constants/Pokemon.ts[15371, 24]: elements are not aligned
ERROR: (align) C:/Users/valmac/FullScreenPokemon/src/components/constants/Pokemon.ts[15374, 24]: elements are not aligned
ERROR: (align) C:/Users/valmac/FullScreenPokemon/src/components/constants/Pokemon.ts[15377, 24]: elements are not aligned
ERROR: (align) C:/Users/valmac/FullScreenPokemon/src/components/constants/Pokemon.ts[15380, 24]: elements are not aligned
ERROR: (align) C:/Users/valmac/FullScreenPokemon/src/components/constants/Pokemon.ts[15383, 24]: elements are not aligned
ERROR: (align) C:/Users/valmac/FullScreenPokemon/src/components/constants/Pokemon.ts[15386, 24]: elements are not aligned
ERROR: (align) C:/Users/valmac/FullScreenPokemon/src/components/constants/Pokemon.ts[15389, 24]: elements are not aligned
ERROR: (align) C:/Users/valmac/FullScreenPokemon/src/components/constants/Pokemon.ts[15398, 24]: elements are not aligned
ERROR: (align) C:/Users/valmac/FullScreenPokemon/src/components/constants/Pokemon.ts[15401, 24]: elements are not aligned
ERROR: (align) C:/Users/valmac/FullScreenPokemon/src/components/constants/Pokemon.ts[15404, 24]: elements are not aligned
ERROR: (align) C:/Users/valmac/FullScreenPokemon/src/components/constants/Pokemon.ts[15407, 24]: elements are not aligned
ERROR: (align) C:/Users/valmac/FullScreenPokemon/src/components/constants/Pokemon.ts[15410, 24]: elements are not aligned
ERROR: (align) C:/Users/valmac/FullScreenPokemon/src/components/constants/Pokemon.ts[15413, 24]: elements are not aligned
ERROR: (align) C:/Users/valmac/FullScreenPokemon/src/components/constants/Pokemon.ts[15416, 24]: elements are not aligned
ERROR: (align) C:/Users/valmac/FullScreenPokemon/src/components/constants/Pokemon.ts[15419, 24]: elements are not aligned
ERROR: (align) C:/Users/valmac/FullScreenPokemon/src/components/constants/Pokemon.ts[15422, 24]: elements are not aligned
ERROR: (align) C:/Users/valmac/FullScreenPokemon/src/components/constants/Pokemon.ts[15425, 24]: elements are not aligned
ERROR: (align) C:/Users/valmac/FullScreenPokemon/src/components/constants/Pokemon.ts[15428, 24]: elements are not aligned
ERROR: (align) C:/Users/valmac/FullScreenPokemon/src/components/constants/Pokemon.ts[15431, 24]: elements are not aligned
ERROR: (align) C:/Users/valmac/FullScreenPokemon/src/components/constants/Pokemon.ts[15434, 24]: elements are not aligned
ERROR: (align) C:/Users/valmac/FullScreenPokemon/src/components/constants/Pokemon.ts[15437, 24]: elements are not aligned
ERROR: (align) C:/Users/valmac/FullScreenPokemon/src/components/constants/Pokemon.ts[15440, 24]: elements are not aligned
ERROR: (align) C:/Users/valmac/FullScreenPokemon/src/components/constants/Pokemon.ts[15443, 24]: elements are not aligned
ERROR: (align) C:/Users/valmac/FullScreenPokemon/src/components/constants/Pokemon.ts[15446, 24]: elements are not aligned
ERROR: (align) C:/Users/valmac/FullScreenPokemon/src/components/constants/Pokemon.ts[15449, 24]: elements are not aligned
ERROR: (align) C:/Users/valmac/FullScreenPokemon/src/components/constants/Pokemon.ts[15452, 24]: elements are not aligned
ERROR: (align) C:/Users/valmac/FullScreenPokemon/src/components/constants/Pokemon.ts[15455, 24]: elements are not aligned
ERROR: (align) C:/Users/valmac/FullScreenPokemon/src/components/constants/Pokemon.ts[15458, 24]: elements are not aligned
ERROR: (align) C:/Users/valmac/FullScreenPokemon/src/components/constants/Pokemon.ts[15493, 24]: elements are not aligned
ERROR: (align) C:/Users/valmac/FullScreenPokemon/src/components/constants/Pokemon.ts[15530, 24]: elements are not aligned
ERROR: (align) C:/Users/valmac/FullScreenPokemon/src/components/constants/Pokemon.ts[15533, 24]: elements are not aligned
ERROR: (align) C:/Users/valmac/FullScreenPokemon/src/components/constants/Pokemon.ts[15536, 24]: elements are not aligned
ERROR: (align) C:/Users/valmac/FullScreenPokemon/src/components/constants/Pokemon.ts[15539, 24]: elements are not aligned
ERROR: (align) C:/Users/valmac/FullScreenPokemon/src/components/constants/Pokemon.ts[15542, 24]: elements are not aligned
ERROR: (align) C:/Users/valmac/FullScreenPokemon/src/components/constants/Pokemon.ts[15545, 24]: elements are not aligned
ERROR: (align) C:/Users/valmac/FullScreenPokemon/src/components/constants/Pokemon.ts[15548, 24]: elements are not aligned
ERROR: (align) C:/Users/valmac/FullScreenPokemon/src/components/constants/Pokemon.ts[15551, 24]: elements are not aligned
ERROR: (align) C:/Users/valmac/FullScreenPokemon/src/components/constants/Pokemon.ts[15554, 24]: elements are not aligned
ERROR: (align) C:/Users/valmac/FullScreenPokemon/src/components/constants/Pokemon.ts[15563, 24]: elements are not aligned
ERROR: (align) C:/Users/valmac/FullScreenPokemon/src/components/constants/Pokemon.ts[15566, 24]: elements are not aligned
ERROR: (align) C:/Users/valmac/FullScreenPokemon/src/components/constants/Pokemon.ts[15569, 24]: elements are not aligned
ERROR: (align) C:/Users/valmac/FullScreenPokemon/src/components/constants/Pokemon.ts[15572, 24]: elements are not aligned
ERROR: (align) C:/Users/valmac/FullScreenPokemon/src/components/constants/Pokemon.ts[15575, 24]: elements are not aligned
ERROR: (align) C:/Users/valmac/FullScreenPokemon/src/components/constants/Pokemon.ts[15578, 24]: elements are not aligned
ERROR: (align) C:/Users/valmac/FullScreenPokemon/src/components/constants/Pokemon.ts[15581, 24]: elements are not aligned
ERROR: (align) C:/Users/valmac/FullScreenPokemon/src/components/constants/Pokemon.ts[15584, 24]: elements are not aligned
ERROR: (align) C:/Users/valmac/FullScreenPokemon/src/components/constants/Pokemon.ts[15587, 24]: elements are not aligned
ERROR: (align) C:/Users/valmac/FullScreenPokemon/src/components/constants/Pokemon.ts[15590, 24]: elements are not aligned
ERROR: (align) C:/Users/valmac/FullScreenPokemon/src/components/constants/Pokemon.ts[15593, 24]: elements are not aligned
ERROR: (align) C:/Users/valmac/FullScreenPokemon/src/components/constants/Pokemon.ts[15596, 24]: elements are not aligned
ERROR: (align) C:/Users/valmac/FullScreenPokemon/src/components/constants/Pokemon.ts[15622, 24]: elements are not aligned
ERROR: (align) C:/Users/valmac/FullScreenPokemon/src/components/constants/Pokemon.ts[15625, 24]: elements are not aligned
ERROR: (align) C:/Users/valmac/FullScreenPokemon/src/components/constants/Pokemon.ts[15628, 24]: elements are not aligned
ERROR: (align) C:/Users/valmac/FullScreenPokemon/src/components/constants/Pokemon.ts[15631, 24]: elements are not aligned
ERROR: (align) C:/Users/valmac/FullScreenPokemon/src/components/constants/Pokemon.ts[15634, 24]: elements are not aligned
ERROR: (align) C:/Users/valmac/FullScreenPokemon/src/components/constants/Pokemon.ts[15637, 24]: elements are not aligned
ERROR: (align) C:/Users/valmac/FullScreenPokemon/src/components/constants/Pokemon.ts[15640, 24]: elements are not aligned
ERROR: (align) C:/Users/valmac/FullScreenPokemon/src/components/constants/Pokemon.ts[15648, 24]: elements are not aligned
ERROR: (align) C:/Users/valmac/FullScreenPokemon/src/components/constants/Pokemon.ts[15651, 24]: elements are not aligned
ERROR: (align) C:/Users/valmac/FullScreenPokemon/src/components/constants/Pokemon.ts[15654, 24]: elements are not aligned
ERROR: (align) C:/Users/valmac/FullScreenPokemon/src/components/constants/Pokemon.ts[15657, 24]: elements are not aligned
ERROR: (align) C:/Users/valmac/FullScreenPokemon/src/components/constants/Pokemon.ts[15660, 24]: elements are not aligned
ERROR: (align) C:/Users/valmac/FullScreenPokemon/src/components/constants/Pokemon.ts[15663, 24]: elements are not aligned
ERROR: (align) C:/Users/valmac/FullScreenPokemon/src/components/constants/Pokemon.ts[15666, 24]: elements are not aligned
ERROR: (align) C:/Users/valmac/FullScreenPokemon/src/components/constants/Pokemon.ts[15669, 24]: elements are not aligned
ERROR: (align) C:/Users/valmac/FullScreenPokemon/src/components/constants/Pokemon.ts[15672, 24]: elements are not aligned
ERROR: (align) C:/Users/valmac/FullScreenPokemon/src/components/constants/Pokemon.ts[15675, 24]: elements are not aligned
ERROR: (align) C:/Users/valmac/FullScreenPokemon/src/components/constants/Pokemon.ts[15678, 24]: elements are not aligned
ERROR: (align) C:/Users/valmac/FullScreenPokemon/src/components/constants/Pokemon.ts[15681, 24]: elements are not aligned
ERROR: (align) C:/Users/valmac/FullScreenPokemon/src/components/constants/Pokemon.ts[15689, 24]: elements are not aligned
ERROR: (align) C:/Users/valmac/FullScreenPokemon/src/components/constants/Pokemon.ts[15692, 24]: elements are not aligned
ERROR: (align) C:/Users/valmac/FullScreenPokemon/src/components/constants/Pokemon.ts[15695, 24]: elements are not aligned
ERROR: (align) C:/Users/valmac/FullScreenPokemon/src/components/constants/Pokemon.ts[15698, 24]: elements are not aligned
ERROR: (align) C:/Users/valmac/FullScreenPokemon/src/components/constants/Pokemon.ts[15701, 24]: elements are not aligned
ERROR: (align) C:/Users/valmac/FullScreenPokemon/src/components/constants/Pokemon.ts[15704, 24]: elements are not aligned
ERROR: (align) C:/Users/valmac/FullScreenPokemon/src/components/constants/Pokemon.ts[15707, 24]: elements are not aligned
ERROR: (align) C:/Users/valmac/FullScreenPokemon/src/components/constants/Pokemon.ts[15733, 24]: elements are not aligned
ERROR: (align) C:/Users/valmac/FullScreenPokemon/src/components/constants/Pokemon.ts[15736, 24]: elements are not aligned
ERROR: (align) C:/Users/valmac/FullScreenPokemon/src/components/constants/Pokemon.ts[15739, 24]: elements are not aligned
ERROR: (align) C:/Users/valmac/FullScreenPokemon/src/components/constants/Pokemon.ts[15748, 24]: elements are not aligned
ERROR: (align) C:/Users/valmac/FullScreenPokemon/src/components/constants/Pokemon.ts[15774, 24]: elements are not aligned
ERROR: (align) C:/Users/valmac/FullScreenPokemon/src/components/constants/Pokemon.ts[15777, 24]: elements are not aligned
ERROR: (align) C:/Users/valmac/FullScreenPokemon/src/components/constants/Pokemon.ts[15780, 24]: elements are not aligned
ERROR: (align) C:/Users/valmac/FullScreenPokemon/src/components/constants/Pokemon.ts[15783, 24]: elements are not aligned
ERROR: (align) C:/Users/valmac/FullScreenPokemon/src/components/constants/Pokemon.ts[15791, 24]: elements are not aligned
ERROR: (align) C:/Users/valmac/FullScreenPokemon/src/components/constants/Pokemon.ts[15799, 24]: elements are not aligned
ERROR: (align) C:/Users/valmac/FullScreenPokemon/src/components/constants/Pokemon.ts[15802, 24]: elements are not aligned
ERROR: (align) C:/Users/valmac/FullScreenPokemon/src/components/constants/Pokemon.ts[15805, 24]: elements are not aligned
ERROR: (align) C:/Users/valmac/FullScreenPokemon/src/components/constants/Pokemon.ts[15808, 24]: elements are not aligned
ERROR: (align) C:/Users/valmac/FullScreenPokemon/src/components/constants/Pokemon.ts[15811, 24]: elements are not aligned
ERROR: (align) C:/Users/valmac/FullScreenPokemon/src/components/constants/Pokemon.ts[15814, 24]: elements are not aligned
ERROR: (align) C:/Users/valmac/FullScreenPokemon/src/components/constants/Pokemon.ts[15817, 24]: elements are not aligned
ERROR: (align) C:/Users/valmac/FullScreenPokemon/src/components/constants/Pokemon.ts[15820, 24]: elements are not aligned
ERROR: (align) C:/Users/valmac/FullScreenPokemon/src/components/constants/Pokemon.ts[15823, 24]: elements are not aligned
ERROR: (align) C:/Users/valmac/FullScreenPokemon/src/components/constants/Pokemon.ts[15826, 24]: elements are not aligned
ERROR: (align) C:/Users/valmac/FullScreenPokemon/src/components/constants/Pokemon.ts[15829, 24]: elements are not aligned
ERROR: (align) C:/Users/valmac/FullScreenPokemon/src/components/constants/Pokemon.ts[15832, 24]: elements are not aligned
ERROR: (align) C:/Users/valmac/FullScreenPokemon/src/components/constants/Pokemon.ts[15835, 24]: elements are not aligned
ERROR: (align) C:/Users/valmac/FullScreenPokemon/src/components/constants/Pokemon.ts[15838, 24]: elements are not aligned
ERROR: (align) C:/Users/valmac/FullScreenPokemon/src/components/constants/Pokemon.ts[15841, 24]: elements are not aligned
ERROR: (align) C:/Users/valmac/FullScreenPokemon/src/components/constants/Pokemon.ts[15844, 24]: elements are not aligned
ERROR: (align) C:/Users/valmac/FullScreenPokemon/src/components/constants/Pokemon.ts[15847, 24]: elements are not aligned
ERROR: (align) C:/Users/valmac/FullScreenPokemon/src/components/constants/Pokemon.ts[15882, 24]: elements are not aligned
ERROR: (align) C:/Users/valmac/FullScreenPokemon/src/components/constants/Pokemon.ts[15885, 24]: elements are not aligned
ERROR: (align) C:/Users/valmac/FullScreenPokemon/src/components/constants/Pokemon.ts[15888, 24]: elements are not aligned
ERROR: (align) C:/Users/valmac/FullScreenPokemon/src/components/constants/Pokemon.ts[15891, 24]: elements are not aligned
ERROR: (align) C:/Users/valmac/FullScreenPokemon/src/components/constants/Pokemon.ts[15894, 24]: elements are not aligned
ERROR: (align) C:/Users/valmac/FullScreenPokemon/src/components/constants/Pokemon.ts[15903, 24]: elements are not aligned
ERROR: (align) C:/Users/valmac/FullScreenPokemon/src/components/constants/Pokemon.ts[15906, 24]: elements are not aligned
ERROR: (align) C:/Users/valmac/FullScreenPokemon/src/components/constants/Pokemon.ts[15909, 24]: elements are not aligned
ERROR: (align) C:/Users/valmac/FullScreenPokemon/src/components/constants/Pokemon.ts[15912, 24]: elements are not aligned
ERROR: (align) C:/Users/valmac/FullScreenPokemon/src/components/constants/Pokemon.ts[15915, 24]: elements are not aligned

ERROR: (align) C:/Users/valmac/FullScreenPokemon/src/components/cutscenes/IntroCutscene.ts[205, 20]: elements are not aligned
ERROR: (align) C:/Users/valmac/FullScreenPokemon/src/components/cutscenes/IntroCutscene.ts[208, 20]: elements are not aligned
ERROR: (align) C:/Users/valmac/FullScreenPokemon/src/components/cutscenes/IntroCutscene.ts[211, 20]: elements are not aligned
ERROR: (align) C:/Users/valmac/FullScreenPokemon/src/components/cutscenes/IntroCutscene.ts[376, 20]: elements are not aligned
ERROR: (align) C:/Users/valmac/FullScreenPokemon/src/components/cutscenes/IntroCutscene.ts[379, 20]: elements are not aligned
ERROR: (align) C:/Users/valmac/FullScreenPokemon/src/components/cutscenes/IntroCutscene.ts[382, 20]: elements are not aligned

ERROR: (align) C:/Users/valmac/FullScreenPokemon/src/components/cutscenes/OakIntroPokemonChoiceCutscene.ts[78, 28]: elements are not aligned
ERROR: (align) C:/Users/valmac/FullScreenPokemon/src/components/cutscenes/OakIntroPokemonChoiceCutscene.ts[154, 20]: elements are not aligned

ERROR: (align) C:/Users/valmac/FullScreenPokemon/src/components/cutscenes/PokeMartCutscene.ts[42, 16]: elements are not aligned
ERROR: (align) C:/Users/valmac/FullScreenPokemon/src/components/cutscenes/PokeMartCutscene.ts[45, 20]: elements are not aligned
ERROR: (align) C:/Users/valmac/FullScreenPokemon/src/components/cutscenes/PokeMartCutscene.ts[206, 28]: elements are not aligned

ERROR: (align) C:/Users/valmac/FullScreenPokemon/src/components/menus/Items.ts[83, 24]: elements are not aligned
ERROR: (align) C:/Users/valmac/FullScreenPokemon/src/components/menus/Items.ts[123, 16]: elements are not aligned

ERROR: (align) C:/Users/valmac/FullScreenPokemon/src/settings/mapsLibrary/PalletTown.ts[62, 20]: elements are not aligned
ERROR: (align) C:/Users/valmac/FullScreenPokemon/src/settings/mapsLibrary/PalletTown.ts[77, 24]: elements are not aligned
ERROR: (align) C:/Users/valmac/FullScreenPokemon/src/settings/mapsLibrary/PalletTown.ts[86, 24]: elements are not aligned

ERROR: (align) C:/Users/valmac/FullScreenPokemon/src/settings/mapsLibrary/PewterCity.ts[243, 24]: elements are not aligned
ERROR: (align) C:/Users/valmac/FullScreenPokemon/src/settings/mapsLibrary/PewterCity.ts[261, 24]: elements are not aligned

ERROR: (align) C:/Users/valmac/FullScreenPokemon/src/settings/mapsLibrary/Route1.ts[30, 20]: elements are not aligned

ERROR: (align) C:/Users/valmac/FullScreenPokemon/src/settings/mapsLibrary/Route21.ts[29, 24]: elements are not aligned
ERROR: (align) C:/Users/valmac/FullScreenPokemon/src/settings/mapsLibrary/Route21.ts[38, 24]: elements are not aligned
ERROR: (align) C:/Users/valmac/FullScreenPokemon/src/settings/mapsLibrary/Route21.ts[42, 24]: elements are not aligned
ERROR: (align) C:/Users/valmac/FullScreenPokemon/src/settings/mapsLibrary/Route21.ts[46, 24]: elements are not aligned

ERROR: (align) C:/Users/valmac/FullScreenPokemon/src/settings/mapsLibrary/Route22.ts[24, 20]: elements are not aligned
ERROR: (align) C:/Users/valmac/FullScreenPokemon/src/settings/mapsLibrary/Route22.ts[28, 20]: elements are not aligned
ERROR: (align) C:/Users/valmac/FullScreenPokemon/src/settings/mapsLibrary/Route22.ts[32, 20]: elements are not aligned
ERROR: (align) C:/Users/valmac/FullScreenPokemon/src/settings/mapsLibrary/Route22.ts[47, 24]: elements are not aligned
ERROR: (align) C:/Users/valmac/FullScreenPokemon/src/settings/mapsLibrary/Route22.ts[56, 24]: elements are not aligned

ERROR: (align) C:/Users/valmac/FullScreenPokemon/src/settings/mapsLibrary/ViridianCity.ts[59, 24]: elements are not aligned
ERROR: (align) C:/Users/valmac/FullScreenPokemon/src/settings/mapsLibrary/ViridianCity.ts[68, 24]: elements are not aligned

ERROR: (align) C:/Users/valmac/FullScreenPokemon/src/settings/mapsLibrary/ViridianForest.ts[75, 20]: elements are not aligned
ERROR: (align) C:/Users/valmac/FullScreenPokemon/src/settings/mapsLibrary/ViridianForest.ts[79, 20]: elements are not aligned
ERROR: (align) C:/Users/valmac/FullScreenPokemon/src/settings/mapsLibrary/ViridianForest.ts[83, 20]: elements are not aligned
ERROR: (align) C:/Users/valmac/FullScreenPokemon/src/settings/mapsLibrary/ViridianForest.ts[87, 20]: elements are not aligned
ERROR: (align) C:/Users/valmac/FullScreenPokemon/src/settings/mapsLibrary/ViridianForest.ts[136, 24]: elements are not aligned
ERROR: (align) C:/Users/valmac/FullScreenPokemon/src/settings/mapsLibrary/ViridianForest.ts[139, 24]: elements are not aligned
ERROR: (align) C:/Users/valmac/FullScreenPokemon/src/settings/mapsLibrary/ViridianForest.ts[189, 24]: elements are not aligned

[08:29:13] 'src:tslint' errored after 10 s
[08:29:13] Error in plugin 'gulp-tslint'
Message:
    Failed to lint: C:/Users/valmac/FullScreenPokemon/src/components/Actions.ts [692, 20]: elements are not aligned, C:/Users/valmac/FullScreenPokemon/src/components/Battles.ts [355, 17]: members are not aligned, C:/Users/valmac/FullScreenPokemon/src/components/Battles.ts [359, 17]: members are not aligned, C:/Users/valmac/FullScreenPokemon/src/components/Collisions.ts [338, 28]: elements are not aligned, C:/Users/valmac/FullScreenPokemon/src/components/Gameplay.ts [37, 16]: elements are not aligned, C:/Users/valmac/FullScreenPokemon/src/components/Macros.ts [223, 16]: elements are not aligned, C:/Users/valmac/FullScreenPokemon/src/components/Macros.ts [228, 16]: elements are not aligned, C:/Users/valmac/FullScreenPokemon/src/components/Macros.ts [353, 16]: elements are not aligned, C:/Users/valmac/FullScreenPokemon/src/components/Macros.ts [378, 16]: elements are not aligned, C:/Users/valmac/FullScreenPokemon/src/components/Macros.ts [383, 16]: elements are not aligned, C:/Users/valmac/FullScreenPokemon/src/components/Macros.ts [737, 16]: elements are not aligned, C:/Users/valmac/FullScreenPokemon/src/components/Macros.ts [742, 16]: elements are not aligned, C:/Users/valmac/FullScreenPokemon/src/components/Macros.ts [747, 16]: elements are not aligned, C:/Users/valmac/FullScreenPokemon/src/components/Macros.ts [752, 16]: elements are not aligned, C:/Users/valmac/FullScreenPokemon/src/components/Macros.ts [756, 16]: elements are not aligned, C:/Users/valmac/FullScreenPokemon/src/components/Macros.ts [761, 16]: elements are not aligned, C:/Users/valmac/FullScreenPokemon/src/components/Macros.ts [766, 16]: elements are not aligned, C:/Users/valmac/FullScreenPokemon/src/components/Macros.ts [770, 16]: elements are not aligned, C:/Users/valmac/FullScreenPokemon/src/components/Macros.ts [774, 16]: elements are not aligned, C:/Users/valmac/FullScreenPokemon/src/components/Macros.ts [778, 16]: elements are not aligned, C:/Users/valmac/FullScreenPokemon/src/components/Macros.ts [782, 16]: elements are not aligned, C:/Users/valmac/FullScreenPokemon/src/components/Macros.ts [787, 16]: elements are not aligned, C:/Users/valmac/FullScreenPokemon/src/components/Macros.ts [791, 16]: elements are not aligned, C:/Users/valmac/FullScreenPokemon/src/components/Macros.ts [795, 16]: elements are not aligned, C:/Users/valmac/FullScreenPokemon/src/components/Macros.ts [800, 16]: elements are not aligned, C:/Users/valmac/FullScreenPokemon/src/components/Macros.ts [806, 16]: elements are not aligned, C:/Users/valmac/FullScreenPokemon/src/components/Macros.ts [810, 16]: elements are not aligned, C:/Users/valmac/FullScreenPokemon/src/components/Macros.ts [815, 16]: elements are not aligned, C:/Users/valmac/FullScreenPokemon/src/components/Macros.ts [819, 16]: elements are not aligned, C:/Users/valmac/FullScreenPokemon/src/components/Macros.ts [827, 16]: elements are not aligned, C:/Users/valmac/FullScreenPokemon/src/components/Macros.ts [831, 16]: elements are not aligned, C:/Users/valmac/FullScreenPokemon/src/components/Macros.ts [835, 16]: elements are not aligned, C:/Users/valmac/FullScreenPokemon/src/components/Macros.ts [839, 16]: elements are not aligned, C:/Users/valmac/FullScreenPokemon/src/components/Macros.ts [843, 16]: elements are not aligned, C:/Users/valmac/FullScreenPokemon/src/components/Macros.ts [847, 16]: elements are not aligned, C:/Users/valmac/FullScreenPokemon/src/components/Macros.ts [852, 16]: elements are not aligned, C:/Users/valmac/FullScreenPokemon/src/components/Macros.ts [857, 16]: elements are not aligned, C:/Users/valmac/FullScreenPokemon/src/components/Macros.ts [862, 16]: elements are not aligned, C:/Users/valmac/FullScreenPokemon/src/components/Macros.ts [919, 16]: elements are not aligned, C:/Users/valmac/FullScreenPokemon/src/components/Macros.ts [925, 16]: elements are not aligned, C:/Users/valmac/FullScreenPokemon/src/components/Macros.ts [930, 16]: elements are not aligned, C:/Users/valmac/FullScreenPokemon/src/components/Macros.ts [935, 16]: elements are not aligned, C:/Users/valmac/FullScreenPokemon/src/components/Macros.ts [941, 16]: elements are not aligned, C:/Users/valmac/FullScreenPokemon/src/components/Macros.ts [946, 16]: elements are not aligned, C:/Users/valmac/FullScreenPokemon/src/components/Macros.ts [951, 16]: elements are not aligned, C:/Users/valmac/FullScreenPokemon/src/components/Macros.ts [956, 16]: elements are not aligned, C:/Users/valmac/FullScreenPokemon/src/components/Macros.ts [961, 16]: elements are not aligned, C:/Users/valmac/FullScreenPokemon/src/components/Macros.ts [965, 16]: elements are not aligned, C:/Users/valmac/FullScreenPokemon/src/components/Macros.ts [970, 16]: elements are not aligned, C:/Users/valmac/FullScreenPokemon/src/components/Macros.ts [975, 16]: elements are not aligned, C:/Users/valmac/FullScreenPokemon/src/components/Macros.ts [980, 16]: elements are not aligned, C:/Users/valmac/FullScreenPokemon/src/components/Macros.ts [985, 16]: elements are not aligned, C:/Users/valmac/FullScreenPokemon/src/components/Macros.ts [989, 16]: elements are not aligned, C:/Users/valmac/FullScreenPokemon/src/components/Macros.ts [999, 16]: elements are not aligned, C:/Users/valmac/FullScreenPokemon/src/components/Macros.ts [1003, 16]: elements are not aligned, C:/Users/valmac/FullScreenPokemon/src/components/Macros.ts [1008, 16]: elements are not aligned, C:/Users/valmac/FullScreenPokemon/src/components/Macros.ts [1012, 16]: elements are not aligned, C:/Users/valmac/FullScreenPokemon/src/components/Menus.ts [160, 16]: elements are not aligned, C:/Users/valmac/FullScreenPokemon/src/components/Menus.ts [163, 16]: elements are not aligned, C:/Users/valmac/FullScreenPokemon/src/components/Menus.ts [166, 16]: elements are not aligned, C:/Users/valmac/FullScreenPokemon/src/components/Menus.ts [169, 16]: elements are not aligned, C:/Users/valmac/FullScreenPokemon/src/components/Menus.ts [171, 16]: elements are not aligned, C:/Users/valmac/FullScreenPokemon/src/components/Menus.ts [287, 20]: elements are not aligned, C:/Users/valmac/FullScreenPokemon/src/components/Menus.ts [289, 20]: elements are not aligned, C:/Users/valmac/FullScreenPokemon/src/components/Menus.ts [297, 20]: elements are not aligned, C:/Users/valmac/FullScreenPokemon/src/components/Menus.ts [384, 20]: elements are not aligned, C:/Users/valmac/FullScreenPokemon/src/settings/Menus.ts [328, 56]: elements are not aligned, C:/Users/valmac/FullScreenPokemon/src/settings/Menus.ts [331, 56]: elements are not aligned, C:/Users/valmac/FullScreenPokemon/src/settings/Menus.ts [334, 56]: elements are not aligned, C:/Users/valmac/FullScreenPokemon/src/settings/Menus.ts [337, 56]: elements are not aligned, C:/Users/valmac/FullScreenPokemon/src/settings/Menus.ts [340, 56]: elements are not aligned, C:/Users/valmac/FullScreenPokemon/src/settings/Menus.ts [343, 56]: elements are not aligned, C:/Users/valmac/FullScreenPokemon/src/settings/Menus.ts [428, 56]: elements are not aligned, C:/Users/valmac/FullScreenPokemon/src/settings/Menus.ts [431, 56]: elements are not aligned, C:/Users/valmac/FullScreenPokemon/src/settings/Menus.ts [498, 24]: elements are not aligned, C:/Users/valmac/FullScreenPokemon/src/settings/Menus.ts [625, 56]: elements are not aligned, C:/Users/valmac/FullScreenPokemon/src/settings/Menus.ts [628, 56]: elements are not aligned, C:/Users/valmac/FullScreenPokemon/src/settings/Menus.ts [631, 56]: elements are not aligned, C:/Users/valmac/FullScreenPokemon/src/settings/Menus.ts [634, 56]: elements are not aligned, C:/Users/valmac/FullScreenPokemon/src/settings/Menus.ts [637, 56]: elements are not aligned, C:/Users/valmac/FullScreenPokemon/src/settings/Menus.ts [640, 56]: elements are not aligned, C:/Users/valmac/FullScreenPokemon/src/settings/Menus.ts [643, 56]: elements are not aligned, C:/Users/valmac/FullScreenPokemon/src/settings/Menus.ts [646, 56]: elements are not aligned, C:/Users/valmac/FullScreenPokemon/src/settings/Menus.ts [975, 56]: elements are not aligned, C:/Users/valmac/FullScreenPokemon/src/settings/Menus.ts [983, 56]: elements are not aligned, C:/Users/valmac/FullScreenPokemon/src/settings/Menus.ts [986, 56]: elements are not aligned, C:/Users/valmac/FullScreenPokemon/src/settings/Menus.ts [989, 56]: elements are not aligned, C:/Users/valmac/FullScreenPokemon/src/settings/Menus.ts [1103, 56]: elements are not aligned, C:/Users/valmac/FullScreenPokemon/src/settings/Menus.ts [1110, 56]: elements are not aligned, C:/Users/valmac/FullScreenPokemon/src/settings/Menus.ts [1119, 56]: elements are not aligned, C:/Users/valmac/FullScreenPokemon/src/settings/Menus.ts [1128, 56]: elements are not aligned, C:/Users/valmac/FullScreenPokemon/src/settings/Menus.ts [1137, 56]: elements are not aligned, C:/Users/valmac/FullScreenPokemon/src/settings/Menus.ts [1173, 56]: elements are not aligned, C:/Users/valmac/FullScreenPokemon/src/settings/Menus.ts [1213, 56]: elements are not aligned, C:/Users/valmac/FullScreenPokemon/src/settings/Menus.ts [1222, 56]: elements are not aligned, C:/Users/valmac/FullScreenPokemon/src/settings/Menus.ts [1231, 56]: elements are not aligned, C:/Users/valmac/FullScreenPokemon/src/settings/Menus.ts [1240, 56]: elements are not aligned, C:/Users/valmac/FullScreenPokemon/src/settings/Menus.ts [1249, 56]: elements are not aligned, C:/Users/valmac/FullScreenPokemon/src/settings/Menus.ts [1258, 56]: elements are not aligned, C:/Users/valmac/FullScreenPokemon/src/settings/Menus.ts [1267, 56]: elements are not aligned, C:/Users/valmac/FullScreenPokemon/src/settings/Menus.ts [1276, 56]: elements are not aligned, C:/Users/valmac/FullScreenPokemon/src/settings/Menus.ts [1465, 56]: elements are not aligned, C:/Users/valmac/FullScreenPokemon/src/settings/Menus.ts [1477, 56]: elements are not aligned, C:/Users/valmac/FullScreenPokemon/src/settings/Menus.ts [1620, 24]: elements are not aligned, C:/Users/valmac/FullScreenPokemon/src/settings/Menus.ts [1729, 24]: elements are not aligned, C:/Users/valmac/FullScreenPokemon/src/settings/Menus.ts [1795, 24]: elements are not aligned, C:/Users/valmac/FullScreenPokemon/src/settings/Menus.ts [1887, 24]: elements are not aligned, C:/Users/valmac/FullScreenPokemon/src/settings/Menus.ts [1972, 24]: elements are not aligned, C:/Users/valmac/FullScreenPokemon/src/settings/Menus.ts [1981, 24]: elements are not aligned, C:/Users/valmac/FullScreenPokemon/src/settings/Menus.ts [1990, 24]: elements are not aligned, C:/Users/valmac/FullScreenPokemon/src/settings/Menus.ts [1999, 24]: elements are not aligned, C:/Users/valmac/FullScreenPokemon/src/settings/Menus.ts [2011, 24]: elements are not aligned, C:/Users/valmac/FullScreenPokemon/src/settings/Menus.ts [2100, 56]: elements are not aligned, C:/Users/valmac/FullScreenPokemon/src/settings/Menus.ts [2103, 56]: elements are not aligned, C:/Users/valmac/FullScreenPokemon/src/components/constants/Pokemon.ts [351, 24]: elements are not aligned, C:/Users/valmac/FullScreenPokemon/src/components/constants/Pokemon.ts [354, 24]: elements are not aligned, C:/Users/valmac/FullScreenPokemon/src/components/constants/Pokemon.ts [357, 24]: elements are not aligned, C:/Users/valmac/FullScreenPokemon/src/components/constants/Pokemon.ts [360, 24]: elements are not aligned, C:/Users/valmac/FullScreenPokemon/src/components/constants/Pokemon.ts [363, 24]: elements are not aligned, C:/Users/valmac/FullScreenPokemon/src/components/constants/Pokemon.ts [366, 24]: elements are not aligned, C:/Users/valmac/FullScreenPokemon/src/components/constants/Pokemon.ts [369, 24]: elements are not aligned, C:/Users/valmac/FullScreenPokemon/src/components/constants/Pokemon.ts [372, 24]: elements are not aligned, C:/Users/valmac/FullScreenPokemon/src/components/constants/Pokemon.ts [375, 24]: elements are not aligned, C:/Users/valmac/FullScreenPokemon/src/components/constants/Pokemon.ts [378, 24]: elements are not aligned, C:/Users/valmac/FullScreenPokemon/src/components/constants/Pokemon.ts [381, 24]: elements are not aligned, C:/Users/valmac/FullScreenPokemon/src/components/constants/Pokemon.ts [384, 24]: elements are not aligned, C:/Users/valmac/FullScreenPokemon/src/components/constants/Pokemon.ts [387, 24]: elements are not aligned, C:/Users/valmac/FullScreenPokemon/src/components/constants/Pokemon.ts [390, 24]: elements are not aligned, C:/Users/valmac/FullScreenPokemon/src/components/constants/Pokemon.ts [393, 24]: elements are not aligned, C:/Users/valmac/FullScreenPokemon/src/components/constants/Pokemon.ts [396, 24]: elements are not aligned, C:/Users/valmac/FullScreenPokemon/src/components/constants/Pokemon.ts [399, 24]: elements are not aligned, C:/Users/valmac/FullScreenPokemon/src/components/constants/Pokemon.ts [402, 24]: elements are not aligned, C:/Users/valmac/FullScreenPokemon/src/components/constants/Pokemon.ts [405, 24]: elements are not aligned, C:/Users/valmac/FullScreenPokemon/src/components/constants/Pokemon.ts [408, 24]: elements are not aligned, C:/Users/valmac/FullScreenPokemon/src/components/constants/Pokemon.ts [411, 24]: elements are not aligned, C:/Users/valmac/FullScreenPokemon/src/components/constants/Pokemon.ts [414, 24]: elements are not aligned, C:/Users/valmac/FullScreenPokemon/src/components/constants/Pokemon.ts [439, 20]: elements are not aligned, C:/Users/valmac/FullScreenPokemon/src/components/constants/Pokemon.ts [442, 24]: elements are not aligned, C:/Users/valmac/FullScreenPokemon/src/components/constants/Pokemon.ts [445, 24]: elements are not aligned, C:/Users/valmac/FullScreenPokemon/src/components/constants/Pokemon.ts [448, 24]: elements are not aligned, C:/Users/valmac/FullScreenPokemon/src/components/constants/Pokemon.ts [451, 24]: elements are not aligned, C:/Users/valmac/FullScreenPokemon/src/components/constants/Pokemon.ts [462, 20]: elements are not aligned, C:/Users/valmac/FullScreenPokemon/src/components/constants/Pokemon.ts [533, 24]: elements are not aligned, C:/Users/valmac/FullScreenPokemon/src/components/constants/Pokemon.ts [536, 24]: elements are not aligned, C:/Users/valmac/FullScreenPokemon/src/components/constants/Pokemon.ts [539, 24]: elements are not aligned, C:/Users/valmac/FullScreenPokemon/src/components/constants/Pokemon.ts [542, 24]: elements are not aligned, C:/Users/valmac/FullScreenPokemon/src/components/constants/Pokemon.ts [545, 24]: elements are not aligned, C:/Users/valmac/FullScreenPokemon/src/components/constants/Pokemon.ts [548, 24]: elements are not aligned, C:/Users/valmac/FullScreenPokemon/src/components/constants/Pokemon.ts [551, 24]: elements are not aligned, C:/Users/valmac/FullScreenPokemon/src/components/constants/Pokemon.ts [554, 24]: elements are not aligned, C:/Users/valmac/FullScreenPokemon/src/components/constants/Pokemon.ts [566, 24]: elements are not aligned, C:/Users/valmac/FullScreenPokemon/src/components/constants/Pokemon.ts [569, 24]: elements are not aligned, C:/Users/valmac/FullScreenPokemon/src/components/constants/Pokemon.ts [572, 24]: elements are not aligned, C:/Users/valmac/FullScreenPokemon/src/components/constants/Pokemon.ts [575, 24]: elements are not aligned, C:/Users/valmac/FullScreenPokemon/src/components/constants/Pokemon.ts [578, 24]: elements are not aligned, C:/Users/valmac/FullScreenPokemon/src/components/constants/Pokemon.ts [581, 24]: elements are not aligned, C:/Users/valmac/FullScreenPokemon/src/components/constants/Pokemon.ts [584, 24]: elements are not aligned, C:/Users/valmac/FullScreenPokemon/src/components/constants/Pokemon.ts [587, 24]: elements are not aligned, C:/Users/valmac/FullScreenPokemon/src/components/constants/Pokemon.ts [590, 24]: elements are not aligned, C:/Users/valmac/FullScreenPokemon/src/components/constants/Pokemon.ts [593, 24]: elements are not aligned, C:/Users/valmac/FullScreenPokemon/src/components/constants/Pokemon.ts [596, 24]: elements are not aligned, C:/Users/valmac/FullScreenPokemon/src/components/constants/Pokemon.ts [599, 24]: elements are not aligned, C:/Users/valmac/FullScreenPokemon/src/components/constants/Pokemon.ts [602, 24]: elements are not aligned, C:/Users/valmac/FullScreenPokemon/src/components/constants/Pokemon.ts [605, 24]: elements are not aligned, C:/Users/valmac/FullScreenPokemon/src/components/constants/Pokemon.ts [608, 24]: elements are not aligned, C:/Users/valmac/FullScreenPokemon/src/components/constants/Pokemon.ts [611, 24]: elements are not aligned, C:/Users/valmac/FullScreenPokemon/src/components/constants/Pokemon.ts [614, 24]: elements are not aligned, C:/Users/valmac/FullScreenPokemon/src/components/constants/Pokemon.ts [617, 24]: elements are not aligned, C:/Users/valmac/FullScreenPokemon/src/components/constants/Pokemon.ts [620, 24]: elements are not aligned, C:/Users/valmac/FullScreenPokemon/src/components/constants/Pokemon.ts [623, 24]: elements are not aligned, C:/Users/valmac/FullScreenPokemon/src/components/constants/Pokemon.ts [626, 24]: elements are not aligned, C:/Users/valmac/FullScreenPokemon/src/components/constants/Pokemon.ts [629, 24]: elements are not aligned, C:/Users/valmac/FullScreenPokemon/src/components/constants/Pokemon.ts [632, 24]: elements are not aligned, C:/Users/valmac/FullScreenPokemon/src/components/constants/Pokemon.ts [635, 24]: elements are not aligned, C:/Users/valmac/FullScreenPokemon/src/components/constants/Pokemon.ts [661, 24]: elements are not aligned, C:/Users/valmac/FullScreenPokemon/src/components/constants/Pokemon.ts [664, 24]: elements are not aligned, C:/Users/valmac/FullScreenPokemon/src/components/constants/Pokemon.ts [667, 24]: elements are not aligned, C:/Users/valmac/FullScreenPokemon/src/components/constants/Pokemon.ts [670, 24]: elements are not aligned, C:/Users/valmac/FullScreenPokemon/src/components/constants/Pokemon.ts [673, 24]: elements are not aligned, C:/Users/valmac/FullScreenPokemon/src/components/constants/Pokemon.ts [676, 24]: elements are not aligned, C:/Users/valmac/FullScreenPokemon/src/components/constants/Pokemon.ts [679, 24]: elements are not aligned, C:/Users/valmac/FullScreenPokemon/src/components/constants/Pokemon.ts [691, 24]: elements are not aligned, C:/Users/valmac/FullScreenPokemon/src/components/constants/Pokemon.ts [694, 24]: elements are not aligned, C:/Users/valmac/FullScreenPokemon/src/components/constants/Pokemon.ts [697, 24]: elements are not aligned, C:/Users/valmac/FullScreenPokemon/src/components/constants/Pokemon.ts [700, 24]: elements are not aligned, C:/Users/valmac/FullScreenPokemon/src/components/constants/Pokemon.ts [703, 24]: elements are not aligned, C:/Users/valmac/FullScreenPokemon/src/components/constants/Pokemon.ts [706, 24]: elements are not aligned, C:/Users/valmac/FullScreenPokemon/src/components/constants/Pokemon.ts [709, 24]: elements are not aligned, C:/Users/valmac/FullScreenPokemon/src/components/constants/Pokemon.ts [712, 24]: elements are not aligned, C:/Users/valmac/FullScreenPokemon/src/components/constants/Pokemon.ts [715, 24]: elements are not aligned, C:/Users/valmac/FullScreenPokemon/src/components/constants/Pokemon.ts [718, 24]: elements are not aligned, C:/Users/valmac/FullScreenPokemon/src/components/constants/Pokemon.ts [721, 24]: elements are not aligned, C:/Users/valmac/FullScreenPokemon/src/components/constants/Pokemon.ts [724, 24]: elements are not aligned, C:/Users/valmac/FullScreenPokemon/src/components/constants/Pokemon.ts [727, 24]: elements are not aligned, C:/Users/valmac/FullScreenPokemon/src/components/constants/Pokemon.ts [730, 24]: elements are not aligned, C:/Users/valmac/FullScreenPokemon/src/components/constants/Pokemon.ts [733, 24]: elements are not aligned, C:/Users/valmac/FullScreenPokemon/src/components/constants/Pokemon.ts [736, 24]: elements are not aligned, C:/Users/valmac/FullScreenPokemon/src/components/constants/Pokemon.ts [762, 24]: elements are not aligned, C:/Users/valmac/FullScreenPokemon/src/components/constants/Pokemon.ts [765, 24]: elements are not aligned, C:/Users/valmac/FullScreenPokemon/src/components/constants/Pokemon.ts [768, 24]: elements are not aligned, C:/Users/valmac/FullScreenPokemon/src/components/constants/Pokemon.ts [776, 24]: elements are not aligned, C:/Users/valmac/FullScreenPokemon/src/components/constants/Pokemon.ts [779, 24]: elements are not aligned, C:/Users/valmac/FullScreenPokemon/src/components/constants/Pokemon.ts [782, 24]: elements are not aligned, C:/Users/valmac/FullScreenPokemon/src/components/constants/Pokemon.ts [785, 24]: elements are not aligned, C:/Users/valmac/FullScreenPokemon/src/components/constants/Pokemon.ts [788, 24]: elements are not aligned, C:/Users/valmac/FullScreenPokemon/src/components/constants/Pokemon.ts [791, 24]: elements are not aligned, C:/Users/valmac/FullScreenPokemon/src/components/constants/Pokemon.ts [794, 24]: elements are not aligned, C:/Users/valmac/FullScreenPokemon/src/components/constants/Pokemon.ts [797, 24]: elements are not aligned, C:/Users/valmac/FullScreenPokemon/src/components/constants/Pokemon.ts [800, 24]: elements are not aligned, C:/Users/valmac/FullScreenPokemon/src/components/constants/Pokemon.ts [803, 24]: elements are not aligned, C:/Users/valmac/FullScreenPokemon/src/components/constants/Pokemon.ts [806, 24]: elements are not aligned, C:/Users/valmac/FullScreenPokemon/src/components/constants/Pokemon.ts [809, 24]: elements are not aligned, C:/Users/valmac/FullScreenPokemon/src/components/constants/Pokemon.ts [812, 24]: elements are not aligned, C:/Users/valmac/FullScreenPokemon/src/components/constants/Pokemon.ts [815, 24]: elements are not aligned, C:/Users/valmac/FullScreenPokemon/src/components/constants/Pokemon.ts [818, 24]: elements are not aligned, C:/Users/valmac/FullScreenPokemon/src/components/constants/Pokemon.ts [821, 24]: elements are not aligned, C:/Users/valmac/FullScreenPokemon/src/components/constants/Pokemon.ts [824, 24]: elements are not aligned, C:/Users/valmac/FullScreenPokemon/src/components/constants/Pokemon.ts [832, 24]: elements are not aligned, C:/Users/valmac/FullScreenPokemon/src/components/constants/Pokemon.ts [835, 24]: elements are not aligned, C:/Users/valmac/FullScreenPokemon/src/components/constants/Pokemon.ts [838, 24]: elements are not aligned, C:/Users/valmac/FullScreenPokemon/src/components/constants/Pokemon.ts [841, 24]: elements are not aligned, C:/Users/valmac/FullScreenPokemon/src/components/constants/Pokemon.ts [844, 24]: elements are not aligned, C:/Users/valmac/FullScreenPokemon/src/components/constants/Pokemon.ts [847, 24]: elements are not aligned, C:/Users/valmac/FullScreenPokemon/src/components/constants/Pokemon.ts [850, 24]: elements are not aligned, C:/Users/valmac/FullScreenPokemon/src/components/constants/Pokemon.ts [853, 24]: elements are not aligned, C:/Users/valmac/FullScreenPokemon/src/components/constants/Pokemon.ts [856, 24]: elements are not aligned, C:/Users/valmac/FullScreenPokemon/src/components/constants/Pokemon.ts [859, 24]: elements are not aligned, C:/Users/valmac/FullScreenPokemon/src/components/constants/Pokemon.ts [862, 24]: elements are not aligned, C:/Users/valmac/FullScreenPokemon/src/components/constants/Pokemon.ts [865, 24]: elements are not aligned, C:/Users/valmac/FullScreenPokemon/src/components/constants/Pokemon.ts [868, 24]: elements are not aligned, C:/Users/valmac/FullScreenPokemon/src/components/constants/Pokemon.ts [871, 24]: elements are not aligned, C:/Users/valmac/FullScreenPokemon/src/components/constants/Pokemon.ts [874, 24]: elements are not aligned, C:/Users/valmac/FullScreenPokemon/src/components/constants/Pokemon.ts [877, 24]: elements are not aligned, C:/Users/valmac/FullScreenPokemon/src/components/constants/Pokemon.ts [880, 24]: elements are not aligned, C:/Users/valmac/FullScreenPokemon/src/components/constants/Pokemon.ts [906, 24]: elements are not aligned, C:/Users/valmac/FullScreenPokemon/src/components/constants/Pokemon.ts [909, 24]: elements are not aligned, C:/Users/valmac/FullScreenPokemon/src/components/constants/Pokemon.ts [912, 24]: elements are not aligned, C:/Users/valmac/FullScreenPokemon/src/components/constants/Pokemon.ts [915, 24]: elements are not aligned, C:/Users/valmac/FullScreenPokemon/src/components/constants/Pokemon.ts [927, 24]: elements are not aligned, C:/Users/valmac/FullScreenPokemon/src/components/constants/Pokemon.ts [930, 24]: elements are not aligned, C:/Users/valmac/FullScreenPokemon/src/components/constants/Pokemon.ts [933, 24]: elements are not aligned, C:/Users/valmac/FullScreenPokemon/src/components/constants/Pokemon.ts [936, 24]: elements are not aligned, C:/Users/valmac/FullScreenPokemon/src/components/constants/Pokemon.ts [939, 24]: elements are not aligned, C:/Users/valmac/FullScreenPokemon/src/components/constants/Pokemon.ts [942, 24]: elements are not aligned, C:/Users/valmac/FullScreenPokemon/src/components/constants/Pokemon.ts [945, 24]: elements are not aligned, C:/Users/valmac/FullScreenPokemon/src/components/constants/Pokemon.ts [948, 24]: elements are not aligned, C:/Users/valmac/FullScreenPokemon/src/components/constants/Pokemon.ts [951, 24]: elements are not aligned, C:/Users/valmac/FullScreenPokemon/src/components/constants/Pokemon.ts [954, 24]: elements are not aligned, C:/Users/valmac/FullScreenPokemon/src/components/constants/Pokemon.ts [957, 24]: elements are not aligned, C:/Users/valmac/FullScreenPokemon/src/components/constants/Pokemon.ts [960, 24]: elements are not aligned, C:/Users/valmac/FullScreenPokemon/src/components/constants/Pokemon.ts [963, 24]: elements are not aligned, C:/Users/valmac/FullScreenPokemon/src/components/constants/Pokemon.ts [966, 24]: elements are not aligned, C:/Users/valmac/FullScreenPokemon/src/components/constants/Pokemon.ts [969, 24]: elements are not aligned, C:/Users/valmac/FullScreenPokemon/src/components/constants/Pokemon.ts [972, 24]: elements are not aligned, C:/Users/valmac/FullScreenPokemon/src/components/constants/Pokemon.ts [975, 24]: elements are not aligned, C:/Users/valmac/FullScreenPokemon/src/components/constants/Pokemon.ts [978, 24]: elements are not aligned, C:/Users/valmac/FullScreenPokemon/src/components/constants/Pokemon.ts [1004, 24]: elements are not aligned, C:/Users/valmac/FullScreenPokemon/src/components/constants/Pokemon.ts [1007, 24]: elements are not aligned, C:/Users/valmac/FullScreenPokemon/src/components/constants/Pokemon.ts [1010, 24]: elements are not aligned, C:/Users/valmac/FullScreenPokemon/src/components/constants/Pokemon.ts [1013, 24]: elements are not aligned, C:/Users/valmac/FullScreenPokemon/src/components/constants/Pokemon.ts [1016, 24]: elements are not aligned, C:/Users/valmac/FullScreenPokemon/src/components/constants/Pokemon.ts [1019, 24]: elements are not aligned, C:/Users/valmac/FullScreenPokemon/src/components/constants/Pokemon.ts [1062, 24]: elements are not aligned, C:/Users/valmac/FullScreenPokemon/src/components/constants/Pokemon.ts [1065, 24]: elements are not aligned, C:/Users/valmac/FullScreenPokemon/src/components/constants/Pokemon.ts [1068, 24]: elements are not aligned, C:/Users/valmac/FullScreenPokemon/src/components/constants/Pokemon.ts [1071, 24]: elements are not aligned, C:/Users/valmac/FullScreenPokemon/src/components/constants/Pokemon.ts [1074, 24]: elements are not aligned, C:/Users/valmac/FullScreenPokemon/src/components/constants/Pokemon.ts [1077, 24]: elements are not aligned, C:/Users/valmac/FullScreenPokemon/src/components/constants/Pokemon.ts [1080, 24]: elements are not aligned, C:/Users/valmac/FullScreenPokemon/src/components/constants/Pokemon.ts [1083, 24]: elements are not aligned, C:/Users/valmac/FullScreenPokemon/src/components/constants/Pokemon.ts [1095, 24]: elements are not aligned, C:/Users/valmac/FullScreenPokemon/src/components/constants/Pokemon.ts [1098, 24]: elements are not aligned, C:/Users/valmac/FullScreenPokemon/src/components/constants/Pokemon.ts [1101, 24]: elements are not aligned, C:/Users/valmac/FullScreenPokemon/src/components/constants/Pokemon.ts [1104, 24]: elements are not aligned, C:/Users/valmac/FullScreenPokemon/src/components/constants/Pokemon.ts [1107, 24]: elements are not aligned, C:/Users/valmac/FullScreenPokemon/src/components/constants/Pokemon.ts [1110, 24]: elements are not aligned, C:/Users/valmac/FullScreenPokemon/src/components/constants/Pokemon.ts [1113, 24]: elements are not aligned, C:/Users/valmac/FullScreenPokemon/src/components/constants/Pokemon.ts [1116, 24]: elements are not aligned, C:/Users/valmac/FullScreenPokemon/src/components/constants/Pokemon.ts [1119, 24]: elements are not aligned, C:/Users/valmac/FullScreenPokemon/src/components/constants/Pokemon.ts [1122, 24]: elements are not aligned, C:/Users/valmac/FullScreenPokemon/src/components/constants/Pokemon.ts [1125, 24]: elements are not aligned, C:/Users/valmac/FullScreenPokemon/src/components/constants/Pokemon.ts [1128, 24]: elements are not aligned, C:/Users/valmac/FullScreenPokemon/src/components/constants/Pokemon.ts [1154, 24]: elements are not aligned, C:/Users/valmac/FullScreenPokemon/src/components/constants/Pokemon.ts [1157, 24]: elements are not aligned, C:/Users/valmac/FullScreenPokemon/src/components/constants/Pokemon.ts [1160, 24]: elements are not aligned, C:/Users/valmac/FullScreenPokemon/src/components/constants/Pokemon.ts [1163, 24]: elements are not aligned, C:/Users/valmac/FullScreenPokemon/src/components/constants/Pokemon.ts [1166, 24]: elements are not aligned, C:/Users/valmac/FullScreenPokemon/src/components/constants/Pokemon.ts [1169, 24]: elements are not aligned, C:/Users/valmac/FullScreenPokemon/src/components/constants/Pokemon.ts [1172, 24]: elements are not aligned, C:/Users/valmac/FullScreenPokemon/src/components/constants/Pokemon.ts [1175, 24]: elements are not aligned, C:/Users/valmac/FullScreenPokemon/src/components/constants/Pokemon.ts [1178, 24]: elements are not aligned, C:/Users/valmac/FullScreenPokemon/src/components/constants/Pokemon.ts [1186, 24]: elements are not aligned, C:/Users/valmac/FullScreenPokemon/src/components/constants/Pokemon.ts [1194, 24]: elements are not aligned, C:/Users/valmac/FullScreenPokemon/src/components/constants/Pokemon.ts [1197, 24]: elements are not aligned, C:/Users/valmac/FullScreenPokemon/src/components/constants/Pokemon.ts [1200, 24]: elements are not aligned, C:/Users/valmac/FullScreenPokemon/src/components/constants/Pokemon.ts [1203, 24]: elements are not aligned, C:/Users/valmac/FullScreenPokemon/src/components/constants/Pokemon.ts [1206, 24]: elements are not aligned, C:/Users/valmac/FullScreenPokemon/src/components/constants/Pokemon.ts [1209, 24]: elements are not aligned, C:/Users/valmac/FullScreenPokemon/src/components/constants/Pokemon.ts [1212, 24]: elements are not aligned, C:/Users/valmac/FullScreenPokemon/src/components/constants/Pokemon.ts [1215, 24]: elements are not aligned, C:/Users/valmac/FullScreenPokemon/src/components/constants/Pokemon.ts [1218, 24]: elements are not aligned, C:/Users/valmac/FullScreenPokemon/src/components/constants/Pokemon.ts [1221, 24]: elements are not aligned, C:/Users/valmac/FullScreenPokemon/src/components/constants/Pokemon.ts [1224, 24]: elements are not aligned, C:/Users/valmac/FullScreenPokemon/src/components/constants/Pokemon.ts [1227, 24]: elements are not aligned, C:/Users/valmac/FullScreenPokemon/src/components/constants/Pokemon.ts [1230, 24]: elements are not aligned, C:/Users/valmac/FullScreenPokemon/src/components/constants/Pokemon.ts [1233, 24]: elements are not aligned, C:/Users/valmac/FullScreenPokemon/src/components/constants/Pokemon.ts [1236, 24]: elements are not aligned, C:/Users/valmac/FullScreenPokemon/src/components/constants/Pokemon.ts [1239, 24]: elements are not aligned, C:/Users/valmac/FullScreenPokemon/src/components/constants/Pokemon.ts [1242, 24]: elements are not aligned, C:/Users/valmac/FullScreenPokemon/src/components/constants/Pokemon.ts [1245, 24]: elements are not aligned, C:/Users/valmac/FullScreenPokemon/src/components/constants/Pokemon.ts [1248, 24]: elements are not aligned, C:/Users/valmac/FullScreenPokemon/src/components/constants/Pokemon.ts [1251, 24]: elements are not aligned, C:/Users/valmac/FullScreenPokemon/src/components/constants/Pokemon.ts [1254, 24]: elements are not aligned, C:/Users/valmac/FullScreenPokemon/src/components/constants/Pokemon.ts [1257, 24]: elements are not aligned, C:/Users/valmac/FullScreenPokemon/src/components/constants/Pokemon.ts [1260, 24]: elements are not aligned, C:/Users/valmac/FullScreenPokemon/src/components/constants/Pokemon.ts [1263, 24]: elements are not aligned, C:/Users/valmac/FullScreenPokemon/src/components/constants/Pokemon.ts [1299, 24]: elements are not aligned, C:/Users/valmac/FullScreenPokemon/src/components/constants/Pokemon.ts [1302, 24]: elements are not aligned, C:/Users/valmac/FullScreenPokemon/src/components/constants/Pokemon.ts [1305, 24]: elements are not aligned, C:/Users/valmac/FullScreenPokemon/src/components/constants/Pokemon.ts [1308, 24]: elements are not aligned, C:/Users/valmac/FullScreenPokemon/src/components/constants/Pokemon.ts [1311, 24]: elements are not aligned, C:/Users/valmac/FullScreenPokemon/src/components/constants/Pokemon.ts [1314, 24]: elements are not aligned, C:/Users/valmac/FullScreenPokemon/src/components/constants/Pokemon.ts [1317, 24]: elements are not aligned, C:/Users/valmac/FullScreenPokemon/src/components/constants/Pokemon.ts [1320, 24]: elements are not aligned, C:/Users/valmac/FullScreenPokemon/src/components/constants/Pokemon.ts [1332, 24]: elements are not aligned, C:/Users/valmac/FullScreenPokemon/src/components/constants/Pokemon.ts [1335, 24]: elements are not aligned, C:/Users/valmac/FullScreenPokemon/src/components/constants/Pokemon.ts [1338, 24]: elements are not aligned, C:/Users/valmac/FullScreenPokemon/src/components/constants/Pokemon.ts [1341, 24]: elements are not aligned, C:/Users/valmac/FullScreenPokemon/src/components/constants/Pokemon.ts [1344, 24]: elements are not aligned, C:/Users/valmac/FullScreenPokemon/src/components/constants/Pokemon.ts [1347, 24]: elements are not aligned, C:/Users/valmac/FullScreenPokemon/src/components/constants/Pokemon.ts [1350, 24]: elements are not aligned, C:/Users/valmac/FullScreenPokemon/src/components/constants/Pokemon.ts [1353, 24]: elements are not aligned, C:/Users/valmac/FullScreenPokemon/src/components/constants/Pokemon.ts [1356, 24]: elements are not aligned, C:/Users/valmac/FullScreenPokemon/src/components/constants/Pokemon.ts [1359, 24]: elements are not aligned, C:/Users/valmac/FullScreenPokemon/src/components/constants/Pokemon.ts [1362, 24]: elements are not aligned, C:/Users/valmac/FullScreenPokemon/src/components/constants/Pokemon.ts [1365, 24]: elements are not aligned, C:/Users/valmac/FullScreenPokemon/src/components/constants/Pokemon.ts [1368, 24]: elements are not aligned, C:/Users/valmac/FullScreenPokemon/src/components/constants/Pokemon.ts [1394, 24]: elements are not aligned, C:/Users/valmac/FullScreenPokemon/src/components/constants/Pokemon.ts [1397, 24]: elements are not aligned, C:/Users/valmac/FullScreenPokemon/src/components/constants/Pokemon.ts [1400, 24]: elements are not aligned, C:/Users/valmac/FullScreenPokemon/src/components/constants/Pokemon.ts [1403, 24]: elements are not aligned, C:/Users/valmac/FullScreenPokemon/src/components/constants/Pokemon.ts [1406, 24]: elements are not aligned, C:/Users/valmac/FullScreenPokemon/src/components/constants/Pokemon.ts [1409, 24]: elements are not aligned, C:/Users/valmac/FullScreenPokemon/src/components/constants/Pokemon.ts [1412, 24]: elements are not aligned, C:/Users/valmac/FullScreenPokemon/src/components/constants/Pokemon.ts [1421, 24]: elements are not aligned, C:/Users/valmac/FullScreenPokemon/src/components/constants/Pokemon.ts [1424, 24]: elements are not aligned, C:/Users/valmac/FullScreenPokemon/src/components/constants/Pokemon.ts [1427, 24]: elements are not aligned, C:/Users/valmac/FullScreenPokemon/src/components/constants/Pokemon.ts [1430, 24]: elements are not aligned, C:/Users/valmac/FullScreenPokemon/src/components/constants/Pokemon.ts [1433, 24]: elements are not aligned, C:/Users/valmac/FullScreenPokemon/src/components/constants/Pokemon.ts [1436, 24]: elements are not aligned, C:/Users/valmac/FullScreenPokemon/src/components/constants/Pokemon.ts [1439, 24]: elements are not aligned, C:/Users/valmac/FullScreenPokemon/src/components/constants/Pokemon.ts [1442, 24]: elements are not aligned, C:/Users/valmac/FullScreenPokemon/src/components/constants/Pokemon.ts [1445, 24]: elements are not aligned, C:/Users/valmac/FullScreenPokemon/src/components/constants/Pokemon.ts [1448, 24]: elements are not aligned, C:/Users/valmac/FullScreenPokemon/src/components/constants/Pokemon.ts [1451, 24]: elements are not aligned, C:/Users/valmac/FullScreenPokemon/src/components/constants/Pokemon.ts [1454, 24]: elements are not aligned, C:/Users/valmac/FullScreenPokemon/src/components/constants/Pokemon.ts [1457, 24]: elements are not aligned, C:/Users/valmac/FullScreenPokemon/src/components/constants/Pokemon.ts [1460, 24]: elements are not aligned, C:/Users/valmac/FullScreenPokemon/src/components/constants/Pokemon.ts [1463, 24]: elements are not aligned, C:/Users/valmac/FullScreenPokemon/src/components/constants/Pokemon.ts [1466, 24]: elements are not aligned, C:/Users/valmac/FullScreenPokemon/src/components/constants/Pokemon.ts [1469, 24]: elements are not aligned, C:/Users/valmac/FullScreenPokemon/src/components/constants/Pokemon.ts [1472, 24]: elements are not aligned, C:/Users/valmac/FullScreenPokemon/src/components/constants/Pokemon.ts [1506, 20]: elements are not aligned, C:/Users/valmac/FullScreenPokemon/src/components/constants/Pokemon.ts [1534, 24]: elements are not aligned, C:/Users/valmac/FullScreenPokemon/src/components/constants/Pokemon.ts [1537, 24]: elements are not aligned, C:/Users/valmac/FullScreenPokemon/src/components/constants/Pokemon.ts [1540, 24]: elements are not aligned, C:/Users/valmac/FullScreenPokemon/src/components/constants/Pokemon.ts [1543, 24]: elements are not aligned, C:/Users/valmac/FullScreenPokemon/src/components/constants/Pokemon.ts [1546, 24]: elements are not aligned, C:/Users/valmac/FullScreenPokemon/src/components/constants/Pokemon.ts [1549, 24]: elements are not aligned, C:/Users/valmac/FullScreenPokemon/src/components/constants/Pokemon.ts [1552, 24]: elements are not aligned, C:/Users/valmac/FullScreenPokemon/src/components/constants/Pokemon.ts [1560, 24]: elements are not aligned, C:/Users/valmac/FullScreenPokemon/src/components/constants/Pokemon.ts [1568, 24]: elements are not aligned, C:/Users/valmac/FullScreenPokemon/src/components/constants/Pokemon.ts [1571, 24]: elements are not aligned, C:/Users/valmac/FullScreenPokemon/src/components/constants/Pokemon.ts [1574, 24]: elements are not aligned, C:/Users/valmac/FullScreenPokemon/src/components/constants/Pokemon.ts [1577, 24]: elements are not aligned, C:/Users/valmac/FullScreenPokemon/src/components/constants/Pokemon.ts [1580, 24]: elements are not aligned, C:/Users/valmac/FullScreenPokemon/src/components/constants/Pokemon.ts [1583, 24]: elements are not aligned, C:/Users/valmac/FullScreenPokemon/src/components/constants/Pokemon.ts [1586, 24]: elements are not aligned, C:/Users/valmac/FullScreenPokemon/src/components/constants/Pokemon.ts [1589, 24]: elements are not aligned, C:/Users/valmac/FullScreenPokemon/src/components/constants/Pokemon.ts [1592, 24]: elements are not aligned, C:/Users/valmac/FullScreenPokemon/src/components/constants/Pokemon.ts [1595, 24]: elements are not aligned, C:/Users/valmac/FullScreenPokemon/src/components/constants/Pokemon.ts [1598, 24]: elements are not aligned, C:/Users/valmac/FullScreenPokemon/src/components/constants/Pokemon.ts [1601, 24]: elements are not aligned, C:/Users/valmac/FullScreenPokemon/src/components/constants/Pokemon.ts [1604, 24]: elements are not aligned, C:/Users/valmac/FullScreenPokemon/src/components/constants/Pokemon.ts [1607, 24]: elements are not aligned, C:/Users/valmac/FullScreenPokemon/src/components/constants/Pokemon.ts [1610, 24]: elements are not aligned, C:/Users/valmac/FullScreenPokemon/src/components/constants/Pokemon.ts [1613, 24]: elements are not aligned, C:/Users/valmac/FullScreenPokemon/src/components/constants/Pokemon.ts [1616, 24]: elements are not aligned, C:/Users/valmac/FullScreenPokemon/src/components/constants/Pokemon.ts [1619, 24]: elements are not aligned, C:/Users/valmac/FullScreenPokemon/src/components/constants/Pokemon.ts [1622, 24]: elements are not aligned, C:/Users/valmac/FullScreenPokemon/src/components/constants/Pokemon.ts [1625, 24]: elements are not aligned, C:/Users/valmac/FullScreenPokemon/src/components/constants/Pokemon.ts [1628, 24]: elements are not aligned, C:/Users/valmac/FullScreenPokemon/src/components/constants/Pokemon.ts [1631, 24]: elements are not aligned, C:/Users/valmac/FullScreenPokemon/src/components/constants/Pokemon.ts [1634, 24]: elements are not aligned, C:/Users/valmac/FullScreenPokemon/src/components/constants/Pokemon.ts [1637, 24]: elements are not aligned, C:/Users/valmac/FullScreenPokemon/src/components/constants/Pokemon.ts [1640, 24]: elements are not aligned, C:/Users/valmac/FullScreenPokemon/src/components/constants/Pokemon.ts [1643, 24]: elements are not aligned, C:/Users/valmac/FullScreenPokemon/src/components/constants/Pokemon.ts [1646, 24]: elements are not aligned, C:/Users/valmac/FullScreenPokemon/src/components/constants/Pokemon.ts [1649, 24]: elements are not aligned, C:/Users/valmac/FullScreenPokemon/src/components/constants/Pokemon.ts [1652, 24]: elements are not aligned, C:/Users/valmac/FullScreenPokemon/src/components/constants/Pokemon.ts [1655, 24]: elements are not aligned, C:/Users/valmac/FullScreenPokemon/src/components/constants/Pokemon.ts [1658, 24]: elements are not aligned, C:/Users/valmac/FullScreenPokemon/src/components/constants/Pokemon.ts [1661, 24]: elements are not aligned, C:/Users/valmac/FullScreenPokemon/src/components/constants/Pokemon.ts [1664, 24]: elements are not aligned, C:/Users/valmac/FullScreenPokemon/src/components/constants/Pokemon.ts [1690, 24]: elements are not aligned, C:/Users/valmac/FullScreenPokemon/src/components/constants/Pokemon.ts [1693, 24]: elements are not aligned, C:/Users/valmac/FullScreenPokemon/src/components/constants/Pokemon.ts [1696, 24]: elements are not aligned, C:/Users/valmac/FullScreenPokemon/src/components/constants/Pokemon.ts [1699, 24]: elements are not aligned, C:/Users/valmac/FullScreenPokemon/src/components/constants/Pokemon.ts [1702, 24]: elements are not aligned, C:/Users/valmac/FullScreenPokemon/src/components/constants/Pokemon.ts [1705, 24]: elements are not aligned, C:/Users/valmac/FullScreenPokemon/src/components/constants/Pokemon.ts [1708, 24]: elements are not aligned, C:/Users/valmac/FullScreenPokemon/src/components/constants/Pokemon.ts [1711, 24]: elements are not aligned, C:/Users/valmac/FullScreenPokemon/src/components/constants/Pokemon.ts [1714, 24]: elements are not aligned, C:/Users/valmac/FullScreenPokemon/src/components/constants/Pokemon.ts [1722, 24]: elements are not aligned, C:/Users/valmac/FullScreenPokemon/src/components/constants/Pokemon.ts [1730, 24]: elements are not aligned, C:/Users/valmac/FullScreenPokemon/src/components/constants/Pokemon.ts [1733, 24]: elements are not aligned, C:/Users/valmac/FullScreenPokemon/src/components/constants/Pokemon.ts [1736, 24]: elements are not aligned, C:/Users/valmac/FullScreenPokemon/src/components/constants/Pokemon.ts [1739, 24]: elements are not aligned, C:/Users/valmac/FullScreenPokemon/src/components/constants/Pokemon.ts [1742, 24]: elements are not aligned, C:/Users/valmac/FullScreenPokemon/src/components/constants/Pokemon.ts [1745, 24]: elements are not aligned, C:/Users/valmac/FullScreenPokemon/src/components/constants/Pokemon.ts [1748, 24]: elements are not aligned, C:/Users/valmac/FullScreenPokemon/src/components/constants/Pokemon.ts [1751, 24]: elements are not aligned, C:/Users/valmac/FullScreenPokemon/src/components/constants/Pokemon.ts [1754, 24]: elements are not aligned, C:/Users/valmac/FullScreenPokemon/src/components/constants/Pokemon.ts [1757, 24]: elements are not aligned, C:/Users/valmac/FullScreenPokemon/src/components/constants/Pokemon.ts [1760, 24]: elements are not aligned, C:/Users/valmac/FullScreenPokemon/src/components/constants/Pokemon.ts [1763, 24]: elements are not aligned, C:/Users/valmac/FullScreenPokemon/src/components/constants/Pokemon.ts [1766, 24]: elements are not aligned, C:/Users/valmac/FullScreenPokemon/src/components/constants/Pokemon.ts [1769, 24]: elements are not aligned, C:/Users/valmac/FullScreenPokemon/src/components/constants/Pokemon.ts [1772, 24]: elements are not aligned, C:/Users/valmac/FullScreenPokemon/src/components/constants/Pokemon.ts [1775, 24]: elements are not aligned, C:/Users/valmac/FullScreenPokemon/src/components/constants/Pokemon.ts [1778, 24]: elements are not aligned, C:/Users/valmac/FullScreenPokemon/src/components/constants/Pokemon.ts [1781, 24]: elements are not aligned, C:/Users/valmac/FullScreenPokemon/src/components/constants/Pokemon.ts [1784, 24]: elements are not aligned, C:/Users/valmac/FullScreenPokemon/src/components/constants/Pokemon.ts [1787, 24]: elements are not aligned, C:/Users/valmac/FullScreenPokemon/src/components/constants/Pokemon.ts [1790, 24]: elements are not aligned, C:/Users/valmac/FullScreenPokemon/src/components/constants/Pokemon.ts [1793, 24]: elements are not aligned, C:/Users/valmac/FullScreenPokemon/src/components/constants/Pokemon.ts [1796, 24]: elements are not aligned, C:/Users/valmac/FullScreenPokemon/src/components/constants/Pokemon.ts [1799, 24]: elements are not aligned, C:/Users/valmac/FullScreenPokemon/src/components/constants/Pokemon.ts [1835, 24]: elements are not aligned, C:/Users/valmac/FullScreenPokemon/src/components/constants/Pokemon.ts [1838, 24]: elements are not aligned, C:/Users/valmac/FullScreenPokemon/src/components/constants/Pokemon.ts [1841, 24]: elements are not aligned, C:/Users/valmac/FullScreenPokemon/src/components/constants/Pokemon.ts [1844, 24]: elements are not aligned, C:/Users/valmac/FullScreenPokemon/src/components/constants/Pokemon.ts [1847, 24]: elements are not aligned, C:/Users/valmac/FullScreenPokemon/src/components/constants/Pokemon.ts [1850, 24]: elements are not aligned, C:/Users/valmac/FullScreenPokemon/src/components/constants/Pokemon.ts [1853, 24]: elements are not aligned, C:/Users/valmac/FullScreenPokemon/src/components/constants/Pokemon.ts [1861, 24]: elements are not aligned, C:/Users/valmac/FullScreenPokemon/src/components/constants/Pokemon.ts [1869, 24]: elements are not aligned, C:/Users/valmac/FullScreenPokemon/src/components/constants/Pokemon.ts [1872, 24]: elements are not aligned, C:/Users/valmac/FullScreenPokemon/src/components/constants/Pokemon.ts [1875, 24]: elements are not aligned, C:/Users/valmac/FullScreenPokemon/src/components/constants/Pokemon.ts [1878, 24]: elements are not aligned, C:/Users/valmac/FullScreenPokemon/src/components/constants/Pokemon.ts [1881, 24]: elements are not aligned, C:/Users/valmac/FullScreenPokemon/src/components/constants/Pokemon.ts [1884, 24]: elements are not aligned, C:/Users/valmac/FullScreenPokemon/src/components/constants/Pokemon.ts [1887, 24]: elements are not aligned, C:/Users/valmac/FullScreenPokemon/src/components/constants/Pokemon.ts [1890, 24]: elements are not aligned, C:/Users/valmac/FullScreenPokemon/src/components/constants/Pokemon.ts [1893, 24]: elements are not aligned, C:/Users/valmac/FullScreenPokemon/src/components/constants/Pokemon.ts [1896, 24]: elements are not aligned, C:/Users/valmac/FullScreenPokemon/src/components/constants/Pokemon.ts [1899, 24]: elements are not aligned, C:/Users/valmac/FullScreenPokemon/src/components/constants/Pokemon.ts [1902, 24]: elements are not aligned, C:/Users/valmac/FullScreenPokemon/src/components/constants/Pokemon.ts [1905, 24]: elements are not aligned, C:/Users/valmac/FullScreenPokemon/src/components/constants/Pokemon.ts [1908, 24]: elements are not aligned, C:/Users/valmac/FullScreenPokemon/src/components/constants/Pokemon.ts [1911, 24]: elements are not aligned, C:/Users/valmac/FullScreenPokemon/src/components/constants/Pokemon.ts [1914, 24]: elements are not aligned, C:/Users/valmac/FullScreenPokemon/src/components/constants/Pokemon.ts [1917, 24]: elements are not aligned, C:/Users/valmac/FullScreenPokemon/src/components/constants/Pokemon.ts [1920, 24]: elements are not aligned, C:/Users/valmac/FullScreenPokemon/src/components/constants/Pokemon.ts [1923, 24]: elements are not aligned, C:/Users/valmac/FullScreenPokemon/src/components/constants/Pokemon.ts [1926, 24]: elements are not aligned, C:/Users/valmac/FullScreenPokemon/src/components/constants/Pokemon.ts [1929, 24]: elements are not aligned, C:/Users/valmac/FullScreenPokemon/src/components/constants/Pokemon.ts [1964, 24]: elements are not aligned, C:/Users/valmac/FullScreenPokemon/src/components/constants/Pokemon.ts [1967, 24]: elements are not aligned, C:/Users/valmac/FullScreenPokemon/src/components/constants/Pokemon.ts [1970, 24]: elements are not aligned, C:/Users/valmac/FullScreenPokemon/src/components/constants/Pokemon.ts [1973, 24]: elements are not aligned, C:/Users/valmac/FullScreenPokemon/src/components/constants/Pokemon.ts [1976, 24]: elements are not aligned, C:/Users/valmac/FullScreenPokemon/src/components/constants/Pokemon.ts [1979, 24]: elements are not aligned, C:/Users/valmac/FullScreenPokemon/src/components/constants/Pokemon.ts [1982, 24]: elements are not aligned, C:/Users/valmac/FullScreenPokemon/src/components/constants/Pokemon.ts [1985, 24]: elements are not aligned, C:/Users/valmac/FullScreenPokemon/src/components/constants/Pokemon.ts [1994, 24]: elements are not aligned, C:/Users/valmac/FullScreenPokemon/src/components/constants/Pokemon.ts [1997, 24]: elements are not aligned, C:/Users/valmac/FullScreenPokemon/src/components/constants/Pokemon.ts [2000, 24]: elements are not aligned, C:/Users/valmac/FullScreenPokemon/src/components/constants/Pokemon.ts [2003, 24]: elements are not aligned, C:/Users/valmac/FullScreenPokemon/src/components/constants/Pokemon.ts [2006, 24]: elements are not aligned, C:/Users/valmac/FullScreenPokemon/src/components/constants/Pokemon.ts [2009, 24]: elements are not aligned, C:/Users/valmac/FullScreenPokemon/src/components/constants/Pokemon.ts [2012, 24]: elements are not aligned, C:/Users/valmac/FullScreenPokemon/src/components/constants/Pokemon.ts [2015, 24]: elements are not aligned, C:/Users/valmac/FullScreenPokemon/src/components/constants/Pokemon.ts [2018, 24]: elements are not aligned, C:/Users/valmac/FullScreenPokemon/src/components/constants/Pokemon.ts [2021, 24]: elements are not aligned, C:/Users/valmac/FullScreenPokemon/src/components/constants/Pokemon.ts [2024, 24]: elements are not aligned, C:/Users/valmac/FullScreenPokemon/src/components/constants/Pokemon.ts [2027, 24]: elements are not aligned, C:/Users/valmac/FullScreenPokemon/src/components/constants/Pokemon.ts [2030, 24]: elements are not aligned, C:/Users/valmac/FullScreenPokemon/src/components/constants/Pokemon.ts [2033, 24]: elements are not aligned, C:/Users/valmac/FullScreenPokemon/src/components/constants/Pokemon.ts [2036, 24]: elements are not aligned, C:/Users/valmac/FullScreenPokemon/src/components/constants/Pokemon.ts [2039, 24]: elements are not aligned, C:/Users/valmac/FullScreenPokemon/src/components/constants/Pokemon.ts [2042, 24]: elements are not aligned, C:/Users/valmac/FullScreenPokemon/src/components/constants/Pokemon.ts [2045, 24]: elements are not aligned, C:/Users/valmac/FullScreenPokemon/src/components/constants/Pokemon.ts [2048, 24]: elements are not aligned, C:/Users/valmac/FullScreenPokemon/src/components/constants/Pokemon.ts [2051, 24]: elements are not aligned, C:/Users/valmac/FullScreenPokemon/src/components/constants/Pokemon.ts [2054, 24]: elements are not aligned, C:/Users/valmac/FullScreenPokemon/src/components/constants/Pokemon.ts [2080, 24]: elements are not aligned, C:/Users/valmac/FullScreenPokemon/src/components/constants/Pokemon.ts [2083, 24]: elements are not aligned, C:/Users/valmac/FullScreenPokemon/src/components/constants/Pokemon.ts [2086, 24]: elements are not aligned, C:/Users/valmac/FullScreenPokemon/src/components/constants/Pokemon.ts [2094, 24]: elements are not aligned, C:/Users/valmac/FullScreenPokemon/src/components/constants/Pokemon.ts [2102, 24]: elements are not aligned, C:/Users/valmac/FullScreenPokemon/src/components/constants/Pokemon.ts [2137, 24]: elements are not aligned, C:/Users/valmac/FullScreenPokemon/src/components/constants/Pokemon.ts [2140, 24]: elements are not aligned, C:/Users/valmac/FullScreenPokemon/src/components/constants/Pokemon.ts [2143, 24]: elements are not aligned, C:/Users/valmac/FullScreenPokemon/src/components/constants/Pokemon.ts [2146, 24]: elements are not aligned, C:/Users/valmac/FullScreenPokemon/src/components/constants/Pokemon.ts [2149, 24]: elements are not aligned, C:/Users/valmac/FullScreenPokemon/src/components/constants/Pokemon.ts [2152, 24]: elements are not aligned, C:/Users/valmac/FullScreenPokemon/src/components/constants/Pokemon.ts [2155, 24]: elements are not aligned, C:/Users/valmac/FullScreenPokemon/src/components/constants/Pokemon.ts [2163, 24]: elements are not aligned, C:/Users/valmac/FullScreenPokemon/src/components/constants/Pokemon.ts [2171, 24]: elements are not aligned, C:/Users/valmac/FullScreenPokemon/src/components/constants/Pokemon.ts [2174, 24]: elements are not aligned, C:/Users/valmac/FullScreenPokemon/src/components/constants/Pokemon.ts [2177, 24]: elements are not aligned, C:/Users/valmac/FullScreenPokemon/src/components/constants/Pokemon.ts [2180, 24]: elements are not aligned, C:/Users/valmac/FullScreenPokemon/src/components/constants/Pokemon.ts [2183, 24]: elements are not aligned, C:/Users/valmac/FullScreenPokemon/src/components/constants/Pokemon.ts [2186, 24]: elements are not aligned, C:/Users/valmac/FullScreenPokemon/src/components/constants/Pokemon.ts [2189, 24]: elements are not aligned, C:/Users/valmac/FullScreenPokemon/src/components/constants/Pokemon.ts [2192, 24]: elements are not aligned, C:/Users/valmac/FullScreenPokemon/src/components/constants/Pokemon.ts [2195, 24]: elements are not aligned, C:/Users/valmac/FullScreenPokemon/src/components/constants/Pokemon.ts [2198, 24]: elements are not aligned, C:/Users/valmac/FullScreenPokemon/src/components/constants/Pokemon.ts [2201, 24]: elements are not aligned, C:/Users/valmac/FullScreenPokemon/src/components/constants/Pokemon.ts [2204, 24]: elements are not aligned, C:/Users/valmac/FullScreenPokemon/src/components/constants/Pokemon.ts [2207, 24]: elements are not aligned, C:/Users/valmac/FullScreenPokemon/src/components/constants/Pokemon.ts [2210, 24]: elements are not aligned, C:/Users/valmac/FullScreenPokemon/src/components/constants/Pokemon.ts [2213, 24]: elements are not aligned, C:/Users/valmac/FullScreenPokemon/src/components/constants/Pokemon.ts [2216, 24]: elements are not aligned, C:/Users/valmac/FullScreenPokemon/src/components/constants/Pokemon.ts [2219, 24]: elements are not aligned, C:/Users/valmac/FullScreenPokemon/src/components/constants/Pokemon.ts [2222, 24]: elements are not aligned, C:/Users/valmac/FullScreenPokemon/src/components/constants/Pokemon.ts [2225, 24]: elements are not aligned, C:/Users/valmac/FullScreenPokemon/src/components/constants/Pokemon.ts [2228, 24]: elements are not aligned, C:/Users/valmac/FullScreenPokemon/src/components/constants/Pokemon.ts [2231, 24]: elements are not aligned, C:/Users/valmac/FullScreenPokemon/src/components/constants/Pokemon.ts [2234, 24]: elements are not aligned, C:/Users/valmac/FullScreenPokemon/src/components/constants/Pokemon.ts [2237, 24]: elements are not aligned, C:/Users/valmac/FullScreenPokemon/src/components/constants/Pokemon.ts [2240, 24]: elements are not aligned, C:/Users/valmac/FullScreenPokemon/src/components/constants/Pokemon.ts [2243, 24]: elements are not aligned, C:/Users/valmac/FullScreenPokemon/src/components/constants/Pokemon.ts [2246, 24]: elements are not aligned, C:/Users/valmac/FullScreenPokemon/src/components/constants/Pokemon.ts [2249, 24]: elements are not aligned, C:/Users/valmac/FullScreenPokemon/src/components/constants/Pokemon.ts [2252, 24]: elements are not aligned, C:/Users/valmac/FullScreenPokemon/src/components/constants/Pokemon.ts [2255, 24]: elements are not aligned, C:/Users/valmac/FullScreenPokemon/src/components/constants/Pokemon.ts [2258, 24]: elements are not aligned, C:/Users/valmac/FullScreenPokemon/src/components/constants/Pokemon.ts [2284, 24]: elements are not aligned, C:/Users/valmac/FullScreenPokemon/src/components/constants/Pokemon.ts [2287, 24]: elements are not aligned, C:/Users/valmac/FullScreenPokemon/src/components/constants/Pokemon.ts [2290, 24]: elements are not aligned, C:/Users/valmac/FullScreenPokemon/src/components/constants/Pokemon.ts [2293, 24]: elements are not aligned, C:/Users/valmac/FullScreenPokemon/src/components/constants/Pokemon.ts [2333, 24]: elements are not aligned, C:/Users/valmac/FullScreenPokemon/src/components/constants/Pokemon.ts [2336, 24]: elements are not aligned, C:/Users/valmac/FullScreenPokemon/src/components/constants/Pokemon.ts [2339, 24]: elements are not aligned, C:/Users/valmac/FullScreenPokemon/src/components/constants/Pokemon.ts [2342, 24]: elements are not aligned, C:/Users/valmac/FullScreenPokemon/src/components/constants/Pokemon.ts [2345, 24]: elements are not aligned, C:/Users/valmac/FullScreenPokemon/src/components/constants/Pokemon.ts [2348, 24]: elements are not aligned, C:/Users/valmac/FullScreenPokemon/src/components/constants/Pokemon.ts [2360, 24]: elements are not aligned, C:/Users/valmac/FullScreenPokemon/src/components/constants/Pokemon.ts [2363, 24]: elements are not aligned, C:/Users/valmac/FullScreenPokemon/src/components/constants/Pokemon.ts [2366, 24]: elements are not aligned, C:/Users/valmac/FullScreenPokemon/src/components/constants/Pokemon.ts [2369, 24]: elements are not aligned, C:/Users/valmac/FullScreenPokemon/src/components/constants/Pokemon.ts [2372, 24]: elements are not aligned, C:/Users/valmac/FullScreenPokemon/src/components/constants/Pokemon.ts [2375, 24]: elements are not aligned, C:/Users/valmac/FullScreenPokemon/src/components/constants/Pokemon.ts [2378, 24]: elements are not aligned, C:/Users/valmac/FullScreenPokemon/src/components/constants/Pokemon.ts [2381, 24]: elements are not aligned, C:/Users/valmac/FullScreenPokemon/src/components/constants/Pokemon.ts [2384, 24]: elements are not aligned, C:/Users/valmac/FullScreenPokemon/src/components/constants/Pokemon.ts [2387, 24]: elements are not aligned, C:/Users/valmac/FullScreenPokemon/src/components/constants/Pokemon.ts [2390, 24]: elements are not aligned, C:/Users/valmac/FullScreenPokemon/src/components/constants/Pokemon.ts [2393, 24]: elements are not aligned, C:/Users/valmac/FullScreenPokemon/src/components/constants/Pokemon.ts [2396, 24]: elements are not aligned, C:/Users/valmac/FullScreenPokemon/src/components/constants/Pokemon.ts [2399, 24]: elements are not aligned, C:/Users/valmac/FullScreenPokemon/src/components/constants/Pokemon.ts [2402, 24]: elements are not aligned, C:/Users/valmac/FullScreenPokemon/src/components/constants/Pokemon.ts [2405, 24]: elements are not aligned, C:/Users/valmac/FullScreenPokemon/src/components/constants/Pokemon.ts [2408, 24]: elements are not aligned, C:/Users/valmac/FullScreenPokemon/src/components/constants/Pokemon.ts [2411, 24]: elements are not aligned, C:/Users/valmac/FullScreenPokemon/src/components/constants/Pokemon.ts [2414, 24]: elements are not aligned, C:/Users/valmac/FullScreenPokemon/src/components/constants/Pokemon.ts [2417, 24]: elements are not aligned, C:/Users/valmac/FullScreenPokemon/src/components/constants/Pokemon.ts [2420, 24]: elements are not aligned, C:/Users/valmac/FullScreenPokemon/src/components/constants/Pokemon.ts [2423, 24]: elements are not aligned, C:/Users/valmac/FullScreenPokemon/src/components/constants/Pokemon.ts [2426, 24]: elements are not aligned, C:/Users/valmac/FullScreenPokemon/src/components/constants/Pokemon.ts [2452, 24]: elements are not aligned, C:/Users/valmac/FullScreenPokemon/src/components/constants/Pokemon.ts [2455, 24]: elements are not aligned, C:/Users/valmac/FullScreenPokemon/src/components/constants/Pokemon.ts [2458, 24]: elements are not aligned, C:/Users/valmac/FullScreenPokemon/src/components/constants/Pokemon.ts [2461, 24]: elements are not aligned, C:/Users/valmac/FullScreenPokemon/src/components/constants/Pokemon.ts [2464, 24]: elements are not aligned, C:/Users/valmac/FullScreenPokemon/src/components/constants/Pokemon.ts [2467, 24]: elements are not aligned, C:/Users/valmac/FullScreenPokemon/src/components/constants/Pokemon.ts [2470, 24]: elements are not aligned, C:/Users/valmac/FullScreenPokemon/src/components/constants/Pokemon.ts [2479, 24]: elements are not aligned, C:/Users/valmac/FullScreenPokemon/src/components/constants/Pokemon.ts [2482, 24]: elements are not aligned, C:/Users/valmac/FullScreenPokemon/src/components/constants/Pokemon.ts [2485, 24]: elements are not aligned, C:/Users/valmac/FullScreenPokemon/src/components/constants/Pokemon.ts [2488, 24]: elements are not aligned, C:/Users/valmac/FullScreenPokemon/src/components/constants/Pokemon.ts [2491, 24]: elements are not aligned, C:/Users/valmac/FullScreenPokemon/src/components/constants/Pokemon.ts [2494, 24]: elements are not aligned, C:/Users/valmac/FullScreenPokemon/src/components/constants/Pokemon.ts [2497, 24]: elements are not aligned, C:/Users/valmac/FullScreenPokemon/src/components/constants/Pokemon.ts [2500, 24]: elements are not aligned, C:/Users/valmac/FullScreenPokemon/src/components/constants/Pokemon.ts [2503, 24]: elements are not aligned, C:/Users/valmac/FullScreenPokemon/src/components/constants/Pokemon.ts [2506, 24]: elements are not aligned, C:/Users/valmac/FullScreenPokemon/src/components/constants/Pokemon.ts [2509, 24]: elements are not aligned, C:/Users/valmac/FullScreenPokemon/src/components/constants/Pokemon.ts [2512, 24]: elements are not aligned, C:/Users/valmac/FullScreenPokemon/src/components/constants/Pokemon.ts [2515, 24]: elements are not aligned, C:/Users/valmac/FullScreenPokemon/src/components/constants/Pokemon.ts [2518, 24]: elements are not aligned, C:/Users/valmac/FullScreenPokemon/src/components/constants/Pokemon.ts [2521, 24]: elements are not aligned, C:/Users/valmac/FullScreenPokemon/src/components/constants/Pokemon.ts [2524, 24]: elements are not aligned, C:/Users/valmac/FullScreenPokemon/src/components/constants/Pokemon.ts [2527, 24]: elements are not aligned, C:/Users/valmac/FullScreenPokemon/src/components/constants/Pokemon.ts [2562, 24]: elements are not aligned, C:/Users/valmac/FullScreenPokemon/src/components/constants/Pokemon.ts [2565, 24]: elements are not aligned, C:/Users/valmac/FullScreenPokemon/src/components/constants/Pokemon.ts [2568, 24]: elements are not aligned, C:/Users/valmac/FullScreenPokemon/src/components/constants/Pokemon.ts [2571, 24]: elements are not aligned, C:/Users/valmac/FullScreenPokemon/src/components/constants/Pokemon.ts [2574, 24]: elements are not aligned, C:/Users/valmac/FullScreenPokemon/src/components/constants/Pokemon.ts [2582, 24]: elements are not aligned, C:/Users/valmac/FullScreenPokemon/src/components/constants/Pokemon.ts [2585, 24]: elements are not aligned, C:/Users/valmac/FullScreenPokemon/src/components/constants/Pokemon.ts [2588, 24]: elements are not aligned, C:/Users/valmac/FullScreenPokemon/src/components/constants/Pokemon.ts [2591, 24]: elements are not aligned, C:/Users/valmac/FullScreenPokemon/src/components/constants/Pokemon.ts [2594, 24]: elements are not aligned, C:/Users/valmac/FullScreenPokemon/src/components/constants/Pokemon.ts [2597, 24]: elements are not aligned, C:/Users/valmac/FullScreenPokemon/src/components/constants/Pokemon.ts [2600, 24]: elements are not aligned, C:/Users/valmac/FullScreenPokemon/src/components/constants/Pokemon.ts [2603, 24]: elements are not aligned, C:/Users/valmac/FullScreenPokemon/src/components/constants/Pokemon.ts [2606, 24]: elements are not aligned, C:/Users/valmac/FullScreenPokemon/src/components/constants/Pokemon.ts [2609, 24]: elements are not aligned, C:/Users/valmac/FullScreenPokemon/src/components/constants/Pokemon.ts [2612, 24]: elements are not aligned, C:/Users/valmac/FullScreenPokemon/src/components/constants/Pokemon.ts [2615, 24]: elements are not aligned, C:/Users/valmac/FullScreenPokemon/src/components/constants/Pokemon.ts [2618, 24]: elements are not aligned, C:/Users/valmac/FullScreenPokemon/src/components/constants/Pokemon.ts [2626, 24]: elements are not aligned, C:/Users/valmac/FullScreenPokemon/src/components/constants/Pokemon.ts [2629, 24]: elements are not aligned, C:/Users/valmac/FullScreenPokemon/src/components/constants/Pokemon.ts [2632, 24]: elements are not aligned, C:/Users/valmac/FullScreenPokemon/src/components/constants/Pokemon.ts [2635, 24]: elements are not aligned, C:/Users/valmac/FullScreenPokemon/src/components/constants/Pokemon.ts [2638, 24]: elements are not aligned, C:/Users/valmac/FullScreenPokemon/src/components/constants/Pokemon.ts [2688, 24]: elements are not aligned, C:/Users/valmac/FullScreenPokemon/src/components/constants/Pokemon.ts [2691, 24]: elements are not aligned, C:/Users/valmac/FullScreenPokemon/src/components/constants/Pokemon.ts [2694, 24]: elements are not aligned, C:/Users/valmac/FullScreenPokemon/src/components/constants/Pokemon.ts [2697, 24]: elements are not aligned, C:/Users/valmac/FullScreenPokemon/src/components/constants/Pokemon.ts [2700, 24]: elements are not aligned, C:/Users/valmac/FullScreenPokemon/src/components/constants/Pokemon.ts [2703, 24]: elements are not aligned, C:/Users/valmac/FullScreenPokemon/src/components/constants/Pokemon.ts [2706, 24]: elements are not aligned, C:/Users/valmac/FullScreenPokemon/src/components/constants/Pokemon.ts [2709, 24]: elements are not aligned, C:/Users/valmac/FullScreenPokemon/src/components/constants/Pokemon.ts [2718, 24]: elements are not aligned, C:/Users/valmac/FullScreenPokemon/src/components/constants/Pokemon.ts [2721, 24]: elements are not aligned, C:/Users/valmac/FullScreenPokemon/src/components/constants/Pokemon.ts [2724, 24]: elements are not aligned, C:/Users/valmac/FullScreenPokemon/src/components/constants/Pokemon.ts [2727, 24]: elements are not aligned, C:/Users/valmac/FullScreenPokemon/src/components/constants/Pokemon.ts [2730, 24]: elements are not aligned, C:/Users/valmac/FullScreenPokemon/src/components/constants/Pokemon.ts [2733, 24]: elements are not aligned, C:/Users/valmac/FullScreenPokemon/src/components/constants/Pokemon.ts [2736, 24]: elements are not aligned, C:/Users/valmac/FullScreenPokemon/src/components/constants/Pokemon.ts [2739, 24]: elements are not aligned, C:/Users/valmac/FullScreenPokemon/src/components/constants/Pokemon.ts [2742, 24]: elements are not aligned, C:/Users/valmac/FullScreenPokemon/src/components/constants/Pokemon.ts [2745, 24]: elements are not aligned, C:/Users/valmac/FullScreenPokemon/src/components/constants/Pokemon.ts [2748, 24]: elements are not aligned, C:/Users/valmac/FullScreenPokemon/src/components/constants/Pokemon.ts [2751, 24]: elements are not aligned, C:/Users/valmac/FullScreenPokemon/src/components/constants/Pokemon.ts [2754, 24]: elements are not aligned, C:/Users/valmac/FullScreenPokemon/src/components/constants/Pokemon.ts [2757, 24]: elements are not aligned, C:/Users/valmac/FullScreenPokemon/src/components/constants/Pokemon.ts [2760, 24]: elements are not aligned, C:/Users/valmac/FullScreenPokemon/src/components/constants/Pokemon.ts [2795, 24]: elements are not aligned, C:/Users/valmac/FullScreenPokemon/src/components/constants/Pokemon.ts [2798, 24]: elements are not aligned, C:/Users/valmac/FullScreenPokemon/src/components/constants/Pokemon.ts [2801, 24]: elements are not aligned, C:/Users/valmac/FullScreenPokemon/src/components/constants/Pokemon.ts [2804, 24]: elements are not aligned, C:/Users/valmac/FullScreenPokemon/src/components/constants/Pokemon.ts [2807, 24]: elements are not aligned, C:/Users/valmac/FullScreenPokemon/src/components/constants/Pokemon.ts [2810, 24]: elements are not aligned, C:/Users/valmac/FullScreenPokemon/src/components/constants/Pokemon.ts [2822, 24]: elements are not aligned, C:/Users/valmac/FullScreenPokemon/src/components/constants/Pokemon.ts [2825, 24]: elements are not aligned, C:/Users/valmac/FullScreenPokemon/src/components/constants/Pokemon.ts [2828, 24]: elements are not aligned, C:/Users/valmac/FullScreenPokemon/src/components/constants/Pokemon.ts [2831, 24]: elements are not aligned, C:/Users/valmac/FullScreenPokemon/src/components/constants/Pokemon.ts [2834, 24]: elements are not aligned, C:/Users/valmac/FullScreenPokemon/src/components/constants/Pokemon.ts [2837, 24]: elements are not aligned, C:/Users/valmac/FullScreenPokemon/src/components/constants/Pokemon.ts [2840, 24]: elements are not aligned, C:/Users/valmac/FullScreenPokemon/src/components/constants/Pokemon.ts [2843, 24]: elements are not aligned, C:/Users/valmac/FullScreenPokemon/src/components/constants/Pokemon.ts [2846, 24]: elements are not aligned, C:/Users/valmac/FullScreenPokemon/src/components/constants/Pokemon.ts [2849, 24]: elements are not aligned, C:/Users/valmac/FullScreenPokemon/src/components/constants/Pokemon.ts [2852, 24]: elements are not aligned, C:/Users/valmac/FullScreenPokemon/src/components/constants/Pokemon.ts [2855, 24]: elements are not aligned, C:/Users/valmac/FullScreenPokemon/src/components/constants/Pokemon.ts [2858, 24]: elements are not aligned, C:/Users/valmac/FullScreenPokemon/src/components/constants/Pokemon.ts [2861, 24]: elements are not aligned, C:/Users/valmac/FullScreenPokemon/src/components/constants/Pokemon.ts [2896, 24]: elements are not aligned, C:/Users/valmac/FullScreenPokemon/src/components/constants/Pokemon.ts [2899, 24]: elements are not aligned, C:/Users/valmac/FullScreenPokemon/src/components/constants/Pokemon.ts [2902, 24]: elements are not aligned, C:/Users/valmac/FullScreenPokemon/src/components/constants/Pokemon.ts [2905, 24]: elements are not aligned, C:/Users/valmac/FullScreenPokemon/src/components/constants/Pokemon.ts [2908, 24]: elements are not aligned, C:/Users/valmac/FullScreenPokemon/src/components/constants/Pokemon.ts [2911, 24]: elements are not aligned, C:/Users/valmac/FullScreenPokemon/src/components/constants/Pokemon.ts [2914, 24]: elements are not aligned, C:/Users/valmac/FullScreenPokemon/src/components/constants/Pokemon.ts [2923, 24]: elements are not aligned, C:/Users/valmac/FullScreenPokemon/src/components/constants/Pokemon.ts [2926, 24]: elements are not aligned, C:/Users/valmac/FullScreenPokemon/src/components/constants/Pokemon.ts [2929, 24]: elements are not aligned, C:/Users/valmac/FullScreenPokemon/src/components/constants/Pokemon.ts [2932, 24]: elements are not aligned, C:/Users/valmac/FullScreenPokemon/src/components/constants/Pokemon.ts [2935, 24]: elements are not aligned, C:/Users/valmac/FullScreenPokemon/src/components/constants/Pokemon.ts [2938, 24]: elements are not aligned, C:/Users/valmac/FullScreenPokemon/src/components/constants/Pokemon.ts [2941, 24]: elements are not aligned, C:/Users/valmac/FullScreenPokemon/src/components/constants/Pokemon.ts [2944, 24]: elements are not aligned, C:/Users/valmac/FullScreenPokemon/src/components/constants/Pokemon.ts [2947, 24]: elements are not aligned, C:/Users/valmac/FullScreenPokemon/src/components/constants/Pokemon.ts [2950, 24]: elements are not aligned, C:/Users/valmac/FullScreenPokemon/src/components/constants/Pokemon.ts [2953, 24]: elements are not aligned, C:/Users/valmac/FullScreenPokemon/src/components/constants/Pokemon.ts [2956, 24]: elements are not aligned, C:/Users/valmac/FullScreenPokemon/src/components/constants/Pokemon.ts [2959, 24]: elements are not aligned, C:/Users/valmac/FullScreenPokemon/src/components/constants/Pokemon.ts [2962, 24]: elements are not aligned, C:/Users/valmac/FullScreenPokemon/src/components/constants/Pokemon.ts [2965, 24]: elements are not aligned, C:/Users/valmac/FullScreenPokemon/src/components/constants/Pokemon.ts [2968, 24]: elements are not aligned, C:/Users/valmac/FullScreenPokemon/src/components/constants/Pokemon.ts [2971, 24]: elements are not aligned, C:/Users/valmac/FullScreenPokemon/src/components/constants/Pokemon.ts [2974, 24]: elements are not aligned, C:/Users/valmac/FullScreenPokemon/src/components/constants/Pokemon.ts [2977, 24]: elements are not aligned, C:/Users/valmac/FullScreenPokemon/src/components/constants/Pokemon.ts [2980, 24]: elements are not aligned, C:/Users/valmac/FullScreenPokemon/src/components/constants/Pokemon.ts [2983, 24]: elements are not aligned, C:/Users/valmac/FullScreenPokemon/src/components/constants/Pokemon.ts [2986, 24]: elements are not aligned, C:/Users/valmac/FullScreenPokemon/src/components/constants/Pokemon.ts [3012, 24]: elements are not aligned, C:/Users/valmac/FullScreenPokemon/src/components/constants/Pokemon.ts [3015, 24]: elements are not aligned, C:/Users/valmac/FullScreenPokemon/src/components/constants/Pokemon.ts [3018, 24]: elements are not aligned, C:/Users/valmac/FullScreenPokemon/src/components/constants/Pokemon.ts [3021, 24]: elements are not aligned, C:/Users/valmac/FullScreenPokemon/src/components/constants/Pokemon.ts [3024, 24]: elements are not aligned, C:/Users/valmac/FullScreenPokemon/src/components/constants/Pokemon.ts [3027, 24]: elements are not aligned, C:/Users/valmac/FullScreenPokemon/src/components/constants/Pokemon.ts [3030, 24]: elements are not aligned, C:/Users/valmac/FullScreenPokemon/src/components/constants/Pokemon.ts [3033, 24]: elements are not aligned, C:/Users/valmac/FullScreenPokemon/src/components/constants/Pokemon.ts [3041, 24]: elements are not aligned, C:/Users/valmac/FullScreenPokemon/src/components/constants/Pokemon.ts [3049, 24]: elements are not aligned, C:/Users/valmac/FullScreenPokemon/src/components/constants/Pokemon.ts [3052, 24]: elements are not aligned, C:/Users/valmac/FullScreenPokemon/src/components/constants/Pokemon.ts [3055, 24]: elements are not aligned, C:/Users/valmac/FullScreenPokemon/src/components/constants/Pokemon.ts [3058, 24]: elements are not aligned, C:/Users/valmac/FullScreenPokemon/src/components/constants/Pokemon.ts [3061, 24]: elements are not aligned, C:/Users/valmac/FullScreenPokemon/src/components/constants/Pokemon.ts [3064, 24]: elements are not aligned, C:/Users/valmac/FullScreenPokemon/src/components/constants/Pokemon.ts [3067, 24]: elements are not aligned, C:/Users/valmac/FullScreenPokemon/src/components/constants/Pokemon.ts [3070, 24]: elements are not aligned, C:/Users/valmac/FullScreenPokemon/src/components/constants/Pokemon.ts [3073, 24]: elements are not aligned, C:/Users/valmac/FullScreenPokemon/src/components/constants/Pokemon.ts [3076, 24]: elements are not aligned, C:/Users/valmac/FullScreenPokemon/src/components/constants/Pokemon.ts [3079, 24]: elements are not aligned, C:/Users/valmac/FullScreenPokemon/src/components/constants/Pokemon.ts [3082, 24]: elements are not aligned, C:/Users/valmac/FullScreenPokemon/src/components/constants/Pokemon.ts [3085, 24]: elements are not aligned, C:/Users/valmac/FullScreenPokemon/src/components/constants/Pokemon.ts [3088, 24]: elements are not aligned, C:/Users/valmac/FullScreenPokemon/src/components/constants/Pokemon.ts [3091, 24]: elements are not aligned, C:/Users/valmac/FullScreenPokemon/src/components/constants/Pokemon.ts [3094, 24]: elements are not aligned, C:/Users/valmac/FullScreenPokemon/src/components/constants/Pokemon.ts [3097, 24]: elements are not aligned, C:/Users/valmac/FullScreenPokemon/src/components/constants/Pokemon.ts [3100, 24]: elements are not aligned, C:/Users/valmac/FullScreenPokemon/src/components/constants/Pokemon.ts [3103, 24]: elements are not aligned, C:/Users/valmac/FullScreenPokemon/src/components/constants/Pokemon.ts [3106, 24]: elements are not aligned, C:/Users/valmac/FullScreenPokemon/src/components/constants/Pokemon.ts [3109, 24]: elements are not aligned, C:/Users/valmac/FullScreenPokemon/src/components/constants/Pokemon.ts [3112, 24]: elements are not aligned, C:/Users/valmac/FullScreenPokemon/src/components/constants/Pokemon.ts [3115, 24]: elements are not aligned, C:/Users/valmac/FullScreenPokemon/src/components/constants/Pokemon.ts [3118, 24]: elements are not aligned, C:/Users/valmac/FullScreenPokemon/src/components/constants/Pokemon.ts [3153, 24]: elements are not aligned, C:/Users/valmac/FullScreenPokemon/src/components/constants/Pokemon.ts [3156, 24]: elements are not aligned, C:/Users/valmac/FullScreenPokemon/src/components/constants/Pokemon.ts [3159, 24]: elements are not aligned, C:/Users/valmac/FullScreenPokemon/src/components/constants/Pokemon.ts [3162, 24]: elements are not aligned, C:/Users/valmac/FullScreenPokemon/src/components/constants/Pokemon.ts [3165, 24]: elements are not aligned, C:/Users/valmac/FullScreenPokemon/src/components/constants/Pokemon.ts [3168, 24]: elements are not aligned, C:/Users/valmac/FullScreenPokemon/src/components/constants/Pokemon.ts [3180, 24]: elements are not aligned, C:/Users/valmac/FullScreenPokemon/src/components/constants/Pokemon.ts [3183, 24]: elements are not aligned, C:/Users/valmac/FullScreenPokemon/src/components/constants/Pokemon.ts [3186, 24]: elements are not aligned, C:/Users/valmac/FullScreenPokemon/src/components/constants/Pokemon.ts [3189, 24]: elements are not aligned, C:/Users/valmac/FullScreenPokemon/src/components/constants/Pokemon.ts [3192, 24]: elements are not aligned, C:/Users/valmac/FullScreenPokemon/src/components/constants/Pokemon.ts [3195, 24]: elements are not aligned, C:/Users/valmac/FullScreenPokemon/src/components/constants/Pokemon.ts [3198, 24]: elements are not aligned, C:/Users/valmac/FullScreenPokemon/src/components/constants/Pokemon.ts [3201, 24]: elements are not aligned, C:/Users/valmac/FullScreenPokemon/src/components/constants/Pokemon.ts [3204, 24]: elements are not aligned, C:/Users/valmac/FullScreenPokemon/src/components/constants/Pokemon.ts [3207, 24]: elements are not aligned, C:/Users/valmac/FullScreenPokemon/src/components/constants/Pokemon.ts [3210, 24]: elements are not aligned, C:/Users/valmac/FullScreenPokemon/src/components/constants/Pokemon.ts [3213, 24]: elements are not aligned, C:/Users/valmac/FullScreenPokemon/src/components/constants/Pokemon.ts [3216, 24]: elements are not aligned, C:/Users/valmac/FullScreenPokemon/src/components/constants/Pokemon.ts [3219, 24]: elements are not aligned, C:/Users/valmac/FullScreenPokemon/src/components/constants/Pokemon.ts [3222, 24]: elements are not aligned, C:/Users/valmac/FullScreenPokemon/src/components/constants/Pokemon.ts [3225, 24]: elements are not aligned, C:/Users/valmac/FullScreenPokemon/src/components/constants/Pokemon.ts [3228, 24]: elements are not aligned, C:/Users/valmac/FullScreenPokemon/src/components/constants/Pokemon.ts [3231, 24]: elements are not aligned, C:/Users/valmac/FullScreenPokemon/src/components/constants/Pokemon.ts [3234, 24]: elements are not aligned, C:/Users/valmac/FullScreenPokemon/src/components/constants/Pokemon.ts [3237, 24]: elements are not aligned, C:/Users/valmac/FullScreenPokemon/src/components/constants/Pokemon.ts [3240, 24]: elements are not aligned, C:/Users/valmac/FullScreenPokemon/src/components/constants/Pokemon.ts [3275, 24]: elements are not aligned, C:/Users/valmac/FullScreenPokemon/src/components/constants/Pokemon.ts [3278, 24]: elements are not aligned, C:/Users/valmac/FullScreenPokemon/src/components/constants/Pokemon.ts [3281, 24]: elements are not aligned, C:/Users/valmac/FullScreenPokemon/src/components/constants/Pokemon.ts [3284, 24]: elements are not aligned, C:/Users/valmac/FullScreenPokemon/src/components/constants/Pokemon.ts [3287, 24]: elements are not aligned, C:/Users/valmac/FullScreenPokemon/src/components/constants/Pokemon.ts [3290, 24]: elements are not aligned, C:/Users/valmac/FullScreenPokemon/src/components/constants/Pokemon.ts [3293, 24]: elements are not aligned, C:/Users/valmac/FullScreenPokemon/src/components/constants/Pokemon.ts [3302, 24]: elements are not aligned, C:/Users/valmac/FullScreenPokemon/src/components/constants/Pokemon.ts [3305, 24]: elements are not aligned, C:/Users/valmac/FullScreenPokemon/src/components/constants/Pokemon.ts [3308, 24]: elements are not aligned, C:/Users/valmac/FullScreenPokemon/src/components/constants/Pokemon.ts [3311, 24]: elements are not aligned, C:/Users/valmac/FullScreenPokemon/src/components/constants/Pokemon.ts [3314, 24]: elements are not aligned, C:/Users/valmac/FullScreenPokemon/src/components/constants/Pokemon.ts [3317, 24]: elements are not aligned, C:/Users/valmac/FullScreenPokemon/src/components/constants/Pokemon.ts [3320, 24]: elements are not aligned, C:/Users/valmac/FullScreenPokemon/src/components/constants/Pokemon.ts [3323, 24]: elements are not aligned, C:/Users/valmac/FullScreenPokemon/src/components/constants/Pokemon.ts [3326, 24]: elements are not aligned, C:/Users/valmac/FullScreenPokemon/src/components/constants/Pokemon.ts [3329, 24]: elements are not aligned, C:/Users/valmac/FullScreenPokemon/src/components/constants/Pokemon.ts [3332, 24]: elements are not aligned, C:/Users/valmac/FullScreenPokemon/src/components/constants/Pokemon.ts [3335, 24]: elements are not aligned, C:/Users/valmac/FullScreenPokemon/src/components/constants/Pokemon.ts [3338, 24]: elements are not aligned, C:/Users/valmac/FullScreenPokemon/src/components/constants/Pokemon.ts [3341, 24]: elements are not aligned, C:/Users/valmac/FullScreenPokemon/src/components/constants/Pokemon.ts [3344, 24]: elements are not aligned, C:/Users/valmac/FullScreenPokemon/src/components/constants/Pokemon.ts [3347, 24]: elements are not aligned, C:/Users/valmac/FullScreenPokemon/src/components/constants/Pokemon.ts [3350, 24]: elements are not aligned, C:/Users/valmac/FullScreenPokemon/src/components/constants/Pokemon.ts [3353, 24]: elements are not aligned, C:/Users/valmac/FullScreenPokemon/src/components/constants/Pokemon.ts [3356, 24]: elements are not aligned, C:/Users/valmac/FullScreenPokemon/src/components/constants/Pokemon.ts [3359, 24]: elements are not aligned, C:/Users/valmac/FullScreenPokemon/src/components/constants/Pokemon.ts [3362, 24]: elements are not aligned, C:/Users/valmac/FullScreenPokemon/src/components/constants/Pokemon.ts [3365, 24]: elements are not aligned, C:/Users/valmac/FullScreenPokemon/src/components/constants/Pokemon.ts [3368, 24]: elements are not aligned, C:/Users/valmac/FullScreenPokemon/src/components/constants/Pokemon.ts [3394, 24]: elements are not aligned, C:/Users/valmac/FullScreenPokemon/src/components/constants/Pokemon.ts [3397, 24]: elements are not aligned, C:/Users/valmac/FullScreenPokemon/src/components/constants/Pokemon.ts [3400, 24]: elements are not aligned, C:/Users/valmac/FullScreenPokemon/src/components/constants/Pokemon.ts [3403, 24]: elements are not aligned, C:/Users/valmac/FullScreenPokemon/src/components/constants/Pokemon.ts [3406, 24]: elements are not aligned, C:/Users/valmac/FullScreenPokemon/src/components/constants/Pokemon.ts [3409, 24]: elements are not aligned, C:/Users/valmac/FullScreenPokemon/src/components/constants/Pokemon.ts [3412, 24]: elements are not aligned, C:/Users/valmac/FullScreenPokemon/src/components/constants/Pokemon.ts [3421, 24]: elements are not aligned, C:/Users/valmac/FullScreenPokemon/src/components/constants/Pokemon.ts [3424, 24]: elements are not aligned, C:/Users/valmac/FullScreenPokemon/src/components/constants/Pokemon.ts [3427, 24]: elements are not aligned, C:/Users/valmac/FullScreenPokemon/src/components/constants/Pokemon.ts [3430, 24]: elements are not aligned, C:/Users/valmac/FullScreenPokemon/src/components/constants/Pokemon.ts [3433, 24]: elements are not aligned, C:/Users/valmac/FullScreenPokemon/src/components/constants/Pokemon.ts [3436, 24]: elements are not aligned, C:/Users/valmac/FullScreenPokemon/src/components/constants/Pokemon.ts [3439, 24]: elements are not aligned, C:/Users/valmac/FullScreenPokemon/src/components/constants/Pokemon.ts [3494, 24]: elements are not aligned, C:/Users/valmac/FullScreenPokemon/src/components/constants/Pokemon.ts [3497, 24]: elements are not aligned, C:/Users/valmac/FullScreenPokemon/src/components/constants/Pokemon.ts [3500, 24]: elements are not aligned, C:/Users/valmac/FullScreenPokemon/src/components/constants/Pokemon.ts [3503, 24]: elements are not aligned, C:/Users/valmac/FullScreenPokemon/src/components/constants/Pokemon.ts [3506, 24]: elements are not aligned, C:/Users/valmac/FullScreenPokemon/src/components/constants/Pokemon.ts [3514, 24]: elements are not aligned, C:/Users/valmac/FullScreenPokemon/src/components/constants/Pokemon.ts [3517, 24]: elements are not aligned, C:/Users/valmac/FullScreenPokemon/src/components/constants/Pokemon.ts [3520, 24]: elements are not aligned, C:/Users/valmac/FullScreenPokemon/src/components/constants/Pokemon.ts [3523, 24]: elements are not aligned, C:/Users/valmac/FullScreenPokemon/src/components/constants/Pokemon.ts [3526, 24]: elements are not aligned, C:/Users/valmac/FullScreenPokemon/src/components/constants/Pokemon.ts [3529, 24]: elements are not aligned, C:/Users/valmac/FullScreenPokemon/src/components/constants/Pokemon.ts [3532, 24]: elements are not aligned, C:/Users/valmac/FullScreenPokemon/src/components/constants/Pokemon.ts [3535, 24]: elements are not aligned, C:/Users/valmac/FullScreenPokemon/src/components/constants/Pokemon.ts [3538, 24]: elements are not aligned, C:/Users/valmac/FullScreenPokemon/src/components/constants/Pokemon.ts [3541, 24]: elements are not aligned, C:/Users/valmac/FullScreenPokemon/src/components/constants/Pokemon.ts [3544, 24]: elements are not aligned, C:/Users/valmac/FullScreenPokemon/src/components/constants/Pokemon.ts [3547, 24]: elements are not aligned, C:/Users/valmac/FullScreenPokemon/src/components/constants/Pokemon.ts [3555, 24]: elements are not aligned, C:/Users/valmac/FullScreenPokemon/src/components/constants/Pokemon.ts [3558, 24]: elements are not aligned, C:/Users/valmac/FullScreenPokemon/src/components/constants/Pokemon.ts [3561, 24]: elements are not aligned, C:/Users/valmac/FullScreenPokemon/src/components/constants/Pokemon.ts [3564, 24]: elements are not aligned, C:/Users/valmac/FullScreenPokemon/src/components/constants/Pokemon.ts [3567, 24]: elements are not aligned, C:/Users/valmac/FullScreenPokemon/src/components/constants/Pokemon.ts [3570, 24]: elements are not aligned, C:/Users/valmac/FullScreenPokemon/src/components/constants/Pokemon.ts [3573, 24]: elements are not aligned, C:/Users/valmac/FullScreenPokemon/src/components/constants/Pokemon.ts [3608, 24]: elements are not aligned, C:/Users/valmac/FullScreenPokemon/src/components/constants/Pokemon.ts [3611, 24]: elements are not aligned, C:/Users/valmac/FullScreenPokemon/src/components/constants/Pokemon.ts [3614, 24]: elements are not aligned, C:/Users/valmac/FullScreenPokemon/src/components/constants/Pokemon.ts [3617, 24]: elements are not aligned, C:/Users/valmac/FullScreenPokemon/src/components/constants/Pokemon.ts [3620, 24]: elements are not aligned, C:/Users/valmac/FullScreenPokemon/src/components/constants/Pokemon.ts [3623, 24]: elements are not aligned, C:/Users/valmac/FullScreenPokemon/src/components/constants/Pokemon.ts [3632, 24]: elements are not aligned, C:/Users/valmac/FullScreenPokemon/src/components/constants/Pokemon.ts [3635, 24]: elements are not aligned, C:/Users/valmac/FullScreenPokemon/src/components/constants/Pokemon.ts [3638, 24]: elements are not aligned, C:/Users/valmac/FullScreenPokemon/src/components/constants/Pokemon.ts [3641, 24]: elements are not aligned, C:/Users/valmac/FullScreenPokemon/src/components/constants/Pokemon.ts [3644, 24]: elements are not aligned, C:/Users/valmac/FullScreenPokemon/src/components/constants/Pokemon.ts [3647, 24]: elements are not aligned, C:/Users/valmac/FullScreenPokemon/src/components/constants/Pokemon.ts [3650, 24]: elements are not aligned, C:/Users/valmac/FullScreenPokemon/src/components/constants/Pokemon.ts [3653, 24]: elements are not aligned, C:/Users/valmac/FullScreenPokemon/src/components/constants/Pokemon.ts [3656, 24]: elements are not aligned, C:/Users/valmac/FullScreenPokemon/src/components/constants/Pokemon.ts [3659, 24]: elements are not aligned, C:/Users/valmac/FullScreenPokemon/src/components/constants/Pokemon.ts [3662, 24]: elements are not aligned, C:/Users/valmac/FullScreenPokemon/src/components/constants/Pokemon.ts [3665, 24]: elements are not aligned, C:/Users/valmac/FullScreenPokemon/src/components/constants/Pokemon.ts [3668, 24]: elements are not aligned, C:/Users/valmac/FullScreenPokemon/src/components/constants/Pokemon.ts [3671, 24]: elements are not aligned, C:/Users/valmac/FullScreenPokemon/src/components/constants/Pokemon.ts [3674, 24]: elements are not aligned, C:/Users/valmac/FullScreenPokemon/src/components/constants/Pokemon.ts [3700, 24]: elements are not aligned, C:/Users/valmac/FullScreenPokemon/src/components/constants/Pokemon.ts [3703, 24]: elements are not aligned, C:/Users/valmac/FullScreenPokemon/src/components/constants/Pokemon.ts [3706, 24]: elements are not aligned, C:/Users/valmac/FullScreenPokemon/src/components/constants/Pokemon.ts [3709, 24]: elements are not aligned, C:/Users/valmac/FullScreenPokemon/src/components/constants/Pokemon.ts [3712, 24]: elements are not aligned, C:/Users/valmac/FullScreenPokemon/src/components/constants/Pokemon.ts [3715, 24]: elements are not aligned, C:/Users/valmac/FullScreenPokemon/src/components/constants/Pokemon.ts [3723, 24]: elements are not aligned, C:/Users/valmac/FullScreenPokemon/src/components/constants/Pokemon.ts [3731, 24]: elements are not aligned, C:/Users/valmac/FullScreenPokemon/src/components/constants/Pokemon.ts [3734, 24]: elements are not aligned, C:/Users/valmac/FullScreenPokemon/src/components/constants/Pokemon.ts [3737, 24]: elements are not aligned, C:/Users/valmac/FullScreenPokemon/src/components/constants/Pokemon.ts [3740, 24]: elements are not aligned, C:/Users/valmac/FullScreenPokemon/src/components/constants/Pokemon.ts [3743, 24]: elements are not aligned, C:/Users/valmac/FullScreenPokemon/src/components/constants/Pokemon.ts [3746, 24]: elements are not aligned, C:/Users/valmac/FullScreenPokemon/src/components/constants/Pokemon.ts [3749, 24]: elements are not aligned, C:/Users/valmac/FullScreenPokemon/src/components/constants/Pokemon.ts [3752, 24]: elements are not aligned, C:/Users/valmac/FullScreenPokemon/src/components/constants/Pokemon.ts [3755, 24]: elements are not aligned, C:/Users/valmac/FullScreenPokemon/src/components/constants/Pokemon.ts [3758, 24]: elements are not aligned, C:/Users/valmac/FullScreenPokemon/src/components/constants/Pokemon.ts [3761, 24]: elements are not aligned, C:/Users/valmac/FullScreenPokemon/src/components/constants/Pokemon.ts [3764, 24]: elements are not aligned, C:/Users/valmac/FullScreenPokemon/src/components/constants/Pokemon.ts [3767, 24]: elements are not aligned, C:/Users/valmac/FullScreenPokemon/src/components/constants/Pokemon.ts [3770, 24]: elements are not aligned, C:/Users/valmac/FullScreenPokemon/src/components/constants/Pokemon.ts [3773, 24]: elements are not aligned, C:/Users/valmac/FullScreenPokemon/src/components/constants/Pokemon.ts [3776, 24]: elements are not aligned, C:/Users/valmac/FullScreenPokemon/src/components/constants/Pokemon.ts [3779, 24]: elements are not aligned, C:/Users/valmac/FullScreenPokemon/src/components/constants/Pokemon.ts [3782, 24]: elements are not aligned, C:/Users/valmac/FullScreenPokemon/src/components/constants/Pokemon.ts [3785, 24]: elements are not aligned, C:/Users/valmac/FullScreenPokemon/src/components/constants/Pokemon.ts [3788, 24]: elements are not aligned, C:/Users/valmac/FullScreenPokemon/src/components/constants/Pokemon.ts [3791, 24]: elements are not aligned, C:/Users/valmac/FullScreenPokemon/src/components/constants/Pokemon.ts [3794, 24]: elements are not aligned, C:/Users/valmac/FullScreenPokemon/src/components/constants/Pokemon.ts [3797, 24]: elements are not aligned, C:/Users/valmac/FullScreenPokemon/src/components/constants/Pokemon.ts [3800, 24]: elements are not aligned, C:/Users/valmac/FullScreenPokemon/src/components/constants/Pokemon.ts [3803, 24]: elements are not aligned, C:/Users/valmac/FullScreenPokemon/src/components/constants/Pokemon.ts [3829, 24]: elements are not aligned, C:/Users/valmac/FullScreenPokemon/src/components/constants/Pokemon.ts [3832, 24]: elements are not aligned, C:/Users/valmac/FullScreenPokemon/src/components/constants/Pokemon.ts [3835, 24]: elements are not aligned, C:/Users/valmac/FullScreenPokemon/src/components/constants/Pokemon.ts [3838, 24]: elements are not aligned, C:/Users/valmac/FullScreenPokemon/src/components/constants/Pokemon.ts [3841, 24]: elements are not aligned, C:/Users/valmac/FullScreenPokemon/src/components/constants/Pokemon.ts [3844, 24]: elements are not aligned, C:/Users/valmac/FullScreenPokemon/src/components/constants/Pokemon.ts [3847, 24]: elements are not aligned, C:/Users/valmac/FullScreenPokemon/src/components/constants/Pokemon.ts [3855, 20]: elements are not aligned, C:/Users/valmac/FullScreenPokemon/src/components/constants/Pokemon.ts [3915, 14]: members are not aligned, C:/Users/valmac/FullScreenPokemon/src/components/constants/Pokemon.ts [3938, 24]: elements are not aligned, C:/Users/valmac/FullScreenPokemon/src/components/constants/Pokemon.ts [3941, 24]: elements are not aligned, C:/Users/valmac/FullScreenPokemon/src/components/constants/Pokemon.ts [3944, 24]: elements are not aligned, C:/Users/valmac/FullScreenPokemon/src/components/constants/Pokemon.ts [3947, 24]: elements are not aligned, C:/Users/valmac/FullScreenPokemon/src/components/constants/Pokemon.ts [3950, 24]: elements are not aligned, C:/Users/valmac/FullScreenPokemon/src/components/constants/Pokemon.ts [3953, 24]: elements are not aligned, C:/Users/valmac/FullScreenPokemon/src/components/constants/Pokemon.ts [3956, 24]: elements are not aligned, C:/Users/valmac/FullScreenPokemon/src/components/constants/Pokemon.ts [3965, 24]: elements are not aligned, C:/Users/valmac/FullScreenPokemon/src/components/constants/Pokemon.ts [3968, 24]: elements are not aligned, C:/Users/valmac/FullScreenPokemon/src/components/constants/Pokemon.ts [3971, 24]: elements are not aligned, C:/Users/valmac/FullScreenPokemon/src/components/constants/Pokemon.ts [3974, 24]: elements are not aligned, C:/Users/valmac/FullScreenPokemon/src/components/constants/Pokemon.ts [3977, 24]: elements are not aligned, C:/Users/valmac/FullScreenPokemon/src/components/constants/Pokemon.ts [3980, 24]: elements are not aligned, C:/Users/valmac/FullScreenPokemon/src/components/constants/Pokemon.ts [3983, 24]: elements are not aligned, C:/Users/valmac/FullScreenPokemon/src/components/constants/Pokemon.ts [4009, 24]: elements are not aligned, C:/Users/valmac/FullScreenPokemon/src/components/constants/Pokemon.ts [4012, 24]: elements are not aligned, C:/Users/valmac/FullScreenPokemon/src/components/constants/Pokemon.ts [4046, 24]: elements are not aligned, C:/Users/valmac/FullScreenPokemon/src/components/constants/Pokemon.ts [4049, 24]: elements are not aligned, C:/Users/valmac/FullScreenPokemon/src/components/constants/Pokemon.ts [4052, 24]: elements are not aligned, C:/Users/valmac/FullScreenPokemon/src/components/constants/Pokemon.ts [4055, 24]: elements are not aligned, C:/Users/valmac/FullScreenPokemon/src/components/constants/Pokemon.ts [4058, 24]: elements are not aligned, C:/Users/valmac/FullScreenPokemon/src/components/constants/Pokemon.ts [4061, 24]: elements are not aligned, C:/Users/valmac/FullScreenPokemon/src/components/constants/Pokemon.ts [4070, 24]: elements are not aligned, C:/Users/valmac/FullScreenPokemon/src/components/constants/Pokemon.ts [4073, 24]: elements are not aligned, C:/Users/valmac/FullScreenPokemon/src/components/constants/Pokemon.ts [4076, 24]: elements are not aligned, C:/Users/valmac/FullScreenPokemon/src/components/constants/Pokemon.ts [4079, 24]: elements are not aligned, C:/Users/valmac/FullScreenPokemon/src/components/constants/Pokemon.ts [4082, 24]: elements are not aligned, C:/Users/valmac/FullScreenPokemon/src/components/constants/Pokemon.ts [4085, 24]: elements are not aligned, C:/Users/valmac/FullScreenPokemon/src/components/constants/Pokemon.ts [4088, 24]: elements are not aligned, C:/Users/valmac/FullScreenPokemon/src/components/constants/Pokemon.ts [4091, 24]: elements are not aligned, C:/Users/valmac/FullScreenPokemon/src/components/constants/Pokemon.ts [4094, 24]: elements are not aligned, C:/Users/valmac/FullScreenPokemon/src/components/constants/Pokemon.ts [4097, 24]: elements are not aligned, C:/Users/valmac/FullScreenPokemon/src/components/constants/Pokemon.ts [4100, 24]: elements are not aligned, C:/Users/valmac/FullScreenPokemon/src/components/constants/Pokemon.ts [4103, 24]: elements are not aligned, C:/Users/valmac/FullScreenPokemon/src/components/constants/Pokemon.ts [4106, 24]: elements are not aligned, C:/Users/valmac/FullScreenPokemon/src/components/constants/Pokemon.ts [4109, 24]: elements are not aligned, C:/Users/valmac/FullScreenPokemon/src/components/constants/Pokemon.ts [4112, 24]: elements are not aligned, C:/Users/valmac/FullScreenPokemon/src/components/constants/Pokemon.ts [4138, 24]: elements are not aligned, C:/Users/valmac/FullScreenPokemon/src/components/constants/Pokemon.ts [4141, 24]: elements are not aligned, C:/Users/valmac/FullScreenPokemon/src/components/constants/Pokemon.ts [4144, 24]: elements are not aligned, C:/Users/valmac/FullScreenPokemon/src/components/constants/Pokemon.ts [4147, 24]: elements are not aligned, C:/Users/valmac/FullScreenPokemon/src/components/constants/Pokemon.ts [4150, 24]: elements are not aligned, C:/Users/valmac/FullScreenPokemon/src/components/constants/Pokemon.ts [4153, 24]: elements are not aligned, C:/Users/valmac/FullScreenPokemon/src/components/constants/Pokemon.ts [4156, 24]: elements are not aligned, C:/Users/valmac/FullScreenPokemon/src/components/constants/Pokemon.ts [4168, 24]: elements are not aligned, C:/Users/valmac/FullScreenPokemon/src/components/constants/Pokemon.ts [4171, 24]: elements are not aligned, C:/Users/valmac/FullScreenPokemon/src/components/constants/Pokemon.ts [4174, 24]: elements are not aligned, C:/Users/valmac/FullScreenPokemon/src/components/constants/Pokemon.ts [4177, 24]: elements are not aligned, C:/Users/valmac/FullScreenPokemon/src/components/constants/Pokemon.ts [4180, 24]: elements are not aligned, C:/Users/valmac/FullScreenPokemon/src/components/constants/Pokemon.ts [4183, 24]: elements are not aligned, C:/Users/valmac/FullScreenPokemon/src/components/constants/Pokemon.ts [4186, 24]: elements are not aligned, C:/Users/valmac/FullScreenPokemon/src/components/constants/Pokemon.ts [4189, 24]: elements are not aligned, C:/Users/valmac/FullScreenPokemon/src/components/constants/Pokemon.ts [4192, 24]: elements are not aligned, C:/Users/valmac/FullScreenPokemon/src/components/constants/Pokemon.ts [4195, 24]: elements are not aligned, C:/Users/valmac/FullScreenPokemon/src/components/constants/Pokemon.ts [4198, 24]: elements are not aligned, C:/Users/valmac/FullScreenPokemon/src/components/constants/Pokemon.ts [4201, 24]: elements are not aligned, C:/Users/valmac/FullScreenPokemon/src/components/constants/Pokemon.ts [4204, 24]: elements are not aligned, C:/Users/valmac/FullScreenPokemon/src/components/constants/Pokemon.ts [4230, 24]: elements are not aligned, C:/Users/valmac/FullScreenPokemon/src/components/constants/Pokemon.ts [4233, 24]: elements are not aligned, C:/Users/valmac/FullScreenPokemon/src/components/constants/Pokemon.ts [4236, 24]: elements are not aligned, C:/Users/valmac/FullScreenPokemon/src/components/constants/Pokemon.ts [4239, 24]: elements are not aligned, C:/Users/valmac/FullScreenPokemon/src/components/constants/Pokemon.ts [4242, 24]: elements are not aligned, C:/Users/valmac/FullScreenPokemon/src/components/constants/Pokemon.ts [4245, 24]: elements are not aligned, C:/Users/valmac/FullScreenPokemon/src/components/constants/Pokemon.ts [4248, 24]: elements are not aligned, C:/Users/valmac/FullScreenPokemon/src/components/constants/Pokemon.ts [4251, 24]: elements are not aligned, C:/Users/valmac/FullScreenPokemon/src/components/constants/Pokemon.ts [4254, 24]: elements are not aligned, C:/Users/valmac/FullScreenPokemon/src/components/constants/Pokemon.ts [4257, 24]: elements are not aligned, C:/Users/valmac/FullScreenPokemon/src/components/constants/Pokemon.ts [4260, 24]: elements are not aligned, C:/Users/valmac/FullScreenPokemon/src/components/constants/Pokemon.ts [4268, 24]: elements are not aligned, C:/Users/valmac/FullScreenPokemon/src/components/constants/Pokemon.ts [4271, 24]: elements are not aligned, C:/Users/valmac/FullScreenPokemon/src/components/constants/Pokemon.ts [4274, 24]: elements are not aligned, C:/Users/valmac/FullScreenPokemon/src/components/constants/Pokemon.ts [4277, 24]: elements are not aligned, C:/Users/valmac/FullScreenPokemon/src/components/constants/Pokemon.ts [4280, 24]: elements are not aligned, C:/Users/valmac/FullScreenPokemon/src/components/constants/Pokemon.ts [4283, 24]: elements are not aligned, C:/Users/valmac/FullScreenPokemon/src/components/constants/Pokemon.ts [4286, 24]: elements are not aligned, C:/Users/valmac/FullScreenPokemon/src/components/constants/Pokemon.ts [4289, 24]: elements are not aligned, C:/Users/valmac/FullScreenPokemon/src/components/constants/Pokemon.ts [4292, 24]: elements are not aligned, C:/Users/valmac/FullScreenPokemon/src/components/constants/Pokemon.ts [4295, 24]: elements are not aligned, C:/Users/valmac/FullScreenPokemon/src/components/constants/Pokemon.ts [4298, 24]: elements are not aligned, C:/Users/valmac/FullScreenPokemon/src/components/constants/Pokemon.ts [4301, 24]: elements are not aligned, C:/Users/valmac/FullScreenPokemon/src/components/constants/Pokemon.ts [4304, 24]: elements are not aligned, C:/Users/valmac/FullScreenPokemon/src/components/constants/Pokemon.ts [4307, 24]: elements are not aligned, C:/Users/valmac/FullScreenPokemon/src/components/constants/Pokemon.ts [4315, 24]: elements are not aligned, C:/Users/valmac/FullScreenPokemon/src/components/constants/Pokemon.ts [4318, 24]: elements are not aligned, C:/Users/valmac/FullScreenPokemon/src/components/constants/Pokemon.ts [4321, 24]: elements are not aligned, C:/Users/valmac/FullScreenPokemon/src/components/constants/Pokemon.ts [4324, 24]: elements are not aligned, C:/Users/valmac/FullScreenPokemon/src/components/constants/Pokemon.ts [4327, 24]: elements are not aligned, C:/Users/valmac/FullScreenPokemon/src/components/constants/Pokemon.ts [4330, 24]: elements are not aligned, C:/Users/valmac/FullScreenPokemon/src/components/constants/Pokemon.ts [4333, 24]: elements are not aligned, C:/Users/valmac/FullScreenPokemon/src/components/constants/Pokemon.ts [4336, 24]: elements are not aligned, C:/Users/valmac/FullScreenPokemon/src/components/constants/Pokemon.ts [4339, 24]: elements are not aligned, C:/Users/valmac/FullScreenPokemon/src/components/constants/Pokemon.ts [4342, 24]: elements are not aligned, C:/Users/valmac/FullScreenPokemon/src/components/constants/Pokemon.ts [4345, 24]: elements are not aligned, C:/Users/valmac/FullScreenPokemon/src/components/constants/Pokemon.ts [4348, 24]: elements are not aligned, C:/Users/valmac/FullScreenPokemon/src/components/constants/Pokemon.ts [4351, 24]: elements are not aligned, C:/Users/valmac/FullScreenPokemon/src/components/constants/Pokemon.ts [4354, 24]: elements are not aligned, C:/Users/valmac/FullScreenPokemon/src/components/constants/Pokemon.ts [4389, 24]: elements are not aligned, C:/Users/valmac/FullScreenPokemon/src/components/constants/Pokemon.ts [4392, 24]: elements are not aligned, C:/Users/valmac/FullScreenPokemon/src/components/constants/Pokemon.ts [4395, 24]: elements are not aligned, C:/Users/valmac/FullScreenPokemon/src/components/constants/Pokemon.ts [4398, 24]: elements are not aligned, C:/Users/valmac/FullScreenPokemon/src/components/constants/Pokemon.ts [4407, 24]: elements are not aligned, C:/Users/valmac/FullScreenPokemon/src/components/constants/Pokemon.ts [4410, 24]: elements are not aligned, C:/Users/valmac/FullScreenPokemon/src/components/constants/Pokemon.ts [4413, 24]: elements are not aligned, C:/Users/valmac/FullScreenPokemon/src/components/constants/Pokemon.ts [4416, 24]: elements are not aligned, C:/Users/valmac/FullScreenPokemon/src/components/constants/Pokemon.ts [4442, 24]: elements are not aligned, C:/Users/valmac/FullScreenPokemon/src/components/constants/Pokemon.ts [4445, 24]: elements are not aligned, C:/Users/valmac/FullScreenPokemon/src/components/constants/Pokemon.ts [4448, 24]: elements are not aligned, C:/Users/valmac/FullScreenPokemon/src/components/constants/Pokemon.ts [4451, 24]: elements are not aligned, C:/Users/valmac/FullScreenPokemon/src/components/constants/Pokemon.ts [4463, 24]: elements are not aligned, C:/Users/valmac/FullScreenPokemon/src/components/constants/Pokemon.ts [4466, 24]: elements are not aligned, C:/Users/valmac/FullScreenPokemon/src/components/constants/Pokemon.ts [4469, 24]: elements are not aligned, C:/Users/valmac/FullScreenPokemon/src/components/constants/Pokemon.ts [4472, 24]: elements are not aligned, C:/Users/valmac/FullScreenPokemon/src/components/constants/Pokemon.ts [4475, 24]: elements are not aligned, C:/Users/valmac/FullScreenPokemon/src/components/constants/Pokemon.ts [4478, 24]: elements are not aligned, C:/Users/valmac/FullScreenPokemon/src/components/constants/Pokemon.ts [4481, 24]: elements are not aligned, C:/Users/valmac/FullScreenPokemon/src/components/constants/Pokemon.ts [4484, 24]: elements are not aligned, C:/Users/valmac/FullScreenPokemon/src/components/constants/Pokemon.ts [4487, 24]: elements are not aligned, C:/Users/valmac/FullScreenPokemon/src/components/constants/Pokemon.ts [4490, 24]: elements are not aligned, C:/Users/valmac/FullScreenPokemon/src/components/constants/Pokemon.ts [4493, 24]: elements are not aligned, C:/Users/valmac/FullScreenPokemon/src/components/constants/Pokemon.ts [4496, 24]: elements are not aligned, C:/Users/valmac/FullScreenPokemon/src/components/constants/Pokemon.ts [4499, 24]: elements are not aligned, C:/Users/valmac/FullScreenPokemon/src/components/constants/Pokemon.ts [4502, 24]: elements are not aligned, C:/Users/valmac/FullScreenPokemon/src/components/constants/Pokemon.ts [4505, 24]: elements are not aligned, C:/Users/valmac/FullScreenPokemon/src/components/constants/Pokemon.ts [4508, 24]: elements are not aligned, C:/Users/valmac/FullScreenPokemon/src/components/constants/Pokemon.ts [4511, 24]: elements are not aligned, C:/Users/valmac/FullScreenPokemon/src/components/constants/Pokemon.ts [4514, 24]: elements are not aligned, C:/Users/valmac/FullScreenPokemon/src/components/constants/Pokemon.ts [4517, 24]: elements are not aligned, C:/Users/valmac/FullScreenPokemon/src/components/constants/Pokemon.ts [4520, 24]: elements are not aligned, C:/Users/valmac/FullScreenPokemon/src/components/constants/Pokemon.ts [4523, 24]: elements are not aligned, C:/Users/valmac/FullScreenPokemon/src/components/constants/Pokemon.ts [4526, 24]: elements are not aligned, C:/Users/valmac/FullScreenPokemon/src/components/constants/Pokemon.ts [4529, 24]: elements are not aligned, C:/Users/valmac/FullScreenPokemon/src/components/constants/Pokemon.ts [4532, 24]: elements are not aligned, C:/Users/valmac/FullScreenPokemon/src/components/constants/Pokemon.ts [4535, 24]: elements are not aligned, C:/Users/valmac/FullScreenPokemon/src/components/constants/Pokemon.ts [4570, 24]: elements are not aligned, C:/Users/valmac/FullScreenPokemon/src/components/constants/Pokemon.ts [4573, 24]: elements are not aligned, C:/Users/valmac/FullScreenPokemon/src/components/constants/Pokemon.ts [4576, 24]: elements are not aligned, C:/Users/valmac/FullScreenPokemon/src/components/constants/Pokemon.ts [4579, 24]: elements are not aligned, C:/Users/valmac/FullScreenPokemon/src/components/constants/Pokemon.ts [4582, 24]: elements are not aligned, C:/Users/valmac/FullScreenPokemon/src/components/constants/Pokemon.ts [4585, 24]: elements are not aligned, C:/Users/valmac/FullScreenPokemon/src/components/constants/Pokemon.ts [4594, 24]: elements are not aligned, C:/Users/valmac/FullScreenPokemon/src/components/constants/Pokemon.ts [4597, 24]: elements are not aligned, C:/Users/valmac/FullScreenPokemon/src/components/constants/Pokemon.ts [4600, 24]: elements are not aligned, C:/Users/valmac/FullScreenPokemon/src/components/constants/Pokemon.ts [4603, 24]: elements are not aligned, C:/Users/valmac/FullScreenPokemon/src/components/constants/Pokemon.ts [4606, 24]: elements are not aligned, C:/Users/valmac/FullScreenPokemon/src/components/constants/Pokemon.ts [4609, 24]: elements are not aligned, C:/Users/valmac/FullScreenPokemon/src/components/constants/Pokemon.ts [4612, 24]: elements are not aligned, C:/Users/valmac/FullScreenPokemon/src/components/constants/Pokemon.ts [4615, 24]: elements are not aligned, C:/Users/valmac/FullScreenPokemon/src/components/constants/Pokemon.ts [4618, 24]: elements are not aligned, C:/Users/valmac/FullScreenPokemon/src/components/constants/Pokemon.ts [4621, 24]: elements are not aligned, C:/Users/valmac/FullScreenPokemon/src/components/constants/Pokemon.ts [4624, 24]: elements are not aligned, C:/Users/valmac/FullScreenPokemon/src/components/constants/Pokemon.ts [4627, 24]: elements are not aligned, C:/Users/valmac/FullScreenPokemon/src/components/constants/Pokemon.ts [4630, 24]: elements are not aligned, C:/Users/valmac/FullScreenPokemon/src/components/constants/Pokemon.ts [4633, 24]: elements are not aligned, C:/Users/valmac/FullScreenPokemon/src/components/constants/Pokemon.ts [4636, 24]: elements are not aligned, C:/Users/valmac/FullScreenPokemon/src/components/constants/Pokemon.ts [4639, 24]: elements are not aligned, C:/Users/valmac/FullScreenPokemon/src/components/constants/Pokemon.ts [4642, 24]: elements are not aligned, C:/Users/valmac/FullScreenPokemon/src/components/constants/Pokemon.ts [4645, 24]: elements are not aligned, C:/Users/valmac/FullScreenPokemon/src/components/constants/Pokemon.ts [4648, 24]: elements are not aligned, C:/Users/valmac/FullScreenPokemon/src/components/constants/Pokemon.ts [4651, 24]: elements are not aligned, C:/Users/valmac/FullScreenPokemon/src/components/constants/Pokemon.ts [4654, 24]: elements are not aligned, C:/Users/valmac/FullScreenPokemon/src/components/constants/Pokemon.ts [4689, 24]: elements are not aligned, C:/Users/valmac/FullScreenPokemon/src/components/constants/Pokemon.ts [4692, 24]: elements are not aligned, C:/Users/valmac/FullScreenPokemon/src/components/constants/Pokemon.ts [4695, 24]: elements are not aligned, C:/Users/valmac/FullScreenPokemon/src/components/constants/Pokemon.ts [4698, 24]: elements are not aligned, C:/Users/valmac/FullScreenPokemon/src/components/constants/Pokemon.ts [4701, 24]: elements are not aligned, C:/Users/valmac/FullScreenPokemon/src/components/constants/Pokemon.ts [4704, 24]: elements are not aligned, C:/Users/valmac/FullScreenPokemon/src/components/constants/Pokemon.ts [4707, 24]: elements are not aligned, C:/Users/valmac/FullScreenPokemon/src/components/constants/Pokemon.ts [4710, 24]: elements are not aligned, C:/Users/valmac/FullScreenPokemon/src/components/constants/Pokemon.ts [4719, 24]: elements are not aligned, C:/Users/valmac/FullScreenPokemon/src/components/constants/Pokemon.ts [4722, 24]: elements are not aligned, C:/Users/valmac/FullScreenPokemon/src/components/constants/Pokemon.ts [4725, 24]: elements are not aligned, C:/Users/valmac/FullScreenPokemon/src/components/constants/Pokemon.ts [4728, 24]: elements are not aligned, C:/Users/valmac/FullScreenPokemon/src/components/constants/Pokemon.ts [4731, 24]: elements are not aligned, C:/Users/valmac/FullScreenPokemon/src/components/constants/Pokemon.ts [4734, 24]: elements are not aligned, C:/Users/valmac/FullScreenPokemon/src/components/constants/Pokemon.ts [4737, 24]: elements are not aligned, C:/Users/valmac/FullScreenPokemon/src/components/constants/Pokemon.ts [4740, 24]: elements are not aligned, C:/Users/valmac/FullScreenPokemon/src/components/constants/Pokemon.ts [4743, 24]: elements are not aligned, C:/Users/valmac/FullScreenPokemon/src/components/constants/Pokemon.ts [4746, 24]: elements are not aligned, C:/Users/valmac/FullScreenPokemon/src/components/constants/Pokemon.ts [4749, 24]: elements are not aligned, C:/Users/valmac/FullScreenPokemon/src/components/constants/Pokemon.ts [4752, 24]: elements are not aligned, C:/Users/valmac/FullScreenPokemon/src/components/constants/Pokemon.ts [4778, 24]: elements are not aligned, C:/Users/valmac/FullScreenPokemon/src/components/constants/Pokemon.ts [4781, 24]: elements are not aligned, C:/Users/valmac/FullScreenPokemon/src/components/constants/Pokemon.ts [4784, 24]: elements are not aligned, C:/Users/valmac/FullScreenPokemon/src/components/constants/Pokemon.ts [4787, 24]: elements are not aligned, C:/Users/valmac/FullScreenPokemon/src/components/constants/Pokemon.ts [4790, 24]: elements are not aligned, C:/Users/valmac/FullScreenPokemon/src/components/constants/Pokemon.ts [4793, 24]: elements are not aligned, C:/Users/valmac/FullScreenPokemon/src/components/constants/Pokemon.ts [4796, 24]: elements are not aligned, C:/Users/valmac/FullScreenPokemon/src/components/constants/Pokemon.ts [4804, 24]: elements are not aligned, C:/Users/valmac/FullScreenPokemon/src/components/constants/Pokemon.ts [4807, 24]: elements are not aligned, C:/Users/valmac/FullScreenPokemon/src/components/constants/Pokemon.ts [4810, 24]: elements are not aligned, C:/Users/valmac/FullScreenPokemon/src/components/constants/Pokemon.ts [4813, 24]: elements are not aligned, C:/Users/valmac/FullScreenPokemon/src/components/constants/Pokemon.ts [4816, 24]: elements are not aligned, C:/Users/valmac/FullScreenPokemon/src/components/constants/Pokemon.ts [4819, 24]: elements are not aligned, C:/Users/valmac/FullScreenPokemon/src/components/constants/Pokemon.ts [4822, 24]: elements are not aligned, C:/Users/valmac/FullScreenPokemon/src/components/constants/Pokemon.ts [4825, 24]: elements are not aligned, C:/Users/valmac/FullScreenPokemon/src/components/constants/Pokemon.ts [4828, 24]: elements are not aligned, C:/Users/valmac/FullScreenPokemon/src/components/constants/Pokemon.ts [4831, 24]: elements are not aligned, C:/Users/valmac/FullScreenPokemon/src/components/constants/Pokemon.ts [4834, 24]: elements are not aligned, C:/Users/valmac/FullScreenPokemon/src/components/constants/Pokemon.ts [4837, 24]: elements are not aligned, C:/Users/valmac/FullScreenPokemon/src/components/constants/Pokemon.ts [4840, 24]: elements are not aligned, C:/Users/valmac/FullScreenPokemon/src/components/constants/Pokemon.ts [4848, 24]: elements are not aligned, C:/Users/valmac/FullScreenPokemon/src/components/constants/Pokemon.ts [4851, 24]: elements are not aligned, C:/Users/valmac/FullScreenPokemon/src/components/constants/Pokemon.ts [4854, 24]: elements are not aligned, C:/Users/valmac/FullScreenPokemon/src/components/constants/Pokemon.ts [4857, 24]: elements are not aligned, C:/Users/valmac/FullScreenPokemon/src/components/constants/Pokemon.ts [4860, 24]: elements are not aligned, C:/Users/valmac/FullScreenPokemon/src/components/constants/Pokemon.ts [4863, 24]: elements are not aligned, C:/Users/valmac/FullScreenPokemon/src/components/constants/Pokemon.ts [4866, 24]: elements are not aligned, C:/Users/valmac/FullScreenPokemon/src/components/constants/Pokemon.ts [4901, 24]: elements are not aligned, C:/Users/valmac/FullScreenPokemon/src/components/constants/Pokemon.ts [4904, 24]: elements are not aligned, C:/Users/valmac/FullScreenPokemon/src/components/constants/Pokemon.ts [4907, 24]: elements are not aligned, C:/Users/valmac/FullScreenPokemon/src/components/constants/Pokemon.ts [4910, 24]: elements are not aligned, C:/Users/valmac/FullScreenPokemon/src/components/constants/Pokemon.ts [4913, 24]: elements are not aligned, C:/Users/valmac/FullScreenPokemon/src/components/constants/Pokemon.ts [4916, 24]: elements are not aligned, C:/Users/valmac/FullScreenPokemon/src/components/constants/Pokemon.ts [4919, 24]: elements are not aligned, C:/Users/valmac/FullScreenPokemon/src/components/constants/Pokemon.ts [4931, 24]: elements are not aligned, C:/Users/valmac/FullScreenPokemon/src/components/constants/Pokemon.ts [4934, 24]: elements are not aligned, C:/Users/valmac/FullScreenPokemon/src/components/constants/Pokemon.ts [4937, 24]: elements are not aligned, C:/Users/valmac/FullScreenPokemon/src/components/constants/Pokemon.ts [4940, 24]: elements are not aligned, C:/Users/valmac/FullScreenPokemon/src/components/constants/Pokemon.ts [4943, 24]: elements are not aligned, C:/Users/valmac/FullScreenPokemon/src/components/constants/Pokemon.ts [4946, 24]: elements are not aligned, C:/Users/valmac/FullScreenPokemon/src/components/constants/Pokemon.ts [4949, 24]: elements are not aligned, C:/Users/valmac/FullScreenPokemon/src/components/constants/Pokemon.ts [4952, 24]: elements are not aligned, C:/Users/valmac/FullScreenPokemon/src/components/constants/Pokemon.ts [4955, 24]: elements are not aligned, C:/Users/valmac/FullScreenPokemon/src/components/constants/Pokemon.ts [4958, 24]: elements are not aligned, C:/Users/valmac/FullScreenPokemon/src/components/constants/Pokemon.ts [4961, 24]: elements are not aligned, C:/Users/valmac/FullScreenPokemon/src/components/constants/Pokemon.ts [4964, 24]: elements are not aligned, C:/Users/valmac/FullScreenPokemon/src/components/constants/Pokemon.ts [4967, 24]: elements are not aligned, C:/Users/valmac/FullScreenPokemon/src/components/constants/Pokemon.ts [4970, 24]: elements are not aligned, C:/Users/valmac/FullScreenPokemon/src/components/constants/Pokemon.ts [4973, 24]: elements are not aligned, C:/Users/valmac/FullScreenPokemon/src/components/constants/Pokemon.ts [4999, 24]: elements are not aligned, C:/Users/valmac/FullScreenPokemon/src/components/constants/Pokemon.ts [5002, 24]: elements are not aligned, C:/Users/valmac/FullScreenPokemon/src/components/constants/Pokemon.ts [5005, 24]: elements are not aligned, C:/Users/valmac/FullScreenPokemon/src/components/constants/Pokemon.ts [5008, 24]: elements are not aligned, C:/Users/valmac/FullScreenPokemon/src/components/constants/Pokemon.ts [5011, 24]: elements are not aligned, C:/Users/valmac/FullScreenPokemon/src/components/constants/Pokemon.ts [5014, 24]: elements are not aligned, C:/Users/valmac/FullScreenPokemon/src/components/constants/Pokemon.ts [5017, 24]: elements are not aligned, C:/Users/valmac/FullScreenPokemon/src/components/constants/Pokemon.ts [5026, 24]: elements are not aligned, C:/Users/valmac/FullScreenPokemon/src/components/constants/Pokemon.ts [5029, 24]: elements are not aligned, C:/Users/valmac/FullScreenPokemon/src/components/constants/Pokemon.ts [5032, 24]: elements are not aligned, C:/Users/valmac/FullScreenPokemon/src/components/constants/Pokemon.ts [5035, 24]: elements are not aligned, C:/Users/valmac/FullScreenPokemon/src/components/constants/Pokemon.ts [5038, 24]: elements are not aligned, C:/Users/valmac/FullScreenPokemon/src/components/constants/Pokemon.ts [5041, 24]: elements are not aligned, C:/Users/valmac/FullScreenPokemon/src/components/constants/Pokemon.ts [5044, 24]: elements are not aligned, C:/Users/valmac/FullScreenPokemon/src/components/constants/Pokemon.ts [5047, 24]: elements are not aligned, C:/Users/valmac/FullScreenPokemon/src/components/constants/Pokemon.ts [5050, 24]: elements are not aligned, C:/Users/valmac/FullScreenPokemon/src/components/constants/Pokemon.ts [5053, 24]: elements are not aligned, C:/Users/valmac/FullScreenPokemon/src/components/constants/Pokemon.ts [5056, 24]: elements are not aligned, C:/Users/valmac/FullScreenPokemon/src/components/constants/Pokemon.ts [5059, 24]: elements are not aligned, C:/Users/valmac/FullScreenPokemon/src/components/constants/Pokemon.ts [5062, 24]: elements are not aligned, C:/Users/valmac/FullScreenPokemon/src/components/constants/Pokemon.ts [5065, 24]: elements are not aligned, C:/Users/valmac/FullScreenPokemon/src/components/constants/Pokemon.ts [5068, 24]: elements are not aligned, C:/Users/valmac/FullScreenPokemon/src/components/constants/Pokemon.ts [5071, 24]: elements are not aligned, C:/Users/valmac/FullScreenPokemon/src/components/constants/Pokemon.ts [5074, 24]: elements are not aligned, C:/Users/valmac/FullScreenPokemon/src/components/constants/Pokemon.ts [5077, 24]: elements are not aligned, C:/Users/valmac/FullScreenPokemon/src/components/constants/Pokemon.ts [5080, 24]: elements are not aligned, C:/Users/valmac/FullScreenPokemon/src/components/constants/Pokemon.ts [5083, 24]: elements are not aligned, C:/Users/valmac/FullScreenPokemon/src/components/constants/Pokemon.ts [5086, 24]: elements are not aligned, C:/Users/valmac/FullScreenPokemon/src/components/constants/Pokemon.ts [5089, 24]: elements are not aligned, C:/Users/valmac/FullScreenPokemon/src/components/constants/Pokemon.ts [5092, 24]: elements are not aligned, C:/Users/valmac/FullScreenPokemon/src/components/constants/Pokemon.ts [5118, 24]: elements are not aligned, C:/Users/valmac/FullScreenPokemon/src/components/constants/Pokemon.ts [5121, 24]: elements are not aligned, C:/Users/valmac/FullScreenPokemon/src/components/constants/Pokemon.ts [5124, 24]: elements are not aligned, C:/Users/valmac/FullScreenPokemon/src/components/constants/Pokemon.ts [5127, 24]: elements are not aligned, C:/Users/valmac/FullScreenPokemon/src/components/constants/Pokemon.ts [5130, 24]: elements are not aligned, C:/Users/valmac/FullScreenPokemon/src/components/constants/Pokemon.ts [5133, 24]: elements are not aligned, C:/Users/valmac/FullScreenPokemon/src/components/constants/Pokemon.ts [5136, 24]: elements are not aligned, C:/Users/valmac/FullScreenPokemon/src/components/constants/Pokemon.ts [5148, 24]: elements are not aligned, C:/Users/valmac/FullScreenPokemon/src/components/constants/Pokemon.ts [5151, 24]: elements are not aligned, C:/Users/valmac/FullScreenPokemon/src/components/constants/Pokemon.ts [5154, 24]: elements are not aligned, C:/Users/valmac/FullScreenPokemon/src/components/constants/Pokemon.ts [5157, 24]: elements are not aligned, C:/Users/valmac/FullScreenPokemon/src/components/constants/Pokemon.ts [5160, 24]: elements are not aligned, C:/Users/valmac/FullScreenPokemon/src/components/constants/Pokemon.ts [5163, 24]: elements are not aligned, C:/Users/valmac/FullScreenPokemon/src/components/constants/Pokemon.ts [5166, 24]: elements are not aligned, C:/Users/valmac/FullScreenPokemon/src/components/constants/Pokemon.ts [5169, 24]: elements are not aligned, C:/Users/valmac/FullScreenPokemon/src/components/constants/Pokemon.ts [5172, 24]: elements are not aligned, C:/Users/valmac/FullScreenPokemon/src/components/constants/Pokemon.ts [5175, 24]: elements are not aligned, C:/Users/valmac/FullScreenPokemon/src/components/constants/Pokemon.ts [5178, 24]: elements are not aligned, C:/Users/valmac/FullScreenPokemon/src/components/constants/Pokemon.ts [5181, 24]: elements are not aligned, C:/Users/valmac/FullScreenPokemon/src/components/constants/Pokemon.ts [5184, 24]: elements are not aligned, C:/Users/valmac/FullScreenPokemon/src/components/constants/Pokemon.ts [5187, 24]: elements are not aligned, C:/Users/valmac/FullScreenPokemon/src/components/constants/Pokemon.ts [5190, 24]: elements are not aligned, C:/Users/valmac/FullScreenPokemon/src/components/constants/Pokemon.ts [5193, 24]: elements are not aligned, C:/Users/valmac/FullScreenPokemon/src/components/constants/Pokemon.ts [5196, 24]: elements are not aligned, C:/Users/valmac/FullScreenPokemon/src/components/constants/Pokemon.ts [5199, 24]: elements are not aligned, C:/Users/valmac/FullScreenPokemon/src/components/constants/Pokemon.ts [5202, 24]: elements are not aligned, C:/Users/valmac/FullScreenPokemon/src/components/constants/Pokemon.ts [5205, 24]: elements are not aligned, C:/Users/valmac/FullScreenPokemon/src/components/constants/Pokemon.ts [5208, 24]: elements are not aligned, C:/Users/valmac/FullScreenPokemon/src/components/constants/Pokemon.ts [5211, 24]: elements are not aligned, C:/Users/valmac/FullScreenPokemon/src/components/constants/Pokemon.ts [5214, 24]: elements are not aligned, C:/Users/valmac/FullScreenPokemon/src/components/constants/Pokemon.ts [5248, 24]: elements are not aligned, C:/Users/valmac/FullScreenPokemon/src/components/constants/Pokemon.ts [5251, 24]: elements are not aligned, C:/Users/valmac/FullScreenPokemon/src/components/constants/Pokemon.ts [5254, 24]: elements are not aligned, C:/Users/valmac/FullScreenPokemon/src/components/constants/Pokemon.ts [5257, 24]: elements are not aligned, C:/Users/valmac/FullScreenPokemon/src/components/constants/Pokemon.ts [5260, 24]: elements are not aligned, C:/Users/valmac/FullScreenPokemon/src/components/constants/Pokemon.ts [5263, 24]: elements are not aligned, C:/Users/valmac/FullScreenPokemon/src/components/constants/Pokemon.ts [5266, 24]: elements are not aligned, C:/Users/valmac/FullScreenPokemon/src/components/constants/Pokemon.ts [5275, 24]: elements are not aligned, C:/Users/valmac/FullScreenPokemon/src/components/constants/Pokemon.ts [5278, 24]: elements are not aligned, C:/Users/valmac/FullScreenPokemon/src/components/constants/Pokemon.ts [5281, 24]: elements are not aligned, C:/Users/valmac/FullScreenPokemon/src/components/constants/Pokemon.ts [5284, 24]: elements are not aligned, C:/Users/valmac/FullScreenPokemon/src/components/constants/Pokemon.ts [5287, 24]: elements are not aligned, C:/Users/valmac/FullScreenPokemon/src/components/constants/Pokemon.ts [5290, 24]: elements are not aligned, C:/Users/valmac/FullScreenPokemon/src/components/constants/Pokemon.ts [5293, 24]: elements are not aligned, C:/Users/valmac/FullScreenPokemon/src/components/constants/Pokemon.ts [5296, 24]: elements are not aligned, C:/Users/valmac/FullScreenPokemon/src/components/constants/Pokemon.ts [5299, 24]: elements are not aligned, C:/Users/valmac/FullScreenPokemon/src/components/constants/Pokemon.ts [5302, 24]: elements are not aligned, C:/Users/valmac/FullScreenPokemon/src/components/constants/Pokemon.ts [5305, 24]: elements are not aligned, C:/Users/valmac/FullScreenPokemon/src/components/constants/Pokemon.ts [5308, 24]: elements are not aligned, C:/Users/valmac/FullScreenPokemon/src/components/constants/Pokemon.ts [5311, 24]: elements are not aligned, C:/Users/valmac/FullScreenPokemon/src/components/constants/Pokemon.ts [5314, 24]: elements are not aligned, C:/Users/valmac/FullScreenPokemon/src/components/constants/Pokemon.ts [5317, 24]: elements are not aligned, C:/Users/valmac/FullScreenPokemon/src/components/constants/Pokemon.ts [5320, 24]: elements are not aligned, C:/Users/valmac/FullScreenPokemon/src/components/constants/Pokemon.ts [5323, 24]: elements are not aligned, C:/Users/valmac/FullScreenPokemon/src/components/constants/Pokemon.ts [5326, 24]: elements are not aligned, C:/Users/valmac/FullScreenPokemon/src/components/constants/Pokemon.ts [5329, 24]: elements are not aligned, C:/Users/valmac/FullScreenPokemon/src/components/constants/Pokemon.ts [5332, 24]: elements are not aligned, C:/Users/valmac/FullScreenPokemon/src/components/constants/Pokemon.ts [5335, 24]: elements are not aligned, C:/Users/valmac/FullScreenPokemon/src/components/constants/Pokemon.ts [5370, 24]: elements are not aligned, C:/Users/valmac/FullScreenPokemon/src/components/constants/Pokemon.ts [5373, 24]: elements are not aligned, C:/Users/valmac/FullScreenPokemon/src/components/constants/Pokemon.ts [5376, 24]: elements are not aligned, C:/Users/valmac/FullScreenPokemon/src/components/constants/Pokemon.ts [5379, 24]: elements are not aligned, C:/Users/valmac/FullScreenPokemon/src/components/constants/Pokemon.ts [5382, 24]: elements are not aligned, C:/Users/valmac/FullScreenPokemon/src/components/constants/Pokemon.ts [5385, 24]: elements are not aligned, C:/Users/valmac/FullScreenPokemon/src/components/constants/Pokemon.ts [5388, 24]: elements are not aligned, C:/Users/valmac/FullScreenPokemon/src/components/constants/Pokemon.ts [5396, 24]: elements are not aligned, C:/Users/valmac/FullScreenPokemon/src/components/constants/Pokemon.ts [5399, 24]: elements are not aligned, C:/Users/valmac/FullScreenPokemon/src/components/constants/Pokemon.ts [5402, 24]: elements are not aligned, C:/Users/valmac/FullScreenPokemon/src/components/constants/Pokemon.ts [5405, 24]: elements are not aligned, C:/Users/valmac/FullScreenPokemon/src/components/constants/Pokemon.ts [5408, 24]: elements are not aligned, C:/Users/valmac/FullScreenPokemon/src/components/constants/Pokemon.ts [5411, 24]: elements are not aligned, C:/Users/valmac/FullScreenPokemon/src/components/constants/Pokemon.ts [5414, 24]: elements are not aligned, C:/Users/valmac/FullScreenPokemon/src/components/constants/Pokemon.ts [5417, 24]: elements are not aligned, C:/Users/valmac/FullScreenPokemon/src/components/constants/Pokemon.ts [5420, 24]: elements are not aligned, C:/Users/valmac/FullScreenPokemon/src/components/constants/Pokemon.ts [5423, 24]: elements are not aligned, C:/Users/valmac/FullScreenPokemon/src/components/constants/Pokemon.ts [5426, 24]: elements are not aligned, C:/Users/valmac/FullScreenPokemon/src/components/constants/Pokemon.ts [5429, 24]: elements are not aligned, C:/Users/valmac/FullScreenPokemon/src/components/constants/Pokemon.ts [5432, 24]: elements are not aligned, C:/Users/valmac/FullScreenPokemon/src/components/constants/Pokemon.ts [5440, 24]: elements are not aligned, C:/Users/valmac/FullScreenPokemon/src/components/constants/Pokemon.ts [5443, 24]: elements are not aligned, C:/Users/valmac/FullScreenPokemon/src/components/constants/Pokemon.ts [5446, 24]: elements are not aligned, C:/Users/valmac/FullScreenPokemon/src/components/constants/Pokemon.ts [5449, 24]: elements are not aligned, C:/Users/valmac/FullScreenPokemon/src/components/constants/Pokemon.ts [5452, 24]: elements are not aligned, C:/Users/valmac/FullScreenPokemon/src/components/constants/Pokemon.ts [5455, 24]: elements are not aligned, C:/Users/valmac/FullScreenPokemon/src/components/constants/Pokemon.ts [5458, 24]: elements are not aligned, C:/Users/valmac/FullScreenPokemon/src/components/constants/Pokemon.ts [5493, 24]: elements are not aligned, C:/Users/valmac/FullScreenPokemon/src/components/constants/Pokemon.ts [5496, 24]: elements are not aligned, C:/Users/valmac/FullScreenPokemon/src/components/constants/Pokemon.ts [5499, 24]: elements are not aligned, C:/Users/valmac/FullScreenPokemon/src/components/constants/Pokemon.ts [5502, 24]: elements are not aligned, C:/Users/valmac/FullScreenPokemon/src/components/constants/Pokemon.ts [5505, 24]: elements are not aligned, C:/Users/valmac/FullScreenPokemon/src/components/constants/Pokemon.ts [5508, 24]: elements are not aligned, C:/Users/valmac/FullScreenPokemon/src/components/constants/Pokemon.ts [5517, 24]: elements are not aligned, C:/Users/valmac/FullScreenPokemon/src/components/constants/Pokemon.ts [5520, 24]: elements are not aligned, C:/Users/valmac/FullScreenPokemon/src/components/constants/Pokemon.ts [5523, 24]: elements are not aligned, C:/Users/valmac/FullScreenPokemon/src/components/constants/Pokemon.ts [5526, 24]: elements are not aligned, C:/Users/valmac/FullScreenPokemon/src/components/constants/Pokemon.ts [5529, 24]: elements are not aligned, C:/Users/valmac/FullScreenPokemon/src/components/constants/Pokemon.ts [5532, 24]: elements are not aligned, C:/Users/valmac/FullScreenPokemon/src/components/constants/Pokemon.ts [5558, 24]: elements are not aligned, C:/Users/valmac/FullScreenPokemon/src/components/constants/Pokemon.ts [5561, 24]: elements are not aligned, C:/Users/valmac/FullScreenPokemon/src/components/constants/Pokemon.ts [5564, 24]: elements are not aligned, C:/Users/valmac/FullScreenPokemon/src/components/constants/Pokemon.ts [5567, 24]: elements are not aligned, C:/Users/valmac/FullScreenPokemon/src/components/constants/Pokemon.ts [5570, 24]: elements are not aligned, C:/Users/valmac/FullScreenPokemon/src/components/constants/Pokemon.ts [5573, 24]: elements are not aligned, C:/Users/valmac/FullScreenPokemon/src/components/constants/Pokemon.ts [5576, 24]: elements are not aligned, C:/Users/valmac/FullScreenPokemon/src/components/constants/Pokemon.ts [5579, 24]: elements are not aligned, C:/Users/valmac/FullScreenPokemon/src/components/constants/Pokemon.ts [5587, 24]: elements are not aligned, C:/Users/valmac/FullScreenPokemon/src/components/constants/Pokemon.ts [5595, 24]: elements are not aligned, C:/Users/valmac/FullScreenPokemon/src/components/constants/Pokemon.ts [5629, 24]: elements are not aligned, C:/Users/valmac/FullScreenPokemon/src/components/constants/Pokemon.ts [5632, 24]: elements are not aligned, C:/Users/valmac/FullScreenPokemon/src/components/constants/Pokemon.ts [5635, 24]: elements are not aligned, C:/Users/valmac/FullScreenPokemon/src/components/constants/Pokemon.ts [5638, 24]: elements are not aligned, C:/Users/valmac/FullScreenPokemon/src/components/constants/Pokemon.ts [5647, 24]: elements are not aligned, C:/Users/valmac/FullScreenPokemon/src/components/constants/Pokemon.ts [5650, 24]: elements are not aligned, C:/Users/valmac/FullScreenPokemon/src/components/constants/Pokemon.ts [5653, 24]: elements are not aligned, C:/Users/valmac/FullScreenPokemon/src/components/constants/Pokemon.ts [5656, 24]: elements are not aligned, C:/Users/valmac/FullScreenPokemon/src/components/constants/Pokemon.ts [5682, 24]: elements are not aligned, C:/Users/valmac/FullScreenPokemon/src/components/constants/Pokemon.ts [5685, 24]: elements are not aligned, C:/Users/valmac/FullScreenPokemon/src/components/constants/Pokemon.ts [5688, 24]: elements are not aligned, C:/Users/valmac/FullScreenPokemon/src/components/constants/Pokemon.ts [5691, 24]: elements are not aligned, C:/Users/valmac/FullScreenPokemon/src/components/constants/Pokemon.ts [5694, 24]: elements are not aligned, C:/Users/valmac/FullScreenPokemon/src/components/constants/Pokemon.ts [5697, 24]: elements are not aligned, C:/Users/valmac/FullScreenPokemon/src/components/constants/Pokemon.ts [5709, 24]: elements are not aligned, C:/Users/valmac/FullScreenPokemon/src/components/constants/Pokemon.ts [5712, 24]: elements are not aligned, C:/Users/valmac/FullScreenPokemon/src/components/constants/Pokemon.ts [5715, 24]: elements are not aligned, C:/Users/valmac/FullScreenPokemon/src/components/constants/Pokemon.ts [5718, 24]: elements are not aligned, C:/Users/valmac/FullScreenPokemon/src/components/constants/Pokemon.ts [5721, 24]: elements are not aligned, C:/Users/valmac/FullScreenPokemon/src/components/constants/Pokemon.ts [5724, 24]: elements are not aligned, C:/Users/valmac/FullScreenPokemon/src/components/constants/Pokemon.ts [5727, 24]: elements are not aligned, C:/Users/valmac/FullScreenPokemon/src/components/constants/Pokemon.ts [5730, 24]: elements are not aligned, C:/Users/valmac/FullScreenPokemon/src/components/constants/Pokemon.ts [5733, 24]: elements are not aligned, C:/Users/valmac/FullScreenPokemon/src/components/constants/Pokemon.ts [5736, 24]: elements are not aligned, C:/Users/valmac/FullScreenPokemon/src/components/constants/Pokemon.ts [5739, 24]: elements are not aligned, C:/Users/valmac/FullScreenPokemon/src/components/constants/Pokemon.ts [5742, 24]: elements are not aligned, C:/Users/valmac/FullScreenPokemon/src/components/constants/Pokemon.ts [5745, 24]: elements are not aligned, C:/Users/valmac/FullScreenPokemon/src/components/constants/Pokemon.ts [5748, 24]: elements are not aligned, C:/Users/valmac/FullScreenPokemon/src/components/constants/Pokemon.ts [5751, 24]: elements are not aligned, C:/Users/valmac/FullScreenPokemon/src/components/constants/Pokemon.ts [5754, 24]: elements are not aligned, C:/Users/valmac/FullScreenPokemon/src/components/constants/Pokemon.ts [5757, 24]: elements are not aligned, C:/Users/valmac/FullScreenPokemon/src/components/constants/Pokemon.ts [5783, 24]: elements are not aligned, C:/Users/valmac/FullScreenPokemon/src/components/constants/Pokemon.ts [5786, 24]: elements are not aligned, C:/Users/valmac/FullScreenPokemon/src/components/constants/Pokemon.ts [5789, 24]: elements are not aligned, C:/Users/valmac/FullScreenPokemon/src/components/constants/Pokemon.ts [5792, 24]: elements are not aligned, C:/Users/valmac/FullScreenPokemon/src/components/constants/Pokemon.ts [5795, 24]: elements are not aligned, C:/Users/valmac/FullScreenPokemon/src/components/constants/Pokemon.ts [5798, 24]: elements are not aligned, C:/Users/valmac/FullScreenPokemon/src/components/constants/Pokemon.ts [5807, 24]: elements are not aligned, C:/Users/valmac/FullScreenPokemon/src/components/constants/Pokemon.ts [5810, 24]: elements are not aligned, C:/Users/valmac/FullScreenPokemon/src/components/constants/Pokemon.ts [5813, 24]: elements are not aligned, C:/Users/valmac/FullScreenPokemon/src/components/constants/Pokemon.ts [5816, 24]: elements are not aligned, C:/Users/valmac/FullScreenPokemon/src/components/constants/Pokemon.ts [5819, 24]: elements are not aligned, C:/Users/valmac/FullScreenPokemon/src/components/constants/Pokemon.ts [5822, 24]: elements are not aligned, C:/Users/valmac/FullScreenPokemon/src/components/constants/Pokemon.ts [5825, 24]: elements are not aligned, C:/Users/valmac/FullScreenPokemon/src/components/constants/Pokemon.ts [5828, 24]: elements are not aligned, C:/Users/valmac/FullScreenPokemon/src/components/constants/Pokemon.ts [5831, 24]: elements are not aligned, C:/Users/valmac/FullScreenPokemon/src/components/constants/Pokemon.ts [5834, 24]: elements are not aligned, C:/Users/valmac/FullScreenPokemon/src/components/constants/Pokemon.ts [5837, 24]: elements are not aligned, C:/Users/valmac/FullScreenPokemon/src/components/constants/Pokemon.ts [5840, 24]: elements are not aligned, C:/Users/valmac/FullScreenPokemon/src/components/constants/Pokemon.ts [5843, 24]: elements are not aligned, C:/Users/valmac/FullScreenPokemon/src/components/constants/Pokemon.ts [5846, 24]: elements are not aligned, C:/Users/valmac/FullScreenPokemon/src/components/constants/Pokemon.ts [5849, 24]: elements are not aligned, C:/Users/valmac/FullScreenPokemon/src/components/constants/Pokemon.ts [5852, 24]: elements are not aligned, C:/Users/valmac/FullScreenPokemon/src/components/constants/Pokemon.ts [5855, 24]: elements are not aligned, C:/Users/valmac/FullScreenPokemon/src/components/constants/Pokemon.ts [5890, 24]: elements are not aligned, C:/Users/valmac/FullScreenPokemon/src/components/constants/Pokemon.ts [5893, 24]: elements are not aligned, C:/Users/valmac/FullScreenPokemon/src/components/constants/Pokemon.ts [5896, 24]: elements are not aligned, C:/Users/valmac/FullScreenPokemon/src/components/constants/Pokemon.ts [5899, 24]: elements are not aligned, C:/Users/valmac/FullScreenPokemon/src/components/constants/Pokemon.ts [5902, 24]: elements are not aligned, C:/Users/valmac/FullScreenPokemon/src/components/constants/Pokemon.ts [5914, 24]: elements are not aligned, C:/Users/valmac/FullScreenPokemon/src/components/constants/Pokemon.ts [5917, 24]: elements are not aligned, C:/Users/valmac/FullScreenPokemon/src/components/constants/Pokemon.ts [5920, 24]: elements are not aligned, C:/Users/valmac/FullScreenPokemon/src/components/constants/Pokemon.ts [5923, 24]: elements are not aligned, C:/Users/valmac/FullScreenPokemon/src/components/constants/Pokemon.ts [5926, 24]: elements are not aligned, C:/Users/valmac/FullScreenPokemon/src/components/constants/Pokemon.ts [5929, 24]: elements are not aligned, C:/Users/valmac/FullScreenPokemon/src/components/constants/Pokemon.ts [5932, 24]: elements are not aligned, C:/Users/valmac/FullScreenPokemon/src/components/constants/Pokemon.ts [5935, 24]: elements are not aligned, C:/Users/valmac/FullScreenPokemon/src/components/constants/Pokemon.ts [5938, 24]: elements are not aligned, C:/Users/valmac/FullScreenPokemon/src/components/constants/Pokemon.ts [5941, 24]: elements are not aligned, C:/Users/valmac/FullScreenPokemon/src/components/constants/Pokemon.ts [5944, 24]: elements are not aligned, C:/Users/valmac/FullScreenPokemon/src/components/constants/Pokemon.ts [5947, 24]: elements are not aligned, C:/Users/valmac/FullScreenPokemon/src/components/constants/Pokemon.ts [5950, 24]: elements are not aligned, C:/Users/valmac/FullScreenPokemon/src/components/constants/Pokemon.ts [5953, 24]: elements are not aligned, C:/Users/valmac/FullScreenPokemon/src/components/constants/Pokemon.ts [5979, 24]: elements are not aligned, C:/Users/valmac/FullScreenPokemon/src/components/constants/Pokemon.ts [5982, 24]: elements are not aligned, C:/Users/valmac/FullScreenPokemon/src/components/constants/Pokemon.ts [5985, 24]: elements are not aligned, C:/Users/valmac/FullScreenPokemon/src/components/constants/Pokemon.ts [5988, 24]: elements are not aligned, C:/Users/valmac/FullScreenPokemon/src/components/constants/Pokemon.ts [5991, 24]: elements are not aligned, C:/Users/valmac/FullScreenPokemon/src/components/constants/Pokemon.ts [5994, 24]: elements are not aligned, C:/Users/valmac/FullScreenPokemon/src/components/constants/Pokemon.ts [5997, 24]: elements are not aligned, C:/Users/valmac/FullScreenPokemon/src/components/constants/Pokemon.ts [6000, 24]: elements are not aligned, C:/Users/valmac/FullScreenPokemon/src/components/constants/Pokemon.ts [6003, 24]: elements are not aligned, C:/Users/valmac/FullScreenPokemon/src/components/constants/Pokemon.ts [6012, 24]: elements are not aligned, C:/Users/valmac/FullScreenPokemon/src/components/constants/Pokemon.ts [6015, 24]: elements are not aligned, C:/Users/valmac/FullScreenPokemon/src/components/constants/Pokemon.ts [6018, 24]: elements are not aligned, C:/Users/valmac/FullScreenPokemon/src/components/constants/Pokemon.ts [6021, 24]: elements are not aligned, C:/Users/valmac/FullScreenPokemon/src/components/constants/Pokemon.ts [6024, 24]: elements are not aligned, C:/Users/valmac/FullScreenPokemon/src/components/constants/Pokemon.ts [6027, 24]: elements are not aligned, C:/Users/valmac/FullScreenPokemon/src/components/constants/Pokemon.ts [6030, 24]: elements are not aligned, C:/Users/valmac/FullScreenPokemon/src/components/constants/Pokemon.ts [6033, 24]: elements are not aligned, C:/Users/valmac/FullScreenPokemon/src/components/constants/Pokemon.ts [6036, 24]: elements are not aligned, C:/Users/valmac/FullScreenPokemon/src/components/constants/Pokemon.ts [6039, 24]: elements are not aligned, C:/Users/valmac/FullScreenPokemon/src/components/constants/Pokemon.ts [6042, 24]: elements are not aligned, C:/Users/valmac/FullScreenPokemon/src/components/constants/Pokemon.ts [6045, 24]: elements are not aligned, C:/Users/valmac/FullScreenPokemon/src/components/constants/Pokemon.ts [6048, 24]: elements are not aligned, C:/Users/valmac/FullScreenPokemon/src/components/constants/Pokemon.ts [6051, 24]: elements are not aligned, C:/Users/valmac/FullScreenPokemon/src/components/constants/Pokemon.ts [6054, 24]: elements are not aligned, C:/Users/valmac/FullScreenPokemon/src/components/constants/Pokemon.ts [6057, 24]: elements are not aligned, C:/Users/valmac/FullScreenPokemon/src/components/constants/Pokemon.ts [6060, 24]: elements are not aligned, C:/Users/valmac/FullScreenPokemon/src/components/constants/Pokemon.ts [6063, 24]: elements are not aligned, C:/Users/valmac/FullScreenPokemon/src/components/constants/Pokemon.ts [6066, 24]: elements are not aligned, C:/Users/valmac/FullScreenPokemon/src/components/constants/Pokemon.ts [6069, 24]: elements are not aligned, C:/Users/valmac/FullScreenPokemon/src/components/constants/Pokemon.ts [6072, 24]: elements are not aligned, C:/Users/valmac/FullScreenPokemon/src/components/constants/Pokemon.ts [6075, 24]: elements are not aligned, C:/Users/valmac/FullScreenPokemon/src/components/constants/Pokemon.ts [6078, 24]: elements are not aligned, C:/Users/valmac/FullScreenPokemon/src/components/constants/Pokemon.ts [6081, 24]: elements are not aligned, C:/Users/valmac/FullScreenPokemon/src/components/constants/Pokemon.ts [6116, 24]: elements are not aligned, C:/Users/valmac/FullScreenPokemon/src/components/constants/Pokemon.ts [6119, 24]: elements are not aligned, C:/Users/valmac/FullScreenPokemon/src/components/constants/Pokemon.ts [6122, 24]: elements are not aligned, C:/Users/valmac/FullScreenPokemon/src/components/constants/Pokemon.ts [6125, 24]: elements are not aligned, C:/Users/valmac/FullScreenPokemon/src/components/constants/Pokemon.ts [6128, 24]: elements are not aligned, C:/Users/valmac/FullScreenPokemon/src/components/constants/Pokemon.ts [6131, 24]: elements are not aligned, C:/Users/valmac/FullScreenPokemon/src/components/constants/Pokemon.ts [6134, 24]: elements are not aligned, C:/Users/valmac/FullScreenPokemon/src/components/constants/Pokemon.ts [6137, 24]: elements are not aligned, C:/Users/valmac/FullScreenPokemon/src/components/constants/Pokemon.ts [6140, 24]: elements are not aligned, C:/Users/valmac/FullScreenPokemon/src/components/constants/Pokemon.ts [6152, 24]: elements are not aligned, C:/Users/valmac/FullScreenPokemon/src/components/constants/Pokemon.ts [6155, 24]: elements are not aligned, C:/Users/valmac/FullScreenPokemon/src/components/constants/Pokemon.ts [6158, 24]: elements are not aligned, C:/Users/valmac/FullScreenPokemon/src/components/constants/Pokemon.ts [6161, 24]: elements are not aligned, C:/Users/valmac/FullScreenPokemon/src/components/constants/Pokemon.ts [6164, 24]: elements are not aligned, C:/Users/valmac/FullScreenPokemon/src/components/constants/Pokemon.ts [6167, 24]: elements are not aligned, C:/Users/valmac/FullScreenPokemon/src/components/constants/Pokemon.ts [6170, 24]: elements are not aligned, C:/Users/valmac/FullScreenPokemon/src/components/constants/Pokemon.ts [6173, 24]: elements are not aligned, C:/Users/valmac/FullScreenPokemon/src/components/constants/Pokemon.ts [6176, 24]: elements are not aligned, C:/Users/valmac/FullScreenPokemon/src/components/constants/Pokemon.ts [6179, 24]: elements are not aligned, C:/Users/valmac/FullScreenPokemon/src/components/constants/Pokemon.ts [6182, 24]: elements are not aligned, C:/Users/valmac/FullScreenPokemon/src/components/constants/Pokemon.ts [6185, 24]: elements are not aligned, C:/Users/valmac/FullScreenPokemon/src/components/constants/Pokemon.ts [6188, 24]: elements are not aligned, C:/Users/valmac/FullScreenPokemon/src/components/constants/Pokemon.ts [6223, 24]: elements are not aligned, C:/Users/valmac/FullScreenPokemon/src/components/constants/Pokemon.ts [6226, 24]: elements are not aligned, C:/Users/valmac/FullScreenPokemon/src/components/constants/Pokemon.ts [6229, 24]: elements are not aligned, C:/Users/valmac/FullScreenPokemon/src/components/constants/Pokemon.ts [6232, 24]: elements are not aligned, C:/Users/valmac/FullScreenPokemon/src/components/constants/Pokemon.ts [6235, 24]: elements are not aligned, C:/Users/valmac/FullScreenPokemon/src/components/constants/Pokemon.ts [6238, 24]: elements are not aligned, C:/Users/valmac/FullScreenPokemon/src/components/constants/Pokemon.ts [6241, 24]: elements are not aligned, C:/Users/valmac/FullScreenPokemon/src/components/constants/Pokemon.ts [6249, 24]: elements are not aligned, C:/Users/valmac/FullScreenPokemon/src/components/constants/Pokemon.ts [6257, 24]: elements are not aligned, C:/Users/valmac/FullScreenPokemon/src/components/constants/Pokemon.ts [6260, 24]: elements are not aligned, C:/Users/valmac/FullScreenPokemon/src/components/constants/Pokemon.ts [6263, 24]: elements are not aligned, C:/Users/valmac/FullScreenPokemon/src/components/constants/Pokemon.ts [6266, 24]: elements are not aligned, C:/Users/valmac/FullScreenPokemon/src/components/constants/Pokemon.ts [6269, 24]: elements are not aligned, C:/Users/valmac/FullScreenPokemon/src/components/constants/Pokemon.ts [6272, 24]: elements are not aligned, C:/Users/valmac/FullScreenPokemon/src/components/constants/Pokemon.ts [6275, 24]: elements are not aligned, C:/Users/valmac/FullScreenPokemon/src/components/constants/Pokemon.ts [6278, 24]: elements are not aligned, C:/Users/valmac/FullScreenPokemon/src/components/constants/Pokemon.ts [6281, 24]: elements are not aligned, C:/Users/valmac/FullScreenPokemon/src/components/constants/Pokemon.ts [6284, 24]: elements are not aligned, C:/Users/valmac/FullScreenPokemon/src/components/constants/Pokemon.ts [6287, 24]: elements are not aligned, C:/Users/valmac/FullScreenPokemon/src/components/constants/Pokemon.ts [6290, 24]: elements are not aligned, C:/Users/valmac/FullScreenPokemon/src/components/constants/Pokemon.ts [6293, 24]: elements are not aligned, C:/Users/valmac/FullScreenPokemon/src/components/constants/Pokemon.ts [6296, 24]: elements are not aligned, C:/Users/valmac/FullScreenPokemon/src/components/constants/Pokemon.ts [6299, 24]: elements are not aligned, C:/Users/valmac/FullScreenPokemon/src/components/constants/Pokemon.ts [6302, 24]: elements are not aligned, C:/Users/valmac/FullScreenPokemon/src/components/constants/Pokemon.ts [6305, 24]: elements are not aligned, C:/Users/valmac/FullScreenPokemon/src/components/constants/Pokemon.ts [6308, 24]: elements are not aligned, C:/Users/valmac/FullScreenPokemon/src/components/constants/Pokemon.ts [6311, 24]: elements are not aligned, C:/Users/valmac/FullScreenPokemon/src/components/constants/Pokemon.ts [6314, 24]: elements are not aligned, C:/Users/valmac/FullScreenPokemon/src/components/constants/Pokemon.ts [6317, 24]: elements are not aligned, C:/Users/valmac/FullScreenPokemon/src/components/constants/Pokemon.ts [6320, 24]: elements are not aligned, C:/Users/valmac/FullScreenPokemon/src/components/constants/Pokemon.ts [6323, 24]: elements are not aligned, C:/Users/valmac/FullScreenPokemon/src/components/constants/Pokemon.ts [6326, 24]: elements are not aligned, C:/Users/valmac/FullScreenPokemon/src/components/constants/Pokemon.ts [6329, 24]: elements are not aligned, C:/Users/valmac/FullScreenPokemon/src/components/constants/Pokemon.ts [6332, 24]: elements are not aligned, C:/Users/valmac/FullScreenPokemon/src/components/constants/Pokemon.ts [6335, 24]: elements are not aligned, C:/Users/valmac/FullScreenPokemon/src/components/constants/Pokemon.ts [6338, 24]: elements are not aligned, C:/Users/valmac/FullScreenPokemon/src/components/constants/Pokemon.ts [6341, 24]: elements are not aligned, C:/Users/valmac/FullScreenPokemon/src/components/constants/Pokemon.ts [6367, 24]: elements are not aligned, C:/Users/valmac/FullScreenPokemon/src/components/constants/Pokemon.ts [6370, 24]: elements are not aligned, C:/Users/valmac/FullScreenPokemon/src/components/constants/Pokemon.ts [6373, 24]: elements are not aligned, C:/Users/valmac/FullScreenPokemon/src/components/constants/Pokemon.ts [6376, 24]: elements are not aligned, C:/Users/valmac/FullScreenPokemon/src/components/constants/Pokemon.ts [6379, 24]: elements are not aligned, C:/Users/valmac/FullScreenPokemon/src/components/constants/Pokemon.ts [6382, 24]: elements are not aligned, C:/Users/valmac/FullScreenPokemon/src/components/constants/Pokemon.ts [6385, 24]: elements are not aligned, C:/Users/valmac/FullScreenPokemon/src/components/constants/Pokemon.ts [6388, 24]: elements are not aligned, C:/Users/valmac/FullScreenPokemon/src/components/constants/Pokemon.ts [6391, 24]: elements are not aligned, C:/Users/valmac/FullScreenPokemon/src/components/constants/Pokemon.ts [6394, 24]: elements are not aligned, C:/Users/valmac/FullScreenPokemon/src/components/constants/Pokemon.ts [6397, 24]: elements are not aligned, C:/Users/valmac/FullScreenPokemon/src/components/constants/Pokemon.ts [6428, 24]: elements are not aligned, C:/Users/valmac/FullScreenPokemon/src/components/constants/Pokemon.ts [6431, 24]: elements are not aligned, C:/Users/valmac/FullScreenPokemon/src/components/constants/Pokemon.ts [6434, 24]: elements are not aligned, C:/Users/valmac/FullScreenPokemon/src/components/constants/Pokemon.ts [6437, 24]: elements are not aligned, C:/Users/valmac/FullScreenPokemon/src/components/constants/Pokemon.ts [6440, 24]: elements are not aligned, C:/Users/valmac/FullScreenPokemon/src/components/constants/Pokemon.ts [6443, 24]: elements are not aligned, C:/Users/valmac/FullScreenPokemon/src/components/constants/Pokemon.ts [6446, 24]: elements are not aligned, C:/Users/valmac/FullScreenPokemon/src/components/constants/Pokemon.ts [6454, 24]: elements are not aligned, C:/Users/valmac/FullScreenPokemon/src/components/constants/Pokemon.ts [6457, 24]: elements are not aligned, C:/Users/valmac/FullScreenPokemon/src/components/constants/Pokemon.ts [6460, 24]: elements are not aligned, C:/Users/valmac/FullScreenPokemon/src/components/constants/Pokemon.ts [6463, 24]: elements are not aligned, C:/Users/valmac/FullScreenPokemon/src/components/constants/Pokemon.ts [6466, 24]: elements are not aligned, C:/Users/valmac/FullScreenPokemon/src/components/constants/Pokemon.ts [6469, 24]: elements are not aligned, C:/Users/valmac/FullScreenPokemon/src/components/constants/Pokemon.ts [6472, 24]: elements are not aligned, C:/Users/valmac/FullScreenPokemon/src/components/constants/Pokemon.ts [6475, 24]: elements are not aligned, C:/Users/valmac/FullScreenPokemon/src/components/constants/Pokemon.ts [6478, 24]: elements are not aligned, C:/Users/valmac/FullScreenPokemon/src/components/constants/Pokemon.ts [6481, 24]: elements are not aligned, C:/Users/valmac/FullScreenPokemon/src/components/constants/Pokemon.ts [6484, 24]: elements are not aligned, C:/Users/valmac/FullScreenPokemon/src/components/constants/Pokemon.ts [6487, 24]: elements are not aligned, C:/Users/valmac/FullScreenPokemon/src/components/constants/Pokemon.ts [6490, 24]: elements are not aligned, C:/Users/valmac/FullScreenPokemon/src/components/constants/Pokemon.ts [6493, 24]: elements are not aligned, C:/Users/valmac/FullScreenPokemon/src/components/constants/Pokemon.ts [6496, 24]: elements are not aligned, C:/Users/valmac/FullScreenPokemon/src/components/constants/Pokemon.ts [6499, 24]: elements are not aligned, C:/Users/valmac/FullScreenPokemon/src/components/constants/Pokemon.ts [6502, 24]: elements are not aligned, C:/Users/valmac/FullScreenPokemon/src/components/constants/Pokemon.ts [6505, 24]: elements are not aligned, C:/Users/valmac/FullScreenPokemon/src/components/constants/Pokemon.ts [6508, 24]: elements are not aligned, C:/Users/valmac/FullScreenPokemon/src/components/constants/Pokemon.ts [6511, 24]: elements are not aligned, C:/Users/valmac/FullScreenPokemon/src/components/constants/Pokemon.ts [6514, 24]: elements are not aligned, C:/Users/valmac/FullScreenPokemon/src/components/constants/Pokemon.ts [6517, 24]: elements are not aligned, C:/Users/valmac/FullScreenPokemon/src/components/constants/Pokemon.ts [6520, 24]: elements are not aligned, C:/Users/valmac/FullScreenPokemon/src/components/constants/Pokemon.ts [6523, 24]: elements are not aligned, C:/Users/valmac/FullScreenPokemon/src/components/constants/Pokemon.ts [6526, 24]: elements are not aligned, C:/Users/valmac/FullScreenPokemon/src/components/constants/Pokemon.ts [6534, 24]: elements are not aligned, C:/Users/valmac/FullScreenPokemon/src/components/constants/Pokemon.ts [6537, 24]: elements are not aligned, C:/Users/valmac/FullScreenPokemon/src/components/constants/Pokemon.ts [6540, 24]: elements are not aligned, C:/Users/valmac/FullScreenPokemon/src/components/constants/Pokemon.ts [6543, 24]: elements are not aligned, C:/Users/valmac/FullScreenPokemon/src/components/constants/Pokemon.ts [6546, 24]: elements are not aligned, C:/Users/valmac/FullScreenPokemon/src/components/constants/Pokemon.ts [6549, 24]: elements are not aligned, C:/Users/valmac/FullScreenPokemon/src/components/constants/Pokemon.ts [6552, 24]: elements are not aligned, C:/Users/valmac/FullScreenPokemon/src/components/constants/Pokemon.ts [6587, 24]: elements are not aligned, C:/Users/valmac/FullScreenPokemon/src/components/constants/Pokemon.ts [6590, 24]: elements are not aligned, C:/Users/valmac/FullScreenPokemon/src/components/constants/Pokemon.ts [6593, 24]: elements are not aligned, C:/Users/valmac/FullScreenPokemon/src/components/constants/Pokemon.ts [6596, 24]: elements are not aligned, C:/Users/valmac/FullScreenPokemon/src/components/constants/Pokemon.ts [6599, 24]: elements are not aligned, C:/Users/valmac/FullScreenPokemon/src/components/constants/Pokemon.ts [6611, 24]: elements are not aligned, C:/Users/valmac/FullScreenPokemon/src/components/constants/Pokemon.ts [6614, 24]: elements are not aligned, C:/Users/valmac/FullScreenPokemon/src/components/constants/Pokemon.ts [6617, 24]: elements are not aligned, C:/Users/valmac/FullScreenPokemon/src/components/constants/Pokemon.ts [6620, 24]: elements are not aligned, C:/Users/valmac/FullScreenPokemon/src/components/constants/Pokemon.ts [6623, 24]: elements are not aligned, C:/Users/valmac/FullScreenPokemon/src/components/constants/Pokemon.ts [6626, 24]: elements are not aligned, C:/Users/valmac/FullScreenPokemon/src/components/constants/Pokemon.ts [6629, 24]: elements are not aligned, C:/Users/valmac/FullScreenPokemon/src/components/constants/Pokemon.ts [6632, 24]: elements are not aligned, C:/Users/valmac/FullScreenPokemon/src/components/constants/Pokemon.ts [6635, 24]: elements are not aligned, C:/Users/valmac/FullScreenPokemon/src/components/constants/Pokemon.ts [6638, 24]: elements are not aligned, C:/Users/valmac/FullScreenPokemon/src/components/constants/Pokemon.ts [6641, 24]: elements are not aligned, C:/Users/valmac/FullScreenPokemon/src/components/constants/Pokemon.ts [6644, 24]: elements are not aligned, C:/Users/valmac/FullScreenPokemon/src/components/constants/Pokemon.ts [6647, 24]: elements are not aligned, C:/Users/valmac/FullScreenPokemon/src/components/constants/Pokemon.ts [6650, 24]: elements are not aligned, C:/Users/valmac/FullScreenPokemon/src/components/constants/Pokemon.ts [6676, 24]: elements are not aligned, C:/Users/valmac/FullScreenPokemon/src/components/constants/Pokemon.ts [6679, 24]: elements are not aligned, C:/Users/valmac/FullScreenPokemon/src/components/constants/Pokemon.ts [6682, 24]: elements are not aligned, C:/Users/valmac/FullScreenPokemon/src/components/constants/Pokemon.ts [6685, 24]: elements are not aligned, C:/Users/valmac/FullScreenPokemon/src/components/constants/Pokemon.ts [6688, 24]: elements are not aligned, C:/Users/valmac/FullScreenPokemon/src/components/constants/Pokemon.ts [6691, 24]: elements are not aligned, C:/Users/valmac/FullScreenPokemon/src/components/constants/Pokemon.ts [6700, 24]: elements are not aligned, C:/Users/valmac/FullScreenPokemon/src/components/constants/Pokemon.ts [6703, 24]: elements are not aligned, C:/Users/valmac/FullScreenPokemon/src/components/constants/Pokemon.ts [6706, 24]: elements are not aligned, C:/Users/valmac/FullScreenPokemon/src/components/constants/Pokemon.ts [6709, 24]: elements are not aligned, C:/Users/valmac/FullScreenPokemon/src/components/constants/Pokemon.ts [6712, 24]: elements are not aligned, C:/Users/valmac/FullScreenPokemon/src/components/constants/Pokemon.ts [6715, 24]: elements are not aligned, C:/Users/valmac/FullScreenPokemon/src/components/constants/Pokemon.ts [6718, 24]: elements are not aligned, C:/Users/valmac/FullScreenPokemon/src/components/constants/Pokemon.ts [6721, 24]: elements are not aligned, C:/Users/valmac/FullScreenPokemon/src/components/constants/Pokemon.ts [6724, 24]: elements are not aligned, C:/Users/valmac/FullScreenPokemon/src/components/constants/Pokemon.ts [6727, 24]: elements are not aligned, C:/Users/valmac/FullScreenPokemon/src/components/constants/Pokemon.ts [6730, 24]: elements are not aligned, C:/Users/valmac/FullScreenPokemon/src/components/constants/Pokemon.ts [6733, 24]: elements are not aligned, C:/Users/valmac/FullScreenPokemon/src/components/constants/Pokemon.ts [6736, 24]: elements are not aligned, C:/Users/valmac/FullScreenPokemon/src/components/constants/Pokemon.ts [6739, 24]: elements are not aligned, C:/Users/valmac/FullScreenPokemon/src/components/constants/Pokemon.ts [6742, 24]: elements are not aligned, C:/Users/valmac/FullScreenPokemon/src/components/constants/Pokemon.ts [6745, 24]: elements are not aligned, C:/Users/valmac/FullScreenPokemon/src/components/constants/Pokemon.ts [6748, 24]: elements are not aligned, C:/Users/valmac/FullScreenPokemon/src/components/constants/Pokemon.ts [6751, 24]: elements are not aligned, C:/Users/valmac/FullScreenPokemon/src/components/constants/Pokemon.ts [6754, 24]: elements are not aligned, C:/Users/valmac/FullScreenPokemon/src/components/constants/Pokemon.ts [6757, 24]: elements are not aligned, C:/Users/valmac/FullScreenPokemon/src/components/constants/Pokemon.ts [6760, 24]: elements are not aligned, C:/Users/valmac/FullScreenPokemon/src/components/constants/Pokemon.ts [6794, 24]: elements are not aligned, C:/Users/valmac/FullScreenPokemon/src/components/constants/Pokemon.ts [6797, 24]: elements are not aligned, C:/Users/valmac/FullScreenPokemon/src/components/constants/Pokemon.ts [6800, 24]: elements are not aligned, C:/Users/valmac/FullScreenPokemon/src/components/constants/Pokemon.ts [6803, 24]: elements are not aligned, C:/Users/valmac/FullScreenPokemon/src/components/constants/Pokemon.ts [6806, 24]: elements are not aligned, C:/Users/valmac/FullScreenPokemon/src/components/constants/Pokemon.ts [6809, 24]: elements are not aligned, C:/Users/valmac/FullScreenPokemon/src/components/constants/Pokemon.ts [6812, 24]: elements are not aligned, C:/Users/valmac/FullScreenPokemon/src/components/constants/Pokemon.ts [6815, 24]: elements are not aligned, C:/Users/valmac/FullScreenPokemon/src/components/constants/Pokemon.ts [6827, 24]: elements are not aligned, C:/Users/valmac/FullScreenPokemon/src/components/constants/Pokemon.ts [6830, 24]: elements are not aligned, C:/Users/valmac/FullScreenPokemon/src/components/constants/Pokemon.ts [6833, 24]: elements are not aligned, C:/Users/valmac/FullScreenPokemon/src/components/constants/Pokemon.ts [6836, 24]: elements are not aligned, C:/Users/valmac/FullScreenPokemon/src/components/constants/Pokemon.ts [6839, 24]: elements are not aligned, C:/Users/valmac/FullScreenPokemon/src/components/constants/Pokemon.ts [6842, 24]: elements are not aligned, C:/Users/valmac/FullScreenPokemon/src/components/constants/Pokemon.ts [6845, 24]: elements are not aligned, C:/Users/valmac/FullScreenPokemon/src/components/constants/Pokemon.ts [6848, 24]: elements are not aligned, C:/Users/valmac/FullScreenPokemon/src/components/constants/Pokemon.ts [6851, 24]: elements are not aligned, C:/Users/valmac/FullScreenPokemon/src/components/constants/Pokemon.ts [6854, 24]: elements are not aligned, C:/Users/valmac/FullScreenPokemon/src/components/constants/Pokemon.ts [6857, 24]: elements are not aligned, C:/Users/valmac/FullScreenPokemon/src/components/constants/Pokemon.ts [6860, 24]: elements are not aligned, C:/Users/valmac/FullScreenPokemon/src/components/constants/Pokemon.ts [6863, 24]: elements are not aligned, C:/Users/valmac/FullScreenPokemon/src/components/constants/Pokemon.ts [6866, 24]: elements are not aligned, C:/Users/valmac/FullScreenPokemon/src/components/constants/Pokemon.ts [6869, 24]: elements are not aligned, C:/Users/valmac/FullScreenPokemon/src/components/constants/Pokemon.ts [6872, 24]: elements are not aligned, C:/Users/valmac/FullScreenPokemon/src/components/constants/Pokemon.ts [6875, 24]: elements are not aligned, C:/Users/valmac/FullScreenPokemon/src/components/constants/Pokemon.ts [6878, 24]: elements are not aligned, C:/Users/valmac/FullScreenPokemon/src/components/constants/Pokemon.ts [6881, 24]: elements are not aligned, C:/Users/valmac/FullScreenPokemon/src/components/constants/Pokemon.ts [6884, 24]: elements are not aligned, C:/Users/valmac/FullScreenPokemon/src/components/constants/Pokemon.ts [6887, 24]: elements are not aligned, C:/Users/valmac/FullScreenPokemon/src/components/constants/Pokemon.ts [6890, 24]: elements are not aligned, C:/Users/valmac/FullScreenPokemon/src/components/constants/Pokemon.ts [6893, 24]: elements are not aligned, C:/Users/valmac/FullScreenPokemon/src/components/constants/Pokemon.ts [6955, 24]: elements are not aligned, C:/Users/valmac/FullScreenPokemon/src/components/constants/Pokemon.ts [6958, 24]: elements are not aligned, C:/Users/valmac/FullScreenPokemon/src/components/constants/Pokemon.ts [6961, 24]: elements are not aligned, C:/Users/valmac/FullScreenPokemon/src/components/constants/Pokemon.ts [6964, 24]: elements are not aligned, C:/Users/valmac/FullScreenPokemon/src/components/constants/Pokemon.ts [6967, 24]: elements are not aligned, C:/Users/valmac/FullScreenPokemon/src/components/constants/Pokemon.ts [6970, 24]: elements are not aligned, C:/Users/valmac/FullScreenPokemon/src/components/constants/Pokemon.ts [6979, 24]: elements are not aligned, C:/Users/valmac/FullScreenPokemon/src/components/constants/Pokemon.ts [6982, 24]: elements are not aligned, C:/Users/valmac/FullScreenPokemon/src/components/constants/Pokemon.ts [6985, 24]: elements are not aligned, C:/Users/valmac/FullScreenPokemon/src/components/constants/Pokemon.ts [6988, 24]: elements are not aligned, C:/Users/valmac/FullScreenPokemon/src/components/constants/Pokemon.ts [6991, 24]: elements are not aligned, C:/Users/valmac/FullScreenPokemon/src/components/constants/Pokemon.ts [6994, 24]: elements are not aligned, C:/Users/valmac/FullScreenPokemon/src/components/constants/Pokemon.ts [6997, 24]: elements are not aligned, C:/Users/valmac/FullScreenPokemon/src/components/constants/Pokemon.ts [7000, 24]: elements are not aligned, C:/Users/valmac/FullScreenPokemon/src/components/constants/Pokemon.ts [7003, 24]: elements are not aligned, C:/Users/valmac/FullScreenPokemon/src/components/constants/Pokemon.ts [7006, 24]: elements are not aligned, C:/Users/valmac/FullScreenPokemon/src/components/constants/Pokemon.ts [7009, 24]: elements are not aligned, C:/Users/valmac/FullScreenPokemon/src/components/constants/Pokemon.ts [7012, 24]: elements are not aligned, C:/Users/valmac/FullScreenPokemon/src/components/constants/Pokemon.ts [7015, 24]: elements are not aligned, C:/Users/valmac/FullScreenPokemon/src/components/constants/Pokemon.ts [7018, 24]: elements are not aligned, C:/Users/valmac/FullScreenPokemon/src/components/constants/Pokemon.ts [7021, 24]: elements are not aligned, C:/Users/valmac/FullScreenPokemon/src/components/constants/Pokemon.ts [7024, 24]: elements are not aligned, C:/Users/valmac/FullScreenPokemon/src/components/constants/Pokemon.ts [7027, 24]: elements are not aligned, C:/Users/valmac/FullScreenPokemon/src/components/constants/Pokemon.ts [7030, 24]: elements are not aligned, C:/Users/valmac/FullScreenPokemon/src/components/constants/Pokemon.ts [7033, 24]: elements are not aligned, C:/Users/valmac/FullScreenPokemon/src/components/constants/Pokemon.ts [7036, 24]: elements are not aligned, C:/Users/valmac/FullScreenPokemon/src/components/constants/Pokemon.ts [7039, 24]: elements are not aligned, C:/Users/valmac/FullScreenPokemon/src/components/constants/Pokemon.ts [7042, 24]: elements are not aligned, C:/Users/valmac/FullScreenPokemon/src/components/constants/Pokemon.ts [7045, 24]: elements are not aligned, C:/Users/valmac/FullScreenPokemon/src/components/constants/Pokemon.ts [7048, 24]: elements are not aligned, C:/Users/valmac/FullScreenPokemon/src/components/constants/Pokemon.ts [7051, 24]: elements are not aligned, C:/Users/valmac/FullScreenPokemon/src/components/constants/Pokemon.ts [7054, 24]: elements are not aligned, C:/Users/valmac/FullScreenPokemon/src/components/constants/Pokemon.ts [7080, 24]: elements are not aligned, C:/Users/valmac/FullScreenPokemon/src/components/constants/Pokemon.ts [7083, 24]: elements are not aligned, C:/Users/valmac/FullScreenPokemon/src/components/constants/Pokemon.ts [7086, 24]: elements are not aligned, C:/Users/valmac/FullScreenPokemon/src/components/constants/Pokemon.ts [7089, 24]: elements are not aligned, C:/Users/valmac/FullScreenPokemon/src/components/constants/Pokemon.ts [7092, 24]: elements are not aligned, C:/Users/valmac/FullScreenPokemon/src/components/constants/Pokemon.ts [7095, 24]: elements are not aligned, C:/Users/valmac/FullScreenPokemon/src/components/constants/Pokemon.ts [7098, 24]: elements are not aligned, C:/Users/valmac/FullScreenPokemon/src/components/constants/Pokemon.ts [7106, 24]: elements are not aligned, C:/Users/valmac/FullScreenPokemon/src/components/constants/Pokemon.ts [7109, 24]: elements are not aligned, C:/Users/valmac/FullScreenPokemon/src/components/constants/Pokemon.ts [7117, 24]: elements are not aligned, C:/Users/valmac/FullScreenPokemon/src/components/constants/Pokemon.ts [7120, 24]: elements are not aligned, C:/Users/valmac/FullScreenPokemon/src/components/constants/Pokemon.ts [7123, 24]: elements are not aligned, C:/Users/valmac/FullScreenPokemon/src/components/constants/Pokemon.ts [7126, 24]: elements are not aligned, C:/Users/valmac/FullScreenPokemon/src/components/constants/Pokemon.ts [7129, 24]: elements are not aligned, C:/Users/valmac/FullScreenPokemon/src/components/constants/Pokemon.ts [7132, 24]: elements are not aligned, C:/Users/valmac/FullScreenPokemon/src/components/constants/Pokemon.ts [7135, 24]: elements are not aligned, C:/Users/valmac/FullScreenPokemon/src/components/constants/Pokemon.ts [7138, 24]: elements are not aligned, C:/Users/valmac/FullScreenPokemon/src/components/constants/Pokemon.ts [7141, 24]: elements are not aligned, C:/Users/valmac/FullScreenPokemon/src/components/constants/Pokemon.ts [7144, 24]: elements are not aligned, C:/Users/valmac/FullScreenPokemon/src/components/constants/Pokemon.ts [7147, 24]: elements are not aligned, C:/Users/valmac/FullScreenPokemon/src/components/constants/Pokemon.ts [7150, 24]: elements are not aligned, C:/Users/valmac/FullScreenPokemon/src/components/constants/Pokemon.ts [7153, 24]: elements are not aligned, C:/Users/valmac/FullScreenPokemon/src/components/constants/Pokemon.ts [7156, 24]: elements are not aligned, C:/Users/valmac/FullScreenPokemon/src/components/constants/Pokemon.ts [7159, 24]: elements are not aligned, C:/Users/valmac/FullScreenPokemon/src/components/constants/Pokemon.ts [7194, 24]: elements are not aligned, C:/Users/valmac/FullScreenPokemon/src/components/constants/Pokemon.ts [7197, 24]: elements are not aligned, C:/Users/valmac/FullScreenPokemon/src/components/constants/Pokemon.ts [7200, 24]: elements are not aligned, C:/Users/valmac/FullScreenPokemon/src/components/constants/Pokemon.ts [7203, 24]: elements are not aligned, C:/Users/valmac/FullScreenPokemon/src/components/constants/Pokemon.ts [7206, 24]: elements are not aligned, C:/Users/valmac/FullScreenPokemon/src/components/constants/Pokemon.ts [7209, 24]: elements are not aligned, C:/Users/valmac/FullScreenPokemon/src/components/constants/Pokemon.ts [7217, 24]: elements are not aligned, C:/Users/valmac/FullScreenPokemon/src/components/constants/Pokemon.ts [7220, 24]: elements are not aligned, C:/Users/valmac/FullScreenPokemon/src/components/constants/Pokemon.ts [7223, 24]: elements are not aligned, C:/Users/valmac/FullScreenPokemon/src/components/constants/Pokemon.ts [7226, 24]: elements are not aligned, C:/Users/valmac/FullScreenPokemon/src/components/constants/Pokemon.ts [7229, 24]: elements are not aligned, C:/Users/valmac/FullScreenPokemon/src/components/constants/Pokemon.ts [7232, 24]: elements are not aligned, C:/Users/valmac/FullScreenPokemon/src/components/constants/Pokemon.ts [7235, 24]: elements are not aligned, C:/Users/valmac/FullScreenPokemon/src/components/constants/Pokemon.ts [7238, 24]: elements are not aligned, C:/Users/valmac/FullScreenPokemon/src/components/constants/Pokemon.ts [7241, 24]: elements are not aligned, C:/Users/valmac/FullScreenPokemon/src/components/constants/Pokemon.ts [7244, 24]: elements are not aligned, C:/Users/valmac/FullScreenPokemon/src/components/constants/Pokemon.ts [7247, 24]: elements are not aligned, C:/Users/valmac/FullScreenPokemon/src/components/constants/Pokemon.ts [7255, 24]: elements are not aligned, C:/Users/valmac/FullScreenPokemon/src/components/constants/Pokemon.ts [7258, 24]: elements are not aligned, C:/Users/valmac/FullScreenPokemon/src/components/constants/Pokemon.ts [7261, 24]: elements are not aligned, C:/Users/valmac/FullScreenPokemon/src/components/constants/Pokemon.ts [7264, 24]: elements are not aligned, C:/Users/valmac/FullScreenPokemon/src/components/constants/Pokemon.ts [7267, 24]: elements are not aligned, C:/Users/valmac/FullScreenPokemon/src/components/constants/Pokemon.ts [7270, 24]: elements are not aligned, C:/Users/valmac/FullScreenPokemon/src/components/constants/Pokemon.ts [7305, 24]: elements are not aligned, C:/Users/valmac/FullScreenPokemon/src/components/constants/Pokemon.ts [7308, 24]: elements are not aligned, C:/Users/valmac/FullScreenPokemon/src/components/constants/Pokemon.ts [7311, 24]: elements are not aligned, C:/Users/valmac/FullScreenPokemon/src/components/constants/Pokemon.ts [7314, 24]: elements are not aligned, C:/Users/valmac/FullScreenPokemon/src/components/constants/Pokemon.ts [7317, 24]: elements are not aligned, C:/Users/valmac/FullScreenPokemon/src/components/constants/Pokemon.ts [7320, 24]: elements are not aligned, C:/Users/valmac/FullScreenPokemon/src/components/constants/Pokemon.ts [7329, 24]: elements are not aligned, C:/Users/valmac/FullScreenPokemon/src/components/constants/Pokemon.ts [7332, 24]: elements are not aligned, C:/Users/valmac/FullScreenPokemon/src/components/constants/Pokemon.ts [7335, 24]: elements are not aligned, C:/Users/valmac/FullScreenPokemon/src/components/constants/Pokemon.ts [7338, 24]: elements are not aligned, C:/Users/valmac/FullScreenPokemon/src/components/constants/Pokemon.ts [7341, 24]: elements are not aligned, C:/Users/valmac/FullScreenPokemon/src/components/constants/Pokemon.ts [7344, 24]: elements are not aligned, C:/Users/valmac/FullScreenPokemon/src/components/constants/Pokemon.ts [7347, 24]: elements are not aligned, C:/Users/valmac/FullScreenPokemon/src/components/constants/Pokemon.ts [7350, 24]: elements are not aligned, C:/Users/valmac/FullScreenPokemon/src/components/constants/Pokemon.ts [7353, 24]: elements are not aligned, C:/Users/valmac/FullScreenPokemon/src/components/constants/Pokemon.ts [7356, 24]: elements are not aligned, C:/Users/valmac/FullScreenPokemon/src/components/constants/Pokemon.ts [7359, 24]: elements are not aligned, C:/Users/valmac/FullScreenPokemon/src/components/constants/Pokemon.ts [7362, 24]: elements are not aligned, C:/Users/valmac/FullScreenPokemon/src/components/constants/Pokemon.ts [7365, 24]: elements are not aligned, C:/Users/valmac/FullScreenPokemon/src/components/constants/Pokemon.ts [7368, 24]: elements are not aligned, C:/Users/valmac/FullScreenPokemon/src/components/constants/Pokemon.ts [7394, 24]: elements are not aligned, C:/Users/valmac/FullScreenPokemon/src/components/constants/Pokemon.ts [7397, 24]: elements are not aligned, C:/Users/valmac/FullScreenPokemon/src/components/constants/Pokemon.ts [7400, 24]: elements are not aligned, C:/Users/valmac/FullScreenPokemon/src/components/constants/Pokemon.ts [7403, 24]: elements are not aligned, C:/Users/valmac/FullScreenPokemon/src/components/constants/Pokemon.ts [7406, 24]: elements are not aligned, C:/Users/valmac/FullScreenPokemon/src/components/constants/Pokemon.ts [7409, 24]: elements are not aligned, C:/Users/valmac/FullScreenPokemon/src/components/constants/Pokemon.ts [7412, 24]: elements are not aligned, C:/Users/valmac/FullScreenPokemon/src/components/constants/Pokemon.ts [7420, 24]: elements are not aligned, C:/Users/valmac/FullScreenPokemon/src/components/constants/Pokemon.ts [7428, 24]: elements are not aligned, C:/Users/valmac/FullScreenPokemon/src/components/constants/Pokemon.ts [7431, 24]: elements are not aligned, C:/Users/valmac/FullScreenPokemon/src/components/constants/Pokemon.ts [7434, 24]: elements are not aligned, C:/Users/valmac/FullScreenPokemon/src/components/constants/Pokemon.ts [7437, 24]: elements are not aligned, C:/Users/valmac/FullScreenPokemon/src/components/constants/Pokemon.ts [7440, 24]: elements are not aligned, C:/Users/valmac/FullScreenPokemon/src/components/constants/Pokemon.ts [7443, 24]: elements are not aligned, C:/Users/valmac/FullScreenPokemon/src/components/constants/Pokemon.ts [7446, 24]: elements are not aligned, C:/Users/valmac/FullScreenPokemon/src/components/constants/Pokemon.ts [7449, 24]: elements are not aligned, C:/Users/valmac/FullScreenPokemon/src/components/constants/Pokemon.ts [7452, 24]: elements are not aligned, C:/Users/valmac/FullScreenPokemon/src/components/constants/Pokemon.ts [7455, 24]: elements are not aligned, C:/Users/valmac/FullScreenPokemon/src/components/constants/Pokemon.ts [7458, 24]: elements are not aligned, C:/Users/valmac/FullScreenPokemon/src/components/constants/Pokemon.ts [7461, 24]: elements are not aligned, C:/Users/valmac/FullScreenPokemon/src/components/constants/Pokemon.ts [7464, 24]: elements are not aligned, C:/Users/valmac/FullScreenPokemon/src/components/constants/Pokemon.ts [7467, 24]: elements are not aligned, C:/Users/valmac/FullScreenPokemon/src/components/constants/Pokemon.ts [7470, 24]: elements are not aligned, C:/Users/valmac/FullScreenPokemon/src/components/constants/Pokemon.ts [7473, 24]: elements are not aligned, C:/Users/valmac/FullScreenPokemon/src/components/constants/Pokemon.ts [7476, 24]: elements are not aligned, C:/Users/valmac/FullScreenPokemon/src/components/constants/Pokemon.ts [7479, 24]: elements are not aligned, C:/Users/valmac/FullScreenPokemon/src/components/constants/Pokemon.ts [7482, 24]: elements are not aligned, C:/Users/valmac/FullScreenPokemon/src/components/constants/Pokemon.ts [7485, 24]: elements are not aligned, C:/Users/valmac/FullScreenPokemon/src/components/constants/Pokemon.ts [7488, 24]: elements are not aligned, C:/Users/valmac/FullScreenPokemon/src/components/constants/Pokemon.ts [7491, 24]: elements are not aligned, C:/Users/valmac/FullScreenPokemon/src/components/constants/Pokemon.ts [7494, 24]: elements are not aligned, C:/Users/valmac/FullScreenPokemon/src/components/constants/Pokemon.ts [7520, 24]: elements are not aligned, C:/Users/valmac/FullScreenPokemon/src/components/constants/Pokemon.ts [7523, 24]: elements are not aligned, C:/Users/valmac/FullScreenPokemon/src/components/constants/Pokemon.ts [7526, 24]: elements are not aligned, C:/Users/valmac/FullScreenPokemon/src/components/constants/Pokemon.ts [7529, 24]: elements are not aligned, C:/Users/valmac/FullScreenPokemon/src/components/constants/Pokemon.ts [7532, 24]: elements are not aligned, C:/Users/valmac/FullScreenPokemon/src/components/constants/Pokemon.ts [7535, 24]: elements are not aligned, C:/Users/valmac/FullScreenPokemon/src/components/constants/Pokemon.ts [7544, 24]: elements are not aligned, C:/Users/valmac/FullScreenPokemon/src/components/constants/Pokemon.ts [7547, 24]: elements are not aligned, C:/Users/valmac/FullScreenPokemon/src/components/constants/Pokemon.ts [7550, 24]: elements are not aligned, C:/Users/valmac/FullScreenPokemon/src/components/constants/Pokemon.ts [7553, 24]: elements are not aligned, C:/Users/valmac/FullScreenPokemon/src/components/constants/Pokemon.ts [7556, 24]: elements are not aligned, C:/Users/valmac/FullScreenPokemon/src/components/constants/Pokemon.ts [7559, 24]: elements are not aligned, C:/Users/valmac/FullScreenPokemon/src/components/constants/Pokemon.ts [7562, 24]: elements are not aligned, C:/Users/valmac/FullScreenPokemon/src/components/constants/Pokemon.ts [7565, 24]: elements are not aligned, C:/Users/valmac/FullScreenPokemon/src/components/constants/Pokemon.ts [7568, 24]: elements are not aligned, C:/Users/valmac/FullScreenPokemon/src/components/constants/Pokemon.ts [7571, 24]: elements are not aligned, C:/Users/valmac/FullScreenPokemon/src/components/constants/Pokemon.ts [7574, 24]: elements are not aligned, C:/Users/valmac/FullScreenPokemon/src/components/constants/Pokemon.ts [7577, 24]: elements are not aligned, C:/Users/valmac/FullScreenPokemon/src/components/constants/Pokemon.ts [7580, 24]: elements are not aligned, C:/Users/valmac/FullScreenPokemon/src/components/constants/Pokemon.ts [7583, 24]: elements are not aligned, C:/Users/valmac/FullScreenPokemon/src/components/constants/Pokemon.ts [7586, 24]: elements are not aligned, C:/Users/valmac/FullScreenPokemon/src/components/constants/Pokemon.ts [7589, 24]: elements are not aligned, C:/Users/valmac/FullScreenPokemon/src/components/constants/Pokemon.ts [7592, 24]: elements are not aligned, C:/Users/valmac/FullScreenPokemon/src/components/constants/Pokemon.ts [7595, 24]: elements are not aligned, C:/Users/valmac/FullScreenPokemon/src/components/constants/Pokemon.ts [7598, 24]: elements are not aligned, C:/Users/valmac/FullScreenPokemon/src/components/constants/Pokemon.ts [7601, 24]: elements are not aligned, C:/Users/valmac/FullScreenPokemon/src/components/constants/Pokemon.ts [7604, 24]: elements are not aligned, C:/Users/valmac/FullScreenPokemon/src/components/constants/Pokemon.ts [7607, 24]: elements are not aligned, C:/Users/valmac/FullScreenPokemon/src/components/constants/Pokemon.ts [7610, 24]: elements are not aligned, C:/Users/valmac/FullScreenPokemon/src/components/constants/Pokemon.ts [7613, 24]: elements are not aligned, C:/Users/valmac/FullScreenPokemon/src/components/constants/Pokemon.ts [7616, 24]: elements are not aligned, C:/Users/valmac/FullScreenPokemon/src/components/constants/Pokemon.ts [7619, 24]: elements are not aligned, C:/Users/valmac/FullScreenPokemon/src/components/constants/Pokemon.ts [7645, 24]: elements are not aligned, C:/Users/valmac/FullScreenPokemon/src/components/constants/Pokemon.ts [7648, 24]: elements are not aligned, C:/Users/valmac/FullScreenPokemon/src/components/constants/Pokemon.ts [7651, 24]: elements are not aligned, C:/Users/valmac/FullScreenPokemon/src/components/constants/Pokemon.ts [7654, 24]: elements are not aligned, C:/Users/valmac/FullScreenPokemon/src/components/constants/Pokemon.ts [7657, 24]: elements are not aligned, C:/Users/valmac/FullScreenPokemon/src/components/constants/Pokemon.ts [7660, 24]: elements are not aligned, C:/Users/valmac/FullScreenPokemon/src/components/constants/Pokemon.ts [7663, 24]: elements are not aligned, C:/Users/valmac/FullScreenPokemon/src/components/constants/Pokemon.ts [7675, 24]: elements are not aligned, C:/Users/valmac/FullScreenPokemon/src/components/constants/Pokemon.ts [7678, 24]: elements are not aligned, C:/Users/valmac/FullScreenPokemon/src/components/constants/Pokemon.ts [7681, 24]: elements are not aligned, C:/Users/valmac/FullScreenPokemon/src/components/constants/Pokemon.ts [7684, 24]: elements are not aligned, C:/Users/valmac/FullScreenPokemon/src/components/constants/Pokemon.ts [7687, 24]: elements are not aligned, C:/Users/valmac/FullScreenPokemon/src/components/constants/Pokemon.ts [7690, 24]: elements are not aligned, C:/Users/valmac/FullScreenPokemon/src/components/constants/Pokemon.ts [7693, 24]: elements are not aligned, C:/Users/valmac/FullScreenPokemon/src/components/constants/Pokemon.ts [7696, 24]: elements are not aligned, C:/Users/valmac/FullScreenPokemon/src/components/constants/Pokemon.ts [7699, 24]: elements are not aligned, C:/Users/valmac/FullScreenPokemon/src/components/constants/Pokemon.ts [7702, 24]: elements are not aligned, C:/Users/valmac/FullScreenPokemon/src/components/constants/Pokemon.ts [7705, 24]: elements are not aligned, C:/Users/valmac/FullScreenPokemon/src/components/constants/Pokemon.ts [7708, 24]: elements are not aligned, C:/Users/valmac/FullScreenPokemon/src/components/constants/Pokemon.ts [7711, 24]: elements are not aligned, C:/Users/valmac/FullScreenPokemon/src/components/constants/Pokemon.ts [7714, 24]: elements are not aligned, C:/Users/valmac/FullScreenPokemon/src/components/constants/Pokemon.ts [7717, 24]: elements are not aligned, C:/Users/valmac/FullScreenPokemon/src/components/constants/Pokemon.ts [7720, 24]: elements are not aligned, C:/Users/valmac/FullScreenPokemon/src/components/constants/Pokemon.ts [7723, 24]: elements are not aligned, C:/Users/valmac/FullScreenPokemon/src/components/constants/Pokemon.ts [7726, 24]: elements are not aligned, C:/Users/valmac/FullScreenPokemon/src/components/constants/Pokemon.ts [7729, 24]: elements are not aligned, C:/Users/valmac/FullScreenPokemon/src/components/constants/Pokemon.ts [7732, 24]: elements are not aligned, C:/Users/valmac/FullScreenPokemon/src/components/constants/Pokemon.ts [7735, 24]: elements are not aligned, C:/Users/valmac/FullScreenPokemon/src/components/constants/Pokemon.ts [7738, 24]: elements are not aligned, C:/Users/valmac/FullScreenPokemon/src/components/constants/Pokemon.ts [7772, 24]: elements are not aligned, C:/Users/valmac/FullScreenPokemon/src/components/constants/Pokemon.ts [7775, 24]: elements are not aligned, C:/Users/valmac/FullScreenPokemon/src/components/constants/Pokemon.ts [7778, 24]: elements are not aligned, C:/Users/valmac/FullScreenPokemon/src/components/constants/Pokemon.ts [7781, 24]: elements are not aligned, C:/Users/valmac/FullScreenPokemon/src/components/constants/Pokemon.ts [7784, 24]: elements are not aligned, C:/Users/valmac/FullScreenPokemon/src/components/constants/Pokemon.ts [7787, 24]: elements are not aligned, C:/Users/valmac/FullScreenPokemon/src/components/constants/Pokemon.ts [7790, 24]: elements are not aligned, C:/Users/valmac/FullScreenPokemon/src/components/constants/Pokemon.ts [7799, 24]: elements are not aligned, C:/Users/valmac/FullScreenPokemon/src/components/constants/Pokemon.ts [7802, 24]: elements are not aligned, C:/Users/valmac/FullScreenPokemon/src/components/constants/Pokemon.ts [7805, 24]: elements are not aligned, C:/Users/valmac/FullScreenPokemon/src/components/constants/Pokemon.ts [7808, 24]: elements are not aligned, C:/Users/valmac/FullScreenPokemon/src/components/constants/Pokemon.ts [7811, 24]: elements are not aligned, C:/Users/valmac/FullScreenPokemon/src/components/constants/Pokemon.ts [7814, 24]: elements are not aligned, C:/Users/valmac/FullScreenPokemon/src/components/constants/Pokemon.ts [7817, 24]: elements are not aligned, C:/Users/valmac/FullScreenPokemon/src/components/constants/Pokemon.ts [7820, 24]: elements are not aligned, C:/Users/valmac/FullScreenPokemon/src/components/constants/Pokemon.ts [7823, 24]: elements are not aligned, C:/Users/valmac/FullScreenPokemon/src/components/constants/Pokemon.ts [7826, 24]: elements are not aligned, C:/Users/valmac/FullScreenPokemon/src/components/constants/Pokemon.ts [7829, 24]: elements are not aligned, C:/Users/valmac/FullScreenPokemon/src/components/constants/Pokemon.ts [7832, 24]: elements are not aligned, C:/Users/valmac/FullScreenPokemon/src/components/constants/Pokemon.ts [7835, 24]: elements are not aligned, C:/Users/valmac/FullScreenPokemon/src/components/constants/Pokemon.ts [7838, 24]: elements are not aligned, C:/Users/valmac/FullScreenPokemon/src/components/constants/Pokemon.ts [7841, 24]: elements are not aligned, C:/Users/valmac/FullScreenPokemon/src/components/constants/Pokemon.ts [7844, 24]: elements are not aligned, C:/Users/valmac/FullScreenPokemon/src/components/constants/Pokemon.ts [7847, 24]: elements are not aligned, C:/Users/valmac/FullScreenPokemon/src/components/constants/Pokemon.ts [7850, 24]: elements are not aligned, C:/Users/valmac/FullScreenPokemon/src/components/constants/Pokemon.ts [7853, 24]: elements are not aligned, C:/Users/valmac/FullScreenPokemon/src/components/constants/Pokemon.ts [7856, 24]: elements are not aligned, C:/Users/valmac/FullScreenPokemon/src/components/constants/Pokemon.ts [7859, 24]: elements are not aligned, C:/Users/valmac/FullScreenPokemon/src/components/constants/Pokemon.ts [7894, 24]: elements are not aligned, C:/Users/valmac/FullScreenPokemon/src/components/constants/Pokemon.ts [7897, 24]: elements are not aligned, C:/Users/valmac/FullScreenPokemon/src/components/constants/Pokemon.ts [7900, 24]: elements are not aligned, C:/Users/valmac/FullScreenPokemon/src/components/constants/Pokemon.ts [7903, 24]: elements are not aligned, C:/Users/valmac/FullScreenPokemon/src/components/constants/Pokemon.ts [7906, 24]: elements are not aligned, C:/Users/valmac/FullScreenPokemon/src/components/constants/Pokemon.ts [7918, 24]: elements are not aligned, C:/Users/valmac/FullScreenPokemon/src/components/constants/Pokemon.ts [7921, 24]: elements are not aligned, C:/Users/valmac/FullScreenPokemon/src/components/constants/Pokemon.ts [7924, 24]: elements are not aligned, C:/Users/valmac/FullScreenPokemon/src/components/constants/Pokemon.ts [7927, 24]: elements are not aligned, C:/Users/valmac/FullScreenPokemon/src/components/constants/Pokemon.ts [7930, 24]: elements are not aligned, C:/Users/valmac/FullScreenPokemon/src/components/constants/Pokemon.ts [7933, 24]: elements are not aligned, C:/Users/valmac/FullScreenPokemon/src/components/constants/Pokemon.ts [7936, 24]: elements are not aligned, C:/Users/valmac/FullScreenPokemon/src/components/constants/Pokemon.ts [7939, 24]: elements are not aligned, C:/Users/valmac/FullScreenPokemon/src/components/constants/Pokemon.ts [7942, 24]: elements are not aligned, C:/Users/valmac/FullScreenPokemon/src/components/constants/Pokemon.ts [7945, 24]: elements are not aligned, C:/Users/valmac/FullScreenPokemon/src/components/constants/Pokemon.ts [7948, 24]: elements are not aligned, C:/Users/valmac/FullScreenPokemon/src/components/constants/Pokemon.ts [7951, 24]: elements are not aligned, C:/Users/valmac/FullScreenPokemon/src/components/constants/Pokemon.ts [7954, 24]: elements are not aligned, C:/Users/valmac/FullScreenPokemon/src/components/constants/Pokemon.ts [7957, 24]: elements are not aligned, C:/Users/valmac/FullScreenPokemon/src/components/constants/Pokemon.ts [7960, 24]: elements are not aligned, C:/Users/valmac/FullScreenPokemon/src/components/constants/Pokemon.ts [7963, 24]: elements are not aligned, C:/Users/valmac/FullScreenPokemon/src/components/constants/Pokemon.ts [7966, 24]: elements are not aligned, C:/Users/valmac/FullScreenPokemon/src/components/constants/Pokemon.ts [7969, 24]: elements are not aligned, C:/Users/valmac/FullScreenPokemon/src/components/constants/Pokemon.ts [7972, 24]: elements are not aligned, C:/Users/valmac/FullScreenPokemon/src/components/constants/Pokemon.ts [7975, 24]: elements are not aligned, C:/Users/valmac/FullScreenPokemon/src/components/constants/Pokemon.ts [7978, 24]: elements are not aligned, C:/Users/valmac/FullScreenPokemon/src/components/constants/Pokemon.ts [8013, 24]: elements are not aligned, C:/Users/valmac/FullScreenPokemon/src/components/constants/Pokemon.ts [8041, 24]: elements are not aligned, C:/Users/valmac/FullScreenPokemon/src/components/constants/Pokemon.ts [8044, 24]: elements are not aligned, C:/Users/valmac/FullScreenPokemon/src/components/constants/Pokemon.ts [8047, 24]: elements are not aligned, C:/Users/valmac/FullScreenPokemon/src/components/constants/Pokemon.ts [8050, 24]: elements are not aligned, C:/Users/valmac/FullScreenPokemon/src/components/constants/Pokemon.ts [8053, 24]: elements are not aligned, C:/Users/valmac/FullScreenPokemon/src/components/constants/Pokemon.ts [8056, 24]: elements are not aligned, C:/Users/valmac/FullScreenPokemon/src/components/constants/Pokemon.ts [8065, 24]: elements are not aligned, C:/Users/valmac/FullScreenPokemon/src/components/constants/Pokemon.ts [8068, 24]: elements are not aligned, C:/Users/valmac/FullScreenPokemon/src/components/constants/Pokemon.ts [8071, 24]: elements are not aligned, C:/Users/valmac/FullScreenPokemon/src/components/constants/Pokemon.ts [8074, 24]: elements are not aligned, C:/Users/valmac/FullScreenPokemon/src/components/constants/Pokemon.ts [8077, 24]: elements are not aligned, C:/Users/valmac/FullScreenPokemon/src/components/constants/Pokemon.ts [8080, 24]: elements are not aligned, C:/Users/valmac/FullScreenPokemon/src/components/constants/Pokemon.ts [8083, 24]: elements are not aligned, C:/Users/valmac/FullScreenPokemon/src/components/constants/Pokemon.ts [8086, 24]: elements are not aligned, C:/Users/valmac/FullScreenPokemon/src/components/constants/Pokemon.ts [8089, 24]: elements are not aligned, C:/Users/valmac/FullScreenPokemon/src/components/constants/Pokemon.ts [8092, 24]: elements are not aligned, C:/Users/valmac/FullScreenPokemon/src/components/constants/Pokemon.ts [8095, 24]: elements are not aligned, C:/Users/valmac/FullScreenPokemon/src/components/constants/Pokemon.ts [8098, 24]: elements are not aligned, C:/Users/valmac/FullScreenPokemon/src/components/constants/Pokemon.ts [8101, 24]: elements are not aligned, C:/Users/valmac/FullScreenPokemon/src/components/constants/Pokemon.ts [8104, 24]: elements are not aligned, C:/Users/valmac/FullScreenPokemon/src/components/constants/Pokemon.ts [8107, 24]: elements are not aligned, C:/Users/valmac/FullScreenPokemon/src/components/constants/Pokemon.ts [8110, 24]: elements are not aligned, C:/Users/valmac/FullScreenPokemon/src/components/constants/Pokemon.ts [8113, 24]: elements are not aligned, C:/Users/valmac/FullScreenPokemon/src/components/constants/Pokemon.ts [8116, 24]: elements are not aligned, C:/Users/valmac/FullScreenPokemon/src/components/constants/Pokemon.ts [8119, 24]: elements are not aligned, C:/Users/valmac/FullScreenPokemon/src/components/constants/Pokemon.ts [8122, 24]: elements are not aligned, C:/Users/valmac/FullScreenPokemon/src/components/constants/Pokemon.ts [8125, 24]: elements are not aligned, C:/Users/valmac/FullScreenPokemon/src/components/constants/Pokemon.ts [8160, 24]: elements are not aligned, C:/Users/valmac/FullScreenPokemon/src/components/constants/Pokemon.ts [8163, 24]: elements are not aligned, C:/Users/valmac/FullScreenPokemon/src/components/constants/Pokemon.ts [8166, 24]: elements are not aligned, C:/Users/valmac/FullScreenPokemon/src/components/constants/Pokemon.ts [8169, 24]: elements are not aligned, C:/Users/valmac/FullScreenPokemon/src/components/constants/Pokemon.ts [8172, 24]: elements are not aligned, C:/Users/valmac/FullScreenPokemon/src/components/constants/Pokemon.ts [8175, 24]: elements are not aligned, C:/Users/valmac/FullScreenPokemon/src/components/constants/Pokemon.ts [8187, 24]: elements are not aligned, C:/Users/valmac/FullScreenPokemon/src/components/constants/Pokemon.ts [8190, 24]: elements are not aligned, C:/Users/valmac/FullScreenPokemon/src/components/constants/Pokemon.ts [8193, 24]: elements are not aligned, C:/Users/valmac/FullScreenPokemon/src/components/constants/Pokemon.ts [8196, 24]: elements are not aligned, C:/Users/valmac/FullScreenPokemon/src/components/constants/Pokemon.ts [8199, 24]: elements are not aligned, C:/Users/valmac/FullScreenPokemon/src/components/constants/Pokemon.ts [8202, 24]: elements are not aligned, C:/Users/valmac/FullScreenPokemon/src/components/constants/Pokemon.ts [8205, 24]: elements are not aligned, C:/Users/valmac/FullScreenPokemon/src/components/constants/Pokemon.ts [8208, 24]: elements are not aligned, C:/Users/valmac/FullScreenPokemon/src/components/constants/Pokemon.ts [8211, 24]: elements are not aligned, C:/Users/valmac/FullScreenPokemon/src/components/constants/Pokemon.ts [8214, 24]: elements are not aligned, C:/Users/valmac/FullScreenPokemon/src/components/constants/Pokemon.ts [8217, 24]: elements are not aligned, C:/Users/valmac/FullScreenPokemon/src/components/constants/Pokemon.ts [8220, 24]: elements are not aligned, C:/Users/valmac/FullScreenPokemon/src/components/constants/Pokemon.ts [8223, 24]: elements are not aligned, C:/Users/valmac/FullScreenPokemon/src/components/constants/Pokemon.ts [8226, 24]: elements are not aligned, C:/Users/valmac/FullScreenPokemon/src/components/constants/Pokemon.ts [8252, 24]: elements are not aligned, C:/Users/valmac/FullScreenPokemon/src/components/constants/Pokemon.ts [8255, 24]: elements are not aligned, C:/Users/valmac/FullScreenPokemon/src/components/constants/Pokemon.ts [8258, 24]: elements are not aligned, C:/Users/valmac/FullScreenPokemon/src/components/constants/Pokemon.ts [8261, 24]: elements are not aligned, C:/Users/valmac/FullScreenPokemon/src/components/constants/Pokemon.ts [8264, 24]: elements are not aligned, C:/Users/valmac/FullScreenPokemon/src/components/constants/Pokemon.ts [8267, 24]: elements are not aligned, C:/Users/valmac/FullScreenPokemon/src/components/constants/Pokemon.ts [8270, 24]: elements are not aligned, C:/Users/valmac/FullScreenPokemon/src/components/constants/Pokemon.ts [8273, 24]: elements are not aligned, C:/Users/valmac/FullScreenPokemon/src/components/constants/Pokemon.ts [8282, 24]: elements are not aligned, C:/Users/valmac/FullScreenPokemon/src/components/constants/Pokemon.ts [8285, 24]: elements are not aligned, C:/Users/valmac/FullScreenPokemon/src/components/constants/Pokemon.ts [8288, 24]: elements are not aligned, C:/Users/valmac/FullScreenPokemon/src/components/constants/Pokemon.ts [8291, 24]: elements are not aligned, C:/Users/valmac/FullScreenPokemon/src/components/constants/Pokemon.ts [8294, 24]: elements are not aligned, C:/Users/valmac/FullScreenPokemon/src/components/constants/Pokemon.ts [8297, 24]: elements are not aligned, C:/Users/valmac/FullScreenPokemon/src/components/constants/Pokemon.ts [8300, 24]: elements are not aligned, C:/Users/valmac/FullScreenPokemon/src/components/constants/Pokemon.ts [8303, 24]: elements are not aligned, C:/Users/valmac/FullScreenPokemon/src/components/constants/Pokemon.ts [8306, 24]: elements are not aligned, C:/Users/valmac/FullScreenPokemon/src/components/constants/Pokemon.ts [8309, 24]: elements are not aligned, C:/Users/valmac/FullScreenPokemon/src/components/constants/Pokemon.ts [8312, 24]: elements are not aligned, C:/Users/valmac/FullScreenPokemon/src/components/constants/Pokemon.ts [8315, 24]: elements are not aligned, C:/Users/valmac/FullScreenPokemon/src/components/constants/Pokemon.ts [8318, 24]: elements are not aligned, C:/Users/valmac/FullScreenPokemon/src/components/constants/Pokemon.ts [8321, 24]: elements are not aligned, C:/Users/valmac/FullScreenPokemon/src/components/constants/Pokemon.ts [8324, 24]: elements are not aligned, C:/Users/valmac/FullScreenPokemon/src/components/constants/Pokemon.ts [8359, 24]: elements are not aligned, C:/Users/valmac/FullScreenPokemon/src/components/constants/Pokemon.ts [8362, 24]: elements are not aligned, C:/Users/valmac/FullScreenPokemon/src/components/constants/Pokemon.ts [8365, 24]: elements are not aligned, C:/Users/valmac/FullScreenPokemon/src/components/constants/Pokemon.ts [8368, 24]: elements are not aligned, C:/Users/valmac/FullScreenPokemon/src/components/constants/Pokemon.ts [8371, 24]: elements are not aligned, C:/Users/valmac/FullScreenPokemon/src/components/constants/Pokemon.ts [8374, 24]: elements are not aligned, C:/Users/valmac/FullScreenPokemon/src/components/constants/Pokemon.ts [8386, 24]: elements are not aligned, C:/Users/valmac/FullScreenPokemon/src/components/constants/Pokemon.ts [8389, 24]: elements are not aligned, C:/Users/valmac/FullScreenPokemon/src/components/constants/Pokemon.ts [8392, 24]: elements are not aligned, C:/Users/valmac/FullScreenPokemon/src/components/constants/Pokemon.ts [8395, 24]: elements are not aligned, C:/Users/valmac/FullScreenPokemon/src/components/constants/Pokemon.ts [8398, 24]: elements are not aligned, C:/Users/valmac/FullScreenPokemon/src/components/constants/Pokemon.ts [8401, 24]: elements are not aligned, C:/Users/valmac/FullScreenPokemon/src/components/constants/Pokemon.ts [8404, 24]: elements are not aligned, C:/Users/valmac/FullScreenPokemon/src/components/constants/Pokemon.ts [8407, 24]: elements are not aligned, C:/Users/valmac/FullScreenPokemon/src/components/constants/Pokemon.ts [8410, 24]: elements are not aligned, C:/Users/valmac/FullScreenPokemon/src/components/constants/Pokemon.ts [8413, 24]: elements are not aligned, C:/Users/valmac/FullScreenPokemon/src/components/constants/Pokemon.ts [8416, 24]: elements are not aligned, C:/Users/valmac/FullScreenPokemon/src/components/constants/Pokemon.ts [8419, 24]: elements are not aligned, C:/Users/valmac/FullScreenPokemon/src/components/constants/Pokemon.ts [8422, 24]: elements are not aligned, C:/Users/valmac/FullScreenPokemon/src/components/constants/Pokemon.ts [8425, 24]: elements are not aligned, C:/Users/valmac/FullScreenPokemon/src/components/constants/Pokemon.ts [8428, 24]: elements are not aligned, C:/Users/valmac/FullScreenPokemon/src/components/constants/Pokemon.ts [8431, 24]: elements are not aligned, C:/Users/valmac/FullScreenPokemon/src/components/constants/Pokemon.ts [8434, 24]: elements are not aligned, C:/Users/valmac/FullScreenPokemon/src/components/constants/Pokemon.ts [8437, 24]: elements are not aligned, C:/Users/valmac/FullScreenPokemon/src/components/constants/Pokemon.ts [8440, 24]: elements are not aligned, C:/Users/valmac/FullScreenPokemon/src/components/constants/Pokemon.ts [8443, 24]: elements are not aligned, C:/Users/valmac/FullScreenPokemon/src/components/constants/Pokemon.ts [8446, 24]: elements are not aligned, C:/Users/valmac/FullScreenPokemon/src/components/constants/Pokemon.ts [8449, 24]: elements are not aligned, C:/Users/valmac/FullScreenPokemon/src/components/constants/Pokemon.ts [8475, 24]: elements are not aligned, C:/Users/valmac/FullScreenPokemon/src/components/constants/Pokemon.ts [8478, 24]: elements are not aligned, C:/Users/valmac/FullScreenPokemon/src/components/constants/Pokemon.ts [8481, 24]: elements are not aligned, C:/Users/valmac/FullScreenPokemon/src/components/constants/Pokemon.ts [8484, 24]: elements are not aligned, C:/Users/valmac/FullScreenPokemon/src/components/constants/Pokemon.ts [8487, 24]: elements are not aligned, C:/Users/valmac/FullScreenPokemon/src/components/constants/Pokemon.ts [8490, 24]: elements are not aligned, C:/Users/valmac/FullScreenPokemon/src/components/constants/Pokemon.ts [8493, 24]: elements are not aligned, C:/Users/valmac/FullScreenPokemon/src/components/constants/Pokemon.ts [8496, 24]: elements are not aligned, C:/Users/valmac/FullScreenPokemon/src/components/constants/Pokemon.ts [8508, 24]: elements are not aligned, C:/Users/valmac/FullScreenPokemon/src/components/constants/Pokemon.ts [8511, 24]: elements are not aligned, C:/Users/valmac/FullScreenPokemon/src/components/constants/Pokemon.ts [8514, 24]: elements are not aligned, C:/Users/valmac/FullScreenPokemon/src/components/constants/Pokemon.ts [8517, 24]: elements are not aligned, C:/Users/valmac/FullScreenPokemon/src/components/constants/Pokemon.ts [8520, 24]: elements are not aligned, C:/Users/valmac/FullScreenPokemon/src/components/constants/Pokemon.ts [8523, 24]: elements are not aligned, C:/Users/valmac/FullScreenPokemon/src/components/constants/Pokemon.ts [8526, 24]: elements are not aligned, C:/Users/valmac/FullScreenPokemon/src/components/constants/Pokemon.ts [8529, 24]: elements are not aligned, C:/Users/valmac/FullScreenPokemon/src/components/constants/Pokemon.ts [8532, 24]: elements are not aligned, C:/Users/valmac/FullScreenPokemon/src/components/constants/Pokemon.ts [8535, 24]: elements are not aligned, C:/Users/valmac/FullScreenPokemon/src/components/constants/Pokemon.ts [8538, 24]: elements are not aligned, C:/Users/valmac/FullScreenPokemon/src/components/constants/Pokemon.ts [8541, 24]: elements are not aligned, C:/Users/valmac/FullScreenPokemon/src/components/constants/Pokemon.ts [8544, 24]: elements are not aligned, C:/Users/valmac/FullScreenPokemon/src/components/constants/Pokemon.ts [8547, 24]: elements are not aligned, C:/Users/valmac/FullScreenPokemon/src/components/constants/Pokemon.ts [8550, 24]: elements are not aligned, C:/Users/valmac/FullScreenPokemon/src/components/constants/Pokemon.ts [8553, 24]: elements are not aligned, C:/Users/valmac/FullScreenPokemon/src/components/constants/Pokemon.ts [8556, 24]: elements are not aligned, C:/Users/valmac/FullScreenPokemon/src/components/constants/Pokemon.ts [8559, 24]: elements are not aligned, C:/Users/valmac/FullScreenPokemon/src/components/constants/Pokemon.ts [8562, 24]: elements are not aligned, C:/Users/valmac/FullScreenPokemon/src/components/constants/Pokemon.ts [8565, 24]: elements are not aligned, C:/Users/valmac/FullScreenPokemon/src/components/constants/Pokemon.ts [8568, 24]: elements are not aligned, C:/Users/valmac/FullScreenPokemon/src/components/constants/Pokemon.ts [8571, 24]: elements are not aligned, C:/Users/valmac/FullScreenPokemon/src/components/constants/Pokemon.ts [8574, 24]: elements are not aligned, C:/Users/valmac/FullScreenPokemon/src/components/constants/Pokemon.ts [8577, 24]: elements are not aligned, C:/Users/valmac/FullScreenPokemon/src/components/constants/Pokemon.ts [8612, 24]: elements are not aligned, C:/Users/valmac/FullScreenPokemon/src/components/constants/Pokemon.ts [8615, 24]: elements are not aligned, C:/Users/valmac/FullScreenPokemon/src/components/constants/Pokemon.ts [8618, 24]: elements are not aligned, C:/Users/valmac/FullScreenPokemon/src/components/constants/Pokemon.ts [8621, 24]: elements are not aligned, C:/Users/valmac/FullScreenPokemon/src/components/constants/Pokemon.ts [8624, 24]: elements are not aligned, C:/Users/valmac/FullScreenPokemon/src/components/constants/Pokemon.ts [8627, 24]: elements are not aligned, C:/Users/valmac/FullScreenPokemon/src/components/constants/Pokemon.ts [8636, 24]: elements are not aligned, C:/Users/valmac/FullScreenPokemon/src/components/constants/Pokemon.ts [8639, 24]: elements are not aligned, C:/Users/valmac/FullScreenPokemon/src/components/constants/Pokemon.ts [8642, 24]: elements are not aligned, C:/Users/valmac/FullScreenPokemon/src/components/constants/Pokemon.ts [8645, 24]: elements are not aligned, C:/Users/valmac/FullScreenPokemon/src/components/constants/Pokemon.ts [8648, 24]: elements are not aligned, C:/Users/valmac/FullScreenPokemon/src/components/constants/Pokemon.ts [8651, 24]: elements are not aligned, C:/Users/valmac/FullScreenPokemon/src/components/constants/Pokemon.ts [8691, 24]: elements are not aligned, C:/Users/valmac/FullScreenPokemon/src/components/constants/Pokemon.ts [8717, 24]: elements are not aligned, C:/Users/valmac/FullScreenPokemon/src/components/constants/Pokemon.ts [8720, 24]: elements are not aligned, C:/Users/valmac/FullScreenPokemon/src/components/constants/Pokemon.ts [8723, 24]: elements are not aligned, C:/Users/valmac/FullScreenPokemon/src/components/constants/Pokemon.ts [8726, 24]: elements are not aligned, C:/Users/valmac/FullScreenPokemon/src/components/constants/Pokemon.ts [8734, 24]: elements are not aligned, C:/Users/valmac/FullScreenPokemon/src/components/constants/Pokemon.ts [8737, 24]: elements are not aligned, C:/Users/valmac/FullScreenPokemon/src/components/constants/Pokemon.ts [8740, 24]: elements are not aligned, C:/Users/valmac/FullScreenPokemon/src/components/constants/Pokemon.ts [8743, 24]: elements are not aligned, C:/Users/valmac/FullScreenPokemon/src/components/constants/Pokemon.ts [8751, 24]: elements are not aligned, C:/Users/valmac/FullScreenPokemon/src/components/constants/Pokemon.ts [8754, 24]: elements are not aligned, C:/Users/valmac/FullScreenPokemon/src/components/constants/Pokemon.ts [8757, 24]: elements are not aligned, C:/Users/valmac/FullScreenPokemon/src/components/constants/Pokemon.ts [8760, 24]: elements are not aligned, C:/Users/valmac/FullScreenPokemon/src/components/constants/Pokemon.ts [8763, 24]: elements are not aligned, C:/Users/valmac/FullScreenPokemon/src/components/constants/Pokemon.ts [8766, 24]: elements are not aligned, C:/Users/valmac/FullScreenPokemon/src/components/constants/Pokemon.ts [8769, 24]: elements are not aligned, C:/Users/valmac/FullScreenPokemon/src/components/constants/Pokemon.ts [8772, 24]: elements are not aligned, C:/Users/valmac/FullScreenPokemon/src/components/constants/Pokemon.ts [8775, 24]: elements are not aligned, C:/Users/valmac/FullScreenPokemon/src/components/constants/Pokemon.ts [8778, 24]: elements are not aligned, C:/Users/valmac/FullScreenPokemon/src/components/constants/Pokemon.ts [8781, 24]: elements are not aligned, C:/Users/valmac/FullScreenPokemon/src/components/constants/Pokemon.ts [8784, 24]: elements are not aligned, C:/Users/valmac/FullScreenPokemon/src/components/constants/Pokemon.ts [8787, 24]: elements are not aligned, C:/Users/valmac/FullScreenPokemon/src/components/constants/Pokemon.ts [8790, 24]: elements are not aligned, C:/Users/valmac/FullScreenPokemon/src/components/constants/Pokemon.ts [8793, 24]: elements are not aligned, C:/Users/valmac/FullScreenPokemon/src/components/constants/Pokemon.ts [8796, 24]: elements are not aligned, C:/Users/valmac/FullScreenPokemon/src/components/constants/Pokemon.ts [8799, 24]: elements are not aligned, C:/Users/valmac/FullScreenPokemon/src/components/constants/Pokemon.ts [8802, 24]: elements are not aligned, C:/Users/valmac/FullScreenPokemon/src/components/constants/Pokemon.ts [8805, 24]: elements are not aligned, C:/Users/valmac/FullScreenPokemon/src/components/constants/Pokemon.ts [8808, 24]: elements are not aligned, C:/Users/valmac/FullScreenPokemon/src/components/constants/Pokemon.ts [8811, 24]: elements are not aligned, C:/Users/valmac/FullScreenPokemon/src/components/constants/Pokemon.ts [8814, 24]: elements are not aligned, C:/Users/valmac/FullScreenPokemon/src/components/constants/Pokemon.ts [8817, 24]: elements are not aligned, C:/Users/valmac/FullScreenPokemon/src/components/constants/Pokemon.ts [8820, 24]: elements are not aligned, C:/Users/valmac/FullScreenPokemon/src/components/constants/Pokemon.ts [8823, 24]: elements are not aligned, C:/Users/valmac/FullScreenPokemon/src/components/constants/Pokemon.ts [8826, 24]: elements are not aligned, C:/Users/valmac/FullScreenPokemon/src/components/constants/Pokemon.ts [8829, 24]: elements are not aligned, C:/Users/valmac/FullScreenPokemon/src/components/constants/Pokemon.ts [8832, 24]: elements are not aligned, C:/Users/valmac/FullScreenPokemon/src/components/constants/Pokemon.ts [8835, 24]: elements are not aligned, C:/Users/valmac/FullScreenPokemon/src/components/constants/Pokemon.ts [8838, 24]: elements are not aligned, C:/Users/valmac/FullScreenPokemon/src/components/constants/Pokemon.ts [8841, 24]: elements are not aligned, C:/Users/valmac/FullScreenPokemon/src/components/constants/Pokemon.ts [8844, 24]: elements are not aligned, C:/Users/valmac/FullScreenPokemon/src/components/constants/Pokemon.ts [8847, 24]: elements are not aligned, C:/Users/valmac/FullScreenPokemon/src/components/constants/Pokemon.ts [8850, 24]: elements are not aligned, C:/Users/valmac/FullScreenPokemon/src/components/constants/Pokemon.ts [8853, 24]: elements are not aligned, C:/Users/valmac/FullScreenPokemon/src/components/constants/Pokemon.ts [8856, 24]: elements are not aligned, C:/Users/valmac/FullScreenPokemon/src/components/constants/Pokemon.ts [8859, 24]: elements are not aligned, C:/Users/valmac/FullScreenPokemon/src/components/constants/Pokemon.ts [8862, 24]: elements are not aligned, C:/Users/valmac/FullScreenPokemon/src/components/constants/Pokemon.ts [8865, 24]: elements are not aligned, C:/Users/valmac/FullScreenPokemon/src/components/constants/Pokemon.ts [8868, 24]: elements are not aligned, C:/Users/valmac/FullScreenPokemon/src/components/constants/Pokemon.ts [8871, 24]: elements are not aligned, C:/Users/valmac/FullScreenPokemon/src/components/constants/Pokemon.ts [8874, 24]: elements are not aligned, C:/Users/valmac/FullScreenPokemon/src/components/constants/Pokemon.ts [8877, 24]: elements are not aligned, C:/Users/valmac/FullScreenPokemon/src/components/constants/Pokemon.ts [8880, 24]: elements are not aligned, C:/Users/valmac/FullScreenPokemon/src/components/constants/Pokemon.ts [8883, 24]: elements are not aligned, C:/Users/valmac/FullScreenPokemon/src/components/constants/Pokemon.ts [8886, 24]: elements are not aligned, C:/Users/valmac/FullScreenPokemon/src/components/constants/Pokemon.ts [8889, 24]: elements are not aligned, C:/Users/valmac/FullScreenPokemon/src/components/constants/Pokemon.ts [8892, 24]: elements are not aligned, C:/Users/valmac/FullScreenPokemon/src/components/constants/Pokemon.ts [8895, 24]: elements are not aligned, C:/Users/valmac/FullScreenPokemon/src/components/constants/Pokemon.ts [8921, 24]: elements are not aligned, C:/Users/valmac/FullScreenPokemon/src/components/constants/Pokemon.ts [8924, 24]: elements are not aligned, C:/Users/valmac/FullScreenPokemon/src/components/constants/Pokemon.ts [8927, 24]: elements are not aligned, C:/Users/valmac/FullScreenPokemon/src/components/constants/Pokemon.ts [8930, 24]: elements are not aligned, C:/Users/valmac/FullScreenPokemon/src/components/constants/Pokemon.ts [8933, 24]: elements are not aligned, C:/Users/valmac/FullScreenPokemon/src/components/constants/Pokemon.ts [8936, 24]: elements are not aligned, C:/Users/valmac/FullScreenPokemon/src/components/constants/Pokemon.ts [8939, 24]: elements are not aligned, C:/Users/valmac/FullScreenPokemon/src/components/constants/Pokemon.ts [8942, 24]: elements are not aligned, C:/Users/valmac/FullScreenPokemon/src/components/constants/Pokemon.ts [8950, 24]: elements are not aligned, C:/Users/valmac/FullScreenPokemon/src/components/constants/Pokemon.ts [8958, 24]: elements are not aligned, C:/Users/valmac/FullScreenPokemon/src/components/constants/Pokemon.ts [8961, 24]: elements are not aligned, C:/Users/valmac/FullScreenPokemon/src/components/constants/Pokemon.ts [8964, 24]: elements are not aligned, C:/Users/valmac/FullScreenPokemon/src/components/constants/Pokemon.ts [8967, 24]: elements are not aligned, C:/Users/valmac/FullScreenPokemon/src/components/constants/Pokemon.ts [8970, 24]: elements are not aligned, C:/Users/valmac/FullScreenPokemon/src/components/constants/Pokemon.ts [8973, 24]: elements are not aligned, C:/Users/valmac/FullScreenPokemon/src/components/constants/Pokemon.ts [8976, 24]: elements are not aligned, C:/Users/valmac/FullScreenPokemon/src/components/constants/Pokemon.ts [8979, 24]: elements are not aligned, C:/Users/valmac/FullScreenPokemon/src/components/constants/Pokemon.ts [8982, 24]: elements are not aligned, C:/Users/valmac/FullScreenPokemon/src/components/constants/Pokemon.ts [8985, 24]: elements are not aligned, C:/Users/valmac/FullScreenPokemon/src/components/constants/Pokemon.ts [8988, 24]: elements are not aligned, C:/Users/valmac/FullScreenPokemon/src/components/constants/Pokemon.ts [8991, 24]: elements are not aligned, C:/Users/valmac/FullScreenPokemon/src/components/constants/Pokemon.ts [8994, 24]: elements are not aligned, C:/Users/valmac/FullScreenPokemon/src/components/constants/Pokemon.ts [8997, 24]: elements are not aligned, C:/Users/valmac/FullScreenPokemon/src/components/constants/Pokemon.ts [9000, 24]: elements are not aligned, C:/Users/valmac/FullScreenPokemon/src/components/constants/Pokemon.ts [9003, 24]: elements are not aligned, C:/Users/valmac/FullScreenPokemon/src/components/constants/Pokemon.ts [9006, 24]: elements are not aligned, C:/Users/valmac/FullScreenPokemon/src/components/constants/Pokemon.ts [9009, 24]: elements are not aligned, C:/Users/valmac/FullScreenPokemon/src/components/constants/Pokemon.ts [9012, 24]: elements are not aligned, C:/Users/valmac/FullScreenPokemon/src/components/constants/Pokemon.ts [9015, 24]: elements are not aligned, C:/Users/valmac/FullScreenPokemon/src/components/constants/Pokemon.ts [9018, 24]: elements are not aligned, C:/Users/valmac/FullScreenPokemon/src/components/constants/Pokemon.ts [9021, 24]: elements are not aligned, C:/Users/valmac/FullScreenPokemon/src/components/constants/Pokemon.ts [9024, 24]: elements are not aligned, C:/Users/valmac/FullScreenPokemon/src/components/constants/Pokemon.ts [9027, 24]: elements are not aligned, C:/Users/valmac/FullScreenPokemon/src/components/constants/Pokemon.ts [9030, 24]: elements are not aligned, C:/Users/valmac/FullScreenPokemon/src/components/constants/Pokemon.ts [9033, 24]: elements are not aligned, C:/Users/valmac/FullScreenPokemon/src/components/constants/Pokemon.ts [9036, 24]: elements are not aligned, C:/Users/valmac/FullScreenPokemon/src/components/constants/Pokemon.ts [9039, 24]: elements are not aligned, C:/Users/valmac/FullScreenPokemon/src/components/constants/Pokemon.ts [9042, 24]: elements are not aligned, C:/Users/valmac/FullScreenPokemon/src/components/constants/Pokemon.ts [9045, 24]: elements are not aligned, C:/Users/valmac/FullScreenPokemon/src/components/constants/Pokemon.ts [9048, 24]: elements are not aligned, C:/Users/valmac/FullScreenPokemon/src/components/constants/Pokemon.ts [9051, 24]: elements are not aligned, C:/Users/valmac/FullScreenPokemon/src/components/constants/Pokemon.ts [9054, 24]: elements are not aligned, C:/Users/valmac/FullScreenPokemon/src/components/constants/Pokemon.ts [9080, 24]: elements are not aligned, C:/Users/valmac/FullScreenPokemon/src/components/constants/Pokemon.ts [9083, 24]: elements are not aligned, C:/Users/valmac/FullScreenPokemon/src/components/constants/Pokemon.ts [9086, 24]: elements are not aligned, C:/Users/valmac/FullScreenPokemon/src/components/constants/Pokemon.ts [9089, 24]: elements are not aligned, C:/Users/valmac/FullScreenPokemon/src/components/constants/Pokemon.ts [9098, 24]: elements are not aligned, C:/Users/valmac/FullScreenPokemon/src/components/constants/Pokemon.ts [9101, 24]: elements are not aligned, C:/Users/valmac/FullScreenPokemon/src/components/constants/Pokemon.ts [9104, 24]: elements are not aligned, C:/Users/valmac/FullScreenPokemon/src/components/constants/Pokemon.ts [9107, 24]: elements are not aligned, C:/Users/valmac/FullScreenPokemon/src/components/constants/Pokemon.ts [9110, 24]: elements are not aligned, C:/Users/valmac/FullScreenPokemon/src/components/constants/Pokemon.ts [9113, 24]: elements are not aligned, C:/Users/valmac/FullScreenPokemon/src/components/constants/Pokemon.ts [9116, 24]: elements are not aligned, C:/Users/valmac/FullScreenPokemon/src/components/constants/Pokemon.ts [9119, 24]: elements are not aligned, C:/Users/valmac/FullScreenPokemon/src/components/constants/Pokemon.ts [9122, 24]: elements are not aligned, C:/Users/valmac/FullScreenPokemon/src/components/constants/Pokemon.ts [9125, 24]: elements are not aligned, C:/Users/valmac/FullScreenPokemon/src/components/constants/Pokemon.ts [9128, 24]: elements are not aligned, C:/Users/valmac/FullScreenPokemon/src/components/constants/Pokemon.ts [9131, 24]: elements are not aligned, C:/Users/valmac/FullScreenPokemon/src/components/constants/Pokemon.ts [9134, 24]: elements are not aligned, C:/Users/valmac/FullScreenPokemon/src/components/constants/Pokemon.ts [9137, 24]: elements are not aligned, C:/Users/valmac/FullScreenPokemon/src/components/constants/Pokemon.ts [9140, 24]: elements are not aligned, C:/Users/valmac/FullScreenPokemon/src/components/constants/Pokemon.ts [9166, 24]: elements are not aligned, C:/Users/valmac/FullScreenPokemon/src/components/constants/Pokemon.ts [9169, 24]: elements are not aligned, C:/Users/valmac/FullScreenPokemon/src/components/constants/Pokemon.ts [9172, 24]: elements are not aligned, C:/Users/valmac/FullScreenPokemon/src/components/constants/Pokemon.ts [9175, 24]: elements are not aligned, C:/Users/valmac/FullScreenPokemon/src/components/constants/Pokemon.ts [9178, 24]: elements are not aligned, C:/Users/valmac/FullScreenPokemon/src/components/constants/Pokemon.ts [9181, 24]: elements are not aligned, C:/Users/valmac/FullScreenPokemon/src/components/constants/Pokemon.ts [9193, 24]: elements are not aligned, C:/Users/valmac/FullScreenPokemon/src/components/constants/Pokemon.ts [9196, 24]: elements are not aligned, C:/Users/valmac/FullScreenPokemon/src/components/constants/Pokemon.ts [9199, 24]: elements are not aligned, C:/Users/valmac/FullScreenPokemon/src/components/constants/Pokemon.ts [9202, 24]: elements are not aligned, C:/Users/valmac/FullScreenPokemon/src/components/constants/Pokemon.ts [9205, 24]: elements are not aligned, C:/Users/valmac/FullScreenPokemon/src/components/constants/Pokemon.ts [9208, 24]: elements are not aligned, C:/Users/valmac/FullScreenPokemon/src/components/constants/Pokemon.ts [9211, 24]: elements are not aligned, C:/Users/valmac/FullScreenPokemon/src/components/constants/Pokemon.ts [9214, 24]: elements are not aligned, C:/Users/valmac/FullScreenPokemon/src/components/constants/Pokemon.ts [9217, 24]: elements are not aligned, C:/Users/valmac/FullScreenPokemon/src/components/constants/Pokemon.ts [9220, 24]: elements are not aligned, C:/Users/valmac/FullScreenPokemon/src/components/constants/Pokemon.ts [9223, 24]: elements are not aligned, C:/Users/valmac/FullScreenPokemon/src/components/constants/Pokemon.ts [9226, 24]: elements are not aligned, C:/Users/valmac/FullScreenPokemon/src/components/constants/Pokemon.ts [9229, 24]: elements are not aligned, C:/Users/valmac/FullScreenPokemon/src/components/constants/Pokemon.ts [9232, 24]: elements are not aligned, C:/Users/valmac/FullScreenPokemon/src/components/constants/Pokemon.ts [9235, 24]: elements are not aligned, C:/Users/valmac/FullScreenPokemon/src/components/constants/Pokemon.ts [9238, 24]: elements are not aligned, C:/Users/valmac/FullScreenPokemon/src/components/constants/Pokemon.ts [9241, 24]: elements are not aligned, C:/Users/valmac/FullScreenPokemon/src/components/constants/Pokemon.ts [9244, 24]: elements are not aligned, C:/Users/valmac/FullScreenPokemon/src/components/constants/Pokemon.ts [9247, 24]: elements are not aligned, C:/Users/valmac/FullScreenPokemon/src/components/constants/Pokemon.ts [9250, 24]: elements are not aligned, C:/Users/valmac/FullScreenPokemon/src/components/constants/Pokemon.ts [9253, 24]: elements are not aligned, C:/Users/valmac/FullScreenPokemon/src/components/constants/Pokemon.ts [9256, 24]: elements are not aligned, C:/Users/valmac/FullScreenPokemon/src/components/constants/Pokemon.ts [9259, 24]: elements are not aligned, C:/Users/valmac/FullScreenPokemon/src/components/constants/Pokemon.ts [9262, 24]: elements are not aligned, C:/Users/valmac/FullScreenPokemon/src/components/constants/Pokemon.ts [9265, 24]: elements are not aligned, C:/Users/valmac/FullScreenPokemon/src/components/constants/Pokemon.ts [9291, 24]: elements are not aligned, C:/Users/valmac/FullScreenPokemon/src/components/constants/Pokemon.ts [9294, 24]: elements are not aligned, C:/Users/valmac/FullScreenPokemon/src/components/constants/Pokemon.ts [9297, 24]: elements are not aligned, C:/Users/valmac/FullScreenPokemon/src/components/constants/Pokemon.ts [9300, 24]: elements are not aligned, C:/Users/valmac/FullScreenPokemon/src/components/constants/Pokemon.ts [9303, 24]: elements are not aligned, C:/Users/valmac/FullScreenPokemon/src/components/constants/Pokemon.ts [9306, 24]: elements are not aligned, C:/Users/valmac/FullScreenPokemon/src/components/constants/Pokemon.ts [9309, 24]: elements are not aligned, C:/Users/valmac/FullScreenPokemon/src/components/constants/Pokemon.ts [9312, 24]: elements are not aligned, C:/Users/valmac/FullScreenPokemon/src/components/constants/Pokemon.ts [9321, 24]: elements are not aligned, C:/Users/valmac/FullScreenPokemon/src/components/constants/Pokemon.ts [9324, 24]: elements are not aligned, C:/Users/valmac/FullScreenPokemon/src/components/constants/Pokemon.ts [9327, 24]: elements are not aligned, C:/Users/valmac/FullScreenPokemon/src/components/constants/Pokemon.ts [9330, 24]: elements are not aligned, C:/Users/valmac/FullScreenPokemon/src/components/constants/Pokemon.ts [9333, 24]: elements are not aligned, C:/Users/valmac/FullScreenPokemon/src/components/constants/Pokemon.ts [9336, 24]: elements are not aligned, C:/Users/valmac/FullScreenPokemon/src/components/constants/Pokemon.ts [9339, 24]: elements are not aligned, C:/Users/valmac/FullScreenPokemon/src/components/constants/Pokemon.ts [9342, 24]: elements are not aligned, C:/Users/valmac/FullScreenPokemon/src/components/constants/Pokemon.ts [9368, 24]: elements are not aligned, C:/Users/valmac/FullScreenPokemon/src/components/constants/Pokemon.ts [9371, 24]: elements are not aligned, C:/Users/valmac/FullScreenPokemon/src/components/constants/Pokemon.ts [9374, 24]: elements are not aligned, C:/Users/valmac/FullScreenPokemon/src/components/constants/Pokemon.ts [9377, 24]: elements are not aligned, C:/Users/valmac/FullScreenPokemon/src/components/constants/Pokemon.ts [9380, 24]: elements are not aligned, C:/Users/valmac/FullScreenPokemon/src/components/constants/Pokemon.ts [9383, 24]: elements are not aligned, C:/Users/valmac/FullScreenPokemon/src/components/constants/Pokemon.ts [9391, 24]: elements are not aligned, C:/Users/valmac/FullScreenPokemon/src/components/constants/Pokemon.ts [9399, 24]: elements are not aligned, C:/Users/valmac/FullScreenPokemon/src/components/constants/Pokemon.ts [9425, 24]: elements are not aligned, C:/Users/valmac/FullScreenPokemon/src/components/constants/Pokemon.ts [9428, 24]: elements are not aligned, C:/Users/valmac/FullScreenPokemon/src/components/constants/Pokemon.ts [9431, 24]: elements are not aligned, C:/Users/valmac/FullScreenPokemon/src/components/constants/Pokemon.ts [9434, 24]: elements are not aligned, C:/Users/valmac/FullScreenPokemon/src/components/constants/Pokemon.ts [9437, 24]: elements are not aligned, C:/Users/valmac/FullScreenPokemon/src/components/constants/Pokemon.ts [9440, 24]: elements are not aligned, C:/Users/valmac/FullScreenPokemon/src/components/constants/Pokemon.ts [9448, 24]: elements are not aligned, C:/Users/valmac/FullScreenPokemon/src/components/constants/Pokemon.ts [9456, 24]: elements are not aligned, C:/Users/valmac/FullScreenPokemon/src/components/constants/Pokemon.ts [9525, 24]: elements are not aligned, C:/Users/valmac/FullScreenPokemon/src/components/constants/Pokemon.ts [9528, 24]: elements are not aligned, C:/Users/valmac/FullScreenPokemon/src/components/constants/Pokemon.ts [9531, 24]: elements are not aligned, C:/Users/valmac/FullScreenPokemon/src/components/constants/Pokemon.ts [9534, 24]: elements are not aligned, C:/Users/valmac/FullScreenPokemon/src/components/constants/Pokemon.ts [9537, 24]: elements are not aligned, C:/Users/valmac/FullScreenPokemon/src/components/constants/Pokemon.ts [9540, 24]: elements are not aligned, C:/Users/valmac/FullScreenPokemon/src/components/constants/Pokemon.ts [9543, 24]: elements are not aligned, C:/Users/valmac/FullScreenPokemon/src/components/constants/Pokemon.ts [9546, 24]: elements are not aligned, C:/Users/valmac/FullScreenPokemon/src/components/constants/Pokemon.ts [9549, 24]: elements are not aligned, C:/Users/valmac/FullScreenPokemon/src/components/constants/Pokemon.ts [9552, 24]: elements are not aligned, C:/Users/valmac/FullScreenPokemon/src/components/constants/Pokemon.ts [9555, 24]: elements are not aligned, C:/Users/valmac/FullScreenPokemon/src/components/constants/Pokemon.ts [9558, 24]: elements are not aligned, C:/Users/valmac/FullScreenPokemon/src/components/constants/Pokemon.ts [9561, 24]: elements are not aligned, C:/Users/valmac/FullScreenPokemon/src/components/constants/Pokemon.ts [9564, 24]: elements are not aligned, C:/Users/valmac/FullScreenPokemon/src/components/constants/Pokemon.ts [9572, 24]: elements are not aligned, C:/Users/valmac/FullScreenPokemon/src/components/constants/Pokemon.ts [9575, 24]: elements are not aligned, C:/Users/valmac/FullScreenPokemon/src/components/constants/Pokemon.ts [9578, 24]: elements are not aligned, C:/Users/valmac/FullScreenPokemon/src/components/constants/Pokemon.ts [9581, 24]: elements are not aligned, C:/Users/valmac/FullScreenPokemon/src/components/constants/Pokemon.ts [9584, 24]: elements are not aligned, C:/Users/valmac/FullScreenPokemon/src/components/constants/Pokemon.ts [9587, 24]: elements are not aligned, C:/Users/valmac/FullScreenPokemon/src/components/constants/Pokemon.ts [9590, 24]: elements are not aligned, C:/Users/valmac/FullScreenPokemon/src/components/constants/Pokemon.ts [9593, 24]: elements are not aligned, C:/Users/valmac/FullScreenPokemon/src/components/constants/Pokemon.ts [9596, 24]: elements are not aligned, C:/Users/valmac/FullScreenPokemon/src/components/constants/Pokemon.ts [9599, 24]: elements are not aligned, C:/Users/valmac/FullScreenPokemon/src/components/constants/Pokemon.ts [9602, 24]: elements are not aligned, C:/Users/valmac/FullScreenPokemon/src/components/constants/Pokemon.ts [9605, 24]: elements are not aligned, C:/Users/valmac/FullScreenPokemon/src/components/constants/Pokemon.ts [9608, 24]: elements are not aligned, C:/Users/valmac/FullScreenPokemon/src/components/constants/Pokemon.ts [9611, 24]: elements are not aligned, C:/Users/valmac/FullScreenPokemon/src/components/constants/Pokemon.ts [9646, 24]: elements are not aligned, C:/Users/valmac/FullScreenPokemon/src/components/constants/Pokemon.ts [9649, 24]: elements are not aligned, C:/Users/valmac/FullScreenPokemon/src/components/constants/Pokemon.ts [9652, 24]: elements are not aligned, C:/Users/valmac/FullScreenPokemon/src/components/constants/Pokemon.ts [9655, 24]: elements are not aligned, C:/Users/valmac/FullScreenPokemon/src/components/constants/Pokemon.ts [9658, 24]: elements are not aligned, C:/Users/valmac/FullScreenPokemon/src/components/constants/Pokemon.ts [9661, 24]: elements are not aligned, C:/Users/valmac/FullScreenPokemon/src/components/constants/Pokemon.ts [9664, 24]: elements are not aligned, C:/Users/valmac/FullScreenPokemon/src/components/constants/Pokemon.ts [9667, 24]: elements are not aligned, C:/Users/valmac/FullScreenPokemon/src/components/constants/Pokemon.ts [9670, 24]: elements are not aligned, C:/Users/valmac/FullScreenPokemon/src/components/constants/Pokemon.ts [9673, 24]: elements are not aligned, C:/Users/valmac/FullScreenPokemon/src/components/constants/Pokemon.ts [9676, 24]: elements are not aligned, C:/Users/valmac/FullScreenPokemon/src/components/constants/Pokemon.ts [9679, 24]: elements are not aligned, C:/Users/valmac/FullScreenPokemon/src/components/constants/Pokemon.ts [9682, 24]: elements are not aligned, C:/Users/valmac/FullScreenPokemon/src/components/constants/Pokemon.ts [9685, 24]: elements are not aligned, C:/Users/valmac/FullScreenPokemon/src/components/constants/Pokemon.ts [9688, 24]: elements are not aligned, C:/Users/valmac/FullScreenPokemon/src/components/constants/Pokemon.ts [9696, 24]: elements are not aligned, C:/Users/valmac/FullScreenPokemon/src/components/constants/Pokemon.ts [9699, 24]: elements are not aligned, C:/Users/valmac/FullScreenPokemon/src/components/constants/Pokemon.ts [9702, 24]: elements are not aligned, C:/Users/valmac/FullScreenPokemon/src/components/constants/Pokemon.ts [9705, 24]: elements are not aligned, C:/Users/valmac/FullScreenPokemon/src/components/constants/Pokemon.ts [9708, 24]: elements are not aligned, C:/Users/valmac/FullScreenPokemon/src/components/constants/Pokemon.ts [9711, 24]: elements are not aligned, C:/Users/valmac/FullScreenPokemon/src/components/constants/Pokemon.ts [9714, 24]: elements are not aligned, C:/Users/valmac/FullScreenPokemon/src/components/constants/Pokemon.ts [9717, 24]: elements are not aligned, C:/Users/valmac/FullScreenPokemon/src/components/constants/Pokemon.ts [9720, 24]: elements are not aligned, C:/Users/valmac/FullScreenPokemon/src/components/constants/Pokemon.ts [9723, 24]: elements are not aligned, C:/Users/valmac/FullScreenPokemon/src/components/constants/Pokemon.ts [9726, 24]: elements are not aligned, C:/Users/valmac/FullScreenPokemon/src/components/constants/Pokemon.ts [9729, 24]: elements are not aligned, C:/Users/valmac/FullScreenPokemon/src/components/constants/Pokemon.ts [9732, 24]: elements are not aligned, C:/Users/valmac/FullScreenPokemon/src/components/constants/Pokemon.ts [9735, 24]: elements are not aligned, C:/Users/valmac/FullScreenPokemon/src/components/constants/Pokemon.ts [9738, 24]: elements are not aligned, C:/Users/valmac/FullScreenPokemon/src/components/constants/Pokemon.ts [9746, 24]: elements are not aligned, C:/Users/valmac/FullScreenPokemon/src/components/constants/Pokemon.ts [9749, 24]: elements are not aligned, C:/Users/valmac/FullScreenPokemon/src/components/constants/Pokemon.ts [9752, 24]: elements are not aligned, C:/Users/valmac/FullScreenPokemon/src/components/constants/Pokemon.ts [9755, 24]: elements are not aligned, C:/Users/valmac/FullScreenPokemon/src/components/constants/Pokemon.ts [9758, 24]: elements are not aligned, C:/Users/valmac/FullScreenPokemon/src/components/constants/Pokemon.ts [9761, 24]: elements are not aligned, C:/Users/valmac/FullScreenPokemon/src/components/constants/Pokemon.ts [9764, 24]: elements are not aligned, C:/Users/valmac/FullScreenPokemon/src/components/constants/Pokemon.ts [9767, 24]: elements are not aligned, C:/Users/valmac/FullScreenPokemon/src/components/constants/Pokemon.ts [9770, 24]: elements are not aligned, C:/Users/valmac/FullScreenPokemon/src/components/constants/Pokemon.ts [9773, 24]: elements are not aligned, C:/Users/valmac/FullScreenPokemon/src/components/constants/Pokemon.ts [9776, 24]: elements are not aligned, C:/Users/valmac/FullScreenPokemon/src/components/constants/Pokemon.ts [9779, 24]: elements are not aligned, C:/Users/valmac/FullScreenPokemon/src/components/constants/Pokemon.ts [9782, 24]: elements are not aligned, C:/Users/valmac/FullScreenPokemon/src/components/constants/Pokemon.ts [9785, 24]: elements are not aligned, C:/Users/valmac/FullScreenPokemon/src/components/constants/Pokemon.ts [9788, 24]: elements are not aligned, C:/Users/valmac/FullScreenPokemon/src/components/constants/Pokemon.ts [9823, 24]: elements are not aligned, C:/Users/valmac/FullScreenPokemon/src/components/constants/Pokemon.ts [9826, 24]: elements are not aligned, C:/Users/valmac/FullScreenPokemon/src/components/constants/Pokemon.ts [9829, 24]: elements are not aligned, C:/Users/valmac/FullScreenPokemon/src/components/constants/Pokemon.ts [9832, 24]: elements are not aligned, C:/Users/valmac/FullScreenPokemon/src/components/constants/Pokemon.ts [9835, 24]: elements are not aligned, C:/Users/valmac/FullScreenPokemon/src/components/constants/Pokemon.ts [9838, 24]: elements are not aligned, C:/Users/valmac/FullScreenPokemon/src/components/constants/Pokemon.ts [9841, 24]: elements are not aligned, C:/Users/valmac/FullScreenPokemon/src/components/constants/Pokemon.ts [9844, 24]: elements are not aligned, C:/Users/valmac/FullScreenPokemon/src/components/constants/Pokemon.ts [9853, 24]: elements are not aligned, C:/Users/valmac/FullScreenPokemon/src/components/constants/Pokemon.ts [9856, 24]: elements are not aligned, C:/Users/valmac/FullScreenPokemon/src/components/constants/Pokemon.ts [9859, 24]: elements are not aligned, C:/Users/valmac/FullScreenPokemon/src/components/constants/Pokemon.ts [9862, 24]: elements are not aligned, C:/Users/valmac/FullScreenPokemon/src/components/constants/Pokemon.ts [9865, 24]: elements are not aligned, C:/Users/valmac/FullScreenPokemon/src/components/constants/Pokemon.ts [9868, 24]: elements are not aligned, C:/Users/valmac/FullScreenPokemon/src/components/constants/Pokemon.ts [9871, 24]: elements are not aligned, C:/Users/valmac/FullScreenPokemon/src/components/constants/Pokemon.ts [9874, 24]: elements are not aligned, C:/Users/valmac/FullScreenPokemon/src/components/constants/Pokemon.ts [9909, 24]: elements are not aligned, C:/Users/valmac/FullScreenPokemon/src/components/constants/Pokemon.ts [9912, 24]: elements are not aligned, C:/Users/valmac/FullScreenPokemon/src/components/constants/Pokemon.ts [9915, 24]: elements are not aligned, C:/Users/valmac/FullScreenPokemon/src/components/constants/Pokemon.ts [9918, 24]: elements are not aligned, C:/Users/valmac/FullScreenPokemon/src/components/constants/Pokemon.ts [9921, 24]: elements are not aligned, C:/Users/valmac/FullScreenPokemon/src/components/constants/Pokemon.ts [9924, 24]: elements are not aligned, C:/Users/valmac/FullScreenPokemon/src/components/constants/Pokemon.ts [9927, 24]: elements are not aligned, C:/Users/valmac/FullScreenPokemon/src/components/constants/Pokemon.ts [9930, 24]: elements are not aligned, C:/Users/valmac/FullScreenPokemon/src/components/constants/Pokemon.ts [9939, 24]: elements are not aligned, C:/Users/valmac/FullScreenPokemon/src/components/constants/Pokemon.ts [9942, 24]: elements are not aligned, C:/Users/valmac/FullScreenPokemon/src/components/constants/Pokemon.ts [9945, 24]: elements are not aligned, C:/Users/valmac/FullScreenPokemon/src/components/constants/Pokemon.ts [9948, 24]: elements are not aligned, C:/Users/valmac/FullScreenPokemon/src/components/constants/Pokemon.ts [9951, 24]: elements are not aligned, C:/Users/valmac/FullScreenPokemon/src/components/constants/Pokemon.ts [9954, 24]: elements are not aligned, C:/Users/valmac/FullScreenPokemon/src/components/constants/Pokemon.ts [9957, 24]: elements are not aligned, C:/Users/valmac/FullScreenPokemon/src/components/constants/Pokemon.ts [9960, 24]: elements are not aligned, C:/Users/valmac/FullScreenPokemon/src/components/constants/Pokemon.ts [9986, 24]: elements are not aligned, C:/Users/valmac/FullScreenPokemon/src/components/constants/Pokemon.ts [9989, 24]: elements are not aligned, C:/Users/valmac/FullScreenPokemon/src/components/constants/Pokemon.ts [9992, 24]: elements are not aligned, C:/Users/valmac/FullScreenPokemon/src/components/constants/Pokemon.ts [10000, 24]: elements are not aligned, C:/Users/valmac/FullScreenPokemon/src/components/constants/Pokemon.ts [10003, 24]: elements are not aligned, C:/Users/valmac/FullScreenPokemon/src/components/constants/Pokemon.ts [10006, 24]: elements are not aligned, C:/Users/valmac/FullScreenPokemon/src/components/constants/Pokemon.ts [10009, 24]: elements are not aligned, C:/Users/valmac/FullScreenPokemon/src/components/constants/Pokemon.ts [10012, 24]: elements are not aligned, C:/Users/valmac/FullScreenPokemon/src/components/constants/Pokemon.ts [10015, 24]: elements are not aligned, C:/Users/valmac/FullScreenPokemon/src/components/constants/Pokemon.ts [10018, 24]: elements are not aligned, C:/Users/valmac/FullScreenPokemon/src/components/constants/Pokemon.ts [10021, 24]: elements are not aligned, C:/Users/valmac/FullScreenPokemon/src/components/constants/Pokemon.ts [10024, 24]: elements are not aligned, C:/Users/valmac/FullScreenPokemon/src/components/constants/Pokemon.ts [10027, 24]: elements are not aligned, C:/Users/valmac/FullScreenPokemon/src/components/constants/Pokemon.ts [10030, 24]: elements are not aligned, C:/Users/valmac/FullScreenPokemon/src/components/constants/Pokemon.ts [10033, 24]: elements are not aligned, C:/Users/valmac/FullScreenPokemon/src/components/constants/Pokemon.ts [10036, 24]: elements are not aligned, C:/Users/valmac/FullScreenPokemon/src/components/constants/Pokemon.ts [10039, 24]: elements are not aligned, C:/Users/valmac/FullScreenPokemon/src/components/constants/Pokemon.ts [10042, 24]: elements are not aligned, C:/Users/valmac/FullScreenPokemon/src/components/constants/Pokemon.ts [10050, 24]: elements are not aligned, C:/Users/valmac/FullScreenPokemon/src/components/constants/Pokemon.ts [10053, 24]: elements are not aligned, C:/Users/valmac/FullScreenPokemon/src/components/constants/Pokemon.ts [10056, 24]: elements are not aligned, C:/Users/valmac/FullScreenPokemon/src/components/constants/Pokemon.ts [10059, 24]: elements are not aligned, C:/Users/valmac/FullScreenPokemon/src/components/constants/Pokemon.ts [10062, 24]: elements are not aligned, C:/Users/valmac/FullScreenPokemon/src/components/constants/Pokemon.ts [10065, 24]: elements are not aligned, C:/Users/valmac/FullScreenPokemon/src/components/constants/Pokemon.ts [10068, 24]: elements are not aligned, C:/Users/valmac/FullScreenPokemon/src/components/constants/Pokemon.ts [10071, 24]: elements are not aligned, C:/Users/valmac/FullScreenPokemon/src/components/constants/Pokemon.ts [10074, 24]: elements are not aligned, C:/Users/valmac/FullScreenPokemon/src/components/constants/Pokemon.ts [10077, 24]: elements are not aligned, C:/Users/valmac/FullScreenPokemon/src/components/constants/Pokemon.ts [10080, 24]: elements are not aligned, C:/Users/valmac/FullScreenPokemon/src/components/constants/Pokemon.ts [10083, 24]: elements are not aligned, C:/Users/valmac/FullScreenPokemon/src/components/constants/Pokemon.ts [10086, 24]: elements are not aligned, C:/Users/valmac/FullScreenPokemon/src/components/constants/Pokemon.ts [10089, 24]: elements are not aligned, C:/Users/valmac/FullScreenPokemon/src/components/constants/Pokemon.ts [10092, 24]: elements are not aligned, C:/Users/valmac/FullScreenPokemon/src/components/constants/Pokemon.ts [10127, 24]: elements are not aligned, C:/Users/valmac/FullScreenPokemon/src/components/constants/Pokemon.ts [10130, 24]: elements are not aligned, C:/Users/valmac/FullScreenPokemon/src/components/constants/Pokemon.ts [10133, 24]: elements are not aligned, C:/Users/valmac/FullScreenPokemon/src/components/constants/Pokemon.ts [10136, 24]: elements are not aligned, C:/Users/valmac/FullScreenPokemon/src/components/constants/Pokemon.ts [10139, 24]: elements are not aligned, C:/Users/valmac/FullScreenPokemon/src/components/constants/Pokemon.ts [10142, 24]: elements are not aligned, C:/Users/valmac/FullScreenPokemon/src/components/constants/Pokemon.ts [10151, 24]: elements are not aligned, C:/Users/valmac/FullScreenPokemon/src/components/constants/Pokemon.ts [10154, 24]: elements are not aligned, C:/Users/valmac/FullScreenPokemon/src/components/constants/Pokemon.ts [10157, 24]: elements are not aligned, C:/Users/valmac/FullScreenPokemon/src/components/constants/Pokemon.ts [10160, 24]: elements are not aligned, C:/Users/valmac/FullScreenPokemon/src/components/constants/Pokemon.ts [10163, 24]: elements are not aligned, C:/Users/valmac/FullScreenPokemon/src/components/constants/Pokemon.ts [10166, 24]: elements are not aligned, C:/Users/valmac/FullScreenPokemon/src/components/constants/Pokemon.ts [10169, 24]: elements are not aligned, C:/Users/valmac/FullScreenPokemon/src/components/constants/Pokemon.ts [10172, 24]: elements are not aligned, C:/Users/valmac/FullScreenPokemon/src/components/constants/Pokemon.ts [10175, 24]: elements are not aligned, C:/Users/valmac/FullScreenPokemon/src/components/constants/Pokemon.ts [10178, 24]: elements are not aligned, C:/Users/valmac/FullScreenPokemon/src/components/constants/Pokemon.ts [10181, 24]: elements are not aligned, C:/Users/valmac/FullScreenPokemon/src/components/constants/Pokemon.ts [10184, 24]: elements are not aligned, C:/Users/valmac/FullScreenPokemon/src/components/constants/Pokemon.ts [10219, 24]: elements are not aligned, C:/Users/valmac/FullScreenPokemon/src/components/constants/Pokemon.ts [10222, 24]: elements are not aligned, C:/Users/valmac/FullScreenPokemon/src/components/constants/Pokemon.ts [10225, 24]: elements are not aligned, C:/Users/valmac/FullScreenPokemon/src/components/constants/Pokemon.ts [10228, 24]: elements are not aligned, C:/Users/valmac/FullScreenPokemon/src/components/constants/Pokemon.ts [10231, 24]: elements are not aligned, C:/Users/valmac/FullScreenPokemon/src/components/constants/Pokemon.ts [10240, 24]: elements are not aligned, C:/Users/valmac/FullScreenPokemon/src/components/constants/Pokemon.ts [10243, 24]: elements are not aligned, C:/Users/valmac/FullScreenPokemon/src/components/constants/Pokemon.ts [10246, 24]: elements are not aligned, C:/Users/valmac/FullScreenPokemon/src/components/constants/Pokemon.ts [10249, 24]: elements are not aligned, C:/Users/valmac/FullScreenPokemon/src/components/constants/Pokemon.ts [10252, 24]: elements are not aligned, C:/Users/valmac/FullScreenPokemon/src/components/constants/Pokemon.ts [10255, 24]: elements are not aligned, C:/Users/valmac/FullScreenPokemon/src/components/constants/Pokemon.ts [10258, 24]: elements are not aligned, C:/Users/valmac/FullScreenPokemon/src/components/constants/Pokemon.ts [10261, 24]: elements are not aligned, C:/Users/valmac/FullScreenPokemon/src/components/constants/Pokemon.ts [10264, 24]: elements are not aligned, C:/Users/valmac/FullScreenPokemon/src/components/constants/Pokemon.ts [10267, 24]: elements are not aligned, C:/Users/valmac/FullScreenPokemon/src/components/constants/Pokemon.ts [10270, 24]: elements are not aligned, C:/Users/valmac/FullScreenPokemon/src/components/constants/Pokemon.ts [10273, 24]: elements are not aligned, C:/Users/valmac/FullScreenPokemon/src/components/constants/Pokemon.ts [10276, 24]: elements are not aligned, C:/Users/valmac/FullScreenPokemon/src/components/constants/Pokemon.ts [10279, 24]: elements are not aligned, C:/Users/valmac/FullScreenPokemon/src/components/constants/Pokemon.ts [10305, 24]: elements are not aligned, C:/Users/valmac/FullScreenPokemon/src/components/constants/Pokemon.ts [10308, 24]: elements are not aligned, C:/Users/valmac/FullScreenPokemon/src/components/constants/Pokemon.ts [10311, 24]: elements are not aligned, C:/Users/valmac/FullScreenPokemon/src/components/constants/Pokemon.ts [10314, 24]: elements are not aligned, C:/Users/valmac/FullScreenPokemon/src/components/constants/Pokemon.ts [10317, 24]: elements are not aligned, C:/Users/valmac/FullScreenPokemon/src/components/constants/Pokemon.ts [10320, 24]: elements are not aligned, C:/Users/valmac/FullScreenPokemon/src/components/constants/Pokemon.ts [10332, 24]: elements are not aligned, C:/Users/valmac/FullScreenPokemon/src/components/constants/Pokemon.ts [10335, 24]: elements are not aligned, C:/Users/valmac/FullScreenPokemon/src/components/constants/Pokemon.ts [10338, 24]: elements are not aligned, C:/Users/valmac/FullScreenPokemon/src/components/constants/Pokemon.ts [10341, 24]: elements are not aligned, C:/Users/valmac/FullScreenPokemon/src/components/constants/Pokemon.ts [10344, 24]: elements are not aligned, C:/Users/valmac/FullScreenPokemon/src/components/constants/Pokemon.ts [10347, 24]: elements are not aligned, C:/Users/valmac/FullScreenPokemon/src/components/constants/Pokemon.ts [10350, 24]: elements are not aligned, C:/Users/valmac/FullScreenPokemon/src/components/constants/Pokemon.ts [10353, 24]: elements are not aligned, C:/Users/valmac/FullScreenPokemon/src/components/constants/Pokemon.ts [10356, 24]: elements are not aligned, C:/Users/valmac/FullScreenPokemon/src/components/constants/Pokemon.ts [10359, 24]: elements are not aligned, C:/Users/valmac/FullScreenPokemon/src/components/constants/Pokemon.ts [10362, 24]: elements are not aligned, C:/Users/valmac/FullScreenPokemon/src/components/constants/Pokemon.ts [10365, 24]: elements are not aligned, C:/Users/valmac/FullScreenPokemon/src/components/constants/Pokemon.ts [10368, 24]: elements are not aligned, C:/Users/valmac/FullScreenPokemon/src/components/constants/Pokemon.ts [10371, 24]: elements are not aligned, C:/Users/valmac/FullScreenPokemon/src/components/constants/Pokemon.ts [10374, 24]: elements are not aligned, C:/Users/valmac/FullScreenPokemon/src/components/constants/Pokemon.ts [10377, 24]: elements are not aligned, C:/Users/valmac/FullScreenPokemon/src/components/constants/Pokemon.ts [10380, 24]: elements are not aligned, C:/Users/valmac/FullScreenPokemon/src/components/constants/Pokemon.ts [10383, 24]: elements are not aligned, C:/Users/valmac/FullScreenPokemon/src/components/constants/Pokemon.ts [10386, 24]: elements are not aligned, C:/Users/valmac/FullScreenPokemon/src/components/constants/Pokemon.ts [10412, 24]: elements are not aligned, C:/Users/valmac/FullScreenPokemon/src/components/constants/Pokemon.ts [10415, 24]: elements are not aligned, C:/Users/valmac/FullScreenPokemon/src/components/constants/Pokemon.ts [10418, 24]: elements are not aligned, C:/Users/valmac/FullScreenPokemon/src/components/constants/Pokemon.ts [10421, 24]: elements are not aligned, C:/Users/valmac/FullScreenPokemon/src/components/constants/Pokemon.ts [10424, 24]: elements are not aligned, C:/Users/valmac/FullScreenPokemon/src/components/constants/Pokemon.ts [10427, 24]: elements are not aligned, C:/Users/valmac/FullScreenPokemon/src/components/constants/Pokemon.ts [10436, 24]: elements are not aligned, C:/Users/valmac/FullScreenPokemon/src/components/constants/Pokemon.ts [10439, 24]: elements are not aligned, C:/Users/valmac/FullScreenPokemon/src/components/constants/Pokemon.ts [10442, 24]: elements are not aligned, C:/Users/valmac/FullScreenPokemon/src/components/constants/Pokemon.ts [10445, 24]: elements are not aligned, C:/Users/valmac/FullScreenPokemon/src/components/constants/Pokemon.ts [10448, 24]: elements are not aligned, C:/Users/valmac/FullScreenPokemon/src/components/constants/Pokemon.ts [10451, 24]: elements are not aligned, C:/Users/valmac/FullScreenPokemon/src/components/constants/Pokemon.ts [10454, 24]: elements are not aligned, C:/Users/valmac/FullScreenPokemon/src/components/constants/Pokemon.ts [10457, 24]: elements are not aligned, C:/Users/valmac/FullScreenPokemon/src/components/constants/Pokemon.ts [10460, 24]: elements are not aligned, C:/Users/valmac/FullScreenPokemon/src/components/constants/Pokemon.ts [10463, 24]: elements are not aligned, C:/Users/valmac/FullScreenPokemon/src/components/constants/Pokemon.ts [10466, 24]: elements are not aligned, C:/Users/valmac/FullScreenPokemon/src/components/constants/Pokemon.ts [10469, 24]: elements are not aligned, C:/Users/valmac/FullScreenPokemon/src/components/constants/Pokemon.ts [10472, 24]: elements are not aligned, C:/Users/valmac/FullScreenPokemon/src/components/constants/Pokemon.ts [10475, 24]: elements are not aligned, C:/Users/valmac/FullScreenPokemon/src/components/constants/Pokemon.ts [10478, 24]: elements are not aligned, C:/Users/valmac/FullScreenPokemon/src/components/constants/Pokemon.ts [10481, 24]: elements are not aligned, C:/Users/valmac/FullScreenPokemon/src/components/constants/Pokemon.ts [10516, 24]: elements are not aligned, C:/Users/valmac/FullScreenPokemon/src/components/constants/Pokemon.ts [10519, 24]: elements are not aligned, C:/Users/valmac/FullScreenPokemon/src/components/constants/Pokemon.ts [10522, 24]: elements are not aligned, C:/Users/valmac/FullScreenPokemon/src/components/constants/Pokemon.ts [10525, 24]: elements are not aligned, C:/Users/valmac/FullScreenPokemon/src/components/constants/Pokemon.ts [10528, 24]: elements are not aligned, C:/Users/valmac/FullScreenPokemon/src/components/constants/Pokemon.ts [10540, 24]: elements are not aligned, C:/Users/valmac/FullScreenPokemon/src/components/constants/Pokemon.ts [10543, 24]: elements are not aligned, C:/Users/valmac/FullScreenPokemon/src/components/constants/Pokemon.ts [10546, 24]: elements are not aligned, C:/Users/valmac/FullScreenPokemon/src/components/constants/Pokemon.ts [10549, 24]: elements are not aligned, C:/Users/valmac/FullScreenPokemon/src/components/constants/Pokemon.ts [10552, 24]: elements are not aligned, C:/Users/valmac/FullScreenPokemon/src/components/constants/Pokemon.ts [10555, 24]: elements are not aligned, C:/Users/valmac/FullScreenPokemon/src/components/constants/Pokemon.ts [10558, 24]: elements are not aligned, C:/Users/valmac/FullScreenPokemon/src/components/constants/Pokemon.ts [10561, 24]: elements are not aligned, C:/Users/valmac/FullScreenPokemon/src/components/constants/Pokemon.ts [10564, 24]: elements are not aligned, C:/Users/valmac/FullScreenPokemon/src/components/constants/Pokemon.ts [10567, 24]: elements are not aligned, C:/Users/valmac/FullScreenPokemon/src/components/constants/Pokemon.ts [10570, 24]: elements are not aligned, C:/Users/valmac/FullScreenPokemon/src/components/constants/Pokemon.ts [10573, 24]: elements are not aligned, C:/Users/valmac/FullScreenPokemon/src/components/constants/Pokemon.ts [10576, 24]: elements are not aligned, C:/Users/valmac/FullScreenPokemon/src/components/constants/Pokemon.ts [10579, 24]: elements are not aligned, C:/Users/valmac/FullScreenPokemon/src/components/constants/Pokemon.ts [10582, 24]: elements are not aligned, C:/Users/valmac/FullScreenPokemon/src/components/constants/Pokemon.ts [10608, 24]: elements are not aligned, C:/Users/valmac/FullScreenPokemon/src/components/constants/Pokemon.ts [10611, 24]: elements are not aligned, C:/Users/valmac/FullScreenPokemon/src/components/constants/Pokemon.ts [10614, 24]: elements are not aligned, C:/Users/valmac/FullScreenPokemon/src/components/constants/Pokemon.ts [10617, 24]: elements are not aligned, C:/Users/valmac/FullScreenPokemon/src/components/constants/Pokemon.ts [10620, 24]: elements are not aligned, C:/Users/valmac/FullScreenPokemon/src/components/constants/Pokemon.ts [10623, 24]: elements are not aligned, C:/Users/valmac/FullScreenPokemon/src/components/constants/Pokemon.ts [10626, 24]: elements are not aligned, C:/Users/valmac/FullScreenPokemon/src/components/constants/Pokemon.ts [10635, 24]: elements are not aligned, C:/Users/valmac/FullScreenPokemon/src/components/constants/Pokemon.ts [10638, 24]: elements are not aligned, C:/Users/valmac/FullScreenPokemon/src/components/constants/Pokemon.ts [10641, 24]: elements are not aligned, C:/Users/valmac/FullScreenPokemon/src/components/constants/Pokemon.ts [10644, 24]: elements are not aligned, C:/Users/valmac/FullScreenPokemon/src/components/constants/Pokemon.ts [10647, 24]: elements are not aligned, C:/Users/valmac/FullScreenPokemon/src/components/constants/Pokemon.ts [10650, 24]: elements are not aligned, C:/Users/valmac/FullScreenPokemon/src/components/constants/Pokemon.ts [10653, 24]: elements are not aligned, C:/Users/valmac/FullScreenPokemon/src/components/constants/Pokemon.ts [10656, 24]: elements are not aligned, C:/Users/valmac/FullScreenPokemon/src/components/constants/Pokemon.ts [10659, 24]: elements are not aligned, C:/Users/valmac/FullScreenPokemon/src/components/constants/Pokemon.ts [10662, 24]: elements are not aligned, C:/Users/valmac/FullScreenPokemon/src/components/constants/Pokemon.ts [10665, 24]: elements are not aligned, C:/Users/valmac/FullScreenPokemon/src/components/constants/Pokemon.ts [10668, 24]: elements are not aligned, C:/Users/valmac/FullScreenPokemon/src/components/constants/Pokemon.ts [10671, 24]: elements are not aligned, C:/Users/valmac/FullScreenPokemon/src/components/constants/Pokemon.ts [10674, 24]: elements are not aligned, C:/Users/valmac/FullScreenPokemon/src/components/constants/Pokemon.ts [10677, 24]: elements are not aligned, C:/Users/valmac/FullScreenPokemon/src/components/constants/Pokemon.ts [10680, 24]: elements are not aligned, C:/Users/valmac/FullScreenPokemon/src/components/constants/Pokemon.ts [10706, 24]: elements are not aligned, C:/Users/valmac/FullScreenPokemon/src/components/constants/Pokemon.ts [10709, 24]: elements are not aligned, C:/Users/valmac/FullScreenPokemon/src/components/constants/Pokemon.ts [10712, 24]: elements are not aligned, C:/Users/valmac/FullScreenPokemon/src/components/constants/Pokemon.ts [10715, 24]: elements are not aligned, C:/Users/valmac/FullScreenPokemon/src/components/constants/Pokemon.ts [10718, 24]: elements are not aligned, C:/Users/valmac/FullScreenPokemon/src/components/constants/Pokemon.ts [10721, 24]: elements are not aligned, C:/Users/valmac/FullScreenPokemon/src/components/constants/Pokemon.ts [10724, 24]: elements are not aligned, C:/Users/valmac/FullScreenPokemon/src/components/constants/Pokemon.ts [10727, 24]: elements are not aligned, C:/Users/valmac/FullScreenPokemon/src/components/constants/Pokemon.ts [10735, 24]: elements are not aligned, C:/Users/valmac/FullScreenPokemon/src/components/constants/Pokemon.ts [10738, 24]: elements are not aligned, C:/Users/valmac/FullScreenPokemon/src/components/constants/Pokemon.ts [10741, 24]: elements are not aligned, C:/Users/valmac/FullScreenPokemon/src/components/constants/Pokemon.ts [10744, 24]: elements are not aligned, C:/Users/valmac/FullScreenPokemon/src/components/constants/Pokemon.ts [10747, 24]: elements are not aligned, C:/Users/valmac/FullScreenPokemon/src/components/constants/Pokemon.ts [10750, 24]: elements are not aligned, C:/Users/valmac/FullScreenPokemon/src/components/constants/Pokemon.ts [10753, 24]: elements are not aligned, C:/Users/valmac/FullScreenPokemon/src/components/constants/Pokemon.ts [10756, 24]: elements are not aligned, C:/Users/valmac/FullScreenPokemon/src/components/constants/Pokemon.ts [10759, 24]: elements are not aligned, C:/Users/valmac/FullScreenPokemon/src/components/constants/Pokemon.ts [10762, 24]: elements are not aligned, C:/Users/valmac/FullScreenPokemon/src/components/constants/Pokemon.ts [10765, 24]: elements are not aligned, C:/Users/valmac/FullScreenPokemon/src/components/constants/Pokemon.ts [10768, 24]: elements are not aligned, C:/Users/valmac/FullScreenPokemon/src/components/constants/Pokemon.ts [10771, 24]: elements are not aligned, C:/Users/valmac/FullScreenPokemon/src/components/constants/Pokemon.ts [10774, 24]: elements are not aligned, C:/Users/valmac/FullScreenPokemon/src/components/constants/Pokemon.ts [10777, 24]: elements are not aligned, C:/Users/valmac/FullScreenPokemon/src/components/constants/Pokemon.ts [10780, 24]: elements are not aligned, C:/Users/valmac/FullScreenPokemon/src/components/constants/Pokemon.ts [10783, 24]: elements are not aligned, C:/Users/valmac/FullScreenPokemon/src/components/constants/Pokemon.ts [10791, 24]: elements are not aligned, C:/Users/valmac/FullScreenPokemon/src/components/constants/Pokemon.ts [10794, 24]: elements are not aligned, C:/Users/valmac/FullScreenPokemon/src/components/constants/Pokemon.ts [10797, 24]: elements are not aligned, C:/Users/valmac/FullScreenPokemon/src/components/constants/Pokemon.ts [10800, 24]: elements are not aligned, C:/Users/valmac/FullScreenPokemon/src/components/constants/Pokemon.ts [10803, 24]: elements are not aligned, C:/Users/valmac/FullScreenPokemon/src/components/constants/Pokemon.ts [10806, 24]: elements are not aligned, C:/Users/valmac/FullScreenPokemon/src/components/constants/Pokemon.ts [10809, 24]: elements are not aligned, C:/Users/valmac/FullScreenPokemon/src/components/constants/Pokemon.ts [10812, 24]: elements are not aligned, C:/Users/valmac/FullScreenPokemon/src/components/constants/Pokemon.ts [10838, 24]: elements are not aligned, C:/Users/valmac/FullScreenPokemon/src/components/constants/Pokemon.ts [10841, 24]: elements are not aligned, C:/Users/valmac/FullScreenPokemon/src/components/constants/Pokemon.ts [10844, 24]: elements are not aligned, C:/Users/valmac/FullScreenPokemon/src/components/constants/Pokemon.ts [10847, 24]: elements are not aligned, C:/Users/valmac/FullScreenPokemon/src/components/constants/Pokemon.ts [10850, 24]: elements are not aligned, C:/Users/valmac/FullScreenPokemon/src/components/constants/Pokemon.ts [10853, 24]: elements are not aligned, C:/Users/valmac/FullScreenPokemon/src/components/constants/Pokemon.ts [10856, 24]: elements are not aligned, C:/Users/valmac/FullScreenPokemon/src/components/constants/Pokemon.ts [10859, 24]: elements are not aligned, C:/Users/valmac/FullScreenPokemon/src/components/constants/Pokemon.ts [10868, 24]: elements are not aligned, C:/Users/valmac/FullScreenPokemon/src/components/constants/Pokemon.ts [10871, 24]: elements are not aligned, C:/Users/valmac/FullScreenPokemon/src/components/constants/Pokemon.ts [10874, 24]: elements are not aligned, C:/Users/valmac/FullScreenPokemon/src/components/constants/Pokemon.ts [10877, 24]: elements are not aligned, C:/Users/valmac/FullScreenPokemon/src/components/constants/Pokemon.ts [10880, 24]: elements are not aligned, C:/Users/valmac/FullScreenPokemon/src/components/constants/Pokemon.ts [10883, 24]: elements are not aligned, C:/Users/valmac/FullScreenPokemon/src/components/constants/Pokemon.ts [10886, 24]: elements are not aligned, C:/Users/valmac/FullScreenPokemon/src/components/constants/Pokemon.ts [10889, 24]: elements are not aligned, C:/Users/valmac/FullScreenPokemon/src/components/constants/Pokemon.ts [10892, 24]: elements are not aligned, C:/Users/valmac/FullScreenPokemon/src/components/constants/Pokemon.ts [10895, 24]: elements are not aligned, C:/Users/valmac/FullScreenPokemon/src/components/constants/Pokemon.ts [10898, 24]: elements are not aligned, C:/Users/valmac/FullScreenPokemon/src/components/constants/Pokemon.ts [10901, 24]: elements are not aligned, C:/Users/valmac/FullScreenPokemon/src/components/constants/Pokemon.ts [10904, 24]: elements are not aligned, C:/Users/valmac/FullScreenPokemon/src/components/constants/Pokemon.ts [10907, 24]: elements are not aligned, C:/Users/valmac/FullScreenPokemon/src/components/constants/Pokemon.ts [10942, 24]: elements are not aligned, C:/Users/valmac/FullScreenPokemon/src/components/constants/Pokemon.ts [10945, 24]: elements are not aligned, C:/Users/valmac/FullScreenPokemon/src/components/constants/Pokemon.ts [10948, 24]: elements are not aligned, C:/Users/valmac/FullScreenPokemon/src/components/constants/Pokemon.ts [10951, 24]: elements are not aligned, C:/Users/valmac/FullScreenPokemon/src/components/constants/Pokemon.ts [10954, 24]: elements are not aligned, C:/Users/valmac/FullScreenPokemon/src/components/constants/Pokemon.ts [10957, 24]: elements are not aligned, C:/Users/valmac/FullScreenPokemon/src/components/constants/Pokemon.ts [10960, 24]: elements are not aligned, C:/Users/valmac/FullScreenPokemon/src/components/constants/Pokemon.ts [10972, 24]: elements are not aligned, C:/Users/valmac/FullScreenPokemon/src/components/constants/Pokemon.ts [10975, 24]: elements are not aligned, C:/Users/valmac/FullScreenPokemon/src/components/constants/Pokemon.ts [10978, 24]: elements are not aligned, C:/Users/valmac/FullScreenPokemon/src/components/constants/Pokemon.ts [10981, 24]: elements are not aligned, C:/Users/valmac/FullScreenPokemon/src/components/constants/Pokemon.ts [10984, 24]: elements are not aligned, C:/Users/valmac/FullScreenPokemon/src/components/constants/Pokemon.ts [10987, 24]: elements are not aligned, C:/Users/valmac/FullScreenPokemon/src/components/constants/Pokemon.ts [10990, 24]: elements are not aligned, C:/Users/valmac/FullScreenPokemon/src/components/constants/Pokemon.ts [10993, 24]: elements are not aligned, C:/Users/valmac/FullScreenPokemon/src/components/constants/Pokemon.ts [10996, 24]: elements are not aligned, C:/Users/valmac/FullScreenPokemon/src/components/constants/Pokemon.ts [10999, 24]: elements are not aligned, C:/Users/valmac/FullScreenPokemon/src/components/constants/Pokemon.ts [11002, 24]: elements are not aligned, C:/Users/valmac/FullScreenPokemon/src/components/constants/Pokemon.ts [11005, 24]: elements are not aligned, C:/Users/valmac/FullScreenPokemon/src/components/constants/Pokemon.ts [11008, 24]: elements are not aligned, C:/Users/valmac/FullScreenPokemon/src/components/constants/Pokemon.ts [11043, 24]: elements are not aligned, C:/Users/valmac/FullScreenPokemon/src/components/constants/Pokemon.ts [11046, 24]: elements are not aligned, C:/Users/valmac/FullScreenPokemon/src/components/constants/Pokemon.ts [11049, 24]: elements are not aligned, C:/Users/valmac/FullScreenPokemon/src/components/constants/Pokemon.ts [11052, 24]: elements are not aligned, C:/Users/valmac/FullScreenPokemon/src/components/constants/Pokemon.ts [11055, 24]: elements are not aligned, C:/Users/valmac/FullScreenPokemon/src/components/constants/Pokemon.ts [11058, 24]: elements are not aligned, C:/Users/valmac/FullScreenPokemon/src/components/constants/Pokemon.ts [11070, 24]: elements are not aligned, C:/Users/valmac/FullScreenPokemon/src/components/constants/Pokemon.ts [11073, 24]: elements are not aligned, C:/Users/valmac/FullScreenPokemon/src/components/constants/Pokemon.ts [11076, 24]: elements are not aligned, C:/Users/valmac/FullScreenPokemon/src/components/constants/Pokemon.ts [11079, 24]: elements are not aligned, C:/Users/valmac/FullScreenPokemon/src/components/constants/Pokemon.ts [11082, 24]: elements are not aligned, C:/Users/valmac/FullScreenPokemon/src/components/constants/Pokemon.ts [11085, 24]: elements are not aligned, C:/Users/valmac/FullScreenPokemon/src/components/constants/Pokemon.ts [11088, 24]: elements are not aligned, C:/Users/valmac/FullScreenPokemon/src/components/constants/Pokemon.ts [11091, 24]: elements are not aligned, C:/Users/valmac/FullScreenPokemon/src/components/constants/Pokemon.ts [11094, 24]: elements are not aligned, C:/Users/valmac/FullScreenPokemon/src/components/constants/Pokemon.ts [11097, 24]: elements are not aligned, C:/Users/valmac/FullScreenPokemon/src/components/constants/Pokemon.ts [11100, 24]: elements are not aligned, C:/Users/valmac/FullScreenPokemon/src/components/constants/Pokemon.ts [11103, 24]: elements are not aligned, C:/Users/valmac/FullScreenPokemon/src/components/constants/Pokemon.ts [11106, 24]: elements are not aligned, C:/Users/valmac/FullScreenPokemon/src/components/constants/Pokemon.ts [11141, 24]: elements are not aligned, C:/Users/valmac/FullScreenPokemon/src/components/constants/Pokemon.ts [11144, 24]: elements are not aligned, C:/Users/valmac/FullScreenPokemon/src/components/constants/Pokemon.ts [11147, 24]: elements are not aligned, C:/Users/valmac/FullScreenPokemon/src/components/constants/Pokemon.ts [11150, 24]: elements are not aligned, C:/Users/valmac/FullScreenPokemon/src/components/constants/Pokemon.ts [11153, 24]: elements are not aligned, C:/Users/valmac/FullScreenPokemon/src/components/constants/Pokemon.ts [11156, 24]: elements are not aligned, C:/Users/valmac/FullScreenPokemon/src/components/constants/Pokemon.ts [11165, 24]: elements are not aligned, C:/Users/valmac/FullScreenPokemon/src/components/constants/Pokemon.ts [11168, 24]: elements are not aligned, C:/Users/valmac/FullScreenPokemon/src/components/constants/Pokemon.ts [11171, 24]: elements are not aligned, C:/Users/valmac/FullScreenPokemon/src/components/constants/Pokemon.ts [11174, 24]: elements are not aligned, C:/Users/valmac/FullScreenPokemon/src/components/constants/Pokemon.ts [11177, 24]: elements are not aligned, C:/Users/valmac/FullScreenPokemon/src/components/constants/Pokemon.ts [11180, 24]: elements are not aligned, C:/Users/valmac/FullScreenPokemon/src/components/constants/Pokemon.ts [11183, 24]: elements are not aligned, C:/Users/valmac/FullScreenPokemon/src/components/constants/Pokemon.ts [11186, 24]: elements are not aligned, C:/Users/valmac/FullScreenPokemon/src/components/constants/Pokemon.ts [11189, 24]: elements are not aligned, C:/Users/valmac/FullScreenPokemon/src/components/constants/Pokemon.ts [11192, 24]: elements are not aligned, C:/Users/valmac/FullScreenPokemon/src/components/constants/Pokemon.ts [11195, 24]: elements are not aligned, C:/Users/valmac/FullScreenPokemon/src/components/constants/Pokemon.ts [11198, 24]: elements are not aligned, C:/Users/valmac/FullScreenPokemon/src/components/constants/Pokemon.ts [11201, 24]: elements are not aligned, C:/Users/valmac/FullScreenPokemon/src/components/constants/Pokemon.ts [11204, 24]: elements are not aligned, C:/Users/valmac/FullScreenPokemon/src/components/constants/Pokemon.ts [11207, 24]: elements are not aligned, C:/Users/valmac/FullScreenPokemon/src/components/constants/Pokemon.ts [11210, 24]: elements are not aligned, C:/Users/valmac/FullScreenPokemon/src/components/constants/Pokemon.ts [11213, 24]: elements are not aligned, C:/Users/valmac/FullScreenPokemon/src/components/constants/Pokemon.ts [11216, 24]: elements are not aligned, C:/Users/valmac/FullScreenPokemon/src/components/constants/Pokemon.ts [11219, 24]: elements are not aligned, C:/Users/valmac/FullScreenPokemon/src/components/constants/Pokemon.ts [11222, 24]: elements are not aligned, C:/Users/valmac/FullScreenPokemon/src/components/constants/Pokemon.ts [11248, 24]: elements are not aligned, C:/Users/valmac/FullScreenPokemon/src/components/constants/Pokemon.ts [11251, 24]: elements are not aligned, C:/Users/valmac/FullScreenPokemon/src/components/constants/Pokemon.ts [11254, 24]: elements are not aligned, C:/Users/valmac/FullScreenPokemon/src/components/constants/Pokemon.ts [11257, 24]: elements are not aligned, C:/Users/valmac/FullScreenPokemon/src/components/constants/Pokemon.ts [11260, 24]: elements are not aligned, C:/Users/valmac/FullScreenPokemon/src/components/constants/Pokemon.ts [11263, 24]: elements are not aligned, C:/Users/valmac/FullScreenPokemon/src/components/constants/Pokemon.ts [11271, 24]: elements are not aligned, C:/Users/valmac/FullScreenPokemon/src/components/constants/Pokemon.ts [11279, 24]: elements are not aligned, C:/Users/valmac/FullScreenPokemon/src/components/constants/Pokemon.ts [11282, 24]: elements are not aligned, C:/Users/valmac/FullScreenPokemon/src/components/constants/Pokemon.ts [11285, 24]: elements are not aligned, C:/Users/valmac/FullScreenPokemon/src/components/constants/Pokemon.ts [11288, 24]: elements are not aligned, C:/Users/valmac/FullScreenPokemon/src/components/constants/Pokemon.ts [11291, 24]: elements are not aligned, C:/Users/valmac/FullScreenPokemon/src/components/constants/Pokemon.ts [11294, 24]: elements are not aligned, C:/Users/valmac/FullScreenPokemon/src/components/constants/Pokemon.ts [11297, 24]: elements are not aligned, C:/Users/valmac/FullScreenPokemon/src/components/constants/Pokemon.ts [11300, 24]: elements are not aligned, C:/Users/valmac/FullScreenPokemon/src/components/constants/Pokemon.ts [11303, 24]: elements are not aligned, C:/Users/valmac/FullScreenPokemon/src/components/constants/Pokemon.ts [11306, 24]: elements are not aligned, C:/Users/valmac/FullScreenPokemon/src/components/constants/Pokemon.ts [11309, 24]: elements are not aligned, C:/Users/valmac/FullScreenPokemon/src/components/constants/Pokemon.ts [11312, 24]: elements are not aligned, C:/Users/valmac/FullScreenPokemon/src/components/constants/Pokemon.ts [11315, 24]: elements are not aligned, C:/Users/valmac/FullScreenPokemon/src/components/constants/Pokemon.ts [11350, 24]: elements are not aligned, C:/Users/valmac/FullScreenPokemon/src/components/constants/Pokemon.ts [11353, 24]: elements are not aligned, C:/Users/valmac/FullScreenPokemon/src/components/constants/Pokemon.ts [11356, 24]: elements are not aligned, C:/Users/valmac/FullScreenPokemon/src/components/constants/Pokemon.ts [11359, 24]: elements are not aligned, C:/Users/valmac/FullScreenPokemon/src/components/constants/Pokemon.ts [11362, 24]: elements are not aligned, C:/Users/valmac/FullScreenPokemon/src/components/constants/Pokemon.ts [11365, 24]: elements are not aligned, C:/Users/valmac/FullScreenPokemon/src/components/constants/Pokemon.ts [11374, 24]: elements are not aligned, C:/Users/valmac/FullScreenPokemon/src/components/constants/Pokemon.ts [11377, 24]: elements are not aligned, C:/Users/valmac/FullScreenPokemon/src/components/constants/Pokemon.ts [11380, 24]: elements are not aligned, C:/Users/valmac/FullScreenPokemon/src/components/constants/Pokemon.ts [11383, 24]: elements are not aligned, C:/Users/valmac/FullScreenPokemon/src/components/constants/Pokemon.ts [11386, 24]: elements are not aligned, C:/Users/valmac/FullScreenPokemon/src/components/constants/Pokemon.ts [11389, 24]: elements are not aligned, C:/Users/valmac/FullScreenPokemon/src/components/constants/Pokemon.ts [11392, 24]: elements are not aligned, C:/Users/valmac/FullScreenPokemon/src/components/constants/Pokemon.ts [11395, 24]: elements are not aligned, C:/Users/valmac/FullScreenPokemon/src/components/constants/Pokemon.ts [11398, 24]: elements are not aligned, C:/Users/valmac/FullScreenPokemon/src/components/constants/Pokemon.ts [11401, 24]: elements are not aligned, C:/Users/valmac/FullScreenPokemon/src/components/constants/Pokemon.ts [11404, 24]: elements are not aligned, C:/Users/valmac/FullScreenPokemon/src/components/constants/Pokemon.ts [11407, 24]: elements are not aligned, C:/Users/valmac/FullScreenPokemon/src/components/constants/Pokemon.ts [11410, 24]: elements are not aligned, C:/Users/valmac/FullScreenPokemon/src/components/constants/Pokemon.ts [11413, 24]: elements are not aligned, C:/Users/valmac/FullScreenPokemon/src/components/constants/Pokemon.ts [11416, 24]: elements are not aligned, C:/Users/valmac/FullScreenPokemon/src/components/constants/Pokemon.ts [11419, 24]: elements are not aligned, C:/Users/valmac/FullScreenPokemon/src/components/constants/Pokemon.ts [11454, 24]: elements are not aligned, C:/Users/valmac/FullScreenPokemon/src/components/constants/Pokemon.ts [11457, 24]: elements are not aligned, C:/Users/valmac/FullScreenPokemon/src/components/constants/Pokemon.ts [11460, 24]: elements are not aligned, C:/Users/valmac/FullScreenPokemon/src/components/constants/Pokemon.ts [11463, 24]: elements are not aligned, C:/Users/valmac/FullScreenPokemon/src/components/constants/Pokemon.ts [11466, 24]: elements are not aligned, C:/Users/valmac/FullScreenPokemon/src/components/constants/Pokemon.ts [11469, 24]: elements are not aligned, C:/Users/valmac/FullScreenPokemon/src/components/constants/Pokemon.ts [11472, 24]: elements are not aligned, C:/Users/valmac/FullScreenPokemon/src/components/constants/Pokemon.ts [11475, 24]: elements are not aligned, C:/Users/valmac/FullScreenPokemon/src/components/constants/Pokemon.ts [11483, 24]: elements are not aligned, C:/Users/valmac/FullScreenPokemon/src/components/constants/Pokemon.ts [11491, 24]: elements are not aligned, C:/Users/valmac/FullScreenPokemon/src/components/constants/Pokemon.ts [11494, 24]: elements are not aligned, C:/Users/valmac/FullScreenPokemon/src/components/constants/Pokemon.ts [11497, 24]: elements are not aligned, C:/Users/valmac/FullScreenPokemon/src/components/constants/Pokemon.ts [11500, 24]: elements are not aligned, C:/Users/valmac/FullScreenPokemon/src/components/constants/Pokemon.ts [11503, 24]: elements are not aligned, C:/Users/valmac/FullScreenPokemon/src/components/constants/Pokemon.ts [11506, 24]: elements are not aligned, C:/Users/valmac/FullScreenPokemon/src/components/constants/Pokemon.ts [11509, 24]: elements are not aligned, C:/Users/valmac/FullScreenPokemon/src/components/constants/Pokemon.ts [11512, 24]: elements are not aligned, C:/Users/valmac/FullScreenPokemon/src/components/constants/Pokemon.ts [11515, 24]: elements are not aligned, C:/Users/valmac/FullScreenPokemon/src/components/constants/Pokemon.ts [11518, 24]: elements are not aligned, C:/Users/valmac/FullScreenPokemon/src/components/constants/Pokemon.ts [11521, 24]: elements are not aligned, C:/Users/valmac/FullScreenPokemon/src/components/constants/Pokemon.ts [11524, 24]: elements are not aligned, C:/Users/valmac/FullScreenPokemon/src/components/constants/Pokemon.ts [11527, 24]: elements are not aligned, C:/Users/valmac/FullScreenPokemon/src/components/constants/Pokemon.ts [11530, 24]: elements are not aligned, C:/Users/valmac/FullScreenPokemon/src/components/constants/Pokemon.ts [11533, 24]: elements are not aligned, C:/Users/valmac/FullScreenPokemon/src/components/constants/Pokemon.ts [11536, 24]: elements are not aligned, C:/Users/valmac/FullScreenPokemon/src/components/constants/Pokemon.ts [11539, 24]: elements are not aligned, C:/Users/valmac/FullScreenPokemon/src/components/constants/Pokemon.ts [11542, 24]: elements are not aligned, C:/Users/valmac/FullScreenPokemon/src/components/constants/Pokemon.ts [11545, 24]: elements are not aligned, C:/Users/valmac/FullScreenPokemon/src/components/constants/Pokemon.ts [11548, 24]: elements are not aligned, C:/Users/valmac/FullScreenPokemon/src/components/constants/Pokemon.ts [11551, 24]: elements are not aligned, C:/Users/valmac/FullScreenPokemon/src/components/constants/Pokemon.ts [11554, 24]: elements are not aligned, C:/Users/valmac/FullScreenPokemon/src/components/constants/Pokemon.ts [11557, 24]: elements are not aligned, C:/Users/valmac/FullScreenPokemon/src/components/constants/Pokemon.ts [11560, 24]: elements are not aligned, C:/Users/valmac/FullScreenPokemon/src/components/constants/Pokemon.ts [11586, 24]: elements are not aligned, C:/Users/valmac/FullScreenPokemon/src/components/constants/Pokemon.ts [11589, 24]: elements are not aligned, C:/Users/valmac/FullScreenPokemon/src/components/constants/Pokemon.ts [11592, 24]: elements are not aligned, C:/Users/valmac/FullScreenPokemon/src/components/constants/Pokemon.ts [11595, 24]: elements are not aligned, C:/Users/valmac/FullScreenPokemon/src/components/constants/Pokemon.ts [11598, 24]: elements are not aligned, C:/Users/valmac/FullScreenPokemon/src/components/constants/Pokemon.ts [11607, 24]: elements are not aligned, C:/Users/valmac/FullScreenPokemon/src/components/constants/Pokemon.ts [11642, 24]: elements are not aligned, C:/Users/valmac/FullScreenPokemon/src/components/constants/Pokemon.ts [11645, 24]: elements are not aligned, C:/Users/valmac/FullScreenPokemon/src/components/constants/Pokemon.ts [11648, 24]: elements are not aligned, C:/Users/valmac/FullScreenPokemon/src/components/constants/Pokemon.ts [11651, 24]: elements are not aligned, C:/Users/valmac/FullScreenPokemon/src/components/constants/Pokemon.ts [11654, 24]: elements are not aligned, C:/Users/valmac/FullScreenPokemon/src/components/constants/Pokemon.ts [11657, 24]: elements are not aligned, C:/Users/valmac/FullScreenPokemon/src/components/constants/Pokemon.ts [11665, 24]: elements are not aligned, C:/Users/valmac/FullScreenPokemon/src/components/constants/Pokemon.ts [11668, 24]: elements are not aligned, C:/Users/valmac/FullScreenPokemon/src/components/constants/Pokemon.ts [11671, 24]: elements are not aligned, C:/Users/valmac/FullScreenPokemon/src/components/constants/Pokemon.ts [11674, 24]: elements are not aligned, C:/Users/valmac/FullScreenPokemon/src/components/constants/Pokemon.ts [11677, 24]: elements are not aligned, C:/Users/valmac/FullScreenPokemon/src/components/constants/Pokemon.ts [11680, 24]: elements are not aligned, C:/Users/valmac/FullScreenPokemon/src/components/constants/Pokemon.ts [11683, 24]: elements are not aligned, C:/Users/valmac/FullScreenPokemon/src/components/constants/Pokemon.ts [11686, 24]: elements are not aligned, C:/Users/valmac/FullScreenPokemon/src/components/constants/Pokemon.ts [11689, 24]: elements are not aligned, C:/Users/valmac/FullScreenPokemon/src/components/constants/Pokemon.ts [11692, 24]: elements are not aligned, C:/Users/valmac/FullScreenPokemon/src/components/constants/Pokemon.ts [11695, 24]: elements are not aligned, C:/Users/valmac/FullScreenPokemon/src/components/constants/Pokemon.ts [11698, 24]: elements are not aligned, C:/Users/valmac/FullScreenPokemon/src/components/constants/Pokemon.ts [11701, 24]: elements are not aligned, C:/Users/valmac/FullScreenPokemon/src/components/constants/Pokemon.ts [11704, 24]: elements are not aligned, C:/Users/valmac/FullScreenPokemon/src/components/constants/Pokemon.ts [11712, 24]: elements are not aligned, C:/Users/valmac/FullScreenPokemon/src/components/constants/Pokemon.ts [11715, 24]: elements are not aligned, C:/Users/valmac/FullScreenPokemon/src/components/constants/Pokemon.ts [11718, 24]: elements are not aligned, C:/Users/valmac/FullScreenPokemon/src/components/constants/Pokemon.ts [11721, 24]: elements are not aligned, C:/Users/valmac/FullScreenPokemon/src/components/constants/Pokemon.ts [11724, 24]: elements are not aligned, C:/Users/valmac/FullScreenPokemon/src/components/constants/Pokemon.ts [11727, 24]: elements are not aligned, C:/Users/valmac/FullScreenPokemon/src/components/constants/Pokemon.ts [11753, 24]: elements are not aligned, C:/Users/valmac/FullScreenPokemon/src/components/constants/Pokemon.ts [11756, 24]: elements are not aligned, C:/Users/valmac/FullScreenPokemon/src/components/constants/Pokemon.ts [11759, 24]: elements are not aligned, C:/Users/valmac/FullScreenPokemon/src/components/constants/Pokemon.ts [11762, 24]: elements are not aligned, C:/Users/valmac/FullScreenPokemon/src/components/constants/Pokemon.ts [11765, 24]: elements are not aligned, C:/Users/valmac/FullScreenPokemon/src/components/constants/Pokemon.ts [11768, 24]: elements are not aligned, C:/Users/valmac/FullScreenPokemon/src/components/constants/Pokemon.ts [11777, 24]: elements are not aligned, C:/Users/valmac/FullScreenPokemon/src/components/constants/Pokemon.ts [11780, 24]: elements are not aligned, C:/Users/valmac/FullScreenPokemon/src/components/constants/Pokemon.ts [11783, 24]: elements are not aligned, C:/Users/valmac/FullScreenPokemon/src/components/constants/Pokemon.ts [11786, 24]: elements are not aligned, C:/Users/valmac/FullScreenPokemon/src/components/constants/Pokemon.ts [11789, 24]: elements are not aligned, C:/Users/valmac/FullScreenPokemon/src/components/constants/Pokemon.ts [11792, 24]: elements are not aligned, C:/Users/valmac/FullScreenPokemon/src/components/constants/Pokemon.ts [11795, 24]: elements are not aligned, C:/Users/valmac/FullScreenPokemon/src/components/constants/Pokemon.ts [11798, 24]: elements are not aligned, C:/Users/valmac/FullScreenPokemon/src/components/constants/Pokemon.ts [11801, 24]: elements are not aligned, C:/Users/valmac/FullScreenPokemon/src/components/constants/Pokemon.ts [11804, 24]: elements are not aligned, C:/Users/valmac/FullScreenPokemon/src/components/constants/Pokemon.ts [11807, 24]: elements are not aligned, C:/Users/valmac/FullScreenPokemon/src/components/constants/Pokemon.ts [11810, 24]: elements are not aligned, C:/Users/valmac/FullScreenPokemon/src/components/constants/Pokemon.ts [11813, 24]: elements are not aligned, C:/Users/valmac/FullScreenPokemon/src/components/constants/Pokemon.ts [11816, 24]: elements are not aligned, C:/Users/valmac/FullScreenPokemon/src/components/constants/Pokemon.ts [11819, 24]: elements are not aligned, C:/Users/valmac/FullScreenPokemon/src/components/constants/Pokemon.ts [11822, 24]: elements are not aligned, C:/Users/valmac/FullScreenPokemon/src/components/constants/Pokemon.ts [11825, 24]: elements are not aligned, C:/Users/valmac/FullScreenPokemon/src/components/constants/Pokemon.ts [11828, 24]: elements are not aligned, C:/Users/valmac/FullScreenPokemon/src/components/constants/Pokemon.ts [11831, 24]: elements are not aligned, C:/Users/valmac/FullScreenPokemon/src/components/constants/Pokemon.ts [11834, 24]: elements are not aligned, C:/Users/valmac/FullScreenPokemon/src/components/constants/Pokemon.ts [11837, 24]: elements are not aligned, C:/Users/valmac/FullScreenPokemon/src/components/constants/Pokemon.ts [11863, 24]: elements are not aligned, C:/Users/valmac/FullScreenPokemon/src/components/constants/Pokemon.ts [11866, 24]: elements are not aligned, C:/Users/valmac/FullScreenPokemon/src/components/constants/Pokemon.ts [11869, 24]: elements are not aligned, C:/Users/valmac/FullScreenPokemon/src/components/constants/Pokemon.ts [11872, 24]: elements are not aligned, C:/Users/valmac/FullScreenPokemon/src/components/constants/Pokemon.ts [11875, 24]: elements are not aligned, C:/Users/valmac/FullScreenPokemon/src/components/constants/Pokemon.ts [11878, 24]: elements are not aligned, C:/Users/valmac/FullScreenPokemon/src/components/constants/Pokemon.ts [11881, 24]: elements are not aligned, C:/Users/valmac/FullScreenPokemon/src/components/constants/Pokemon.ts [11884, 24]: elements are not aligned, C:/Users/valmac/FullScreenPokemon/src/components/constants/Pokemon.ts [11896, 24]: elements are not aligned, C:/Users/valmac/FullScreenPokemon/src/components/constants/Pokemon.ts [11899, 24]: elements are not aligned, C:/Users/valmac/FullScreenPokemon/src/components/constants/Pokemon.ts [11902, 24]: elements are not aligned, C:/Users/valmac/FullScreenPokemon/src/components/constants/Pokemon.ts [11905, 24]: elements are not aligned, C:/Users/valmac/FullScreenPokemon/src/components/constants/Pokemon.ts [11908, 24]: elements are not aligned, C:/Users/valmac/FullScreenPokemon/src/components/constants/Pokemon.ts [11911, 24]: elements are not aligned, C:/Users/valmac/FullScreenPokemon/src/components/constants/Pokemon.ts [11914, 24]: elements are not aligned, C:/Users/valmac/FullScreenPokemon/src/components/constants/Pokemon.ts [11917, 24]: elements are not aligned, C:/Users/valmac/FullScreenPokemon/src/components/constants/Pokemon.ts [11920, 24]: elements are not aligned, C:/Users/valmac/FullScreenPokemon/src/components/constants/Pokemon.ts [11923, 24]: elements are not aligned, C:/Users/valmac/FullScreenPokemon/src/components/constants/Pokemon.ts [11926, 24]: elements are not aligned, C:/Users/valmac/FullScreenPokemon/src/components/constants/Pokemon.ts [11929, 24]: elements are not aligned, C:/Users/valmac/FullScreenPokemon/src/components/constants/Pokemon.ts [11932, 24]: elements are not aligned, C:/Users/valmac/FullScreenPokemon/src/components/constants/Pokemon.ts [11935, 24]: elements are not aligned, C:/Users/valmac/FullScreenPokemon/src/components/constants/Pokemon.ts [11938, 24]: elements are not aligned, C:/Users/valmac/FullScreenPokemon/src/components/constants/Pokemon.ts [11941, 24]: elements are not aligned, C:/Users/valmac/FullScreenPokemon/src/components/constants/Pokemon.ts [11944, 24]: elements are not aligned, C:/Users/valmac/FullScreenPokemon/src/components/constants/Pokemon.ts [11947, 24]: elements are not aligned, C:/Users/valmac/FullScreenPokemon/src/components/constants/Pokemon.ts [11950, 24]: elements are not aligned, C:/Users/valmac/FullScreenPokemon/src/components/constants/Pokemon.ts [11953, 24]: elements are not aligned, C:/Users/valmac/FullScreenPokemon/src/components/constants/Pokemon.ts [11956, 24]: elements are not aligned, C:/Users/valmac/FullScreenPokemon/src/components/constants/Pokemon.ts [11959, 24]: elements are not aligned, C:/Users/valmac/FullScreenPokemon/src/components/constants/Pokemon.ts [11962, 24]: elements are not aligned, C:/Users/valmac/FullScreenPokemon/src/components/constants/Pokemon.ts [11997, 24]: elements are not aligned, C:/Users/valmac/FullScreenPokemon/src/components/constants/Pokemon.ts [12000, 24]: elements are not aligned, C:/Users/valmac/FullScreenPokemon/src/components/constants/Pokemon.ts [12003, 24]: elements are not aligned, C:/Users/valmac/FullScreenPokemon/src/components/constants/Pokemon.ts [12006, 24]: elements are not aligned, C:/Users/valmac/FullScreenPokemon/src/components/constants/Pokemon.ts [12009, 24]: elements are not aligned, C:/Users/valmac/FullScreenPokemon/src/components/constants/Pokemon.ts [12018, 24]: elements are not aligned, C:/Users/valmac/FullScreenPokemon/src/components/constants/Pokemon.ts [12021, 24]: elements are not aligned, C:/Users/valmac/FullScreenPokemon/src/components/constants/Pokemon.ts [12024, 24]: elements are not aligned, C:/Users/valmac/FullScreenPokemon/src/components/constants/Pokemon.ts [12027, 24]: elements are not aligned, C:/Users/valmac/FullScreenPokemon/src/components/constants/Pokemon.ts [12030, 24]: elements are not aligned, C:/Users/valmac/FullScreenPokemon/src/components/constants/Pokemon.ts [12033, 24]: elements are not aligned, C:/Users/valmac/FullScreenPokemon/src/components/constants/Pokemon.ts [12036, 24]: elements are not aligned, C:/Users/valmac/FullScreenPokemon/src/components/constants/Pokemon.ts [12039, 24]: elements are not aligned, C:/Users/valmac/FullScreenPokemon/src/components/constants/Pokemon.ts [12042, 24]: elements are not aligned, C:/Users/valmac/FullScreenPokemon/src/components/constants/Pokemon.ts [12045, 24]: elements are not aligned, C:/Users/valmac/FullScreenPokemon/src/components/constants/Pokemon.ts [12048, 24]: elements are not aligned, C:/Users/valmac/FullScreenPokemon/src/components/constants/Pokemon.ts [12051, 24]: elements are not aligned, C:/Users/valmac/FullScreenPokemon/src/components/constants/Pokemon.ts [12054, 24]: elements are not aligned, C:/Users/valmac/FullScreenPokemon/src/components/constants/Pokemon.ts [12057, 24]: elements are not aligned, C:/Users/valmac/FullScreenPokemon/src/components/constants/Pokemon.ts [12060, 24]: elements are not aligned, C:/Users/valmac/FullScreenPokemon/src/components/constants/Pokemon.ts [12063, 24]: elements are not aligned, C:/Users/valmac/FullScreenPokemon/src/components/constants/Pokemon.ts [12066, 24]: elements are not aligned, C:/Users/valmac/FullScreenPokemon/src/components/constants/Pokemon.ts [12069, 24]: elements are not aligned, C:/Users/valmac/FullScreenPokemon/src/components/constants/Pokemon.ts [12072, 24]: elements are not aligned, C:/Users/valmac/FullScreenPokemon/src/components/constants/Pokemon.ts [12075, 24]: elements are not aligned, C:/Users/valmac/FullScreenPokemon/src/components/constants/Pokemon.ts [12078, 24]: elements are not aligned, C:/Users/valmac/FullScreenPokemon/src/components/constants/Pokemon.ts [12081, 24]: elements are not aligned, C:/Users/valmac/FullScreenPokemon/src/components/constants/Pokemon.ts [12107, 24]: elements are not aligned, C:/Users/valmac/FullScreenPokemon/src/components/constants/Pokemon.ts [12110, 24]: elements are not aligned, C:/Users/valmac/FullScreenPokemon/src/components/constants/Pokemon.ts [12144, 24]: elements are not aligned, C:/Users/valmac/FullScreenPokemon/src/components/constants/Pokemon.ts [12147, 24]: elements are not aligned, C:/Users/valmac/FullScreenPokemon/src/components/constants/Pokemon.ts [12150, 24]: elements are not aligned, C:/Users/valmac/FullScreenPokemon/src/components/constants/Pokemon.ts [12153, 24]: elements are not aligned, C:/Users/valmac/FullScreenPokemon/src/components/constants/Pokemon.ts [12156, 24]: elements are not aligned, C:/Users/valmac/FullScreenPokemon/src/components/constants/Pokemon.ts [12159, 24]: elements are not aligned, C:/Users/valmac/FullScreenPokemon/src/components/constants/Pokemon.ts [12162, 24]: elements are not aligned, C:/Users/valmac/FullScreenPokemon/src/components/constants/Pokemon.ts [12165, 24]: elements are not aligned, C:/Users/valmac/FullScreenPokemon/src/components/constants/Pokemon.ts [12168, 24]: elements are not aligned, C:/Users/valmac/FullScreenPokemon/src/components/constants/Pokemon.ts [12177, 24]: elements are not aligned, C:/Users/valmac/FullScreenPokemon/src/components/constants/Pokemon.ts [12180, 24]: elements are not aligned, C:/Users/valmac/FullScreenPokemon/src/components/constants/Pokemon.ts [12183, 24]: elements are not aligned, C:/Users/valmac/FullScreenPokemon/src/components/constants/Pokemon.ts [12186, 24]: elements are not aligned, C:/Users/valmac/FullScreenPokemon/src/components/constants/Pokemon.ts [12189, 24]: elements are not aligned, C:/Users/valmac/FullScreenPokemon/src/components/constants/Pokemon.ts [12192, 24]: elements are not aligned, C:/Users/valmac/FullScreenPokemon/src/components/constants/Pokemon.ts [12195, 24]: elements are not aligned, C:/Users/valmac/FullScreenPokemon/src/components/constants/Pokemon.ts [12198, 24]: elements are not aligned, C:/Users/valmac/FullScreenPokemon/src/components/constants/Pokemon.ts [12201, 24]: elements are not aligned, C:/Users/valmac/FullScreenPokemon/src/components/constants/Pokemon.ts [12227, 24]: elements are not aligned, C:/Users/valmac/FullScreenPokemon/src/components/constants/Pokemon.ts [12230, 24]: elements are not aligned, C:/Users/valmac/FullScreenPokemon/src/components/constants/Pokemon.ts [12233, 24]: elements are not aligned, C:/Users/valmac/FullScreenPokemon/src/components/constants/Pokemon.ts [12236, 24]: elements are not aligned, C:/Users/valmac/FullScreenPokemon/src/components/constants/Pokemon.ts [12239, 24]: elements are not aligned, C:/Users/valmac/FullScreenPokemon/src/components/constants/Pokemon.ts [12242, 24]: elements are not aligned, C:/Users/valmac/FullScreenPokemon/src/components/constants/Pokemon.ts [12250, 24]: elements are not aligned, C:/Users/valmac/FullScreenPokemon/src/components/constants/Pokemon.ts [12253, 24]: elements are not aligned, C:/Users/valmac/FullScreenPokemon/src/components/constants/Pokemon.ts [12256, 24]: elements are not aligned, C:/Users/valmac/FullScreenPokemon/src/components/constants/Pokemon.ts [12259, 24]: elements are not aligned, C:/Users/valmac/FullScreenPokemon/src/components/constants/Pokemon.ts [12262, 24]: elements are not aligned, C:/Users/valmac/FullScreenPokemon/src/components/constants/Pokemon.ts [12265, 24]: elements are not aligned, C:/Users/valmac/FullScreenPokemon/src/components/constants/Pokemon.ts [12268, 24]: elements are not aligned, C:/Users/valmac/FullScreenPokemon/src/components/constants/Pokemon.ts [12271, 24]: elements are not aligned, C:/Users/valmac/FullScreenPokemon/src/components/constants/Pokemon.ts [12274, 24]: elements are not aligned, C:/Users/valmac/FullScreenPokemon/src/components/constants/Pokemon.ts [12277, 24]: elements are not aligned, C:/Users/valmac/FullScreenPokemon/src/components/constants/Pokemon.ts [12280, 24]: elements are not aligned, C:/Users/valmac/FullScreenPokemon/src/components/constants/Pokemon.ts [12283, 24]: elements are not aligned, C:/Users/valmac/FullScreenPokemon/src/components/constants/Pokemon.ts [12286, 24]: elements are not aligned, C:/Users/valmac/FullScreenPokemon/src/components/constants/Pokemon.ts [12289, 24]: elements are not aligned, C:/Users/valmac/FullScreenPokemon/src/components/constants/Pokemon.ts [12292, 24]: elements are not aligned, C:/Users/valmac/FullScreenPokemon/src/components/constants/Pokemon.ts [12295, 24]: elements are not aligned, C:/Users/valmac/FullScreenPokemon/src/components/constants/Pokemon.ts [12298, 24]: elements are not aligned, C:/Users/valmac/FullScreenPokemon/src/components/constants/Pokemon.ts [12301, 24]: elements are not aligned, C:/Users/valmac/FullScreenPokemon/src/components/constants/Pokemon.ts [12304, 24]: elements are not aligned, C:/Users/valmac/FullScreenPokemon/src/components/constants/Pokemon.ts [12312, 24]: elements are not aligned, C:/Users/valmac/FullScreenPokemon/src/components/constants/Pokemon.ts [12315, 24]: elements are not aligned, C:/Users/valmac/FullScreenPokemon/src/components/constants/Pokemon.ts [12318, 24]: elements are not aligned, C:/Users/valmac/FullScreenPokemon/src/components/constants/Pokemon.ts [12321, 24]: elements are not aligned, C:/Users/valmac/FullScreenPokemon/src/components/constants/Pokemon.ts [12324, 24]: elements are not aligned, C:/Users/valmac/FullScreenPokemon/src/components/constants/Pokemon.ts [12327, 24]: elements are not aligned, C:/Users/valmac/FullScreenPokemon/src/components/constants/Pokemon.ts [12362, 24]: elements are not aligned, C:/Users/valmac/FullScreenPokemon/src/components/constants/Pokemon.ts [12365, 24]: elements are not aligned, C:/Users/valmac/FullScreenPokemon/src/components/constants/Pokemon.ts [12368, 24]: elements are not aligned, C:/Users/valmac/FullScreenPokemon/src/components/constants/Pokemon.ts [12371, 24]: elements are not aligned, C:/Users/valmac/FullScreenPokemon/src/components/constants/Pokemon.ts [12374, 24]: elements are not aligned, C:/Users/valmac/FullScreenPokemon/src/components/constants/Pokemon.ts [12383, 24]: elements are not aligned, C:/Users/valmac/FullScreenPokemon/src/components/constants/Pokemon.ts [12386, 24]: elements are not aligned, C:/Users/valmac/FullScreenPokemon/src/components/constants/Pokemon.ts [12389, 24]: elements are not aligned, C:/Users/valmac/FullScreenPokemon/src/components/constants/Pokemon.ts [12392, 24]: elements are not aligned, C:/Users/valmac/FullScreenPokemon/src/components/constants/Pokemon.ts [12395, 24]: elements are not aligned, C:/Users/valmac/FullScreenPokemon/src/components/constants/Pokemon.ts [12421, 24]: elements are not aligned, C:/Users/valmac/FullScreenPokemon/src/components/constants/Pokemon.ts [12424, 24]: elements are not aligned, C:/Users/valmac/FullScreenPokemon/src/components/constants/Pokemon.ts [12427, 24]: elements are not aligned, C:/Users/valmac/FullScreenPokemon/src/components/constants/Pokemon.ts [12430, 24]: elements are not aligned, C:/Users/valmac/FullScreenPokemon/src/components/constants/Pokemon.ts [12433, 24]: elements are not aligned, C:/Users/valmac/FullScreenPokemon/src/components/constants/Pokemon.ts [12436, 24]: elements are not aligned, C:/Users/valmac/FullScreenPokemon/src/components/constants/Pokemon.ts [12439, 24]: elements are not aligned, C:/Users/valmac/FullScreenPokemon/src/components/constants/Pokemon.ts [12442, 24]: elements are not aligned, C:/Users/valmac/FullScreenPokemon/src/components/constants/Pokemon.ts [12445, 24]: elements are not aligned, C:/Users/valmac/FullScreenPokemon/src/components/constants/Pokemon.ts [12453, 24]: elements are not aligned, C:/Users/valmac/FullScreenPokemon/src/components/constants/Pokemon.ts [12461, 24]: elements are not aligned, C:/Users/valmac/FullScreenPokemon/src/components/constants/Pokemon.ts [12464, 24]: elements are not aligned, C:/Users/valmac/FullScreenPokemon/src/components/constants/Pokemon.ts [12467, 24]: elements are not aligned, C:/Users/valmac/FullScreenPokemon/src/components/constants/Pokemon.ts [12470, 24]: elements are not aligned, C:/Users/valmac/FullScreenPokemon/src/components/constants/Pokemon.ts [12473, 24]: elements are not aligned, C:/Users/valmac/FullScreenPokemon/src/components/constants/Pokemon.ts [12476, 24]: elements are not aligned, C:/Users/valmac/FullScreenPokemon/src/components/constants/Pokemon.ts [12479, 24]: elements are not aligned, C:/Users/valmac/FullScreenPokemon/src/components/constants/Pokemon.ts [12482, 24]: elements are not aligned, C:/Users/valmac/FullScreenPokemon/src/components/constants/Pokemon.ts [12485, 24]: elements are not aligned, C:/Users/valmac/FullScreenPokemon/src/components/constants/Pokemon.ts [12488, 24]: elements are not aligned, C:/Users/valmac/FullScreenPokemon/src/components/constants/Pokemon.ts [12491, 24]: elements are not aligned, C:/Users/valmac/FullScreenPokemon/src/components/constants/Pokemon.ts [12494, 24]: elements are not aligned, C:/Users/valmac/FullScreenPokemon/src/components/constants/Pokemon.ts [12497, 24]: elements are not aligned, C:/Users/valmac/FullScreenPokemon/src/components/constants/Pokemon.ts [12500, 24]: elements are not aligned, C:/Users/valmac/FullScreenPokemon/src/components/constants/Pokemon.ts [12503, 24]: elements are not aligned, C:/Users/valmac/FullScreenPokemon/src/components/constants/Pokemon.ts [12506, 24]: elements are not aligned, C:/Users/valmac/FullScreenPokemon/src/components/constants/Pokemon.ts [12509, 24]: elements are not aligned, C:/Users/valmac/FullScreenPokemon/src/components/constants/Pokemon.ts [12512, 24]: elements are not aligned, C:/Users/valmac/FullScreenPokemon/src/components/constants/Pokemon.ts [12515, 24]: elements are not aligned, C:/Users/valmac/FullScreenPokemon/src/components/constants/Pokemon.ts [12518, 24]: elements are not aligned, C:/Users/valmac/FullScreenPokemon/src/components/constants/Pokemon.ts [12521, 24]: elements are not aligned, C:/Users/valmac/FullScreenPokemon/src/components/constants/Pokemon.ts [12524, 24]: elements are not aligned, C:/Users/valmac/FullScreenPokemon/src/components/constants/Pokemon.ts [12527, 24]: elements are not aligned, C:/Users/valmac/FullScreenPokemon/src/components/constants/Pokemon.ts [12530, 24]: elements are not aligned, C:/Users/valmac/FullScreenPokemon/src/components/constants/Pokemon.ts [12533, 24]: elements are not aligned, C:/Users/valmac/FullScreenPokemon/src/components/constants/Pokemon.ts [12536, 24]: elements are not aligned, C:/Users/valmac/FullScreenPokemon/src/components/constants/Pokemon.ts [12539, 24]: elements are not aligned, C:/Users/valmac/FullScreenPokemon/src/components/constants/Pokemon.ts [12542, 24]: elements are not aligned, C:/Users/valmac/FullScreenPokemon/src/components/constants/Pokemon.ts [12545, 24]: elements are not aligned, C:/Users/valmac/FullScreenPokemon/src/components/constants/Pokemon.ts [12580, 24]: elements are not aligned, C:/Users/valmac/FullScreenPokemon/src/components/constants/Pokemon.ts [12583, 24]: elements are not aligned, C:/Users/valmac/FullScreenPokemon/src/components/constants/Pokemon.ts [12586, 24]: elements are not aligned, C:/Users/valmac/FullScreenPokemon/src/components/constants/Pokemon.ts [12589, 24]: elements are not aligned, C:/Users/valmac/FullScreenPokemon/src/components/constants/Pokemon.ts [12592, 24]: elements are not aligned, C:/Users/valmac/FullScreenPokemon/src/components/constants/Pokemon.ts [12595, 24]: elements are not aligned, C:/Users/valmac/FullScreenPokemon/src/components/constants/Pokemon.ts [12607, 24]: elements are not aligned, C:/Users/valmac/FullScreenPokemon/src/components/constants/Pokemon.ts [12610, 24]: elements are not aligned, C:/Users/valmac/FullScreenPokemon/src/components/constants/Pokemon.ts [12613, 24]: elements are not aligned, C:/Users/valmac/FullScreenPokemon/src/components/constants/Pokemon.ts [12616, 24]: elements are not aligned, C:/Users/valmac/FullScreenPokemon/src/components/constants/Pokemon.ts [12619, 24]: elements are not aligned, C:/Users/valmac/FullScreenPokemon/src/components/constants/Pokemon.ts [12622, 24]: elements are not aligned, C:/Users/valmac/FullScreenPokemon/src/components/constants/Pokemon.ts [12625, 24]: elements are not aligned, C:/Users/valmac/FullScreenPokemon/src/components/constants/Pokemon.ts [12628, 24]: elements are not aligned, C:/Users/valmac/FullScreenPokemon/src/components/constants/Pokemon.ts [12631, 24]: elements are not aligned, C:/Users/valmac/FullScreenPokemon/src/components/constants/Pokemon.ts [12634, 24]: elements are not aligned, C:/Users/valmac/FullScreenPokemon/src/components/constants/Pokemon.ts [12637, 24]: elements are not aligned, C:/Users/valmac/FullScreenPokemon/src/components/constants/Pokemon.ts [12640, 24]: elements are not aligned, C:/Users/valmac/FullScreenPokemon/src/components/constants/Pokemon.ts [12643, 24]: elements are not aligned, C:/Users/valmac/FullScreenPokemon/src/components/constants/Pokemon.ts [12646, 24]: elements are not aligned, C:/Users/valmac/FullScreenPokemon/src/components/constants/Pokemon.ts [12649, 24]: elements are not aligned, C:/Users/valmac/FullScreenPokemon/src/components/constants/Pokemon.ts [12652, 24]: elements are not aligned, C:/Users/valmac/FullScreenPokemon/src/components/constants/Pokemon.ts [12655, 24]: elements are not aligned, C:/Users/valmac/FullScreenPokemon/src/components/constants/Pokemon.ts [12658, 24]: elements are not aligned, C:/Users/valmac/FullScreenPokemon/src/components/constants/Pokemon.ts [12693, 24]: elements are not aligned, C:/Users/valmac/FullScreenPokemon/src/components/constants/Pokemon.ts [12696, 24]: elements are not aligned, C:/Users/valmac/FullScreenPokemon/src/components/constants/Pokemon.ts [12699, 24]: elements are not aligned, C:/Users/valmac/FullScreenPokemon/src/components/constants/Pokemon.ts [12702, 24]: elements are not aligned, C:/Users/valmac/FullScreenPokemon/src/components/constants/Pokemon.ts [12705, 24]: elements are not aligned, C:/Users/valmac/FullScreenPokemon/src/components/constants/Pokemon.ts [12713, 24]: elements are not aligned, C:/Users/valmac/FullScreenPokemon/src/components/constants/Pokemon.ts [12721, 24]: elements are not aligned, C:/Users/valmac/FullScreenPokemon/src/components/constants/Pokemon.ts [12724, 24]: elements are not aligned, C:/Users/valmac/FullScreenPokemon/src/components/constants/Pokemon.ts [12727, 24]: elements are not aligned, C:/Users/valmac/FullScreenPokemon/src/components/constants/Pokemon.ts [12730, 24]: elements are not aligned, C:/Users/valmac/FullScreenPokemon/src/components/constants/Pokemon.ts [12733, 24]: elements are not aligned, C:/Users/valmac/FullScreenPokemon/src/components/constants/Pokemon.ts [12736, 24]: elements are not aligned, C:/Users/valmac/FullScreenPokemon/src/components/constants/Pokemon.ts [12739, 24]: elements are not aligned, C:/Users/valmac/FullScreenPokemon/src/components/constants/Pokemon.ts [12742, 24]: elements are not aligned, C:/Users/valmac/FullScreenPokemon/src/components/constants/Pokemon.ts [12745, 24]: elements are not aligned, C:/Users/valmac/FullScreenPokemon/src/components/constants/Pokemon.ts [12748, 24]: elements are not aligned, C:/Users/valmac/FullScreenPokemon/src/components/constants/Pokemon.ts [12751, 24]: elements are not aligned, C:/Users/valmac/FullScreenPokemon/src/components/constants/Pokemon.ts [12754, 24]: elements are not aligned, C:/Users/valmac/FullScreenPokemon/src/components/constants/Pokemon.ts [12757, 24]: elements are not aligned, C:/Users/valmac/FullScreenPokemon/src/components/constants/Pokemon.ts [12760, 24]: elements are not aligned, C:/Users/valmac/FullScreenPokemon/src/components/constants/Pokemon.ts [12763, 24]: elements are not aligned, C:/Users/valmac/FullScreenPokemon/src/components/constants/Pokemon.ts [12766, 24]: elements are not aligned, C:/Users/valmac/FullScreenPokemon/src/components/constants/Pokemon.ts [12769, 24]: elements are not aligned, C:/Users/valmac/FullScreenPokemon/src/components/constants/Pokemon.ts [12772, 24]: elements are not aligned, C:/Users/valmac/FullScreenPokemon/src/components/constants/Pokemon.ts [12798, 24]: elements are not aligned, C:/Users/valmac/FullScreenPokemon/src/components/constants/Pokemon.ts [12801, 24]: elements are not aligned, C:/Users/valmac/FullScreenPokemon/src/components/constants/Pokemon.ts [12804, 24]: elements are not aligned, C:/Users/valmac/FullScreenPokemon/src/components/constants/Pokemon.ts [12807, 24]: elements are not aligned, C:/Users/valmac/FullScreenPokemon/src/components/constants/Pokemon.ts [12810, 24]: elements are not aligned, C:/Users/valmac/FullScreenPokemon/src/components/constants/Pokemon.ts [12813, 24]: elements are not aligned, C:/Users/valmac/FullScreenPokemon/src/components/constants/Pokemon.ts [12821, 24]: elements are not aligned, C:/Users/valmac/FullScreenPokemon/src/components/constants/Pokemon.ts [12829, 24]: elements are not aligned, C:/Users/valmac/FullScreenPokemon/src/components/constants/Pokemon.ts [12832, 24]: elements are not aligned, C:/Users/valmac/FullScreenPokemon/src/components/constants/Pokemon.ts [12835, 24]: elements are not aligned, C:/Users/valmac/FullScreenPokemon/src/components/constants/Pokemon.ts [12838, 24]: elements are not aligned, C:/Users/valmac/FullScreenPokemon/src/components/constants/Pokemon.ts [12841, 24]: elements are not aligned, C:/Users/valmac/FullScreenPokemon/src/components/constants/Pokemon.ts [12844, 24]: elements are not aligned, C:/Users/valmac/FullScreenPokemon/src/components/constants/Pokemon.ts [12847, 24]: elements are not aligned, C:/Users/valmac/FullScreenPokemon/src/components/constants/Pokemon.ts [12850, 24]: elements are not aligned, C:/Users/valmac/FullScreenPokemon/src/components/constants/Pokemon.ts [12853, 24]: elements are not aligned, C:/Users/valmac/FullScreenPokemon/src/components/constants/Pokemon.ts [12856, 24]: elements are not aligned, C:/Users/valmac/FullScreenPokemon/src/components/constants/Pokemon.ts [12859, 24]: elements are not aligned, C:/Users/valmac/FullScreenPokemon/src/components/constants/Pokemon.ts [12862, 24]: elements are not aligned, C:/Users/valmac/FullScreenPokemon/src/components/constants/Pokemon.ts [12865, 24]: elements are not aligned, C:/Users/valmac/FullScreenPokemon/src/components/constants/Pokemon.ts [12868, 24]: elements are not aligned, C:/Users/valmac/FullScreenPokemon/src/components/constants/Pokemon.ts [12871, 24]: elements are not aligned, C:/Users/valmac/FullScreenPokemon/src/components/constants/Pokemon.ts [12874, 24]: elements are not aligned, C:/Users/valmac/FullScreenPokemon/src/components/constants/Pokemon.ts [12877, 24]: elements are not aligned, C:/Users/valmac/FullScreenPokemon/src/components/constants/Pokemon.ts [12880, 24]: elements are not aligned, C:/Users/valmac/FullScreenPokemon/src/components/constants/Pokemon.ts [12883, 24]: elements are not aligned, C:/Users/valmac/FullScreenPokemon/src/components/constants/Pokemon.ts [12909, 24]: elements are not aligned, C:/Users/valmac/FullScreenPokemon/src/components/constants/Pokemon.ts [12912, 24]: elements are not aligned, C:/Users/valmac/FullScreenPokemon/src/components/constants/Pokemon.ts [12915, 24]: elements are not aligned, C:/Users/valmac/FullScreenPokemon/src/components/constants/Pokemon.ts [12918, 24]: elements are not aligned, C:/Users/valmac/FullScreenPokemon/src/components/constants/Pokemon.ts [12921, 24]: elements are not aligned, C:/Users/valmac/FullScreenPokemon/src/components/constants/Pokemon.ts [12924, 24]: elements are not aligned, C:/Users/valmac/FullScreenPokemon/src/components/constants/Pokemon.ts [12933, 24]: elements are not aligned, C:/Users/valmac/FullScreenPokemon/src/components/constants/Pokemon.ts [12936, 24]: elements are not aligned, C:/Users/valmac/FullScreenPokemon/src/components/constants/Pokemon.ts [12939, 24]: elements are not aligned, C:/Users/valmac/FullScreenPokemon/src/components/constants/Pokemon.ts [12942, 24]: elements are not aligned, C:/Users/valmac/FullScreenPokemon/src/components/constants/Pokemon.ts [12945, 24]: elements are not aligned, C:/Users/valmac/FullScreenPokemon/src/components/constants/Pokemon.ts [12948, 24]: elements are not aligned, C:/Users/valmac/FullScreenPokemon/src/components/constants/Pokemon.ts [12951, 24]: elements are not aligned, C:/Users/valmac/FullScreenPokemon/src/components/constants/Pokemon.ts [12954, 24]: elements are not aligned, C:/Users/valmac/FullScreenPokemon/src/components/constants/Pokemon.ts [12957, 24]: elements are not aligned, C:/Users/valmac/FullScreenPokemon/src/components/constants/Pokemon.ts [12960, 24]: elements are not aligned, C:/Users/valmac/FullScreenPokemon/src/components/constants/Pokemon.ts [12963, 24]: elements are not aligned, C:/Users/valmac/FullScreenPokemon/src/components/constants/Pokemon.ts [12966, 24]: elements are not aligned, C:/Users/valmac/FullScreenPokemon/src/components/constants/Pokemon.ts [12992, 24]: elements are not aligned, C:/Users/valmac/FullScreenPokemon/src/components/constants/Pokemon.ts [12995, 24]: elements are not aligned, C:/Users/valmac/FullScreenPokemon/src/components/constants/Pokemon.ts [12998, 24]: elements are not aligned, C:/Users/valmac/FullScreenPokemon/src/components/constants/Pokemon.ts [13001, 24]: elements are not aligned, C:/Users/valmac/FullScreenPokemon/src/components/constants/Pokemon.ts [13004, 24]: elements are not aligned, C:/Users/valmac/FullScreenPokemon/src/components/constants/Pokemon.ts [13007, 24]: elements are not aligned, C:/Users/valmac/FullScreenPokemon/src/components/constants/Pokemon.ts [13016, 24]: elements are not aligned, C:/Users/valmac/FullScreenPokemon/src/components/constants/Pokemon.ts [13019, 24]: elements are not aligned, C:/Users/valmac/FullScreenPokemon/src/components/constants/Pokemon.ts [13022, 24]: elements are not aligned, C:/Users/valmac/FullScreenPokemon/src/components/constants/Pokemon.ts [13025, 24]: elements are not aligned, C:/Users/valmac/FullScreenPokemon/src/components/constants/Pokemon.ts [13028, 24]: elements are not aligned, C:/Users/valmac/FullScreenPokemon/src/components/constants/Pokemon.ts [13031, 24]: elements are not aligned, C:/Users/valmac/FullScreenPokemon/src/components/constants/Pokemon.ts [13034, 24]: elements are not aligned, C:/Users/valmac/FullScreenPokemon/src/components/constants/Pokemon.ts [13037, 24]: elements are not aligned, C:/Users/valmac/FullScreenPokemon/src/components/constants/Pokemon.ts [13040, 24]: elements are not aligned, C:/Users/valmac/FullScreenPokemon/src/components/constants/Pokemon.ts [13043, 24]: elements are not aligned, C:/Users/valmac/FullScreenPokemon/src/components/constants/Pokemon.ts [13046, 24]: elements are not aligned, C:/Users/valmac/FullScreenPokemon/src/components/constants/Pokemon.ts [13049, 24]: elements are not aligned, C:/Users/valmac/FullScreenPokemon/src/components/constants/Pokemon.ts [13052, 24]: elements are not aligned, C:/Users/valmac/FullScreenPokemon/src/components/constants/Pokemon.ts [13055, 24]: elements are not aligned, C:/Users/valmac/FullScreenPokemon/src/components/constants/Pokemon.ts [13058, 24]: elements are not aligned, C:/Users/valmac/FullScreenPokemon/src/components/constants/Pokemon.ts [13084, 24]: elements are not aligned, C:/Users/valmac/FullScreenPokemon/src/components/constants/Pokemon.ts [13087, 24]: elements are not aligned, C:/Users/valmac/FullScreenPokemon/src/components/constants/Pokemon.ts [13090, 24]: elements are not aligned, C:/Users/valmac/FullScreenPokemon/src/components/constants/Pokemon.ts [13093, 24]: elements are not aligned, C:/Users/valmac/FullScreenPokemon/src/components/constants/Pokemon.ts [13096, 24]: elements are not aligned, C:/Users/valmac/FullScreenPokemon/src/components/constants/Pokemon.ts [13099, 24]: elements are not aligned, C:/Users/valmac/FullScreenPokemon/src/components/constants/Pokemon.ts [13102, 24]: elements are not aligned, C:/Users/valmac/FullScreenPokemon/src/components/constants/Pokemon.ts [13105, 24]: elements are not aligned, C:/Users/valmac/FullScreenPokemon/src/components/constants/Pokemon.ts [13117, 24]: elements are not aligned, C:/Users/valmac/FullScreenPokemon/src/components/constants/Pokemon.ts [13120, 24]: elements are not aligned, C:/Users/valmac/FullScreenPokemon/src/components/constants/Pokemon.ts [13123, 24]: elements are not aligned, C:/Users/valmac/FullScreenPokemon/src/components/constants/Pokemon.ts [13126, 24]: elements are not aligned, C:/Users/valmac/FullScreenPokemon/src/components/constants/Pokemon.ts [13129, 24]: elements are not aligned, C:/Users/valmac/FullScreenPokemon/src/components/constants/Pokemon.ts [13132, 24]: elements are not aligned, C:/Users/valmac/FullScreenPokemon/src/components/constants/Pokemon.ts [13135, 24]: elements are not aligned, C:/Users/valmac/FullScreenPokemon/src/components/constants/Pokemon.ts [13138, 24]: elements are not aligned, C:/Users/valmac/FullScreenPokemon/src/components/constants/Pokemon.ts [13141, 24]: elements are not aligned, C:/Users/valmac/FullScreenPokemon/src/components/constants/Pokemon.ts [13144, 24]: elements are not aligned, C:/Users/valmac/FullScreenPokemon/src/components/constants/Pokemon.ts [13147, 24]: elements are not aligned, C:/Users/valmac/FullScreenPokemon/src/components/constants/Pokemon.ts [13150, 24]: elements are not aligned, C:/Users/valmac/FullScreenPokemon/src/components/constants/Pokemon.ts [13153, 24]: elements are not aligned, C:/Users/valmac/FullScreenPokemon/src/components/constants/Pokemon.ts [13156, 24]: elements are not aligned, C:/Users/valmac/FullScreenPokemon/src/components/constants/Pokemon.ts [13159, 24]: elements are not aligned, C:/Users/valmac/FullScreenPokemon/src/components/constants/Pokemon.ts [13162, 24]: elements are not aligned, C:/Users/valmac/FullScreenPokemon/src/components/constants/Pokemon.ts [13197, 24]: elements are not aligned, C:/Users/valmac/FullScreenPokemon/src/components/constants/Pokemon.ts [13200, 24]: elements are not aligned, C:/Users/valmac/FullScreenPokemon/src/components/constants/Pokemon.ts [13203, 24]: elements are not aligned, C:/Users/valmac/FullScreenPokemon/src/components/constants/Pokemon.ts [13206, 24]: elements are not aligned, C:/Users/valmac/FullScreenPokemon/src/components/constants/Pokemon.ts [13209, 24]: elements are not aligned, C:/Users/valmac/FullScreenPokemon/src/components/constants/Pokemon.ts [13218, 24]: elements are not aligned, C:/Users/valmac/FullScreenPokemon/src/components/constants/Pokemon.ts [13221, 24]: elements are not aligned, C:/Users/valmac/FullScreenPokemon/src/components/constants/Pokemon.ts [13224, 24]: elements are not aligned, C:/Users/valmac/FullScreenPokemon/src/components/constants/Pokemon.ts [13227, 24]: elements are not aligned, C:/Users/valmac/FullScreenPokemon/src/components/constants/Pokemon.ts [13230, 24]: elements are not aligned, C:/Users/valmac/FullScreenPokemon/src/components/constants/Pokemon.ts [13233, 24]: elements are not aligned, C:/Users/valmac/FullScreenPokemon/src/components/constants/Pokemon.ts [13236, 24]: elements are not aligned, C:/Users/valmac/FullScreenPokemon/src/components/constants/Pokemon.ts [13239, 24]: elements are not aligned, C:/Users/valmac/FullScreenPokemon/src/components/constants/Pokemon.ts [13242, 24]: elements are not aligned, C:/Users/valmac/FullScreenPokemon/src/components/constants/Pokemon.ts [13245, 24]: elements are not aligned, C:/Users/valmac/FullScreenPokemon/src/components/constants/Pokemon.ts [13248, 24]: elements are not aligned, C:/Users/valmac/FullScreenPokemon/src/components/constants/Pokemon.ts [13251, 24]: elements are not aligned, C:/Users/valmac/FullScreenPokemon/src/components/constants/Pokemon.ts [13254, 24]: elements are not aligned, C:/Users/valmac/FullScreenPokemon/src/components/constants/Pokemon.ts [13257, 24]: elements are not aligned, C:/Users/valmac/FullScreenPokemon/src/components/constants/Pokemon.ts [13260, 24]: elements are not aligned, C:/Users/valmac/FullScreenPokemon/src/components/constants/Pokemon.ts [13263, 24]: elements are not aligned, C:/Users/valmac/FullScreenPokemon/src/components/constants/Pokemon.ts [13298, 24]: elements are not aligned, C:/Users/valmac/FullScreenPokemon/src/components/constants/Pokemon.ts [13301, 24]: elements are not aligned, C:/Users/valmac/FullScreenPokemon/src/components/constants/Pokemon.ts [13304, 24]: elements are not aligned, C:/Users/valmac/FullScreenPokemon/src/components/constants/Pokemon.ts [13307, 24]: elements are not aligned, C:/Users/valmac/FullScreenPokemon/src/components/constants/Pokemon.ts [13310, 24]: elements are not aligned, C:/Users/valmac/FullScreenPokemon/src/components/constants/Pokemon.ts [13313, 24]: elements are not aligned, C:/Users/valmac/FullScreenPokemon/src/components/constants/Pokemon.ts [13325, 24]: elements are not aligned, C:/Users/valmac/FullScreenPokemon/src/components/constants/Pokemon.ts [13328, 24]: elements are not aligned, C:/Users/valmac/FullScreenPokemon/src/components/constants/Pokemon.ts [13331, 24]: elements are not aligned, C:/Users/valmac/FullScreenPokemon/src/components/constants/Pokemon.ts [13334, 24]: elements are not aligned, C:/Users/valmac/FullScreenPokemon/src/components/constants/Pokemon.ts [13337, 24]: elements are not aligned, C:/Users/valmac/FullScreenPokemon/src/components/constants/Pokemon.ts [13340, 24]: elements are not aligned, C:/Users/valmac/FullScreenPokemon/src/components/constants/Pokemon.ts [13343, 24]: elements are not aligned, C:/Users/valmac/FullScreenPokemon/src/components/constants/Pokemon.ts [13346, 24]: elements are not aligned, C:/Users/valmac/FullScreenPokemon/src/components/constants/Pokemon.ts [13349, 24]: elements are not aligned, C:/Users/valmac/FullScreenPokemon/src/components/constants/Pokemon.ts [13352, 24]: elements are not aligned, C:/Users/valmac/FullScreenPokemon/src/components/constants/Pokemon.ts [13355, 24]: elements are not aligned, C:/Users/valmac/FullScreenPokemon/src/components/constants/Pokemon.ts [13358, 24]: elements are not aligned, C:/Users/valmac/FullScreenPokemon/src/components/constants/Pokemon.ts [13361, 24]: elements are not aligned, C:/Users/valmac/FullScreenPokemon/src/components/constants/Pokemon.ts [13364, 24]: elements are not aligned, C:/Users/valmac/FullScreenPokemon/src/components/constants/Pokemon.ts [13367, 24]: elements are not aligned, C:/Users/valmac/FullScreenPokemon/src/components/constants/Pokemon.ts [13370, 24]: elements are not aligned, C:/Users/valmac/FullScreenPokemon/src/components/constants/Pokemon.ts [13373, 24]: elements are not aligned, C:/Users/valmac/FullScreenPokemon/src/components/constants/Pokemon.ts [13376, 24]: elements are not aligned, C:/Users/valmac/FullScreenPokemon/src/components/constants/Pokemon.ts [13402, 24]: elements are not aligned, C:/Users/valmac/FullScreenPokemon/src/components/constants/Pokemon.ts [13405, 24]: elements are not aligned, C:/Users/valmac/FullScreenPokemon/src/components/constants/Pokemon.ts [13408, 24]: elements are not aligned, C:/Users/valmac/FullScreenPokemon/src/components/constants/Pokemon.ts [13411, 24]: elements are not aligned, C:/Users/valmac/FullScreenPokemon/src/components/constants/Pokemon.ts [13414, 24]: elements are not aligned, C:/Users/valmac/FullScreenPokemon/src/components/constants/Pokemon.ts [13417, 24]: elements are not aligned, C:/Users/valmac/FullScreenPokemon/src/components/constants/Pokemon.ts [13420, 24]: elements are not aligned, C:/Users/valmac/FullScreenPokemon/src/components/constants/Pokemon.ts [13423, 24]: elements are not aligned, C:/Users/valmac/FullScreenPokemon/src/components/constants/Pokemon.ts [13426, 24]: elements are not aligned, C:/Users/valmac/FullScreenPokemon/src/components/constants/Pokemon.ts [13435, 24]: elements are not aligned, C:/Users/valmac/FullScreenPokemon/src/components/constants/Pokemon.ts [13438, 24]: elements are not aligned, C:/Users/valmac/FullScreenPokemon/src/components/constants/Pokemon.ts [13441, 24]: elements are not aligned, C:/Users/valmac/FullScreenPokemon/src/components/constants/Pokemon.ts [13444, 24]: elements are not aligned, C:/Users/valmac/FullScreenPokemon/src/components/constants/Pokemon.ts [13447, 24]: elements are not aligned, C:/Users/valmac/FullScreenPokemon/src/components/constants/Pokemon.ts [13450, 24]: elements are not aligned, C:/Users/valmac/FullScreenPokemon/src/components/constants/Pokemon.ts [13453, 24]: elements are not aligned, C:/Users/valmac/FullScreenPokemon/src/components/constants/Pokemon.ts [13456, 24]: elements are not aligned, C:/Users/valmac/FullScreenPokemon/src/components/constants/Pokemon.ts [13459, 24]: elements are not aligned, C:/Users/valmac/FullScreenPokemon/src/components/constants/Pokemon.ts [13462, 24]: elements are not aligned, C:/Users/valmac/FullScreenPokemon/src/components/constants/Pokemon.ts [13465, 24]: elements are not aligned, C:/Users/valmac/FullScreenPokemon/src/components/constants/Pokemon.ts [13468, 24]: elements are not aligned, C:/Users/valmac/FullScreenPokemon/src/components/constants/Pokemon.ts [13471, 24]: elements are not aligned, C:/Users/valmac/FullScreenPokemon/src/components/constants/Pokemon.ts [13474, 24]: elements are not aligned, C:/Users/valmac/FullScreenPokemon/src/components/constants/Pokemon.ts [13477, 24]: elements are not aligned, C:/Users/valmac/FullScreenPokemon/src/components/constants/Pokemon.ts [13480, 24]: elements are not aligned, C:/Users/valmac/FullScreenPokemon/src/components/constants/Pokemon.ts [13483, 24]: elements are not aligned, C:/Users/valmac/FullScreenPokemon/src/components/constants/Pokemon.ts [13486, 24]: elements are not aligned, C:/Users/valmac/FullScreenPokemon/src/components/constants/Pokemon.ts [13489, 24]: elements are not aligned, C:/Users/valmac/FullScreenPokemon/src/components/constants/Pokemon.ts [13492, 24]: elements are not aligned, C:/Users/valmac/FullScreenPokemon/src/components/constants/Pokemon.ts [13495, 24]: elements are not aligned, C:/Users/valmac/FullScreenPokemon/src/components/constants/Pokemon.ts [13498, 24]: elements are not aligned, C:/Users/valmac/FullScreenPokemon/src/components/constants/Pokemon.ts [13501, 24]: elements are not aligned, C:/Users/valmac/FullScreenPokemon/src/components/constants/Pokemon.ts [13504, 24]: elements are not aligned, C:/Users/valmac/FullScreenPokemon/src/components/constants/Pokemon.ts [13507, 24]: elements are not aligned, C:/Users/valmac/FullScreenPokemon/src/components/constants/Pokemon.ts [13510, 24]: elements are not aligned, C:/Users/valmac/FullScreenPokemon/src/components/constants/Pokemon.ts [13513, 24]: elements are not aligned, C:/Users/valmac/FullScreenPokemon/src/components/constants/Pokemon.ts [13516, 24]: elements are not aligned, C:/Users/valmac/FullScreenPokemon/src/components/constants/Pokemon.ts [13519, 24]: elements are not aligned, C:/Users/valmac/FullScreenPokemon/src/components/constants/Pokemon.ts [13522, 24]: elements are not aligned, C:/Users/valmac/FullScreenPokemon/src/components/constants/Pokemon.ts [13525, 24]: elements are not aligned, C:/Users/valmac/FullScreenPokemon/src/components/constants/Pokemon.ts [13528, 24]: elements are not aligned, C:/Users/valmac/FullScreenPokemon/src/components/constants/Pokemon.ts [13563, 24]: elements are not aligned, C:/Users/valmac/FullScreenPokemon/src/components/constants/Pokemon.ts [13566, 24]: elements are not aligned, C:/Users/valmac/FullScreenPokemon/src/components/constants/Pokemon.ts [13569, 24]: elements are not aligned, C:/Users/valmac/FullScreenPokemon/src/components/constants/Pokemon.ts [13572, 24]: elements are not aligned, C:/Users/valmac/FullScreenPokemon/src/components/constants/Pokemon.ts [13575, 24]: elements are not aligned, C:/Users/valmac/FullScreenPokemon/src/components/constants/Pokemon.ts [13578, 24]: elements are not aligned, C:/Users/valmac/FullScreenPokemon/src/components/constants/Pokemon.ts [13586, 24]: elements are not aligned, C:/Users/valmac/FullScreenPokemon/src/components/constants/Pokemon.ts [13589, 24]: elements are not aligned, C:/Users/valmac/FullScreenPokemon/src/components/constants/Pokemon.ts [13597, 24]: elements are not aligned, C:/Users/valmac/FullScreenPokemon/src/components/constants/Pokemon.ts [13600, 24]: elements are not aligned, C:/Users/valmac/FullScreenPokemon/src/components/constants/Pokemon.ts [13603, 24]: elements are not aligned, C:/Users/valmac/FullScreenPokemon/src/components/constants/Pokemon.ts [13606, 24]: elements are not aligned, C:/Users/valmac/FullScreenPokemon/src/components/constants/Pokemon.ts [13609, 24]: elements are not aligned, C:/Users/valmac/FullScreenPokemon/src/components/constants/Pokemon.ts [13612, 24]: elements are not aligned, C:/Users/valmac/FullScreenPokemon/src/components/constants/Pokemon.ts [13615, 24]: elements are not aligned, C:/Users/valmac/FullScreenPokemon/src/components/constants/Pokemon.ts [13618, 24]: elements are not aligned, C:/Users/valmac/FullScreenPokemon/src/components/constants/Pokemon.ts [13621, 24]: elements are not aligned, C:/Users/valmac/FullScreenPokemon/src/components/constants/Pokemon.ts [13624, 24]: elements are not aligned, C:/Users/valmac/FullScreenPokemon/src/components/constants/Pokemon.ts [13627, 24]: elements are not aligned, C:/Users/valmac/FullScreenPokemon/src/components/constants/Pokemon.ts [13630, 24]: elements are not aligned, C:/Users/valmac/FullScreenPokemon/src/components/constants/Pokemon.ts [13633, 24]: elements are not aligned, C:/Users/valmac/FullScreenPokemon/src/components/constants/Pokemon.ts [13636, 24]: elements are not aligned, C:/Users/valmac/FullScreenPokemon/src/components/constants/Pokemon.ts [13639, 24]: elements are not aligned, C:/Users/valmac/FullScreenPokemon/src/components/constants/Pokemon.ts [13642, 24]: elements are not aligned, C:/Users/valmac/FullScreenPokemon/src/components/constants/Pokemon.ts [13645, 24]: elements are not aligned, C:/Users/valmac/FullScreenPokemon/src/components/constants/Pokemon.ts [13648, 24]: elements are not aligned, C:/Users/valmac/FullScreenPokemon/src/components/constants/Pokemon.ts [13651, 24]: elements are not aligned, C:/Users/valmac/FullScreenPokemon/src/components/constants/Pokemon.ts [13654, 24]: elements are not aligned, C:/Users/valmac/FullScreenPokemon/src/components/constants/Pokemon.ts [13657, 24]: elements are not aligned, C:/Users/valmac/FullScreenPokemon/src/components/constants/Pokemon.ts [13660, 24]: elements are not aligned, C:/Users/valmac/FullScreenPokemon/src/components/constants/Pokemon.ts [13663, 24]: elements are not aligned, C:/Users/valmac/FullScreenPokemon/src/components/constants/Pokemon.ts [13666, 24]: elements are not aligned, C:/Users/valmac/FullScreenPokemon/src/components/constants/Pokemon.ts [13669, 24]: elements are not aligned, C:/Users/valmac/FullScreenPokemon/src/components/constants/Pokemon.ts [13672, 24]: elements are not aligned, C:/Users/valmac/FullScreenPokemon/src/components/constants/Pokemon.ts [13698, 24]: elements are not aligned, C:/Users/valmac/FullScreenPokemon/src/components/constants/Pokemon.ts [13701, 24]: elements are not aligned, C:/Users/valmac/FullScreenPokemon/src/components/constants/Pokemon.ts [13704, 24]: elements are not aligned, C:/Users/valmac/FullScreenPokemon/src/components/constants/Pokemon.ts [13707, 24]: elements are not aligned, C:/Users/valmac/FullScreenPokemon/src/components/constants/Pokemon.ts [13710, 24]: elements are not aligned, C:/Users/valmac/FullScreenPokemon/src/components/constants/Pokemon.ts [13713, 24]: elements are not aligned, C:/Users/valmac/FullScreenPokemon/src/components/constants/Pokemon.ts [13721, 24]: elements are not aligned, C:/Users/valmac/FullScreenPokemon/src/components/constants/Pokemon.ts [13729, 24]: elements are not aligned, C:/Users/valmac/FullScreenPokemon/src/components/constants/Pokemon.ts [13732, 24]: elements are not aligned, C:/Users/valmac/FullScreenPokemon/src/components/constants/Pokemon.ts [13735, 24]: elements are not aligned, C:/Users/valmac/FullScreenPokemon/src/components/constants/Pokemon.ts [13738, 24]: elements are not aligned, C:/Users/valmac/FullScreenPokemon/src/components/constants/Pokemon.ts [13741, 24]: elements are not aligned, C:/Users/valmac/FullScreenPokemon/src/components/constants/Pokemon.ts [13744, 24]: elements are not aligned, C:/Users/valmac/FullScreenPokemon/src/components/constants/Pokemon.ts [13747, 24]: elements are not aligned, C:/Users/valmac/FullScreenPokemon/src/components/constants/Pokemon.ts [13750, 24]: elements are not aligned, C:/Users/valmac/FullScreenPokemon/src/components/constants/Pokemon.ts [13753, 24]: elements are not aligned, C:/Users/valmac/FullScreenPokemon/src/components/constants/Pokemon.ts [13756, 24]: elements are not aligned, C:/Users/valmac/FullScreenPokemon/src/components/constants/Pokemon.ts [13759, 24]: elements are not aligned, C:/Users/valmac/FullScreenPokemon/src/components/constants/Pokemon.ts [13762, 24]: elements are not aligned, C:/Users/valmac/FullScreenPokemon/src/components/constants/Pokemon.ts [13765, 24]: elements are not aligned, C:/Users/valmac/FullScreenPokemon/src/components/constants/Pokemon.ts [13768, 24]: elements are not aligned, C:/Users/valmac/FullScreenPokemon/src/components/constants/Pokemon.ts [13771, 24]: elements are not aligned, C:/Users/valmac/FullScreenPokemon/src/components/constants/Pokemon.ts [13774, 24]: elements are not aligned, C:/Users/valmac/FullScreenPokemon/src/components/constants/Pokemon.ts [13777, 24]: elements are not aligned, C:/Users/valmac/FullScreenPokemon/src/components/constants/Pokemon.ts [13780, 24]: elements are not aligned, C:/Users/valmac/FullScreenPokemon/src/components/constants/Pokemon.ts [13783, 24]: elements are not aligned, C:/Users/valmac/FullScreenPokemon/src/components/constants/Pokemon.ts [13786, 24]: elements are not aligned, C:/Users/valmac/FullScreenPokemon/src/components/constants/Pokemon.ts [13789, 24]: elements are not aligned, C:/Users/valmac/FullScreenPokemon/src/components/constants/Pokemon.ts [13792, 24]: elements are not aligned, C:/Users/valmac/FullScreenPokemon/src/components/constants/Pokemon.ts [13795, 24]: elements are not aligned, C:/Users/valmac/FullScreenPokemon/src/components/constants/Pokemon.ts [13798, 24]: elements are not aligned, C:/Users/valmac/FullScreenPokemon/src/components/constants/Pokemon.ts [13801, 24]: elements are not aligned, C:/Users/valmac/FullScreenPokemon/src/components/constants/Pokemon.ts [13804, 24]: elements are not aligned, C:/Users/valmac/FullScreenPokemon/src/components/constants/Pokemon.ts [13807, 24]: elements are not aligned, C:/Users/valmac/FullScreenPokemon/src/components/constants/Pokemon.ts [13810, 24]: elements are not aligned, C:/Users/valmac/FullScreenPokemon/src/components/constants/Pokemon.ts [13813, 24]: elements are not aligned, C:/Users/valmac/FullScreenPokemon/src/components/constants/Pokemon.ts [13816, 24]: elements are not aligned, C:/Users/valmac/FullScreenPokemon/src/components/constants/Pokemon.ts [13819, 24]: elements are not aligned, C:/Users/valmac/FullScreenPokemon/src/components/constants/Pokemon.ts [13822, 24]: elements are not aligned, C:/Users/valmac/FullScreenPokemon/src/components/constants/Pokemon.ts [13825, 24]: elements are not aligned, C:/Users/valmac/FullScreenPokemon/src/components/constants/Pokemon.ts [13860, 24]: elements are not aligned, C:/Users/valmac/FullScreenPokemon/src/components/constants/Pokemon.ts [13863, 24]: elements are not aligned, C:/Users/valmac/FullScreenPokemon/src/components/constants/Pokemon.ts [13866, 24]: elements are not aligned, C:/Users/valmac/FullScreenPokemon/src/components/constants/Pokemon.ts [13869, 24]: elements are not aligned, C:/Users/valmac/FullScreenPokemon/src/components/constants/Pokemon.ts [13872, 24]: elements are not aligned, C:/Users/valmac/FullScreenPokemon/src/components/constants/Pokemon.ts [13875, 24]: elements are not aligned, C:/Users/valmac/FullScreenPokemon/src/components/constants/Pokemon.ts [13884, 24]: elements are not aligned, C:/Users/valmac/FullScreenPokemon/src/components/constants/Pokemon.ts [13887, 24]: elements are not aligned, C:/Users/valmac/FullScreenPokemon/src/components/constants/Pokemon.ts [13890, 24]: elements are not aligned, C:/Users/valmac/FullScreenPokemon/src/components/constants/Pokemon.ts [13893, 24]: elements are not aligned, C:/Users/valmac/FullScreenPokemon/src/components/constants/Pokemon.ts [13896, 24]: elements are not aligned, C:/Users/valmac/FullScreenPokemon/src/components/constants/Pokemon.ts [13899, 24]: elements are not aligned, C:/Users/valmac/FullScreenPokemon/src/components/constants/Pokemon.ts [13902, 24]: elements are not aligned, C:/Users/valmac/FullScreenPokemon/src/components/constants/Pokemon.ts [13905, 24]: elements are not aligned, C:/Users/valmac/FullScreenPokemon/src/components/constants/Pokemon.ts [13908, 24]: elements are not aligned, C:/Users/valmac/FullScreenPokemon/src/components/constants/Pokemon.ts [13911, 24]: elements are not aligned, C:/Users/valmac/FullScreenPokemon/src/components/constants/Pokemon.ts [13914, 24]: elements are not aligned, C:/Users/valmac/FullScreenPokemon/src/components/constants/Pokemon.ts [13917, 24]: elements are not aligned, C:/Users/valmac/FullScreenPokemon/src/components/constants/Pokemon.ts [13953, 24]: elements are not aligned, C:/Users/valmac/FullScreenPokemon/src/components/constants/Pokemon.ts [13956, 24]: elements are not aligned, C:/Users/valmac/FullScreenPokemon/src/components/constants/Pokemon.ts [13959, 24]: elements are not aligned, C:/Users/valmac/FullScreenPokemon/src/components/constants/Pokemon.ts [13962, 24]: elements are not aligned, C:/Users/valmac/FullScreenPokemon/src/components/constants/Pokemon.ts [13965, 24]: elements are not aligned, C:/Users/valmac/FullScreenPokemon/src/components/constants/Pokemon.ts [13968, 24]: elements are not aligned, C:/Users/valmac/FullScreenPokemon/src/components/constants/Pokemon.ts [13971, 24]: elements are not aligned, C:/Users/valmac/FullScreenPokemon/src/components/constants/Pokemon.ts [13980, 24]: elements are not aligned, C:/Users/valmac/FullScreenPokemon/src/components/constants/Pokemon.ts [13983, 24]: elements are not aligned, C:/Users/valmac/FullScreenPokemon/src/components/constants/Pokemon.ts [13986, 24]: elements are not aligned, C:/Users/valmac/FullScreenPokemon/src/components/constants/Pokemon.ts [13989, 24]: elements are not aligned, C:/Users/valmac/FullScreenPokemon/src/components/constants/Pokemon.ts [13992, 24]: elements are not aligned, C:/Users/valmac/FullScreenPokemon/src/components/constants/Pokemon.ts [13995, 24]: elements are not aligned, C:/Users/valmac/FullScreenPokemon/src/components/constants/Pokemon.ts [13998, 24]: elements are not aligned, C:/Users/valmac/FullScreenPokemon/src/components/constants/Pokemon.ts [14001, 24]: elements are not aligned, C:/Users/valmac/FullScreenPokemon/src/components/constants/Pokemon.ts [14004, 24]: elements are not aligned, C:/Users/valmac/FullScreenPokemon/src/components/constants/Pokemon.ts [14007, 24]: elements are not aligned, C:/Users/valmac/FullScreenPokemon/src/components/constants/Pokemon.ts [14010, 24]: elements are not aligned, C:/Users/valmac/FullScreenPokemon/src/components/constants/Pokemon.ts [14013, 24]: elements are not aligned, C:/Users/valmac/FullScreenPokemon/src/components/constants/Pokemon.ts [14016, 24]: elements are not aligned, C:/Users/valmac/FullScreenPokemon/src/components/constants/Pokemon.ts [14019, 24]: elements are not aligned, C:/Users/valmac/FullScreenPokemon/src/components/constants/Pokemon.ts [14022, 24]: elements are not aligned, C:/Users/valmac/FullScreenPokemon/src/components/constants/Pokemon.ts [14025, 24]: elements are not aligned, C:/Users/valmac/FullScreenPokemon/src/components/constants/Pokemon.ts [14028, 24]: elements are not aligned, C:/Users/valmac/FullScreenPokemon/src/components/constants/Pokemon.ts [14031, 24]: elements are not aligned, C:/Users/valmac/FullScreenPokemon/src/components/constants/Pokemon.ts [14034, 24]: elements are not aligned, C:/Users/valmac/FullScreenPokemon/src/components/constants/Pokemon.ts [14037, 24]: elements are not aligned, C:/Users/valmac/FullScreenPokemon/src/components/constants/Pokemon.ts [14040, 24]: elements are not aligned, C:/Users/valmac/FullScreenPokemon/src/components/constants/Pokemon.ts [14066, 24]: elements are not aligned, C:/Users/valmac/FullScreenPokemon/src/components/constants/Pokemon.ts [14069, 24]: elements are not aligned, C:/Users/valmac/FullScreenPokemon/src/components/constants/Pokemon.ts [14077, 24]: elements are not aligned, C:/Users/valmac/FullScreenPokemon/src/components/constants/Pokemon.ts [14085, 24]: elements are not aligned, C:/Users/valmac/FullScreenPokemon/src/components/constants/Pokemon.ts [14120, 24]: elements are not aligned, C:/Users/valmac/FullScreenPokemon/src/components/constants/Pokemon.ts [14123, 24]: elements are not aligned, C:/Users/valmac/FullScreenPokemon/src/components/constants/Pokemon.ts [14126, 24]: elements are not aligned, C:/Users/valmac/FullScreenPokemon/src/components/constants/Pokemon.ts [14129, 24]: elements are not aligned, C:/Users/valmac/FullScreenPokemon/src/components/constants/Pokemon.ts [14132, 24]: elements are not aligned, C:/Users/valmac/FullScreenPokemon/src/components/constants/Pokemon.ts [14135, 24]: elements are not aligned, C:/Users/valmac/FullScreenPokemon/src/components/constants/Pokemon.ts [14138, 24]: elements are not aligned, C:/Users/valmac/FullScreenPokemon/src/components/constants/Pokemon.ts [14147, 24]: elements are not aligned, C:/Users/valmac/FullScreenPokemon/src/components/constants/Pokemon.ts [14150, 24]: elements are not aligned, C:/Users/valmac/FullScreenPokemon/src/components/constants/Pokemon.ts [14153, 24]: elements are not aligned, C:/Users/valmac/FullScreenPokemon/src/components/constants/Pokemon.ts [14156, 24]: elements are not aligned, C:/Users/valmac/FullScreenPokemon/src/components/constants/Pokemon.ts [14159, 24]: elements are not aligned, C:/Users/valmac/FullScreenPokemon/src/components/constants/Pokemon.ts [14162, 24]: elements are not aligned, C:/Users/valmac/FullScreenPokemon/src/components/constants/Pokemon.ts [14165, 24]: elements are not aligned, C:/Users/valmac/FullScreenPokemon/src/components/constants/Pokemon.ts [14168, 24]: elements are not aligned, C:/Users/valmac/FullScreenPokemon/src/components/constants/Pokemon.ts [14171, 24]: elements are not aligned, C:/Users/valmac/FullScreenPokemon/src/components/constants/Pokemon.ts [14174, 24]: elements are not aligned, C:/Users/valmac/FullScreenPokemon/src/components/constants/Pokemon.ts [14177, 24]: elements are not aligned, C:/Users/valmac/FullScreenPokemon/src/components/constants/Pokemon.ts [14180, 24]: elements are not aligned, C:/Users/valmac/FullScreenPokemon/src/components/constants/Pokemon.ts [14183, 24]: elements are not aligned, C:/Users/valmac/FullScreenPokemon/src/components/constants/Pokemon.ts [14186, 24]: elements are not aligned, C:/Users/valmac/FullScreenPokemon/src/components/constants/Pokemon.ts [14189, 24]: elements are not aligned, C:/Users/valmac/FullScreenPokemon/src/components/constants/Pokemon.ts [14192, 24]: elements are not aligned, C:/Users/valmac/FullScreenPokemon/src/components/constants/Pokemon.ts [14195, 24]: elements are not aligned, C:/Users/valmac/FullScreenPokemon/src/components/constants/Pokemon.ts [14198, 24]: elements are not aligned, C:/Users/valmac/FullScreenPokemon/src/components/constants/Pokemon.ts [14201, 24]: elements are not aligned, C:/Users/valmac/FullScreenPokemon/src/components/constants/Pokemon.ts [14204, 24]: elements are not aligned, C:/Users/valmac/FullScreenPokemon/src/components/constants/Pokemon.ts [14207, 24]: elements are not aligned, C:/Users/valmac/FullScreenPokemon/src/components/constants/Pokemon.ts [14210, 24]: elements are not aligned, C:/Users/valmac/FullScreenPokemon/src/components/constants/Pokemon.ts [14236, 24]: elements are not aligned, C:/Users/valmac/FullScreenPokemon/src/components/constants/Pokemon.ts [14239, 24]: elements are not aligned, C:/Users/valmac/FullScreenPokemon/src/components/constants/Pokemon.ts [14242, 24]: elements are not aligned, C:/Users/valmac/FullScreenPokemon/src/components/constants/Pokemon.ts [14245, 24]: elements are not aligned, C:/Users/valmac/FullScreenPokemon/src/components/constants/Pokemon.ts [14248, 24]: elements are not aligned, C:/Users/valmac/FullScreenPokemon/src/components/constants/Pokemon.ts [14251, 24]: elements are not aligned, C:/Users/valmac/FullScreenPokemon/src/components/constants/Pokemon.ts [14254, 24]: elements are not aligned, C:/Users/valmac/FullScreenPokemon/src/components/constants/Pokemon.ts [14266, 24]: elements are not aligned, C:/Users/valmac/FullScreenPokemon/src/components/constants/Pokemon.ts [14269, 24]: elements are not aligned, C:/Users/valmac/FullScreenPokemon/src/components/constants/Pokemon.ts [14272, 24]: elements are not aligned, C:/Users/valmac/FullScreenPokemon/src/components/constants/Pokemon.ts [14275, 24]: elements are not aligned, C:/Users/valmac/FullScreenPokemon/src/components/constants/Pokemon.ts [14278, 24]: elements are not aligned, C:/Users/valmac/FullScreenPokemon/src/components/constants/Pokemon.ts [14281, 24]: elements are not aligned, C:/Users/valmac/FullScreenPokemon/src/components/constants/Pokemon.ts [14284, 24]: elements are not aligned, C:/Users/valmac/FullScreenPokemon/src/components/constants/Pokemon.ts [14287, 24]: elements are not aligned, C:/Users/valmac/FullScreenPokemon/src/components/constants/Pokemon.ts [14290, 24]: elements are not aligned, C:/Users/valmac/FullScreenPokemon/src/components/constants/Pokemon.ts [14293, 24]: elements are not aligned, C:/Users/valmac/FullScreenPokemon/src/components/constants/Pokemon.ts [14296, 24]: elements are not aligned, C:/Users/valmac/FullScreenPokemon/src/components/constants/Pokemon.ts [14299, 24]: elements are not aligned, C:/Users/valmac/FullScreenPokemon/src/components/constants/Pokemon.ts [14302, 24]: elements are not aligned, C:/Users/valmac/FullScreenPokemon/src/components/constants/Pokemon.ts [14305, 24]: elements are not aligned, C:/Users/valmac/FullScreenPokemon/src/components/constants/Pokemon.ts [14331, 24]: elements are not aligned, C:/Users/valmac/FullScreenPokemon/src/components/constants/Pokemon.ts [14334, 24]: elements are not aligned, C:/Users/valmac/FullScreenPokemon/src/components/constants/Pokemon.ts [14337, 24]: elements are not aligned, C:/Users/valmac/FullScreenPokemon/src/components/constants/Pokemon.ts [14340, 24]: elements are not aligned, C:/Users/valmac/FullScreenPokemon/src/components/constants/Pokemon.ts [14343, 24]: elements are not aligned, C:/Users/valmac/FullScreenPokemon/src/components/constants/Pokemon.ts [14352, 24]: elements are not aligned, C:/Users/valmac/FullScreenPokemon/src/components/constants/Pokemon.ts [14355, 24]: elements are not aligned, C:/Users/valmac/FullScreenPokemon/src/components/constants/Pokemon.ts [14358, 24]: elements are not aligned, C:/Users/valmac/FullScreenPokemon/src/components/constants/Pokemon.ts [14361, 24]: elements are not aligned, C:/Users/valmac/FullScreenPokemon/src/components/constants/Pokemon.ts [14364, 24]: elements are not aligned, C:/Users/valmac/FullScreenPokemon/src/components/constants/Pokemon.ts [14367, 24]: elements are not aligned, C:/Users/valmac/FullScreenPokemon/src/components/constants/Pokemon.ts [14370, 24]: elements are not aligned, C:/Users/valmac/FullScreenPokemon/src/components/constants/Pokemon.ts [14373, 24]: elements are not aligned, C:/Users/valmac/FullScreenPokemon/src/components/constants/Pokemon.ts [14376, 24]: elements are not aligned, C:/Users/valmac/FullScreenPokemon/src/components/constants/Pokemon.ts [14379, 24]: elements are not aligned, C:/Users/valmac/FullScreenPokemon/src/components/constants/Pokemon.ts [14382, 24]: elements are not aligned, C:/Users/valmac/FullScreenPokemon/src/components/constants/Pokemon.ts [14385, 24]: elements are not aligned, C:/Users/valmac/FullScreenPokemon/src/components/constants/Pokemon.ts [14388, 24]: elements are not aligned, C:/Users/valmac/FullScreenPokemon/src/components/constants/Pokemon.ts [14391, 24]: elements are not aligned, C:/Users/valmac/FullScreenPokemon/src/components/constants/Pokemon.ts [14394, 24]: elements are not aligned, C:/Users/valmac/FullScreenPokemon/src/components/constants/Pokemon.ts [14397, 24]: elements are not aligned, C:/Users/valmac/FullScreenPokemon/src/components/constants/Pokemon.ts [14400, 24]: elements are not aligned, C:/Users/valmac/FullScreenPokemon/src/components/constants/Pokemon.ts [14403, 24]: elements are not aligned, C:/Users/valmac/FullScreenPokemon/src/components/constants/Pokemon.ts [14406, 24]: elements are not aligned, C:/Users/valmac/FullScreenPokemon/src/components/constants/Pokemon.ts [14441, 24]: elements are not aligned, C:/Users/valmac/FullScreenPokemon/src/components/constants/Pokemon.ts [14444, 24]: elements are not aligned, C:/Users/valmac/FullScreenPokemon/src/components/constants/Pokemon.ts [14447, 24]: elements are not aligned, C:/Users/valmac/FullScreenPokemon/src/components/constants/Pokemon.ts [14450, 24]: elements are not aligned, C:/Users/valmac/FullScreenPokemon/src/components/constants/Pokemon.ts [14453, 24]: elements are not aligned, C:/Users/valmac/FullScreenPokemon/src/components/constants/Pokemon.ts [14456, 24]: elements are not aligned, C:/Users/valmac/FullScreenPokemon/src/components/constants/Pokemon.ts [14459, 24]: elements are not aligned, C:/Users/valmac/FullScreenPokemon/src/components/constants/Pokemon.ts [14462, 24]: elements are not aligned, C:/Users/valmac/FullScreenPokemon/src/components/constants/Pokemon.ts [14470, 24]: elements are not aligned, C:/Users/valmac/FullScreenPokemon/src/components/constants/Pokemon.ts [14478, 24]: elements are not aligned, C:/Users/valmac/FullScreenPokemon/src/components/constants/Pokemon.ts [14481, 24]: elements are not aligned, C:/Users/valmac/FullScreenPokemon/src/components/constants/Pokemon.ts [14484, 24]: elements are not aligned, C:/Users/valmac/FullScreenPokemon/src/components/constants/Pokemon.ts [14487, 24]: elements are not aligned, C:/Users/valmac/FullScreenPokemon/src/components/constants/Pokemon.ts [14490, 24]: elements are not aligned, C:/Users/valmac/FullScreenPokemon/src/components/constants/Pokemon.ts [14493, 24]: elements are not aligned, C:/Users/valmac/FullScreenPokemon/src/components/constants/Pokemon.ts [14496, 24]: elements are not aligned, C:/Users/valmac/FullScreenPokemon/src/components/constants/Pokemon.ts [14499, 24]: elements are not aligned, C:/Users/valmac/FullScreenPokemon/src/components/constants/Pokemon.ts [14502, 24]: elements are not aligned, C:/Users/valmac/FullScreenPokemon/src/components/constants/Pokemon.ts [14505, 24]: elements are not aligned, C:/Users/valmac/FullScreenPokemon/src/components/constants/Pokemon.ts [14508, 24]: elements are not aligned, C:/Users/valmac/FullScreenPokemon/src/components/constants/Pokemon.ts [14511, 24]: elements are not aligned, C:/Users/valmac/FullScreenPokemon/src/components/constants/Pokemon.ts [14514, 24]: elements are not aligned, C:/Users/valmac/FullScreenPokemon/src/components/constants/Pokemon.ts [14517, 24]: elements are not aligned, C:/Users/valmac/FullScreenPokemon/src/components/constants/Pokemon.ts [14520, 24]: elements are not aligned, C:/Users/valmac/FullScreenPokemon/src/components/constants/Pokemon.ts [14523, 24]: elements are not aligned, C:/Users/valmac/FullScreenPokemon/src/components/constants/Pokemon.ts [14549, 24]: elements are not aligned, C:/Users/valmac/FullScreenPokemon/src/components/constants/Pokemon.ts [14552, 24]: elements are not aligned, C:/Users/valmac/FullScreenPokemon/src/components/constants/Pokemon.ts [14555, 24]: elements are not aligned, C:/Users/valmac/FullScreenPokemon/src/components/constants/Pokemon.ts [14558, 24]: elements are not aligned, C:/Users/valmac/FullScreenPokemon/src/components/constants/Pokemon.ts [14561, 24]: elements are not aligned, C:/Users/valmac/FullScreenPokemon/src/components/constants/Pokemon.ts [14564, 24]: elements are not aligned, C:/Users/valmac/FullScreenPokemon/src/components/constants/Pokemon.ts [14567, 24]: elements are not aligned, C:/Users/valmac/FullScreenPokemon/src/components/constants/Pokemon.ts [14570, 24]: elements are not aligned, C:/Users/valmac/FullScreenPokemon/src/components/constants/Pokemon.ts [14573, 24]: elements are not aligned, C:/Users/valmac/FullScreenPokemon/src/components/constants/Pokemon.ts [14576, 24]: elements are not aligned, C:/Users/valmac/FullScreenPokemon/src/components/constants/Pokemon.ts [14584, 24]: elements are not aligned, C:/Users/valmac/FullScreenPokemon/src/components/constants/Pokemon.ts [14592, 24]: elements are not aligned, C:/Users/valmac/FullScreenPokemon/src/components/constants/Pokemon.ts [14595, 24]: elements are not aligned, C:/Users/valmac/FullScreenPokemon/src/components/constants/Pokemon.ts [14598, 24]: elements are not aligned, C:/Users/valmac/FullScreenPokemon/src/components/constants/Pokemon.ts [14601, 24]: elements are not aligned, C:/Users/valmac/FullScreenPokemon/src/components/constants/Pokemon.ts [14604, 24]: elements are not aligned, C:/Users/valmac/FullScreenPokemon/src/components/constants/Pokemon.ts [14607, 24]: elements are not aligned, C:/Users/valmac/FullScreenPokemon/src/components/constants/Pokemon.ts [14610, 24]: elements are not aligned, C:/Users/valmac/FullScreenPokemon/src/components/constants/Pokemon.ts [14613, 24]: elements are not aligned, C:/Users/valmac/FullScreenPokemon/src/components/constants/Pokemon.ts [14616, 24]: elements are not aligned, C:/Users/valmac/FullScreenPokemon/src/components/constants/Pokemon.ts [14619, 24]: elements are not aligned, C:/Users/valmac/FullScreenPokemon/src/components/constants/Pokemon.ts [14622, 24]: elements are not aligned, C:/Users/valmac/FullScreenPokemon/src/components/constants/Pokemon.ts [14625, 24]: elements are not aligned, C:/Users/valmac/FullScreenPokemon/src/components/constants/Pokemon.ts [14628, 24]: elements are not aligned, C:/Users/valmac/FullScreenPokemon/src/components/constants/Pokemon.ts [14631, 24]: elements are not aligned, C:/Users/valmac/FullScreenPokemon/src/components/constants/Pokemon.ts [14634, 24]: elements are not aligned, C:/Users/valmac/FullScreenPokemon/src/components/constants/Pokemon.ts [14637, 24]: elements are not aligned, C:/Users/valmac/FullScreenPokemon/src/components/constants/Pokemon.ts [14640, 24]: elements are not aligned, C:/Users/valmac/FullScreenPokemon/src/components/constants/Pokemon.ts [14666, 24]: elements are not aligned, C:/Users/valmac/FullScreenPokemon/src/components/constants/Pokemon.ts [14669, 24]: elements are not aligned, C:/Users/valmac/FullScreenPokemon/src/components/constants/Pokemon.ts [14672, 24]: elements are not aligned, C:/Users/valmac/FullScreenPokemon/src/components/constants/Pokemon.ts [14675, 24]: elements are not aligned, C:/Users/valmac/FullScreenPokemon/src/components/constants/Pokemon.ts [14678, 24]: elements are not aligned, C:/Users/valmac/FullScreenPokemon/src/components/constants/Pokemon.ts [14681, 24]: elements are not aligned, C:/Users/valmac/FullScreenPokemon/src/components/constants/Pokemon.ts [14684, 24]: elements are not aligned, C:/Users/valmac/FullScreenPokemon/src/components/constants/Pokemon.ts [14687, 24]: elements are not aligned, C:/Users/valmac/FullScreenPokemon/src/components/constants/Pokemon.ts [14690, 24]: elements are not aligned, C:/Users/valmac/FullScreenPokemon/src/components/constants/Pokemon.ts [14693, 24]: elements are not aligned, C:/Users/valmac/FullScreenPokemon/src/components/constants/Pokemon.ts [14696, 24]: elements are not aligned, C:/Users/valmac/FullScreenPokemon/src/components/constants/Pokemon.ts [14730, 24]: elements are not aligned, C:/Users/valmac/FullScreenPokemon/src/components/constants/Pokemon.ts [14733, 24]: elements are not aligned, C:/Users/valmac/FullScreenPokemon/src/components/constants/Pokemon.ts [14736, 24]: elements are not aligned, C:/Users/valmac/FullScreenPokemon/src/components/constants/Pokemon.ts [14739, 24]: elements are not aligned, C:/Users/valmac/FullScreenPokemon/src/components/constants/Pokemon.ts [14742, 24]: elements are not aligned, C:/Users/valmac/FullScreenPokemon/src/components/constants/Pokemon.ts [14745, 24]: elements are not aligned, C:/Users/valmac/FullScreenPokemon/src/components/constants/Pokemon.ts [14748, 24]: elements are not aligned, C:/Users/valmac/FullScreenPokemon/src/components/constants/Pokemon.ts [14751, 24]: elements are not aligned, C:/Users/valmac/FullScreenPokemon/src/components/constants/Pokemon.ts [14754, 24]: elements are not aligned, C:/Users/valmac/FullScreenPokemon/src/components/constants/Pokemon.ts [14763, 24]: elements are not aligned, C:/Users/valmac/FullScreenPokemon/src/components/constants/Pokemon.ts [14766, 24]: elements are not aligned, C:/Users/valmac/FullScreenPokemon/src/components/constants/Pokemon.ts [14769, 24]: elements are not aligned, C:/Users/valmac/FullScreenPokemon/src/components/constants/Pokemon.ts [14772, 24]: elements are not aligned, C:/Users/valmac/FullScreenPokemon/src/components/constants/Pokemon.ts [14775, 24]: elements are not aligned, C:/Users/valmac/FullScreenPokemon/src/components/constants/Pokemon.ts [14778, 24]: elements are not aligned, C:/Users/valmac/FullScreenPokemon/src/components/constants/Pokemon.ts [14781, 24]: elements are not aligned, C:/Users/valmac/FullScreenPokemon/src/components/constants/Pokemon.ts [14784, 24]: elements are not aligned, C:/Users/valmac/FullScreenPokemon/src/components/constants/Pokemon.ts [14787, 24]: elements are not aligned, C:/Users/valmac/FullScreenPokemon/src/components/constants/Pokemon.ts [14822, 24]: elements are not aligned, C:/Users/valmac/FullScreenPokemon/src/components/constants/Pokemon.ts [14825, 24]: elements are not aligned, C:/Users/valmac/FullScreenPokemon/src/components/constants/Pokemon.ts [14828, 24]: elements are not aligned, C:/Users/valmac/FullScreenPokemon/src/components/constants/Pokemon.ts [14831, 24]: elements are not aligned, C:/Users/valmac/FullScreenPokemon/src/components/constants/Pokemon.ts [14834, 24]: elements are not aligned, C:/Users/valmac/FullScreenPokemon/src/components/constants/Pokemon.ts [14837, 24]: elements are not aligned, C:/Users/valmac/FullScreenPokemon/src/components/constants/Pokemon.ts [14840, 24]: elements are not aligned, C:/Users/valmac/FullScreenPokemon/src/components/constants/Pokemon.ts [14848, 24]: elements are not aligned, C:/Users/valmac/FullScreenPokemon/src/components/constants/Pokemon.ts [14851, 24]: elements are not aligned, C:/Users/valmac/FullScreenPokemon/src/components/constants/Pokemon.ts [14854, 24]: elements are not aligned, C:/Users/valmac/FullScreenPokemon/src/components/constants/Pokemon.ts [14857, 24]: elements are not aligned, C:/Users/valmac/FullScreenPokemon/src/components/constants/Pokemon.ts [14860, 24]: elements are not aligned, C:/Users/valmac/FullScreenPokemon/src/components/constants/Pokemon.ts [14863, 24]: elements are not aligned, C:/Users/valmac/FullScreenPokemon/src/components/constants/Pokemon.ts [14866, 24]: elements are not aligned, C:/Users/valmac/FullScreenPokemon/src/components/constants/Pokemon.ts [14869, 24]: elements are not aligned, C:/Users/valmac/FullScreenPokemon/src/components/constants/Pokemon.ts [14872, 24]: elements are not aligned, C:/Users/valmac/FullScreenPokemon/src/components/constants/Pokemon.ts [14875, 24]: elements are not aligned, C:/Users/valmac/FullScreenPokemon/src/components/constants/Pokemon.ts [14878, 24]: elements are not aligned, C:/Users/valmac/FullScreenPokemon/src/components/constants/Pokemon.ts [14881, 24]: elements are not aligned, C:/Users/valmac/FullScreenPokemon/src/components/constants/Pokemon.ts [14884, 24]: elements are not aligned, C:/Users/valmac/FullScreenPokemon/src/components/constants/Pokemon.ts [14892, 24]: elements are not aligned, C:/Users/valmac/FullScreenPokemon/src/components/constants/Pokemon.ts [14895, 24]: elements are not aligned, C:/Users/valmac/FullScreenPokemon/src/components/constants/Pokemon.ts [14898, 24]: elements are not aligned, C:/Users/valmac/FullScreenPokemon/src/components/constants/Pokemon.ts [14901, 24]: elements are not aligned, C:/Users/valmac/FullScreenPokemon/src/components/constants/Pokemon.ts [14904, 24]: elements are not aligned, C:/Users/valmac/FullScreenPokemon/src/components/constants/Pokemon.ts [14907, 24]: elements are not aligned, C:/Users/valmac/FullScreenPokemon/src/components/constants/Pokemon.ts [14910, 24]: elements are not aligned, C:/Users/valmac/FullScreenPokemon/src/components/constants/Pokemon.ts [14913, 24]: elements are not aligned, C:/Users/valmac/FullScreenPokemon/src/components/constants/Pokemon.ts [14916, 24]: elements are not aligned, C:/Users/valmac/FullScreenPokemon/src/components/constants/Pokemon.ts [14942, 24]: elements are not aligned, C:/Users/valmac/FullScreenPokemon/src/components/constants/Pokemon.ts [14945, 24]: elements are not aligned, C:/Users/valmac/FullScreenPokemon/src/components/constants/Pokemon.ts [14948, 24]: elements are not aligned, C:/Users/valmac/FullScreenPokemon/src/components/constants/Pokemon.ts [14951, 24]: elements are not aligned, C:/Users/valmac/FullScreenPokemon/src/components/constants/Pokemon.ts [14954, 24]: elements are not aligned, C:/Users/valmac/FullScreenPokemon/src/components/constants/Pokemon.ts [14957, 24]: elements are not aligned, C:/Users/valmac/FullScreenPokemon/src/components/constants/Pokemon.ts [14960, 24]: elements are not aligned, C:/Users/valmac/FullScreenPokemon/src/components/constants/Pokemon.ts [14963, 24]: elements are not aligned, C:/Users/valmac/FullScreenPokemon/src/components/constants/Pokemon.ts [14966, 24]: elements are not aligned, C:/Users/valmac/FullScreenPokemon/src/components/constants/Pokemon.ts [14969, 24]: elements are not aligned, C:/Users/valmac/FullScreenPokemon/src/components/constants/Pokemon.ts [14978, 24]: elements are not aligned, C:/Users/valmac/FullScreenPokemon/src/components/constants/Pokemon.ts [14981, 24]: elements are not aligned, C:/Users/valmac/FullScreenPokemon/src/components/constants/Pokemon.ts [14984, 24]: elements are not aligned, C:/Users/valmac/FullScreenPokemon/src/components/constants/Pokemon.ts [14987, 24]: elements are not aligned, C:/Users/valmac/FullScreenPokemon/src/components/constants/Pokemon.ts [14990, 24]: elements are not aligned, C:/Users/valmac/FullScreenPokemon/src/components/constants/Pokemon.ts [14993, 24]: elements are not aligned, C:/Users/valmac/FullScreenPokemon/src/components/constants/Pokemon.ts [14996, 24]: elements are not aligned, C:/Users/valmac/FullScreenPokemon/src/components/constants/Pokemon.ts [14999, 24]: elements are not aligned, C:/Users/valmac/FullScreenPokemon/src/components/constants/Pokemon.ts [15002, 24]: elements are not aligned, C:/Users/valmac/FullScreenPokemon/src/components/constants/Pokemon.ts [15005, 24]: elements are not aligned, C:/Users/valmac/FullScreenPokemon/src/components/constants/Pokemon.ts [15008, 24]: elements are not aligned, C:/Users/valmac/FullScreenPokemon/src/components/constants/Pokemon.ts [15011, 24]: elements are not aligned, C:/Users/valmac/FullScreenPokemon/src/components/constants/Pokemon.ts [15014, 24]: elements are not aligned, C:/Users/valmac/FullScreenPokemon/src/components/constants/Pokemon.ts [15017, 24]: elements are not aligned, C:/Users/valmac/FullScreenPokemon/src/components/constants/Pokemon.ts [15043, 24]: elements are not aligned, C:/Users/valmac/FullScreenPokemon/src/components/constants/Pokemon.ts [15046, 24]: elements are not aligned, C:/Users/valmac/FullScreenPokemon/src/components/constants/Pokemon.ts [15049, 24]: elements are not aligned, C:/Users/valmac/FullScreenPokemon/src/components/constants/Pokemon.ts [15052, 24]: elements are not aligned, C:/Users/valmac/FullScreenPokemon/src/components/constants/Pokemon.ts [15055, 24]: elements are not aligned, C:/Users/valmac/FullScreenPokemon/src/components/constants/Pokemon.ts [15058, 24]: elements are not aligned, C:/Users/valmac/FullScreenPokemon/src/components/constants/Pokemon.ts [15092, 24]: elements are not aligned, C:/Users/valmac/FullScreenPokemon/src/components/constants/Pokemon.ts [15095, 24]: elements are not aligned, C:/Users/valmac/FullScreenPokemon/src/components/constants/Pokemon.ts [15098, 24]: elements are not aligned, C:/Users/valmac/FullScreenPokemon/src/components/constants/Pokemon.ts [15101, 24]: elements are not aligned, C:/Users/valmac/FullScreenPokemon/src/components/constants/Pokemon.ts [15104, 24]: elements are not aligned, C:/Users/valmac/FullScreenPokemon/src/components/constants/Pokemon.ts [15107, 24]: elements are not aligned, C:/Users/valmac/FullScreenPokemon/src/components/constants/Pokemon.ts [15147, 24]: elements are not aligned, C:/Users/valmac/FullScreenPokemon/src/components/constants/Pokemon.ts [15150, 24]: elements are not aligned, C:/Users/valmac/FullScreenPokemon/src/components/constants/Pokemon.ts [15153, 24]: elements are not aligned, C:/Users/valmac/FullScreenPokemon/src/components/constants/Pokemon.ts [15156, 24]: elements are not aligned, C:/Users/valmac/FullScreenPokemon/src/components/constants/Pokemon.ts [15159, 24]: elements are not aligned, C:/Users/valmac/FullScreenPokemon/src/components/constants/Pokemon.ts [15162, 24]: elements are not aligned, C:/Users/valmac/FullScreenPokemon/src/components/constants/Pokemon.ts [15171, 24]: elements are not aligned, C:/Users/valmac/FullScreenPokemon/src/components/constants/Pokemon.ts [15174, 24]: elements are not aligned, C:/Users/valmac/FullScreenPokemon/src/components/constants/Pokemon.ts [15177, 24]: elements are not aligned, C:/Users/valmac/FullScreenPokemon/src/components/constants/Pokemon.ts [15180, 24]: elements are not aligned, C:/Users/valmac/FullScreenPokemon/src/components/constants/Pokemon.ts [15183, 24]: elements are not aligned, C:/Users/valmac/FullScreenPokemon/src/components/constants/Pokemon.ts [15186, 24]: elements are not aligned, C:/Users/valmac/FullScreenPokemon/src/components/constants/Pokemon.ts [15189, 24]: elements are not aligned, C:/Users/valmac/FullScreenPokemon/src/components/constants/Pokemon.ts [15192, 24]: elements are not aligned, C:/Users/valmac/FullScreenPokemon/src/components/constants/Pokemon.ts [15195, 24]: elements are not aligned, C:/Users/valmac/FullScreenPokemon/src/components/constants/Pokemon.ts [15198, 24]: elements are not aligned, C:/Users/valmac/FullScreenPokemon/src/components/constants/Pokemon.ts [15201, 24]: elements are not aligned, C:/Users/valmac/FullScreenPokemon/src/components/constants/Pokemon.ts [15204, 24]: elements are not aligned, C:/Users/valmac/FullScreenPokemon/src/components/constants/Pokemon.ts [15207, 24]: elements are not aligned, C:/Users/valmac/FullScreenPokemon/src/components/constants/Pokemon.ts [15210, 24]: elements are not aligned, C:/Users/valmac/FullScreenPokemon/src/components/constants/Pokemon.ts [15213, 24]: elements are not aligned, C:/Users/valmac/FullScreenPokemon/src/components/constants/Pokemon.ts [15248, 24]: elements are not aligned, C:/Users/valmac/FullScreenPokemon/src/components/constants/Pokemon.ts [15251, 24]: elements are not aligned, C:/Users/valmac/FullScreenPokemon/src/components/constants/Pokemon.ts [15254, 24]: elements are not aligned, C:/Users/valmac/FullScreenPokemon/src/components/constants/Pokemon.ts [15257, 24]: elements are not aligned, C:/Users/valmac/FullScreenPokemon/src/components/constants/Pokemon.ts [15260, 24]: elements are not aligned, C:/Users/valmac/FullScreenPokemon/src/components/constants/Pokemon.ts [15263, 24]: elements are not aligned, C:/Users/valmac/FullScreenPokemon/src/components/constants/Pokemon.ts [15271, 24]: elements are not aligned, C:/Users/valmac/FullScreenPokemon/src/components/constants/Pokemon.ts [15274, 24]: elements are not aligned, C:/Users/valmac/FullScreenPokemon/src/components/constants/Pokemon.ts [15277, 24]: elements are not aligned, C:/Users/valmac/FullScreenPokemon/src/components/constants/Pokemon.ts [15280, 24]: elements are not aligned, C:/Users/valmac/FullScreenPokemon/src/components/constants/Pokemon.ts [15283, 24]: elements are not aligned, C:/Users/valmac/FullScreenPokemon/src/components/constants/Pokemon.ts [15286, 24]: elements are not aligned, C:/Users/valmac/FullScreenPokemon/src/components/constants/Pokemon.ts [15289, 24]: elements are not aligned, C:/Users/valmac/FullScreenPokemon/src/components/constants/Pokemon.ts [15292, 24]: elements are not aligned, C:/Users/valmac/FullScreenPokemon/src/components/constants/Pokemon.ts [15295, 24]: elements are not aligned, C:/Users/valmac/FullScreenPokemon/src/components/constants/Pokemon.ts [15298, 24]: elements are not aligned, C:/Users/valmac/FullScreenPokemon/src/components/constants/Pokemon.ts [15301, 24]: elements are not aligned, C:/Users/valmac/FullScreenPokemon/src/components/constants/Pokemon.ts [15304, 24]: elements are not aligned, C:/Users/valmac/FullScreenPokemon/src/components/constants/Pokemon.ts [15307, 24]: elements are not aligned, C:/Users/valmac/FullScreenPokemon/src/components/constants/Pokemon.ts [15310, 24]: elements are not aligned, C:/Users/valmac/FullScreenPokemon/src/components/constants/Pokemon.ts [15318, 24]: elements are not aligned, C:/Users/valmac/FullScreenPokemon/src/components/constants/Pokemon.ts [15321, 24]: elements are not aligned, C:/Users/valmac/FullScreenPokemon/src/components/constants/Pokemon.ts [15324, 24]: elements are not aligned, C:/Users/valmac/FullScreenPokemon/src/components/constants/Pokemon.ts [15327, 24]: elements are not aligned, C:/Users/valmac/FullScreenPokemon/src/components/constants/Pokemon.ts [15330, 24]: elements are not aligned, C:/Users/valmac/FullScreenPokemon/src/components/constants/Pokemon.ts [15333, 24]: elements are not aligned, C:/Users/valmac/FullScreenPokemon/src/components/constants/Pokemon.ts [15368, 24]: elements are not aligned, C:/Users/valmac/FullScreenPokemon/src/components/constants/Pokemon.ts [15371, 24]: elements are not aligned, C:/Users/valmac/FullScreenPokemon/src/components/constants/Pokemon.ts [15374, 24]: elements are not aligned, C:/Users/valmac/FullScreenPokemon/src/components/constants/Pokemon.ts [15377, 24]: elements are not aligned, C:/Users/valmac/FullScreenPokemon/src/components/constants/Pokemon.ts [15380, 24]: elements are not aligned, C:/Users/valmac/FullScreenPokemon/src/components/constants/Pokemon.ts [15383, 24]: elements are not aligned, C:/Users/valmac/FullScreenPokemon/src/components/constants/Pokemon.ts [15386, 24]: elements are not aligned, C:/Users/valmac/FullScreenPokemon/src/components/constants/Pokemon.ts [15389, 24]: elements are not aligned, C:/Users/valmac/FullScreenPokemon/src/components/constants/Pokemon.ts [15398, 24]: elements are not aligned, C:/Users/valmac/FullScreenPokemon/src/components/constants/Pokemon.ts [15401, 24]: elements are not aligned, C:/Users/valmac/FullScreenPokemon/src/components/constants/Pokemon.ts [15404, 24]: elements are not aligned, C:/Users/valmac/FullScreenPokemon/src/components/constants/Pokemon.ts [15407, 24]: elements are not aligned, C:/Users/valmac/FullScreenPokemon/src/components/constants/Pokemon.ts [15410, 24]: elements are not aligned, C:/Users/valmac/FullScreenPokemon/src/components/constants/Pokemon.ts [15413, 24]: elements are not aligned, C:/Users/valmac/FullScreenPokemon/src/components/constants/Pokemon.ts [15416, 24]: elements are not aligned, C:/Users/valmac/FullScreenPokemon/src/components/constants/Pokemon.ts [15419, 24]: elements are not aligned, C:/Users/valmac/FullScreenPokemon/src/components/constants/Pokemon.ts [15422, 24]: elements are not aligned, C:/Users/valmac/FullScreenPokemon/src/components/constants/Pokemon.ts [15425, 24]: elements are not aligned, C:/Users/valmac/FullScreenPokemon/src/components/constants/Pokemon.ts [15428, 24]: elements are not aligned, C:/Users/valmac/FullScreenPokemon/src/components/constants/Pokemon.ts [15431, 24]: elements are not aligned, C:/Users/valmac/FullScreenPokemon/src/components/constants/Pokemon.ts [15434, 24]: elements are not aligned, C:/Users/valmac/FullScreenPokemon/src/components/constants/Pokemon.ts [15437, 24]: elements are not aligned, C:/Users/valmac/FullScreenPokemon/src/components/constants/Pokemon.ts [15440, 24]: elements are not aligned, C:/Users/valmac/FullScreenPokemon/src/components/constants/Pokemon.ts [15443, 24]: elements are not aligned, C:/Users/valmac/FullScreenPokemon/src/components/constants/Pokemon.ts [15446, 24]: elements are not aligned, C:/Users/valmac/FullScreenPokemon/src/components/constants/Pokemon.ts [15449, 24]: elements are not aligned, C:/Users/valmac/FullScreenPokemon/src/components/constants/Pokemon.ts [15452, 24]: elements are not aligned, C:/Users/valmac/FullScreenPokemon/src/components/constants/Pokemon.ts [15455, 24]: elements are not aligned, C:/Users/valmac/FullScreenPokemon/src/components/constants/Pokemon.ts [15458, 24]: elements are not aligned, C:/Users/valmac/FullScreenPokemon/src/components/constants/Pokemon.ts [15493, 24]: elements are not aligned, C:/Users/valmac/FullScreenPokemon/src/components/constants/Pokemon.ts [15530, 24]: elements are not aligned, C:/Users/valmac/FullScreenPokemon/src/components/constants/Pokemon.ts [15533, 24]: elements are not aligned, C:/Users/valmac/FullScreenPokemon/src/components/constants/Pokemon.ts [15536, 24]: elements are not aligned, C:/Users/valmac/FullScreenPokemon/src/components/constants/Pokemon.ts [15539, 24]: elements are not aligned, C:/Users/valmac/FullScreenPokemon/src/components/constants/Pokemon.ts [15542, 24]: elements are not aligned, C:/Users/valmac/FullScreenPokemon/src/components/constants/Pokemon.ts [15545, 24]: elements are not aligned, C:/Users/valmac/FullScreenPokemon/src/components/constants/Pokemon.ts [15548, 24]: elements are not aligned, C:/Users/valmac/FullScreenPokemon/src/components/constants/Pokemon.ts [15551, 24]: elements are not aligned, C:/Users/valmac/FullScreenPokemon/src/components/constants/Pokemon.ts [15554, 24]: elements are not aligned, C:/Users/valmac/FullScreenPokemon/src/components/constants/Pokemon.ts [15563, 24]: elements are not aligned, C:/Users/valmac/FullScreenPokemon/src/components/constants/Pokemon.ts [15566, 24]: elements are not aligned, C:/Users/valmac/FullScreenPokemon/src/components/constants/Pokemon.ts [15569, 24]: elements are not aligned, C:/Users/valmac/FullScreenPokemon/src/components/constants/Pokemon.ts [15572, 24]: elements are not aligned, C:/Users/valmac/FullScreenPokemon/src/components/constants/Pokemon.ts [15575, 24]: elements are not aligned, C:/Users/valmac/FullScreenPokemon/src/components/constants/Pokemon.ts [15578, 24]: elements are not aligned, C:/Users/valmac/FullScreenPokemon/src/components/constants/Pokemon.ts [15581, 24]: elements are not aligned, C:/Users/valmac/FullScreenPokemon/src/components/constants/Pokemon.ts [15584, 24]: elements are not aligned, C:/Users/valmac/FullScreenPokemon/src/components/constants/Pokemon.ts [15587, 24]: elements are not aligned, C:/Users/valmac/FullScreenPokemon/src/components/constants/Pokemon.ts [15590, 24]: elements are not aligned, C:/Users/valmac/FullScreenPokemon/src/components/constants/Pokemon.ts [15593, 24]: elements are not aligned, C:/Users/valmac/FullScreenPokemon/src/components/constants/Pokemon.ts [15596, 24]: elements are not aligned, C:/Users/valmac/FullScreenPokemon/src/components/constants/Pokemon.ts [15622, 24]: elements are not aligned, C:/Users/valmac/FullScreenPokemon/src/components/constants/Pokemon.ts [15625, 24]: elements are not aligned, C:/Users/valmac/FullScreenPokemon/src/components/constants/Pokemon.ts [15628, 24]: elements are not aligned, C:/Users/valmac/FullScreenPokemon/src/components/constants/Pokemon.ts [15631, 24]: elements are not aligned, C:/Users/valmac/FullScreenPokemon/src/components/constants/Pokemon.ts [15634, 24]: elements are not aligned, C:/Users/valmac/FullScreenPokemon/src/components/constants/Pokemon.ts [15637, 24]: elements are not aligned, C:/Users/valmac/FullScreenPokemon/src/components/constants/Pokemon.ts [15640, 24]: elements are not aligned, C:/Users/valmac/FullScreenPokemon/src/components/constants/Pokemon.ts [15648, 24]: elements are not aligned, C:/Users/valmac/FullScreenPokemon/src/components/constants/Pokemon.ts [15651, 24]: elements are not aligned, C:/Users/valmac/FullScreenPokemon/src/components/constants/Pokemon.ts [15654, 24]: elements are not aligned, C:/Users/valmac/FullScreenPokemon/src/components/constants/Pokemon.ts [15657, 24]: elements are not aligned, C:/Users/valmac/FullScreenPokemon/src/components/constants/Pokemon.ts [15660, 24]: elements are not aligned, C:/Users/valmac/FullScreenPokemon/src/components/constants/Pokemon.ts [15663, 24]: elements are not aligned, C:/Users/valmac/FullScreenPokemon/src/components/constants/Pokemon.ts [15666, 24]: elements are not aligned, C:/Users/valmac/FullScreenPokemon/src/components/constants/Pokemon.ts [15669, 24]: elements are not aligned, C:/Users/valmac/FullScreenPokemon/src/components/constants/Pokemon.ts [15672, 24]: elements are not aligned, C:/Users/valmac/FullScreenPokemon/src/components/constants/Pokemon.ts [15675, 24]: elements are not aligned, C:/Users/valmac/FullScreenPokemon/src/components/constants/Pokemon.ts [15678, 24]: elements are not aligned, C:/Users/valmac/FullScreenPokemon/src/components/constants/Pokemon.ts [15681, 24]: elements are not aligned, C:/Users/valmac/FullScreenPokemon/src/components/constants/Pokemon.ts [15689, 24]: elements are not aligned, C:/Users/valmac/FullScreenPokemon/src/components/constants/Pokemon.ts [15692, 24]: elements are not aligned, C:/Users/valmac/FullScreenPokemon/src/components/constants/Pokemon.ts [15695, 24]: elements are not aligned, C:/Users/valmac/FullScreenPokemon/src/components/constants/Pokemon.ts [15698, 24]: elements are not aligned, C:/Users/valmac/FullScreenPokemon/src/components/constants/Pokemon.ts [15701, 24]: elements are not aligned, C:/Users/valmac/FullScreenPokemon/src/components/constants/Pokemon.ts [15704, 24]: elements are not aligned, C:/Users/valmac/FullScreenPokemon/src/components/constants/Pokemon.ts [15707, 24]: elements are not aligned, C:/Users/valmac/FullScreenPokemon/src/components/constants/Pokemon.ts [15733, 24]: elements are not aligned, C:/Users/valmac/FullScreenPokemon/src/components/constants/Pokemon.ts [15736, 24]: elements are not aligned, C:/Users/valmac/FullScreenPokemon/src/components/constants/Pokemon.ts [15739, 24]: elements are not aligned, C:/Users/valmac/FullScreenPokemon/src/components/constants/Pokemon.ts [15748, 24]: elements are not aligned, C:/Users/valmac/FullScreenPokemon/src/components/constants/Pokemon.ts [15774, 24]: elements are not aligned, C:/Users/valmac/FullScreenPokemon/src/components/constants/Pokemon.ts [15777, 24]: elements are not aligned, C:/Users/valmac/FullScreenPokemon/src/components/constants/Pokemon.ts [15780, 24]: elements are not aligned, C:/Users/valmac/FullScreenPokemon/src/components/constants/Pokemon.ts [15783, 24]: elements are not aligned, C:/Users/valmac/FullScreenPokemon/src/components/constants/Pokemon.ts [15791, 24]: elements are not aligned, C:/Users/valmac/FullScreenPokemon/src/components/constants/Pokemon.ts [15799, 24]: elements are not aligned, C:/Users/valmac/FullScreenPokemon/src/components/constants/Pokemon.ts [15802, 24]: elements are not aligned, C:/Users/valmac/FullScreenPokemon/src/components/constants/Pokemon.ts [15805, 24]: elements are not aligned, C:/Users/valmac/FullScreenPokemon/src/components/constants/Pokemon.ts [15808, 24]: elements are not aligned, C:/Users/valmac/FullScreenPokemon/src/components/constants/Pokemon.ts [15811, 24]: elements are not aligned, C:/Users/valmac/FullScreenPokemon/src/components/constants/Pokemon.ts [15814, 24]: elements are not aligned, C:/Users/valmac/FullScreenPokemon/src/components/constants/Pokemon.ts [15817, 24]: elements are not aligned, C:/Users/valmac/FullScreenPokemon/src/components/constants/Pokemon.ts [15820, 24]: elements are not aligned, C:/Users/valmac/FullScreenPokemon/src/components/constants/Pokemon.ts [15823, 24]: elements are not aligned, C:/Users/valmac/FullScreenPokemon/src/components/constants/Pokemon.ts [15826, 24]: elements are not aligned, C:/Users/valmac/FullScreenPokemon/src/components/constants/Pokemon.ts [15829, 24]: elements are not aligned, C:/Users/valmac/FullScreenPokemon/src/components/constants/Pokemon.ts [15832, 24]: elements are not aligned, C:/Users/valmac/FullScreenPokemon/src/components/constants/Pokemon.ts [15835, 24]: elements are not aligned, C:/Users/valmac/FullScreenPokemon/src/components/constants/Pokemon.ts [15838, 24]: elements are not aligned, C:/Users/valmac/FullScreenPokemon/src/components/constants/Pokemon.ts [15841, 24]: elements are not aligned, C:/Users/valmac/FullScreenPokemon/src/components/constants/Pokemon.ts [15844, 24]: elements are not aligned, C:/Users/valmac/FullScreenPokemon/src/components/constants/Pokemon.ts [15847, 24]: elements are not aligned, C:/Users/valmac/FullScreenPokemon/src/components/constants/Pokemon.ts [15882, 24]: elements are not aligned, C:/Users/valmac/FullScreenPokemon/src/components/constants/Pokemon.ts [15885, 24]: elements are not aligned, C:/Users/valmac/FullScreenPokemon/src/components/constants/Pokemon.ts [15888, 24]: elements are not aligned, C:/Users/valmac/FullScreenPokemon/src/components/constants/Pokemon.ts [15891, 24]: elements are not aligned, C:/Users/valmac/FullScreenPokemon/src/components/constants/Pokemon.ts [15894, 24]: elements are not aligned, C:/Users/valmac/FullScreenPokemon/src/components/constants/Pokemon.ts [15903, 24]: elements are not aligned, C:/Users/valmac/FullScreenPokemon/src/components/constants/Pokemon.ts [15906, 24]: elements are not aligned, C:/Users/valmac/FullScreenPokemon/src/components/constants/Pokemon.ts [15909, 24]: elements are not aligned, C:/Users/valmac/FullScreenPokemon/src/components/constants/Pokemon.ts [15912, 24]: elements are not aligned, C:/Users/valmac/FullScreenPokemon/src/components/constants/Pokemon.ts [15915, 24]: elements are not aligned, C:/Users/valmac/FullScreenPokemon/src/components/cutscenes/IntroCutscene.ts [205, 20]: elements are not aligned, C:/Users/valmac/FullScreenPokemon/src/components/cutscenes/IntroCutscene.ts [208, 20]: elements are not aligned, C:/Users/valmac/FullScreenPokemon/src/components/cutscenes/IntroCutscene.ts [211, 20]: elements are not aligned, C:/Users/valmac/FullScreenPokemon/src/components/cutscenes/IntroCutscene.ts [376, 20]: elements are not aligned, C:/Users/valmac/FullScreenPokemon/src/components/cutscenes/IntroCutscene.ts [379, 20]: elements are not aligned, C:/Users/valmac/FullScreenPokemon/src/components/cutscenes/IntroCutscene.ts [382, 20]: elements are not aligned, C:/Users/valmac/FullScreenPokemon/src/components/cutscenes/OakIntroPokemonChoiceCutscene.ts [78, 28]: elements are not aligned, C:/Users/valmac/FullScreenPokemon/src/components/cutscenes/OakIntroPokemonChoiceCutscene.ts [154, 20]: elements are not aligned, C:/Users/valmac/FullScreenPokemon/src/components/cutscenes/PokeMartCutscene.ts [42, 16]: elements are not aligned, C:/Users/valmac/FullScreenPokemon/src/components/cutscenes/PokeMartCutscene.ts [45, 20]: elements are not aligned, C:/Users/valmac/FullScreenPokemon/src/components/cutscenes/PokeMartCutscene.ts [206, 28]: elements are not aligned, C:/Users/valmac/FullScreenPokemon/src/components/menus/Items.ts [83, 24]: elements are not aligned, C:/Users/valmac/FullScreenPokemon/src/components/menus/Items.ts [123, 16]: elements are not aligned, C:/Users/valmac/FullScreenPokemon/src/settings/mapsLibrary/PalletTown.ts [62, 20]: elements are not aligned, C:/Users/valmac/FullScreenPokemon/src/settings/mapsLibrary/PalletTown.ts [77, 24]: elements are not aligned, C:/Users/valmac/FullScreenPokemon/src/settings/mapsLibrary/PalletTown.ts [86, 24]: elements are not aligned, C:/Users/valmac/FullScreenPokemon/src/settings/mapsLibrary/PewterCity.ts [243, 24]: elements are not aligned, C:/Users/valmac/FullScreenPokemon/src/settings/mapsLibrary/PewterCity.ts [261, 24]: elements are not aligned, C:/Users/valmac/FullScreenPokemon/src/settings/mapsLibrary/Route1.ts [30, 20]: elements are not aligned, C:/Users/valmac/FullScreenPokemon/src/settings/mapsLibrary/Route21.ts [29, 24]: elements are not aligned, C:/Users/valmac/FullScreenPokemon/src/settings/mapsLibrary/Route21.ts [38, 24]: elements are not aligned, C:/Users/valmac/FullScreenPokemon/src/settings/mapsLibrary/Route21.ts [42, 24]: elements are not aligned, C:/Users/valmac/FullScreenPokemon/src/settings/mapsLibrary/Route21.ts [46, 24]: elements are not aligned, C:/Users/valmac/FullScreenPokemon/src/settings/mapsLibrary/Route22.ts [24, 20]: elements are not aligned, C:/Users/valmac/FullScreenPokemon/src/settings/mapsLibrary/Route22.ts [28, 20]: elements are not aligned, C:/Users/valmac/FullScreenPokemon/src/settings/mapsLibrary/Route22.ts [32, 20]: elements are not aligned, C:/Users/valmac/FullScreenPokemon/src/settings/mapsLibrary/Route22.ts [47, 24]: elements are not aligned, C:/Users/valmac/FullScreenPokemon/src/settings/mapsLibrary/Route22.ts [56, 24]: elements are not aligned, C:/Users/valmac/FullScreenPokemon/src/settings/mapsLibrary/ViridianCity.ts [59, 24]: elements are not aligned, C:/Users/valmac/FullScreenPokemon/src/settings/mapsLibrary/ViridianCity.ts [68, 24]: elements are not aligned, C:/Users/valmac/FullScreenPokemon/src/settings/mapsLibrary/ViridianForest.ts [75, 20]: elements are not aligned, C:/Users/valmac/FullScreenPokemon/src/settings/mapsLibrary/ViridianForest.ts [79, 20]: elements are not aligned, C:/Users/valmac/FullScreenPokemon/src/settings/mapsLibrary/ViridianForest.ts [83, 20]: elements are not aligned, C:/Users/valmac/FullScreenPokemon/src/settings/mapsLibrary/ViridianForest.ts [87, 20]: elements are not aligned, C:/Users/valmac/FullScreenPokemon/src/settings/mapsLibrary/ViridianForest.ts [136, 24]: elements are not aligned, C:/Users/valmac/FullScreenPokemon/src/settings/mapsLibrary/ViridianForest.ts [139, 24]: elements are not aligned, C:/Users/valmac/FullScreenPokemon/src/settings/mapsLibrary/ViridianForest.ts [189, 24]: elements are not aligned.
[08:29:13] 'default' errored after 11 s
[08:29:13] Error in plugin 'run-sequence(src:tslint)'
Error
    at finish (C:\Users\valmac\FullScreenPokemon\node_modules\run-sequence\index.js:56:13)
    at Gulp.onError (C:\Users\valmac\FullScreenPokemon\node_modules\run-sequence\index.js:67:4)
    at emitOne (events.js:101:20)
    at Gulp.emit (events.js:189:7)
    at Gulp.Orchestrator._emitTaskDone (C:\Users\valmac\FullScreenPokemon\node_modules\orchestrator\index.js:264:8)
    at C:\Users\valmac\FullScreenPokemon\node_modules\orchestrator\index.js:275:23
    at finish (C:\Users\valmac\FullScreenPokemon\node_modules\orchestrator\lib\runTask.js:21:8)
    at Stream.<anonymous> (C:\Users\valmac\FullScreenPokemon\node_modules\orchestrator\lib\runTask.js:52:4)
    at Stream.f (C:\Users\valmac\FullScreenPokemon\node_modules\once\once.js:17:25)
    at emitOne (events.js:101:20)
[08:29:13] 'src' errored after 11 s
[08:29:13] Error in plugin 'run-sequence(default)'
Error
    at finish (C:\Users\valmac\FullScreenPokemon\node_modules\run-sequence\index.js:56:13)
    at Gulp.onError (C:\Users\valmac\FullScreenPokemon\node_modules\run-sequence\index.js:67:4)
    at emitOne (events.js:101:20)
    at Gulp.emit (events.js:189:7)
    at Gulp.Orchestrator._emitTaskDone (C:\Users\valmac\FullScreenPokemon\node_modules\orchestrator\index.js:264:8)
    at C:\Users\valmac\FullScreenPokemon\node_modules\orchestrator\index.js:275:23
    at finish (C:\Users\valmac\FullScreenPokemon\node_modules\orchestrator\lib\runTask.js:21:8)
    at cb (C:\Users\valmac\FullScreenPokemon\node_modules\orchestrator\lib\runTask.js:29:3)
    at finish (C:\Users\valmac\FullScreenPokemon\node_modules\run-sequence\index.js:60:5)
    at Gulp.onError (C:\Users\valmac\FullScreenPokemon\node_modules\run-sequence\index.js:67:4)
[08:29:13] 'src' errored after 11 s
[08:29:13] Error in plugin 'run-sequence(src:tslint)'
Error
    at finish (C:\Users\valmac\FullScreenPokemon\node_modules\run-sequence\index.js:56:13)
    at Gulp.onError (C:\Users\valmac\FullScreenPokemon\node_modules\run-sequence\index.js:67:4)
    at emitOne (events.js:101:20)
    at Gulp.emit (events.js:189:7)
    at Gulp.Orchestrator._emitTaskDone (C:\Users\valmac\FullScreenPokemon\node_modules\orchestrator\index.js:264:8)
    at C:\Users\valmac\FullScreenPokemon\node_modules\orchestrator\index.js:275:23
    at finish (C:\Users\valmac\FullScreenPokemon\node_modules\orchestrator\lib\runTask.js:21:8)
    at Stream.<anonymous> (C:\Users\valmac\FullScreenPokemon\node_modules\orchestrator\lib\runTask.js:52:4)
    at Stream.f (C:\Users\valmac\FullScreenPokemon\node_modules\once\once.js:17:25)
    at emitOne (events.js:101:20)
[08:29:21] Finished 'src:tsc' after 18 s
